--------------- Build Started: 05/03/2026 15:23:24 Project: drejeknappelegen, Configuration: ARM GCC 5.4-2016-q2-update Debug ---------------
The code generation step is up to date.
arm-none-eabi-gcc.exe -mcpu=cortex-m3 -mthumb -I. -IGenerated_Source\PSoC5 -Wa,-alh=.\CortexM3\ARM_GCC_541\Debug/keypad.lst -g -D DEBUG -D CY_CORE_ID=0 -Wall -ffunction-sections -ffat-lto-objects -Og -c keypad.c -o .\CortexM3\ARM_GCC_541\Debug\keypad.o
arm-none-eabi-gcc.exe -mcpu=cortex-m3 -mthumb -I. -IGenerated_Source\PSoC5 -Wa,-alh=.\CortexM3\ARM_GCC_541\Debug/servo.lst -g -D DEBUG -D CY_CORE_ID=0 -Wall -ffunction-sections -ffat-lto-objects -Og -c servo.c -o .\CortexM3\ARM_GCC_541\Debug\servo.o
servo.c: In function 'Servo_Open':
servo.c:3:24: warning: large integer implicitly truncated to unsigned type [-Woverflow]
 #define SERVO_OPEN_PWM 2000
                        ^
servo.c:16:28: note: in expansion of macro 'SERVO_OPEN_PWM'
     PWM_Servo_WriteCompare(SERVO_OPEN_PWM);
                            ^
servo.c: In function 'Servo_Close':
servo.c:4:25: warning: large integer implicitly truncated to unsigned type [-Woverflow]
 #define SERVO_CLOSE_PWM 1000
                         ^
servo.c:23:28: note: in expansion of macro 'SERVO_CLOSE_PWM'
     PWM_Servo_WriteCompare(SERVO_CLOSE_PWM);
                            ^
arm-none-eabi-ar.exe -rs .\CortexM3\ARM_GCC_541\Debug\drejeknappelegen.a .\CortexM3\ARM_GCC_541\Debug\Rot_B.o .\CortexM3\ARM_GCC_541\Debug\Rot_A.o .\CortexM3\ARM_GCC_541\Debug\isr_Rot.o .\CortexM3\ARM_GCC_541\Debug\Clock_1.o .\CortexM3\ARM_GCC_541\Debug\Green_LED.o .\CortexM3\ARM_GCC_541\Debug\Red_LED.o .\CortexM3\ARM_GCC_541\Debug\Status_Rot_B.o .\CortexM3\ARM_GCC_541\Debug\CyDmac.o .\CortexM3\ARM_GCC_541\Debug\CyFlash.o .\CortexM3\ARM_GCC_541\Debug\CyLib.o .\CortexM3\ARM_GCC_541\Debug\cyPm.o .\CortexM3\ARM_GCC_541\Debug\CySpc.o .\CortexM3\ARM_GCC_541\Debug\cyutils.o .\CortexM3\ARM_GCC_541\Debug\cy_em_eeprom.o .\CortexM3\ARM_GCC_541\Debug\isr_Button.o .\CortexM3\ARM_GCC_541\Debug\Button.o .\CortexM3\ARM_GCC_541\Debug\Servo_Out.o .\CortexM3\ARM_GCC_541\Debug\PWM_Servo.o .\CortexM3\ARM_GCC_541\Debug\PWM_Servo_PM.o .\CortexM3\ARM_GCC_541\Debug\Servo_FB.o .\CortexM3\ARM_GCC_541\Debug\ADC_ServoFB.o .\CortexM3\ARM_GCC_541\Debug\ADC_ServoFB_INT.o .\CortexM3\ARM_GCC_541\Debug\ADC_ServoFB_PM.o .\CortexM3\ARM_GCC_541\Debug\Clock_2.o .\CortexM3\ARM_GCC_541\Debug\ADC_ServoFB_IRQ.o .\CortexM3\ARM_GCC_541\Debug\ADC_ServoFB_theACLK.o .\CortexM3\ARM_GCC_541\Debug\ADC_ServoFB_Bypass.o .\CortexM3\ARM_GCC_541\Debug\CyBootAsmGnu.o
arm-none-eabi-ar.exe: creating .\CortexM3\ARM_GCC_541\Debug\drejeknappelegen.a
arm-none-eabi-gcc.exe -Wl,--start-group -o "C:\Users\ke\Gitfis\Elektroteknologi-Projekt-1\UI\drejeknap - Kopi\drejeknappelegen.cydsn\CortexM3\ARM_GCC_541\Debug\drejeknappelegen.elf" .\CortexM3\ARM_GCC_541\Debug\accel.o .\CortexM3\ARM_GCC_541\Debug\alarm.o .\CortexM3\ARM_GCC_541\Debug\keypad.o .\CortexM3\ARM_GCC_541\Debug\lock.o .\CortexM3\ARM_GCC_541\Debug\main.o .\CortexM3\ARM_GCC_541\Debug\rotary.o .\CortexM3\ARM_GCC_541\Debug\servo.o .\CortexM3\ARM_GCC_541\Debug\cyfitter_cfg.o .\CortexM3\ARM_GCC_541\Debug\cymetadata.o .\CortexM3\ARM_GCC_541\Debug\Cm3Start.o .\CortexM3\ARM_GCC_541\Debug\drejeknappelegen.a "C:\Program Files (x86)\Cypress\PSoC Creator\4.4\PSoC Creator\psoc\content\cycomponentlibrary\CyComponentLibrary.cylib\CortexM3\ARM_GCC_541\Debug\CyComponentLibrary.a" -mcpu=cortex-m3 -mthumb -L Generated_Source\PSoC5 -Wl,-Map,.\CortexM3\ARM_GCC_541\Debug/drejeknappelegen.map -T Generated_Source\PSoC5\cm3gcc.ld -specs=nano.specs -Wl,--gc-sections -g -ffunction-sections -Og -ffat-lto-objects -Wl,--end-group
cyelftool.exe -C "C:\Users\ke\Gitfis\Elektroteknologi-Projekt-1\UI\drejeknap - Kopi\drejeknappelegen.cydsn\CortexM3\ARM_GCC_541\Debug\drejeknappelegen.elf" --flash_row_size 256 --flash_size 262144 --flash_offset 0x00000000
No ELF section .cychecksum found, creating one
Application checksum calculated and stored in ELF section .cychecksum
Checksum calculated and stored in ELF section .cymeta
cyelftool.exe -S "C:\Users\ke\Gitfis\Elektroteknologi-Projekt-1\UI\drejeknap - Kopi\drejeknappelegen.cydsn\CortexM3\ARM_GCC_541\Debug\drejeknappelegen.elf"
Flash used: 2334 of 262144 bytes (0,9 %).
SRAM used: 2537 of 65536 bytes (3,9 %). Stack: 2048 bytes. Heap: 128 bytes.
--------------- Build Succeeded: 05/03/2026 15:23:25 ---------------
