Archive member included to satisfy reference by file (symbol)

.\CortexM3\ARM_GCC_541\Debug\Accelerometer.a(CyLib.o)
                              .\CortexM3\ARM_GCC_541\Debug\Cm3Start.o (CyHalt)
.\CortexM3\ARM_GCC_541\Debug\Accelerometer.a(cyPm.o)
                              .\CortexM3\ARM_GCC_541\Debug\Accelerometer.a(CyLib.o) (CyPmReadStatus)
.\CortexM3\ARM_GCC_541\Debug\Accelerometer.a(USBUART.o)
                              .\CortexM3\ARM_GCC_541\Debug\main.o (USBUART_Start)
.\CortexM3\ARM_GCC_541\Debug\Accelerometer.a(USBUART_cdc.o)
                              .\CortexM3\ARM_GCC_541\Debug\main.o (USBUART_PutString)
.\CortexM3\ARM_GCC_541\Debug\Accelerometer.a(USBUART_drv.o)
                              .\CortexM3\ARM_GCC_541\Debug\Accelerometer.a(USBUART.o) (USBUART_lastPacketSize)
.\CortexM3\ARM_GCC_541\Debug\Accelerometer.a(USBUART_episr.o)
                              .\CortexM3\ARM_GCC_541\Debug\Accelerometer.a(USBUART.o) (USBUART_EP_1_ISR)
.\CortexM3\ARM_GCC_541\Debug\Accelerometer.a(USBUART_pm.o)
                              .\CortexM3\ARM_GCC_541\Debug\Accelerometer.a(USBUART.o) (USBUART_DP_ISR)
.\CortexM3\ARM_GCC_541\Debug\Accelerometer.a(USBUART_std.o)
                              .\CortexM3\ARM_GCC_541\Debug\Accelerometer.a(USBUART_pm.o) (USBUART_ConfigReg)
.\CortexM3\ARM_GCC_541\Debug\Accelerometer.a(USBUART_vnd.o)
                              .\CortexM3\ARM_GCC_541\Debug\Accelerometer.a(USBUART_drv.o) (USBUART_HandleVendorRqst)
.\CortexM3\ARM_GCC_541\Debug\Accelerometer.a(USBUART_Dp.o)
                              .\CortexM3\ARM_GCC_541\Debug\Accelerometer.a(USBUART.o) (USBUART_Dp_ClearInterrupt)
.\CortexM3\ARM_GCC_541\Debug\Accelerometer.a(I2C_1.o)
                              .\CortexM3\ARM_GCC_541\Debug\main.o (I2C_1_Start)
.\CortexM3\ARM_GCC_541\Debug\Accelerometer.a(I2C_1_INT.o)
                              .\CortexM3\ARM_GCC_541\Debug\Accelerometer.a(I2C_1.o) (I2C_1_ISR)
.\CortexM3\ARM_GCC_541\Debug\Accelerometer.a(I2C_1_PM.o)
                              .\CortexM3\ARM_GCC_541\Debug\Accelerometer.a(I2C_1.o) (I2C_1_backup)
.\CortexM3\ARM_GCC_541\Debug\Accelerometer.a(I2C_1_MASTER.o)
                              .\CortexM3\ARM_GCC_541\Debug\Accelerometer.a(I2C_1.o) (I2C_1_mstrStatus)
.\CortexM3\ARM_GCC_541\Debug\Accelerometer.a(CyBootAsmGnu.o)
                              .\CortexM3\ARM_GCC_541\Debug\cyfitter_cfg.o (CyDelayCycles)
.\CortexM3\ARM_GCC_541\Debug\Accelerometer.a(CyFlash.o)
                              .\CortexM3\ARM_GCC_541\Debug\Accelerometer.a(cyPm.o) (CyFlash_SetWaitCycles)
.\CortexM3\ARM_GCC_541\Debug\Accelerometer.a(CySpc.o)
                              .\CortexM3\ARM_GCC_541\Debug\Accelerometer.a(CyFlash.o) (CySpcStart)
.\CortexM3\ARM_GCC_541\Debug\Accelerometer.a(USBUART_cls.o)
                              .\CortexM3\ARM_GCC_541\Debug\Accelerometer.a(USBUART_drv.o) (USBUART_DispatchClassRqst)
.\CortexM3\ARM_GCC_541\Debug\Accelerometer.a(USBUART_descr.o)
                              .\CortexM3\ARM_GCC_541\Debug\Accelerometer.a(USBUART_std.o) (USBUART_idSerialNumberStringDescriptor)
c:/program files (x86)/cypress/psoc creator/4.4/psoc creator/import/gnu/arm/5.4.1/bin/../lib/gcc/arm-none-eabi/5.4.1/../../../../arm-none-eabi/lib/armv7-m\libg_nano.a(lib_a-errno.o)
                              .\CortexM3\ARM_GCC_541\Debug\Cm3Start.o (__errno)
c:/program files (x86)/cypress/psoc creator/4.4/psoc creator/import/gnu/arm/5.4.1/bin/../lib/gcc/arm-none-eabi/5.4.1/../../../../arm-none-eabi/lib/armv7-m\libg_nano.a(lib_a-exit.o)
                              c:/program files (x86)/cypress/psoc creator/4.4/psoc creator/import/gnu/arm/5.4.1/bin/../lib/gcc/arm-none-eabi/5.4.1/../../../../arm-none-eabi/lib/armv7-m/crt0.o (exit)
c:/program files (x86)/cypress/psoc creator/4.4/psoc creator/import/gnu/arm/5.4.1/bin/../lib/gcc/arm-none-eabi/5.4.1/../../../../arm-none-eabi/lib/armv7-m\libg_nano.a(lib_a-impure.o)
                              c:/program files (x86)/cypress/psoc creator/4.4/psoc creator/import/gnu/arm/5.4.1/bin/../lib/gcc/arm-none-eabi/5.4.1/../../../../arm-none-eabi/lib/armv7-m\libg_nano.a(lib_a-exit.o) (_global_impure_ptr)
c:/program files (x86)/cypress/psoc creator/4.4/psoc creator/import/gnu/arm/5.4.1/bin/../lib/gcc/arm-none-eabi/5.4.1/../../../../arm-none-eabi/lib/armv7-m\libg_nano.a(lib_a-init.o)
                              c:/program files (x86)/cypress/psoc creator/4.4/psoc creator/import/gnu/arm/5.4.1/bin/../lib/gcc/arm-none-eabi/5.4.1/../../../../arm-none-eabi/lib/armv7-m/crt0.o (__libc_init_array)
c:/program files (x86)/cypress/psoc creator/4.4/psoc creator/import/gnu/arm/5.4.1/bin/../lib/gcc/arm-none-eabi/5.4.1/../../../../arm-none-eabi/lib/armv7-m\libg_nano.a(lib_a-memcpy-stub.o)
                              .\CortexM3\ARM_GCC_541\Debug\cyfitter_cfg.o (memcpy)
[...]
Memory Configuration

Name             Origin             Length             Attributes
rom              0x00000000         0x00040000         xr
ram              0x1fff8000         0x00010000         xrw
*default*        0x00000000         0xffffffff

Linker script and memory map

LOAD c:/program files (x86)/cypress/psoc creator/4.4/psoc creator/import/gnu/arm/5.4.1/bin/../lib/gcc/arm-none-eabi/5.4.1/armv7-m/crti.o
LOAD c:/program files (x86)/cypress/psoc creator/4.4/psoc creator/import/gnu/arm/5.4.1/bin/../lib/gcc/arm-none-eabi/5.4.1/armv7-m/crtbegin.o
LOAD c:/program files (x86)/cypress/psoc creator/4.4/psoc creator/import/gnu/arm/5.4.1/bin/../lib/gcc/arm-none-eabi/5.4.1/../../../../arm-none-eabi/lib/armv7-m/crt0.o
START GROUP
LOAD .\CortexM3\ARM_GCC_541\Debug\main.o
LOAD .\CortexM3\ARM_GCC_541\Debug\cyfitter_cfg.o
LOAD .\CortexM3\ARM_GCC_541\Debug\cymetadata.o
LOAD .\CortexM3\ARM_GCC_541\Debug\Cm3Start.o
LOAD .\CortexM3\ARM_GCC_541\Debug\Accelerometer.a
LOAD C:\Program Files (x86)\Cypress\PSoC Creator\4.4\PSoC Creator\psoc\content\cycomponentlibrary\CyComponentLibrary.cylib\CortexM3\ARM_GCC_541\Debug\CyComponentLibrary.a
END GROUP
START GROUP
LOAD c:/program files (x86)/cypress/psoc creator/4.4/psoc creator/import/gnu/arm/5.4.1/bin/../lib/gcc/arm-none-eabi/5.4.1/armv7-m\libgcc.a
LOAD c:/program files (x86)/cypress/psoc creator/4.4/psoc creator/import/gnu/arm/5.4.1/bin/../lib/gcc/arm-none-eabi/5.4.1/../../../../arm-none-eabi/lib/armv7-m\libg_nano.a
LOAD c:/program files (x86)/cypress/psoc creator/4.4/psoc creator/import/gnu/arm/5.4.1/bin/../lib/gcc/arm-none-eabi/5.4.1/../../../../arm-none-eabi/lib/armv7-m\libc_nano.a
END GROUP
START GROUP
LOAD c:/program files (x86)/cypress/psoc creator/4.4/psoc creator/import/gnu/arm/5.4.1/bin/../lib/gcc/arm-none-eabi/5.4.1/armv7-m\libgcc.a
LOAD c:/program files (x86)/cypress/psoc creator/4.4/psoc creator/import/gnu/arm/5.4.1/bin/../lib/gcc/arm-none-eabi/5.4.1/../../../../arm-none-eabi/lib/armv7-m\libc_nano.a
END GROUP
LOAD c:/program files (x86)/cypress/psoc creator/4.4/psoc creator/import/gnu/arm/5.4.1/bin/../lib/gcc/arm-none-eabi/5.4.1/armv7-m/crtend.o
LOAD c:/program files (x86)/cypress/psoc creator/4.4/psoc creator/import/gnu/arm/5.4.1/bin/../lib/gcc/arm-none-eabi/5.4.1/armv7-m/crtn.o
START GROUP
LOAD c:/program files (x86)/cypress/psoc creator/4.4/psoc creator/import/gnu/arm/5.4.1/bin/../lib/gcc/arm-none-eabi/5.4.1/armv7-m\libgcc.a
LOAD c:/program files (x86)/cypress/psoc creator/4.4/psoc creator/import/gnu/arm/5.4.1/bin/../lib/gcc/arm-none-eabi/5.4.1/../../../../arm-none-eabi/lib/armv7-m\libc.a
LOAD c:/program files (x86)/cypress/psoc creator/4.4/psoc creator/import/gnu/arm/5.4.1/bin/../lib/gcc/arm-none-eabi/5.4.1/../../../../arm-none-eabi/lib/armv7-m\libnosys.a
END GROUP
                0x00000000                CY_APPL_ORIGIN = 0x0
                0x00000100                CY_FLASH_ROW_SIZE = 0x100
                0x00000020                CY_ECC_ROW_SIZE = 0x20
                0x00000000                CY_EE_IN_BTLDR = 0x0
                0x00000000                CY_APPL_LOADABLE = 0x0
                0x00000800                CY_EE_SIZE = 0x800
                0x00000001                CY_APPL_NUM = 0x1
                0x00000001                CY_APPL_MAX = 0x1
                0x00000040                CY_METADATA_SIZE = 0x40
                0x00000000                CY_APPL_LOADABLE = 0x0
                0x00000000                CY_CHECKSUM_EXCLUDE_SIZE = ALIGN (0x0, CY_FLASH_ROW_SIZE)
                [!provide]                PROVIDE (__cy_heap_start, _end)
                0x00000001                PROVIDE (__cy_region_num, ((__cy_regions_end - __cy_regions) / 0x10))
                0x20008000                PROVIDE (__cy_stack, (ORIGIN (ram) + LENGTH (ram)))
                [!provide]                PROVIDE (__cy_heap_end, (__cy_stack - 0x800))

.cybootloader   0x00000000        0x0
 *(.cybootloader)
                0x00000000                appl1_start = CY_APPL_ORIGIN?CY_APPL_ORIGIN:ALIGN (CY_FLASH_ROW_SIZE)
                0x0001ff00                appl2_start = (appl1_start + ALIGN ((((LENGTH (rom) - appl1_start) - (0x2 * CY_FLASH_ROW_SIZE)) / 0x2), CY_FLASH_ROW_SIZE))
                0x00000000                appl_start = (CY_APPL_NUM == 0x1)?appl1_start:appl2_start
                0x00000000                ecc_offset = ((appl_start / CY_FLASH_ROW_SIZE) * CY_ECC_ROW_SIZE)
                0x00000000                ee_offset = (CY_APPL_LOADABLE && ! (CY_EE_IN_BTLDR))?((CY_EE_SIZE / CY_APPL_MAX) * (CY_APPL_NUM - 0x1)):0x0
                0x00000800                ee_size = (CY_APPL_LOADABLE && ! (CY_EE_IN_BTLDR))?(CY_EE_SIZE / CY_APPL_MAX):CY_EE_SIZE
                [!provide]                PROVIDE (CY_ECC_OFFSET, ecc_offset)

.text           0x00000000     0x1da6
 CREATE_OBJECT_SYMBOLS
                0x00000000                PROVIDE (__cy_interrupt_vector, RomVectors)
 *(.romvectors)
 .romvectors    0x00000000       0x10 .\CortexM3\ARM_GCC_541\Debug\Cm3Start.o
                0x00000000                RomVectors
                0x00000001                ASSERT ((. != __cy_interrupt_vector), No interrupt vector)
                0x00000001                ASSERT (CY_APPL_ORIGIN?(SIZEOF (.cybootloader) <= CY_APPL_ORIGIN):0x1, Wrong image location)
                0x00000010                PROVIDE (__cy_reset, Reset)
 *(.text.Reset)
 .text.Reset    0x00000010       0x18 .\CortexM3\ARM_GCC_541\Debug\Cm3Start.o
                0x00000010                Reset
                0x00000001                ASSERT ((. != __cy_reset), No reset code)
 *(.dma_init)
                0x00000001                ASSERT ((((appl_start + .) <= 0x10000) || 0x1), DMA Init must be within the first 64k of flash)
 *(.text .text.* .gnu.linkonce.t.*)
 .text          0x00000028       0x5c c:/program files (x86)/cypress/psoc creator/4.4/psoc creator/import/gnu/arm/5.4.1/bin/../lib/gcc/arm-none-eabi/5.4.1/armv7-m/crtbegin.o
 .text.main     0x00000084       0x88 .\CortexM3\ARM_GCC_541\Debug\main.o
                0x00000084                main
 .text.CyClockStartupError
                0x0000010c        0x4 .\CortexM3\ARM_GCC_541\Debug\cyfitter_cfg.o
 .text.cfg_write_bytes32
                0x00000110       0x34 .\CortexM3\ARM_GCC_541\Debug\cyfitter_cfg.o
 .text.AnalogSetDefault
                0x00000144       0x28 .\CortexM3\ARM_GCC_541\Debug\cyfitter_cfg.o
 .text.CYMEMZERO
                0x0000016c        0xc .\CortexM3\ARM_GCC_541\Debug\cyfitter_cfg.o
 .text.ClockSetup
                0x00000178       0xa0 .\CortexM3\ARM_GCC_541\Debug\cyfitter_cfg.o
 .text.CYCONFIGCPY
                0x00000218        0x8 .\CortexM3\ARM_GCC_541\Debug\cyfitter_cfg.o
 .text.cyfitter_cfg
                0x00000220       0xcc .\CortexM3\ARM_GCC_541\Debug\cyfitter_cfg.o
                0x00000220                cyfitter_cfg
 .text.IntDefaultHandler
                0x000002ec       0x10 .\CortexM3\ARM_GCC_541\Debug\Cm3Start.o
                0x000002ec                IntDefaultHandler
 .text.Start_c  0x000002fc       0x4c .\CortexM3\ARM_GCC_541\Debug\Cm3Start.o
                0x000002fc                Start_c
 .text.initialize_psoc
                0x00000348       0x68 .\CortexM3\ARM_GCC_541\Debug\Cm3Start.o
                0x00000348                initialize_psoc
 .text.CyHalt   0x000003b0        0x4 .\CortexM3\ARM_GCC_541\Debug\Accelerometer.a(CyLib.o)
                0x000003b0                CyHalt
 .text.CyDelay  0x000003b4       0x2c .\CortexM3\ARM_GCC_541\Debug\Accelerometer.a(CyLib.o)
                0x000003b4                CyDelay
 .text.CyDelayUs
                0x000003e0       0x14 .\CortexM3\ARM_GCC_541\Debug\Accelerometer.a(CyLib.o)
                0x000003e0                CyDelayUs
 .text.CyIntSetVector
                0x000003f4       0x28 .\CortexM3\ARM_GCC_541\Debug\Accelerometer.a(CyLib.o)
                0x000003f4                CyIntSetVector
 .text.CyIntSetPriority
                0x0000041c       0x30 .\CortexM3\ARM_GCC_541\Debug\Accelerometer.a(CyLib.o)
                0x0000041c                CyIntSetPriority
 .text.CyGetUniqueId
                0x0000044c       0x70 .\CortexM3\ARM_GCC_541\Debug\Accelerometer.a(CyLib.o)
                0x0000044c                CyGetUniqueId
 .text.USBUART_Init
                0x000004bc      0x140 .\CortexM3\ARM_GCC_541\Debug\Accelerometer.a(USBUART.o)
                0x000004bc                USBUART_Init
 .text.USBUART_InitComponent
                0x000005fc       0xb8 .\CortexM3\ARM_GCC_541\Debug\Accelerometer.a(USBUART.o)
                0x000005fc                USBUART_InitComponent
 .text.USBUART_Start
                0x000006b4       0x24 .\CortexM3\ARM_GCC_541\Debug\Accelerometer.a(USBUART.o)
                0x000006b4                USBUART_Start
 .text.USBUART_ReInitComponent
                0x000006d8       0x4c .\CortexM3\ARM_GCC_541\Debug\Accelerometer.a(USBUART.o)
                0x000006d8                USBUART_ReInitComponent
 .text.USBUART_GetConfiguration
                0x00000724        0xc .\CortexM3\ARM_GCC_541\Debug\Accelerometer.a(USBUART.o)
                0x00000724                USBUART_GetConfiguration
 .text.USBUART_LoadInEP
                0x00000730       0x94 .\CortexM3\ARM_GCC_541\Debug\Accelerometer.a(USBUART.o)
                0x00000730                USBUART_LoadInEP
 .text.USBUART_StrLen
                0x000007c4       0x14 .\CortexM3\ARM_GCC_541\Debug\Accelerometer.a(USBUART_cdc.o)
 .text.USBUART_GetInterfaceComPort
                0x000007d8       0x38 .\CortexM3\ARM_GCC_541\Debug\Accelerometer.a(USBUART_cdc.o)
                0x000007d8                USBUART_GetInterfaceComPort
 .text.USBUART_DispatchCDCClassRqst
                0x00000810       0x98 .\CortexM3\ARM_GCC_541\Debug\Accelerometer.a(USBUART_cdc.o)
                0x00000810                USBUART_DispatchCDCClassRqst
 .text.USBUART_PutString
                0x000008a8       0xa0 .\CortexM3\ARM_GCC_541\Debug\Accelerometer.a(USBUART_cdc.o)
                0x000008a8                USBUART_PutString
 .text.USBUART_Cdc_EpInit
                0x00000948       0x50 .\CortexM3\ARM_GCC_541\Debug\Accelerometer.a(USBUART_cdc.o)
                0x00000948                USBUART_Cdc_EpInit
 .text.USBUART_LoadEP0
                0x00000998       0x98 .\CortexM3\ARM_GCC_541\Debug\Accelerometer.a(USBUART_drv.o)
                0x00000998                USBUART_LoadEP0
 .text.USBUART_InitZeroLengthControlTransfer
                0x00000a30       0x34 .\CortexM3\ARM_GCC_541\Debug\Accelerometer.a(USBUART_drv.o)
                0x00000a30                USBUART_InitZeroLengthControlTransfer
 .text.USBUART_ControlReadDataStage
                0x00000a64        0x8 .\CortexM3\ARM_GCC_541\Debug\Accelerometer.a(USBUART_drv.o)
                0x00000a64                USBUART_ControlReadDataStage
 .text.USBUART_ControlWriteDataStage
                0x00000a6c       0x84 .\CortexM3\ARM_GCC_541\Debug\Accelerometer.a(USBUART_drv.o)
                0x00000a6c                USBUART_ControlWriteDataStage
 .text.USBUART_InitNoDataControlTransfer
                0x00000af0       0x2c .\CortexM3\ARM_GCC_541\Debug\Accelerometer.a(USBUART_drv.o)
                0x00000af0                USBUART_InitNoDataControlTransfer
 .text.USBUART_UpdateStatusBlock
                0x00000b1c       0x24 .\CortexM3\ARM_GCC_541\Debug\Accelerometer.a(USBUART_drv.o)
                0x00000b1c                USBUART_UpdateStatusBlock
 .text.USBUART_HandleSetup
                0x00000b40       0x5c .\CortexM3\ARM_GCC_541\Debug\Accelerometer.a(USBUART_drv.o)
                0x00000b40                USBUART_HandleSetup
 .text.USBUART_ControlReadStatusStage
                0x00000b9c       0x38 .\CortexM3\ARM_GCC_541\Debug\Accelerometer.a(USBUART_drv.o)
                0x00000b9c                USBUART_ControlReadStatusStage
 .text.USBUART_HandleOUT
                0x00000bd4       0x38 .\CortexM3\ARM_GCC_541\Debug\Accelerometer.a(USBUART_drv.o)
                0x00000bd4                USBUART_HandleOUT
 .text.USBUART_ControlWriteStatusStage
                0x00000c0c       0x20 .\CortexM3\ARM_GCC_541\Debug\Accelerometer.a(USBUART_drv.o)
                0x00000c0c                USBUART_ControlWriteStatusStage
 .text.USBUART_NoDataControlStatusStage
                0x00000c2c       0x40 .\CortexM3\ARM_GCC_541\Debug\Accelerometer.a(USBUART_drv.o)
                0x00000c2c                USBUART_NoDataControlStatusStage
 .text.USBUART_HandleIN
                0x00000c6c       0x2c .\CortexM3\ARM_GCC_541\Debug\Accelerometer.a(USBUART_drv.o)
                0x00000c6c                USBUART_HandleIN
 .text.USBUART_EP_0_ISR
                0x00000c98       0xb8 .\CortexM3\ARM_GCC_541\Debug\Accelerometer.a(USBUART_drv.o)
                0x00000c98                USBUART_EP_0_ISR
 .text.USBUART_InitializeStatusBlock
                0x00000d50       0x24 .\CortexM3\ARM_GCC_541\Debug\Accelerometer.a(USBUART_drv.o)
                0x00000d50                USBUART_InitializeStatusBlock
 .text.USBUART_InitControlRead
                0x00000d74       0x50 .\CortexM3\ARM_GCC_541\Debug\Accelerometer.a(USBUART_drv.o)
                0x00000d74                USBUART_InitControlRead
 .text.USBUART_InitControlWrite
                0x00000dc4       0x48 .\CortexM3\ARM_GCC_541\Debug\Accelerometer.a(USBUART_drv.o)
                0x00000dc4                USBUART_InitControlWrite
 .text.USBUART_EP_1_ISR
                0x00000e0c       0x30 .\CortexM3\ARM_GCC_541\Debug\Accelerometer.a(USBUART_episr.o)
                0x00000e0c                USBUART_EP_1_ISR
 .text.USBUART_EP_2_ISR
                0x00000e3c       0x34 .\CortexM3\ARM_GCC_541\Debug\Accelerometer.a(USBUART_episr.o)
                0x00000e3c                USBUART_EP_2_ISR
 .text.USBUART_EP_3_ISR
                0x00000e70       0x3c .\CortexM3\ARM_GCC_541\Debug\Accelerometer.a(USBUART_episr.o)
                0x00000e70                USBUART_EP_3_ISR
 .text.USBUART_SOF_ISR
                0x00000eac        0x4 .\CortexM3\ARM_GCC_541\Debug\Accelerometer.a(USBUART_episr.o)
                0x00000eac                USBUART_SOF_ISR
 .text.USBUART_BUS_RESET_ISR
                0x00000eb0        0x8 .\CortexM3\ARM_GCC_541\Debug\Accelerometer.a(USBUART_episr.o)
                0x00000eb0                USBUART_BUS_RESET_ISR
 .text.USBUART_DP_ISR
                0x00000eb8        0x8 .\CortexM3\ARM_GCC_541\Debug\Accelerometer.a(USBUART_pm.o)
                0x00000eb8                USBUART_DP_ISR
 .text.USBUART_ReadDieID
                0x00000ec0       0x6c .\CortexM3\ARM_GCC_541\Debug\Accelerometer.a(USBUART_std.o)
                0x00000ec0                USBUART_ReadDieID
 .text.USBUART_ConfigReg
                0x00000f2c       0xa4 .\CortexM3\ARM_GCC_541\Debug\Accelerometer.a(USBUART_std.o)
                0x00000f2c                USBUART_ConfigReg
 .text.USBUART_GetConfigTablePtr
                0x00000fd0       0x28 .\CortexM3\ARM_GCC_541\Debug\Accelerometer.a(USBUART_std.o)
                0x00000fd0                USBUART_GetConfigTablePtr
 .text.USBUART_ConfigAltChanged
                0x00000ff8      0x11c .\CortexM3\ARM_GCC_541\Debug\Accelerometer.a(USBUART_std.o)
                0x00000ff8                USBUART_ConfigAltChanged
 .text.USBUART_GetDeviceTablePtr
                0x00001114       0x18 .\CortexM3\ARM_GCC_541\Debug\Accelerometer.a(USBUART_std.o)
                0x00001114                USBUART_GetDeviceTablePtr
 .text.USBUART_GetInterfaceClassTablePtr
                0x0000112c       0x28 .\CortexM3\ARM_GCC_541\Debug\Accelerometer.a(USBUART_std.o)
                0x0000112c                USBUART_GetInterfaceClassTablePtr
 .text.USBUART_Config
                0x00001154      0x1ec .\CortexM3\ARM_GCC_541\Debug\Accelerometer.a(USBUART_std.o)
                0x00001154                USBUART_Config
 .text.USBUART_SetEndpointHalt
                0x00001340       0x64 .\CortexM3\ARM_GCC_541\Debug\Accelerometer.a(USBUART_std.o)
                0x00001340                USBUART_SetEndpointHalt
 .text.USBUART_ClearEndpointHalt
                0x000013a4       0xac .\CortexM3\ARM_GCC_541\Debug\Accelerometer.a(USBUART_std.o)
                0x000013a4                USBUART_ClearEndpointHalt
 .text.USBUART_ValidateAlternateSetting
                0x00001450       0x4c .\CortexM3\ARM_GCC_541\Debug\Accelerometer.a(USBUART_std.o)
                0x00001450                USBUART_ValidateAlternateSetting
 .text.USBUART_HandleStandardRqst
                0x0000149c      0x354 .\CortexM3\ARM_GCC_541\Debug\Accelerometer.a(USBUART_std.o)
                0x0000149c                USBUART_HandleStandardRqst
 .text.USBUART_HandleVendorRqst
                0x000017f0       0x18 .\CortexM3\ARM_GCC_541\Debug\Accelerometer.a(USBUART_vnd.o)
                0x000017f0                USBUART_HandleVendorRqst
 .text.USBUART_Dp_ClearInterrupt
                0x00001808       0x10 .\CortexM3\ARM_GCC_541\Debug\Accelerometer.a(USBUART_Dp.o)
                0x00001808                USBUART_Dp_ClearInterrupt
 .text.I2C_1_Init
                0x00001818       0x68 .\CortexM3\ARM_GCC_541\Debug\Accelerometer.a(I2C_1.o)
                0x00001818                I2C_1_Init
 .text.I2C_1_Enable
                0x00001880       0x24 .\CortexM3\ARM_GCC_541\Debug\Accelerometer.a(I2C_1.o)
                0x00001880                I2C_1_Enable
 .text.I2C_1_Start
                0x000018a4       0x28 .\CortexM3\ARM_GCC_541\Debug\Accelerometer.a(I2C_1.o)
                0x000018a4                I2C_1_Start
 .text.I2C_1_ISR
                0x000018cc      0x2d0 .\CortexM3\ARM_GCC_541\Debug\Accelerometer.a(I2C_1_INT.o)
                0x000018cc                I2C_1_ISR
 .text.I2C_1_MasterReadBuf
                0x00001b9c       0xd0 .\CortexM3\ARM_GCC_541\Debug\Accelerometer.a(I2C_1_MASTER.o)
                0x00001b9c                I2C_1_MasterReadBuf
 .text.I2C_1_MasterStatus
                0x00001c6c       0x38 .\CortexM3\ARM_GCC_541\Debug\Accelerometer.a(I2C_1_MASTER.o)
                0x00001c6c                I2C_1_MasterStatus
 *fill*         0x00001ca4        0x4 
 .text          0x00001ca8       0x20 .\CortexM3\ARM_GCC_541\Debug\Accelerometer.a(CyBootAsmGnu.o)
                0x00001ca8                CyDelayCycles
                0x00001cb8                CyEnterCriticalSection
                0x00001cc0                CyExitCriticalSection
 .text.USBUART_DispatchClassRqst
                0x00001cc8       0x60 .\CortexM3\ARM_GCC_541\Debug\Accelerometer.a(USBUART_cls.o)
                0x00001cc8                USBUART_DispatchClassRqst
 .text.__errno  0x00001d28        0xc c:/program files (x86)/cypress/psoc creator/4.4/psoc creator/import/gnu/arm/5.4.1/bin/../lib/gcc/arm-none-eabi/5.4.1/../../../../arm-none-eabi/lib/armv7-m\libg_nano.a(lib_a-errno.o)
                0x00001d28                __errno
 .text.__libc_init_array
                0x00001d34       0x4c c:/program files (x86)/cypress/psoc creator/4.4/psoc creator/import/gnu/arm/5.4.1/bin/../lib/gcc/arm-none-eabi/5.4.1/../../../../arm-none-eabi/lib/armv7-m\libg_nano.a(lib_a-init.o)
                0x00001d34                __libc_init_array
 .text.memcpy   0x00001d80       0x16 c:/program files (x86)/cypress/psoc creator/4.4/psoc creator/import/gnu/arm/5.4.1/bin/../lib/gcc/arm-none-eabi/5.4.1/../../../../arm-none-eabi/lib/armv7-m\libg_nano.a(lib_a-memcpy-stub.o)
                0x00001d80                memcpy
 .text.memset   0x00001d96       0x10 c:/program files (x86)/cypress/psoc creator/4.4/psoc creator/import/gnu/arm/5.4.1/bin/../lib/gcc/arm-none-eabi/5.4.1/../../../../arm-none-eabi/lib/armv7-m\libg_nano.a(lib_a-memset.o)
                0x00001d96                memset
 *(.plt)
 *(.gnu.warning)
 *(.glue_7t)
 .glue_7t       0x00001da6        0x0 linker stubs
 *(.glue_7)
 .glue_7        0x00001da6        0x0 linker stubs
 *(.vfp11_veneer)
 .vfp11_veneer  0x00001da6        0x0 linker stubs
 *(.bootloader)
 *(.ARM.extab* .gnu.linkonce.armextab.*)
 *(.gcc_except_table)

.v4_bx          0x00001da8        0x0
 .v4_bx         0x00001da8        0x0 linker stubs

.iplt           0x00001da8        0x0
 .iplt          0x00001da8        0x0 c:/program files (x86)/cypress/psoc creator/4.4/psoc creator/import/gnu/arm/5.4.1/bin/../lib/gcc/arm-none-eabi/5.4.1/armv7-m/crtbegin.o

.eh_frame_hdr
 *(.eh_frame_hdr)

.eh_frame       0x00001da8        0x4
 *(.eh_frame)
 .eh_frame      0x00001da8        0x0 c:/program files (x86)/cypress/psoc creator/4.4/psoc creator/import/gnu/arm/5.4.1/bin/../lib/gcc/arm-none-eabi/5.4.1/armv7-m/crtbegin.o
 .eh_frame      0x00001da8        0x4 c:/program files (x86)/cypress/psoc creator/4.4/psoc creator/import/gnu/arm/5.4.1/bin/../lib/gcc/arm-none-eabi/5.4.1/armv7-m/crtend.o
                [!provide]                PROVIDE (__exidx_start, .)

.ARM.exidx
 *(.ARM.exidx* .gnu.linkonce.armexidx.*)
                0x00001dac                __exidx_end = .

.rodata         0x00001dac      0x1e4
 *(.rodata .rodata.* .gnu.linkonce.r.*)
 .rodata.str1.4
                0x00001dac        0xc .\CortexM3\ARM_GCC_541\Debug\main.o
 .rodata        0x00001db8       0x30 .\CortexM3\ARM_GCC_541\Debug\cyfitter_cfg.o
 .rodata.str1.4
                0x00001de8       0x14 .\CortexM3\ARM_GCC_541\Debug\Accelerometer.a(USBUART_std.o)
                                 0x11 (size before relaxing)
 .rodata        0x00001dfc      0x15e .\CortexM3\ARM_GCC_541\Debug\Accelerometer.a(USBUART_descr.o)
                0x00001dfc                USBUART_TABLE
                0x00001e04                USBUART_DEVICE0_TABLE
                0x00001e1c                USBUART_DEVICE0_CONFIGURATION0_TABLE
                0x00001e44                USBUART_DEVICE0_CONFIGURATION0_INTERFACE_CLASS
                0x00001e48                USBUART_DEVICE0_CONFIGURATION0_EP_SETTINGS_TABLE
                0x00001e60                USBUART_SN_STRING_DESCRIPTOR
                0x00001e64                USBUART_STRING_DESCRIPTORS
                0x00001f04                USBUART_DEVICE0_CONFIGURATION0_DESCR
                0x00001f48                USBUART_DEVICE0_DESCR
 .rodata.str1.1
                0x00001f5a        0x2 c:/program files (x86)/cypress/psoc creator/4.4/psoc creator/import/gnu/arm/5.4.1/bin/../lib/gcc/arm-none-eabi/5.4.1/../../../../arm-none-eabi/lib/armv7-m\libg_nano.a(lib_a-impure.o)
                0x00001f5c                . = ALIGN (0x4)
 *(.init)
 .init          0x00001f5c        0x4 c:/program files (x86)/cypress/psoc creator/4.4/psoc creator/import/gnu/arm/5.4.1/bin/../lib/gcc/arm-none-eabi/5.4.1/armv7-m/crti.o
                0x00001f5c                _init
 .init          0x00001f60        0x8 c:/program files (x86)/cypress/psoc creator/4.4/psoc creator/import/gnu/arm/5.4.1/bin/../lib/gcc/arm-none-eabi/5.4.1/armv7-m/crtn.o
                0x00001f68                . = ALIGN (0x4)
                0x00001f68                __preinit_array_start = .
 *(.preinit_array)
                0x00001f68                __preinit_array_end = .
                0x00001f68                . = ALIGN (0x4)
                0x00001f68                __init_array_start = .
 *(SORT(.init_array.*))
 *(.init_array)
 .init_array    0x00001f68        0x4 c:/program files (x86)/cypress/psoc creator/4.4/psoc creator/import/gnu/arm/5.4.1/bin/../lib/gcc/arm-none-eabi/5.4.1/armv7-m/crtbegin.o
 .init_array    0x00001f6c        0x4 .\CortexM3\ARM_GCC_541\Debug\Cm3Start.o
                0x00001f70                __init_array_end = .
                0x00001f70                . = ALIGN (0x4)
 *(.fini)
 .fini          0x00001f70        0x4 c:/program files (x86)/cypress/psoc creator/4.4/psoc creator/import/gnu/arm/5.4.1/bin/../lib/gcc/arm-none-eabi/5.4.1/armv7-m/crti.o
                0x00001f70                _fini
 .fini          0x00001f74        0x8 c:/program files (x86)/cypress/psoc creator/4.4/psoc creator/import/gnu/arm/5.4.1/bin/../lib/gcc/arm-none-eabi/5.4.1/armv7-m/crtn.o
                0x00001f7c                . = ALIGN (0x4)
                0x00001f7c                __fini_array_start = .
 *(.fini_array)
 .fini_array    0x00001f7c        0x4 c:/program files (x86)/cypress/psoc creator/4.4/psoc creator/import/gnu/arm/5.4.1/bin/../lib/gcc/arm-none-eabi/5.4.1/armv7-m/crtbegin.o
 *(SORT(.fini_array.*))
                0x00001f80                __fini_array_end = .
                0x00001f80                . = ALIGN (0x4)
 *crtbegin.o(.ctors)
 *(EXCLUDE_FILE(*crtend.o) .ctors)
 *(SORT(.ctors.*))
 *crtend.o(.ctors)
                0x00001f80                . = ALIGN (0x4)
 *crtbegin.o(.dtors)
 *(EXCLUDE_FILE(*crtend.o) .dtors)
 *(SORT(.dtors.*))
 *crtend.o(.dtors)
                0x00001f80                . = ALIGN (0x4)
                0x00001f80                __cy_regions = .
                0x00001f80        0x4 LONG 0x1f90 __cy_region_init_ram
                0x00001f84        0x4 LONG 0x1fff80c8 __cy_region_start_data
                0x00001f88        0x4 LONG 0x98 __cy_region_init_size_ram
                0x00001f8c        0x4 LONG 0x190 __cy_region_zero_size_ram
                0x00001f90                __cy_regions_end = .
                0x00001f90                . = ALIGN (0x8)
                0x00001f90                _etext = .

.cy_checksum_exclude
                0x00001f90        0x0
 *(.cy_checksum_exclude)

.ramvectors     0x1fff8000       0xc0
                0x1fff8000                __cy_region_start_ram = .
 *(.ramvectors)
 .ramvectors    0x1fff8000       0xc0 .\CortexM3\ARM_GCC_541\Debug\Cm3Start.o
                0x1fff8000                CyRamVectors

.noinit         0x1fff80c0        0x1
 *(.noinit)
 .noinit        0x1fff80c0        0x1 .\CortexM3\ARM_GCC_541\Debug\Accelerometer.a(CyLib.o)
                0x1fff80c0                CyResetStatus

.data           0x1fff80c8       0x98 load address 0x00001f90
                0x1fff80c8                __cy_region_start_data = .
 *(.jcr)
 .jcr           0x1fff80c8        0x0 c:/program files (x86)/cypress/psoc creator/4.4/psoc creator/import/gnu/arm/5.4.1/bin/../lib/gcc/arm-none-eabi/5.4.1/armv7-m/crtbegin.o
 .jcr           0x1fff80c8        0x4 c:/program files (x86)/cypress/psoc creator/4.4/psoc creator/import/gnu/arm/5.4.1/bin/../lib/gcc/arm-none-eabi/5.4.1/armv7-m/crtend.o
 *(.got.plt)
 *(.got)
 *(.shdata)
 *(.data .data.* .gnu.linkonce.d.*)
 .data          0x1fff80cc       0x10 .\CortexM3\ARM_GCC_541\Debug\Accelerometer.a(CyLib.o)
                0x1fff80cc                cydelay_32k_ms
                0x1fff80d0                cydelay_freq_khz
                0x1fff80d4                cydelay_freq_mhz
                0x1fff80d8                cydelay_freq_hz
 .data          0x1fff80dc       0x1a .\CortexM3\ARM_GCC_541\Debug\Accelerometer.a(USBUART_cdc.o)
                0x1fff80dc                USBUART_linesCoding
 *fill*         0x1fff80f6        0x2 
 .data.impure_data
                0x1fff80f8       0x60 c:/program files (x86)/cypress/psoc creator/4.4/psoc creator/import/gnu/arm/5.4.1/bin/../lib/gcc/arm-none-eabi/5.4.1/../../../../arm-none-eabi/lib/armv7-m\libg_nano.a(lib_a-impure.o)
 .data._impure_ptr
                0x1fff8158        0x4 c:/program files (x86)/cypress/psoc creator/4.4/psoc creator/import/gnu/arm/5.4.1/bin/../lib/gcc/arm-none-eabi/5.4.1/../../../../arm-none-eabi/lib/armv7-m\libg_nano.a(lib_a-impure.o)
                0x1fff8158                _impure_ptr
                0x1fff8160                . = ALIGN (0x8)
 *fill*         0x1fff815c        0x4 
 *(.ram)
                0x1fff8160                _edata = .

.igot.plt       0x1fff8160        0x0 load address 0x00002028
 .igot.plt      0x1fff8160        0x0 c:/program files (x86)/cypress/psoc creator/4.4/psoc creator/import/gnu/arm/5.4.1/bin/../lib/gcc/arm-none-eabi/5.4.1/armv7-m/crtbegin.o

.bss            0x1fff8160      0x190 load address 0x00002028
                0x1fff8160                PROVIDE (__bss_start__, .)
 *(.shbss)
 *(.bss .bss.* .gnu.linkonce.b.*)
 .bss           0x1fff8160       0x1c c:/program files (x86)/cypress/psoc creator/4.4/psoc creator/import/gnu/arm/5.4.1/bin/../lib/gcc/arm-none-eabi/5.4.1/armv7-m/crtbegin.o
 .bss           0x1fff817c        0x1 .\CortexM3\ARM_GCC_541\Debug\Accelerometer.a(USBUART.o)
                0x1fff817c                USBUART_initVar
 .bss           0x1fff817d        0x1 .\CortexM3\ARM_GCC_541\Debug\Accelerometer.a(USBUART_cdc.o)
 *fill*         0x1fff817e        0x2 
 .bss           0x1fff8180        0x2 .\CortexM3\ARM_GCC_541\Debug\Accelerometer.a(USBUART_std.o)
 .bss           0x1fff8182        0x1 .\CortexM3\ARM_GCC_541\Debug\Accelerometer.a(I2C_1.o)
                0x1fff8182                I2C_1_initVar
 *(COMMON)
 *fill*         0x1fff8183        0x1 
 COMMON         0x1fff8184       0x80 .\CortexM3\ARM_GCC_541\Debug\main.o
                0x1fff8184                buffer
 COMMON         0x1fff8204       0x18 .\CortexM3\ARM_GCC_541\Debug\Accelerometer.a(USBUART_cdc.o)
                0x1fff8204                USBUART_linesChanged
                0x1fff8208                USBUART_cdcDataInEp
                0x1fff820c                USBUART_cdcCommInInterruptEp
                0x1fff8210                USBUART_cdcDataOutEp
                0x1fff8214                USBUART_serialStateBitmap
                0x1fff8218                USBUART_linesControlBitmap
 COMMON         0x1fff821c       0x9a .\CortexM3\ARM_GCC_541\Debug\Accelerometer.a(USBUART_drv.o)
                0x1fff821c                USBUART_lastPacketSize
                0x1fff821d                USBUART_device
                0x1fff821e                USBUART_transferByteCount
                0x1fff8220                USBUART_transferState
                0x1fff8224                USBUART_interfaceSettingLast
                0x1fff8228                USBUART_currentTD
                0x1fff8234                USBUART_interfaceNumber
                0x1fff8238                USBUART_interfaceClass
                0x1fff823c                USBUART_configurationChanged
                0x1fff823d                USBUART_ep0Mode
                0x1fff823e                USBUART_deviceAddress
                0x1fff823f                USBUART_configuration
                0x1fff8240                USBUART_ep0Count
                0x1fff8241                USBUART_deviceStatus
                0x1fff8244                USBUART_EP
                0x1fff82b0                USBUART_interfaceSetting
                0x1fff82b2                USBUART_ep0Toggle
                0x1fff82b4                USBUART_interfaceStatus
 COMMON         0x1fff82b6        0x1 .\CortexM3\ARM_GCC_541\Debug\Accelerometer.a(I2C_1.o)
                0x1fff82b6                I2C_1_state
 *fill*         0x1fff82b7        0x1 
 COMMON         0x1fff82b8       0x11 .\CortexM3\ARM_GCC_541\Debug\Accelerometer.a(I2C_1_MASTER.o)
                0x1fff82b8                I2C_1_mstrWrBufIndex
                0x1fff82b9                I2C_1_mstrControl
                0x1fff82ba                I2C_1_mstrStatus
                0x1fff82bb                I2C_1_mstrWrBufSize
                0x1fff82bc                I2C_1_mstrRdBufIndex
                0x1fff82c0                I2C_1_mstrWrBufPtr
                0x1fff82c4                I2C_1_mstrRdBufPtr
                0x1fff82c8                I2C_1_mstrRdBufSize
 *fill*         0x1fff82c9        0x3 
 COMMON         0x1fff82cc       0x22 .\CortexM3\ARM_GCC_541\Debug\Accelerometer.a(USBUART_descr.o)
                0x1fff82cc                USBUART_idSerialNumberStringDescriptor
                0x1fff82f0                . = ALIGN (0x8)
 *fill*         0x1fff82ee        0x2 
 *(.ram.b)
                0x1fff82f0                _end = .
                0x1fff82f0                __end = .
                0x1fff82f0                PROVIDE (end, .)
                0x1fff82f0                PROVIDE (__bss_end__, .)
                0x00001f90                __cy_region_init_ram = LOADADDR (.data)
                0x00000098                __cy_region_init_size_ram = (_edata - ADDR (.data))
                0x00000190                __cy_region_zero_size_ram = (_end - _edata)

.heap           0x1fff82f0       0x80 load address 0x00002028
                0x1fff82f0                . = _end
                0x1fff8370                . = (. + 0x80)
 *fill*         0x1fff82f0       0x80 
                0x1fff8370                __cy_heap_limit = .

.stack          0x20007800      0x800
                0x20007800                __cy_stack_limit = .
                0x20008000                . = (. + 0x800)
 *fill*         0x20007800      0x800 
                0x00000001                ASSERT ((__cy_stack_limit >= __cy_heap_limit), region RAM overflowed with stack)
                0x00000000                cy_checksum_exclude_size = (CY_APPL_LOADABLE == 0x1)?SIZEOF (.cy_checksum_exclude):0x0
                0x00000001                ASSERT ((cy_checksum_exclude_size <= CY_CHECKSUM_EXCLUDE_SIZE), CY_BOOT: Section .cy_checksum_exclude size exceedes specified limit.)

.cyloadermeta
 *(.cyloadermeta)

.cyloadablemeta
 *(.cyloadablemeta)

.cyconfigecc    0x80000000       0xf4
 *(.cyconfigecc)
 .cyconfigecc   0x80000000       0xf4 .\CortexM3\ARM_GCC_541\Debug\cymetadata.o
                0x80000000                cy_meta_configecc

.cycustnvl      0x90000000        0x4
 *(.cycustnvl)
 .cycustnvl     0x90000000        0x4 .\CortexM3\ARM_GCC_541\Debug\cymetadata.o
                0x90000000                cy_meta_custnvl

.cywolatch      0x90100000        0x4
 *(.cywolatch)
 .cywolatch     0x90100000        0x4 .\CortexM3\ARM_GCC_541\Debug\cymetadata.o
                0x90100000                cy_meta_wonvl

.cyeeprom       0x90200000        0x0
 *(.cyeeprom)
                0x00000001                ASSERT ((. <= ((0x90200000 + ee_offset) + ee_size)), .cyeeprom data will not fit in EEPROM)

.cyflashprotect
                0x90400000      0x100
 *(.cyflashprotect)
 .cyflashprotect
                0x90400000      0x100 .\CortexM3\ARM_GCC_541\Debug\cymetadata.o
                0x90400000                cy_meta_flashprotect

.cymeta         0x90500000        0xc
 *(.cymeta)
 .cymeta        0x90500000        0xc .\CortexM3\ARM_GCC_541\Debug\cymetadata.o
                0x90500000                cy_metadata

.rel.dyn        0x00002028        0x0 load address 0x9050000c
 .rel.iplt      0x00002028        0x0 c:/program files (x86)/cypress/psoc creator/4.4/psoc creator/import/gnu/arm/5.4.1/bin/../lib/gcc/arm-none-eabi/5.4.1/armv7-m/crtbegin.o

.stab
 *(.stab)

.stabstr
 *(.stabstr)

.debug
 *(.debug)

.line
 *(.line)

.debug_srcinfo
 *(.debug_srcinfo)

.debug_sfnames
 *(.debug_sfnames)

.debug_aranges  0x00000000      0xa30
 *(.debug_aranges)
 .debug_aranges
                0x00000000       0x20 .\CortexM3\ARM_GCC_541\Debug\main.o
 .debug_aranges
                0x00000020       0x58 .\CortexM3\ARM_GCC_541\Debug\cyfitter_cfg.o
 .debug_aranges
                0x00000078       0x18 .\CortexM3\ARM_GCC_541\Debug\cymetadata.o
 .debug_aranges
                0x00000090       0x48 .\CortexM3\ARM_GCC_541\Debug\Cm3Start.o
 .debug_aranges
                0x000000d8      0x2a0 .\CortexM3\ARM_GCC_541\Debug\Accelerometer.a(CyLib.o)
 .debug_aranges
                0x00000378       0x98 .\CortexM3\ARM_GCC_541\Debug\Accelerometer.a(cyPm.o)
 .debug_aranges
                0x00000410       0xc8 .\CortexM3\ARM_GCC_541\Debug\Accelerometer.a(USBUART.o)
 .debug_aranges
                0x000004d8       0xe8 .\CortexM3\ARM_GCC_541\Debug\Accelerometer.a(USBUART_cdc.o)
 .debug_aranges
                0x000005c0       0x98 .\CortexM3\ARM_GCC_541\Debug\Accelerometer.a(USBUART_drv.o)
 .debug_aranges
                0x00000658       0x40 .\CortexM3\ARM_GCC_541\Debug\Accelerometer.a(USBUART_episr.o)
 .debug_aranges
                0x00000698       0x40 .\CortexM3\ARM_GCC_541\Debug\Accelerometer.a(USBUART_pm.o)
 .debug_aranges
                0x000006d8       0x80 .\CortexM3\ARM_GCC_541\Debug\Accelerometer.a(USBUART_std.o)
 .debug_aranges
                0x00000758       0x20 .\CortexM3\ARM_GCC_541\Debug\Accelerometer.a(USBUART_vnd.o)
 .debug_aranges
                0x00000778       0x48 .\CortexM3\ARM_GCC_541\Debug\Accelerometer.a(USBUART_Dp.o)
 .debug_aranges
                0x000007c0       0x38 .\CortexM3\ARM_GCC_541\Debug\Accelerometer.a(I2C_1.o)
 .debug_aranges
                0x000007f8       0x20 .\CortexM3\ARM_GCC_541\Debug\Accelerometer.a(I2C_1_INT.o)
 .debug_aranges
                0x00000818       0x38 .\CortexM3\ARM_GCC_541\Debug\Accelerometer.a(I2C_1_PM.o)
 .debug_aranges
                0x00000850       0x80 .\CortexM3\ARM_GCC_541\Debug\Accelerometer.a(I2C_1_MASTER.o)
 .debug_aranges
                0x000008d0       0x20 .\CortexM3\ARM_GCC_541\Debug\Accelerometer.a(CyBootAsmGnu.o)
 .debug_aranges
                0x000008f0       0x88 .\CortexM3\ARM_GCC_541\Debug\Accelerometer.a(CyFlash.o)
 .debug_aranges
                0x00000978       0x80 .\CortexM3\ARM_GCC_541\Debug\Accelerometer.a(CySpc.o)
 .debug_aranges
                0x000009f8       0x20 .\CortexM3\ARM_GCC_541\Debug\Accelerometer.a(USBUART_cls.o)
 .debug_aranges
                0x00000a18       0x18 .\CortexM3\ARM_GCC_541\Debug\Accelerometer.a(USBUART_descr.o)

.debug_pubnames
 *(.debug_pubnames)

.debug_info     0x00000000     0x72a2
 *(.debug_info .gnu.linkonce.wi.*)
 .debug_info    0x00000000      0x287 .\CortexM3\ARM_GCC_541\Debug\main.o
 .debug_info    0x00000287      0x4cc .\CortexM3\ARM_GCC_541\Debug\cyfitter_cfg.o
 .debug_info    0x00000753      0x134 .\CortexM3\ARM_GCC_541\Debug\cymetadata.o
 .debug_info    0x00000887      0x3bb .\CortexM3\ARM_GCC_541\Debug\Cm3Start.o
 .debug_info    0x00000c42     0x1374 .\CortexM3\ARM_GCC_541\Debug\Accelerometer.a(CyLib.o)
 .debug_info    0x00001fb6      0xa2a .\CortexM3\ARM_GCC_541\Debug\Accelerometer.a(cyPm.o)
 .debug_info    0x000029e0      0x995 .\CortexM3\ARM_GCC_541\Debug\Accelerometer.a(USBUART.o)
 .debug_info    0x00003375      0xaf7 .\CortexM3\ARM_GCC_541\Debug\Accelerometer.a(USBUART_cdc.o)
 .debug_info    0x00003e6c      0x655 .\CortexM3\ARM_GCC_541\Debug\Accelerometer.a(USBUART_drv.o)
 .debug_info    0x000044c1      0x254 .\CortexM3\ARM_GCC_541\Debug\Accelerometer.a(USBUART_episr.o)
 .debug_info    0x00004715      0x2e4 .\CortexM3\ARM_GCC_541\Debug\Accelerometer.a(USBUART_pm.o)
 .debug_info    0x000049f9      0xb26 .\CortexM3\ARM_GCC_541\Debug\Accelerometer.a(USBUART_std.o)
 .debug_info    0x0000551f       0xed .\CortexM3\ARM_GCC_541\Debug\Accelerometer.a(USBUART_vnd.o)
 .debug_info    0x0000560c      0x174 .\CortexM3\ARM_GCC_541\Debug\Accelerometer.a(USBUART_Dp.o)
 .debug_info    0x00005780      0x2ad .\CortexM3\ARM_GCC_541\Debug\Accelerometer.a(I2C_1.o)
 .debug_info    0x00005a2d      0x184 .\CortexM3\ARM_GCC_541\Debug\Accelerometer.a(I2C_1_INT.o)
 .debug_info    0x00005bb1      0x207 .\CortexM3\ARM_GCC_541\Debug\Accelerometer.a(I2C_1_PM.o)
 .debug_info    0x00005db8      0x407 .\CortexM3\ARM_GCC_541\Debug\Accelerometer.a(I2C_1_MASTER.o)
 .debug_info    0x000061bf       0xc5 .\CortexM3\ARM_GCC_541\Debug\Accelerometer.a(CyBootAsmGnu.o)
 .debug_info    0x00006284      0x64d .\CortexM3\ARM_GCC_541\Debug\Accelerometer.a(CyFlash.o)
 .debug_info    0x000068d1      0x550 .\CortexM3\ARM_GCC_541\Debug\Accelerometer.a(CySpc.o)
 .debug_info    0x00006e21      0x1de .\CortexM3\ARM_GCC_541\Debug\Accelerometer.a(USBUART_cls.o)
 .debug_info    0x00006fff      0x2a3 .\CortexM3\ARM_GCC_541\Debug\Accelerometer.a(USBUART_descr.o)

.debug_abbrev   0x00000000     0x1d82
 *(.debug_abbrev)
 .debug_abbrev  0x00000000      0x127 .\CortexM3\ARM_GCC_541\Debug\main.o
 .debug_abbrev  0x00000127      0x1fe .\CortexM3\ARM_GCC_541\Debug\cyfitter_cfg.o
 .debug_abbrev  0x00000325       0x5d .\CortexM3\ARM_GCC_541\Debug\cymetadata.o
 .debug_abbrev  0x00000382      0x1e8 .\CortexM3\ARM_GCC_541\Debug\Cm3Start.o
 .debug_abbrev  0x0000056a      0x254 .\CortexM3\ARM_GCC_541\Debug\Accelerometer.a(CyLib.o)
 .debug_abbrev  0x000007be      0x1ab .\CortexM3\ARM_GCC_541\Debug\Accelerometer.a(cyPm.o)
 .debug_abbrev  0x00000969      0x215 .\CortexM3\ARM_GCC_541\Debug\Accelerometer.a(USBUART.o)
 .debug_abbrev  0x00000b7e      0x245 .\CortexM3\ARM_GCC_541\Debug\Accelerometer.a(USBUART_cdc.o)
 .debug_abbrev  0x00000dc3      0x189 .\CortexM3\ARM_GCC_541\Debug\Accelerometer.a(USBUART_drv.o)
 .debug_abbrev  0x00000f4c      0x11b .\CortexM3\ARM_GCC_541\Debug\Accelerometer.a(USBUART_episr.o)
 .debug_abbrev  0x00001067      0x108 .\CortexM3\ARM_GCC_541\Debug\Accelerometer.a(USBUART_pm.o)
 .debug_abbrev  0x0000116f      0x20a .\CortexM3\ARM_GCC_541\Debug\Accelerometer.a(USBUART_std.o)
 .debug_abbrev  0x00001379       0x9b .\CortexM3\ARM_GCC_541\Debug\Accelerometer.a(USBUART_vnd.o)
 .debug_abbrev  0x00001414       0x90 .\CortexM3\ARM_GCC_541\Debug\Accelerometer.a(USBUART_Dp.o)
 .debug_abbrev  0x000014a4      0x10a .\CortexM3\ARM_GCC_541\Debug\Accelerometer.a(I2C_1.o)
 .debug_abbrev  0x000015ae       0xb6 .\CortexM3\ARM_GCC_541\Debug\Accelerometer.a(I2C_1_INT.o)
 .debug_abbrev  0x00001664       0xfe .\CortexM3\ARM_GCC_541\Debug\Accelerometer.a(I2C_1_PM.o)
 .debug_abbrev  0x00001762      0x13c .\CortexM3\ARM_GCC_541\Debug\Accelerometer.a(I2C_1_MASTER.o)
 .debug_abbrev  0x0000189e       0x14 .\CortexM3\ARM_GCC_541\Debug\Accelerometer.a(CyBootAsmGnu.o)
 .debug_abbrev  0x000018b2      0x1a7 .\CortexM3\ARM_GCC_541\Debug\Accelerometer.a(CyFlash.o)
 .debug_abbrev  0x00001a59      0x194 .\CortexM3\ARM_GCC_541\Debug\Accelerometer.a(CySpc.o)
 .debug_abbrev  0x00001bed       0xe1 .\CortexM3\ARM_GCC_541\Debug\Accelerometer.a(USBUART_cls.o)
 .debug_abbrev  0x00001cce       0xb4 .\CortexM3\ARM_GCC_541\Debug\Accelerometer.a(USBUART_descr.o)

.debug_line     0x00000000     0x2bf8
 *(.debug_line)
 .debug_line    0x00000000      0x1b5 .\CortexM3\ARM_GCC_541\Debug\main.o
 .debug_line    0x000001b5      0x1d1 .\CortexM3\ARM_GCC_541\Debug\cyfitter_cfg.o
 .debug_line    0x00000386      0x141 .\CortexM3\ARM_GCC_541\Debug\cymetadata.o
 .debug_line    0x000004c7      0x234 .\CortexM3\ARM_GCC_541\Debug\Cm3Start.o
 .debug_line    0x000006fb      0x816 .\CortexM3\ARM_GCC_541\Debug\Accelerometer.a(CyLib.o)
 .debug_line    0x00000f11      0x367 .\CortexM3\ARM_GCC_541\Debug\Accelerometer.a(cyPm.o)
 .debug_line    0x00001278      0x2dc .\CortexM3\ARM_GCC_541\Debug\Accelerometer.a(USBUART.o)
 .debug_line    0x00001554      0x2f2 .\CortexM3\ARM_GCC_541\Debug\Accelerometer.a(USBUART_cdc.o)
 .debug_line    0x00001846      0x221 .\CortexM3\ARM_GCC_541\Debug\Accelerometer.a(USBUART_drv.o)
 .debug_line    0x00001a67       0xe6 .\CortexM3\ARM_GCC_541\Debug\Accelerometer.a(USBUART_episr.o)
 .debug_line    0x00001b4d      0x10e .\CortexM3\ARM_GCC_541\Debug\Accelerometer.a(USBUART_pm.o)
 .debug_line    0x00001c5b      0x3e2 .\CortexM3\ARM_GCC_541\Debug\Accelerometer.a(USBUART_std.o)
 .debug_line    0x0000203d       0x73 .\CortexM3\ARM_GCC_541\Debug\Accelerometer.a(USBUART_vnd.o)
 .debug_line    0x000020b0       0xbb .\CortexM3\ARM_GCC_541\Debug\Accelerometer.a(USBUART_Dp.o)
 .debug_line    0x0000216b       0xdf .\CortexM3\ARM_GCC_541\Debug\Accelerometer.a(I2C_1.o)
 .debug_line    0x0000224a      0x118 .\CortexM3\ARM_GCC_541\Debug\Accelerometer.a(I2C_1_INT.o)
 .debug_line    0x00002362       0xbf .\CortexM3\ARM_GCC_541\Debug\Accelerometer.a(I2C_1_PM.o)
 .debug_line    0x00002421      0x201 .\CortexM3\ARM_GCC_541\Debug\Accelerometer.a(I2C_1_MASTER.o)
 .debug_line    0x00002622       0x66 .\CortexM3\ARM_GCC_541\Debug\Accelerometer.a(CyBootAsmGnu.o)
 .debug_line    0x00002688      0x21a .\CortexM3\ARM_GCC_541\Debug\Accelerometer.a(CyFlash.o)
 .debug_line    0x000028a2      0x260 .\CortexM3\ARM_GCC_541\Debug\Accelerometer.a(CySpc.o)
 .debug_line    0x00002b02       0x95 .\CortexM3\ARM_GCC_541\Debug\Accelerometer.a(USBUART_cls.o)
 .debug_line    0x00002b97       0x61 .\CortexM3\ARM_GCC_541\Debug\Accelerometer.a(USBUART_descr.o)

.debug_frame    0x00000000     0x1a68
 *(.debug_frame)
 .debug_frame   0x00000000       0x2c .\CortexM3\ARM_GCC_541\Debug\main.o
 .debug_frame   0x0000002c       0xe4 .\CortexM3\ARM_GCC_541\Debug\cyfitter_cfg.o
 .debug_frame   0x00000110       0xb8 .\CortexM3\ARM_GCC_541\Debug\Cm3Start.o
 .debug_frame   0x000001c8      0x738 .\CortexM3\ARM_GCC_541\Debug\Accelerometer.a(CyLib.o)
 .debug_frame   0x00000900      0x1f8 .\CortexM3\ARM_GCC_541\Debug\Accelerometer.a(cyPm.o)
 .debug_frame   0x00000af8      0x1dc .\CortexM3\ARM_GCC_541\Debug\Accelerometer.a(USBUART.o)
 .debug_frame   0x00000cd4      0x27c .\CortexM3\ARM_GCC_541\Debug\Accelerometer.a(USBUART_cdc.o)
 .debug_frame   0x00000f50      0x194 .\CortexM3\ARM_GCC_541\Debug\Accelerometer.a(USBUART_drv.o)
 .debug_frame   0x000010e4       0x6c .\CortexM3\ARM_GCC_541\Debug\Accelerometer.a(USBUART_episr.o)
 .debug_frame   0x00001150       0xa0 .\CortexM3\ARM_GCC_541\Debug\Accelerometer.a(USBUART_pm.o)
 .debug_frame   0x000011f0      0x17c .\CortexM3\ARM_GCC_541\Debug\Accelerometer.a(USBUART_std.o)
 .debug_frame   0x0000136c       0x20 .\CortexM3\ARM_GCC_541\Debug\Accelerometer.a(USBUART_vnd.o)
 .debug_frame   0x0000138c       0x70 .\CortexM3\ARM_GCC_541\Debug\Accelerometer.a(USBUART_Dp.o)
 .debug_frame   0x000013fc       0x94 .\CortexM3\ARM_GCC_541\Debug\Accelerometer.a(I2C_1.o)
 .debug_frame   0x00001490       0x30 .\CortexM3\ARM_GCC_541\Debug\Accelerometer.a(I2C_1_INT.o)
 .debug_frame   0x000014c0       0x74 .\CortexM3\ARM_GCC_541\Debug\Accelerometer.a(I2C_1_PM.o)
 .debug_frame   0x00001534      0x138 .\CortexM3\ARM_GCC_541\Debug\Accelerometer.a(I2C_1_MASTER.o)
 .debug_frame   0x0000166c      0x194 .\CortexM3\ARM_GCC_541\Debug\Accelerometer.a(CyFlash.o)
 .debug_frame   0x00001800      0x180 .\CortexM3\ARM_GCC_541\Debug\Accelerometer.a(CySpc.o)
 .debug_frame   0x00001980       0x2c .\CortexM3\ARM_GCC_541\Debug\Accelerometer.a(USBUART_cls.o)
 .debug_frame   0x000019ac       0x20 c:/program files (x86)/cypress/psoc creator/4.4/psoc creator/import/gnu/arm/5.4.1/bin/../lib/gcc/arm-none-eabi/5.4.1/../../../../arm-none-eabi/lib/armv7-m\libg_nano.a(lib_a-errno.o)
 .debug_frame   0x000019cc       0x28 c:/program files (x86)/cypress/psoc creator/4.4/psoc creator/import/gnu/arm/5.4.1/bin/../lib/gcc/arm-none-eabi/5.4.1/../../../../arm-none-eabi/lib/armv7-m\libg_nano.a(lib_a-exit.o)
 .debug_frame   0x000019f4       0x2c c:/program files (x86)/cypress/psoc creator/4.4/psoc creator/import/gnu/arm/5.4.1/bin/../lib/gcc/arm-none-eabi/5.4.1/../../../../arm-none-eabi/lib/armv7-m\libg_nano.a(lib_a-init.o)
 .debug_frame   0x00001a20       0x28 c:/program files (x86)/cypress/psoc creator/4.4/psoc creator/import/gnu/arm/5.4.1/bin/../lib/gcc/arm-none-eabi/5.4.1/../../../../arm-none-eabi/lib/armv7-m\libg_nano.a(lib_a-memcpy-stub.o)
 .debug_frame   0x00001a48       0x20 c:/program files (x86)/cypress/psoc creator/4.4/psoc creator/import/gnu/arm/5.4.1/bin/../lib/gcc/arm-none-eabi/5.4.1/../../../../arm-none-eabi/lib/armv7-m\libg_nano.a(lib_a-memset.o)

.debug_str      0x00000000     0x281f
 *(.debug_str)
 .debug_str     0x00000000      0x23d .\CortexM3\ARM_GCC_541\Debug\main.o
                                0x285 (size before relaxing)
 .debug_str     0x0000023d      0x17a .\CortexM3\ARM_GCC_541\Debug\cyfitter_cfg.o
                                0x344 (size before relaxing)
 .debug_str     0x000003b7       0x7f .\CortexM3\ARM_GCC_541\Debug\cymetadata.o
                                0x219 (size before relaxing)
 .debug_str     0x00000436      0x144 .\CortexM3\ARM_GCC_541\Debug\Cm3Start.o
                                0x33f (size before relaxing)
 .debug_str     0x0000057a      0x846 .\CortexM3\ARM_GCC_541\Debug\Accelerometer.a(CyLib.o)
                                0xa7c (size before relaxing)
 .debug_str     0x00000dc0      0x365 .\CortexM3\ARM_GCC_541\Debug\Accelerometer.a(cyPm.o)
                                0x768 (size before relaxing)
 .debug_str     0x00001125      0x41b .\CortexM3\ARM_GCC_541\Debug\Accelerometer.a(USBUART.o)
                                0x69f (size before relaxing)
 .debug_str     0x00001540      0x51a .\CortexM3\ARM_GCC_541\Debug\Accelerometer.a(USBUART_cdc.o)
                                0x806 (size before relaxing)
 .debug_str     0x00001a5a      0x291 .\CortexM3\ARM_GCC_541\Debug\Accelerometer.a(USBUART_drv.o)
                                0x67d (size before relaxing)
 .debug_str     0x00001ceb       0x80 .\CortexM3\ARM_GCC_541\Debug\Accelerometer.a(USBUART_episr.o)
                                0x314 (size before relaxing)
 .debug_str     0x00001d6b       0xd2 .\CortexM3\ARM_GCC_541\Debug\Accelerometer.a(USBUART_pm.o)
                                0x325 (size before relaxing)
 .debug_str     0x00001e3d      0x259 .\CortexM3\ARM_GCC_541\Debug\Accelerometer.a(USBUART_std.o)
                                0x7ec (size before relaxing)
 .debug_str     0x00002096       0x25 .\CortexM3\ARM_GCC_541\Debug\Accelerometer.a(USBUART_vnd.o)
                                0x222 (size before relaxing)
 .debug_str     0x000020bb       0xa4 .\CortexM3\ARM_GCC_541\Debug\Accelerometer.a(USBUART_Dp.o)
                                0x276 (size before relaxing)
 .debug_str     0x0000215f       0xde .\CortexM3\ARM_GCC_541\Debug\Accelerometer.a(I2C_1.o)
                                0x32e (size before relaxing)
 .debug_str     0x0000223d       0x94 .\CortexM3\ARM_GCC_541\Debug\Accelerometer.a(I2C_1_INT.o)
                                0x2aa (size before relaxing)
 .debug_str     0x000022d1       0x60 .\CortexM3\ARM_GCC_541\Debug\Accelerometer.a(I2C_1_PM.o)
                                0x2c4 (size before relaxing)
 .debug_str     0x00002331      0x165 .\CortexM3\ARM_GCC_541\Debug\Accelerometer.a(I2C_1_MASTER.o)
                                0x407 (size before relaxing)
 .debug_str     0x00002496      0x1b4 .\CortexM3\ARM_GCC_541\Debug\Accelerometer.a(CyFlash.o)
                                0x3f5 (size before relaxing)
 .debug_str     0x0000264a       0xac .\CortexM3\ARM_GCC_541\Debug\Accelerometer.a(CySpc.o)
                                0x36d (size before relaxing)
 .debug_str     0x000026f6       0x25 .\CortexM3\ARM_GCC_541\Debug\Accelerometer.a(USBUART_cls.o)
                                0x2e1 (size before relaxing)
 .debug_str     0x0000271b      0x104 .\CortexM3\ARM_GCC_541\Debug\Accelerometer.a(USBUART_descr.o)
                                0x38e (size before relaxing)

.debug_loc      0x00000000     0x350e
 *(.debug_loc)
 .debug_loc     0x00000000       0xa1 .\CortexM3\ARM_GCC_541\Debug\main.o
 .debug_loc     0x000000a1      0x1d7 .\CortexM3\ARM_GCC_541\Debug\cyfitter_cfg.o
 .debug_loc     0x00000278      0x144 .\CortexM3\ARM_GCC_541\Debug\Cm3Start.o
 .debug_loc     0x000003bc      0xa11 .\CortexM3\ARM_GCC_541\Debug\Accelerometer.a(CyLib.o)
 .debug_loc     0x00000dcd      0x1e4 .\CortexM3\ARM_GCC_541\Debug\Accelerometer.a(cyPm.o)
 .debug_loc     0x00000fb1      0x3e1 .\CortexM3\ARM_GCC_541\Debug\Accelerometer.a(USBUART.o)
 .debug_loc     0x00001392      0x557 .\CortexM3\ARM_GCC_541\Debug\Accelerometer.a(USBUART_cdc.o)
 .debug_loc     0x000018e9      0x171 .\CortexM3\ARM_GCC_541\Debug\Accelerometer.a(USBUART_drv.o)
 .debug_loc     0x00001a5a       0x26 .\CortexM3\ARM_GCC_541\Debug\Accelerometer.a(USBUART_pm.o)
 .debug_loc     0x00001a80      0x945 .\CortexM3\ARM_GCC_541\Debug\Accelerometer.a(USBUART_std.o)
 .debug_loc     0x000023c5       0x84 .\CortexM3\ARM_GCC_541\Debug\Accelerometer.a(USBUART_Dp.o)
 .debug_loc     0x00002449       0x39 .\CortexM3\ARM_GCC_541\Debug\Accelerometer.a(I2C_1.o)
 .debug_loc     0x00002482       0x29 .\CortexM3\ARM_GCC_541\Debug\Accelerometer.a(I2C_1_INT.o)
 .debug_loc     0x000024ab       0x13 .\CortexM3\ARM_GCC_541\Debug\Accelerometer.a(I2C_1_PM.o)
 .debug_loc     0x000024be      0x52f .\CortexM3\ARM_GCC_541\Debug\Accelerometer.a(I2C_1_MASTER.o)
 .debug_loc     0x000029ed      0x3b2 .\CortexM3\ARM_GCC_541\Debug\Accelerometer.a(CyFlash.o)
 .debug_loc     0x00002d9f      0x705 .\CortexM3\ARM_GCC_541\Debug\Accelerometer.a(CySpc.o)
 .debug_loc     0x000034a4       0x6a .\CortexM3\ARM_GCC_541\Debug\Accelerometer.a(USBUART_cls.o)

.debug_macinfo
 *(.debug_macinfo)

.debug_ranges   0x00000000      0x8b8
 *(.debug_ranges)
 .debug_ranges  0x00000000       0x10 .\CortexM3\ARM_GCC_541\Debug\main.o
 .debug_ranges  0x00000010       0x48 .\CortexM3\ARM_GCC_541\Debug\cyfitter_cfg.o
 .debug_ranges  0x00000058       0x38 .\CortexM3\ARM_GCC_541\Debug\Cm3Start.o
 .debug_ranges  0x00000090      0x290 .\CortexM3\ARM_GCC_541\Debug\Accelerometer.a(CyLib.o)
 .debug_ranges  0x00000320       0x88 .\CortexM3\ARM_GCC_541\Debug\Accelerometer.a(cyPm.o)
 .debug_ranges  0x000003a8       0xd0 .\CortexM3\ARM_GCC_541\Debug\Accelerometer.a(USBUART.o)
 .debug_ranges  0x00000478       0xd8 .\CortexM3\ARM_GCC_541\Debug\Accelerometer.a(USBUART_cdc.o)
 .debug_ranges  0x00000550       0x88 .\CortexM3\ARM_GCC_541\Debug\Accelerometer.a(USBUART_drv.o)
 .debug_ranges  0x000005d8       0x30 .\CortexM3\ARM_GCC_541\Debug\Accelerometer.a(USBUART_episr.o)
 .debug_ranges  0x00000608       0x30 .\CortexM3\ARM_GCC_541\Debug\Accelerometer.a(USBUART_pm.o)
 .debug_ranges  0x00000638       0x70 .\CortexM3\ARM_GCC_541\Debug\Accelerometer.a(USBUART_std.o)
 .debug_ranges  0x000006a8       0x10 .\CortexM3\ARM_GCC_541\Debug\Accelerometer.a(USBUART_vnd.o)
 .debug_ranges  0x000006b8       0x38 .\CortexM3\ARM_GCC_541\Debug\Accelerometer.a(USBUART_Dp.o)
 .debug_ranges  0x000006f0       0x28 .\CortexM3\ARM_GCC_541\Debug\Accelerometer.a(I2C_1.o)
 .debug_ranges  0x00000718       0x10 .\CortexM3\ARM_GCC_541\Debug\Accelerometer.a(I2C_1_INT.o)
 .debug_ranges  0x00000728       0x28 .\CortexM3\ARM_GCC_541\Debug\Accelerometer.a(I2C_1_PM.o)
 .debug_ranges  0x00000750       0x70 .\CortexM3\ARM_GCC_541\Debug\Accelerometer.a(I2C_1_MASTER.o)
 .debug_ranges  0x000007c0       0x78 .\CortexM3\ARM_GCC_541\Debug\Accelerometer.a(CyFlash.o)
 .debug_ranges  0x00000838       0x70 .\CortexM3\ARM_GCC_541\Debug\Accelerometer.a(CySpc.o)
 .debug_ranges  0x000008a8       0x10 .\CortexM3\ARM_GCC_541\Debug\Accelerometer.a(USBUART_cls.o)

.comment        0x00000000       0x6e
 .comment       0x00000000       0x6e .\CortexM3\ARM_GCC_541\Debug\main.o
                                 0x6f (size before relaxing)
 .comment       0x0000006e       0x6f .\CortexM3\ARM_GCC_541\Debug\cyfitter_cfg.o
 .comment       0x0000006e       0x6f .\CortexM3\ARM_GCC_541\Debug\cymetadata.o
 .comment       0x0000006e       0x6f .\CortexM3\ARM_GCC_541\Debug\Cm3Start.o
 .comment       0x0000006e       0x6f .\CortexM3\ARM_GCC_541\Debug\Accelerometer.a(CyLib.o)
 .comment       0x0000006e       0x6f .\CortexM3\ARM_GCC_541\Debug\Accelerometer.a(cyPm.o)
 .comment       0x0000006e       0x6f .\CortexM3\ARM_GCC_541\Debug\Accelerometer.a(USBUART.o)
 .comment       0x0000006e       0x6f .\CortexM3\ARM_GCC_541\Debug\Accelerometer.a(USBUART_cdc.o)
 .comment       0x0000006e       0x6f .\CortexM3\ARM_GCC_541\Debug\Accelerometer.a(USBUART_drv.o)
 .comment       0x0000006e       0x6f .\CortexM3\ARM_GCC_541\Debug\Accelerometer.a(USBUART_episr.o)
 .comment       0x0000006e       0x6f .\CortexM3\ARM_GCC_541\Debug\Accelerometer.a(USBUART_pm.o)
 .comment       0x0000006e       0x6f .\CortexM3\ARM_GCC_541\Debug\Accelerometer.a(USBUART_std.o)
 .comment       0x0000006e       0x6f .\CortexM3\ARM_GCC_541\Debug\Accelerometer.a(USBUART_vnd.o)
 .comment       0x0000006e       0x6f .\CortexM3\ARM_GCC_541\Debug\Accelerometer.a(USBUART_Dp.o)
 .comment       0x0000006e       0x6f .\CortexM3\ARM_GCC_541\Debug\Accelerometer.a(I2C_1.o)
 .comment       0x0000006e       0x6f .\CortexM3\ARM_GCC_541\Debug\Accelerometer.a(I2C_1_INT.o)
 .comment       0x0000006e       0x6f .\CortexM3\ARM_GCC_541\Debug\Accelerometer.a(I2C_1_PM.o)
 .comment       0x0000006e       0x6f .\CortexM3\ARM_GCC_541\Debug\Accelerometer.a(I2C_1_MASTER.o)
 .comment       0x0000006e       0x6f .\CortexM3\ARM_GCC_541\Debug\Accelerometer.a(CyFlash.o)
 .comment       0x0000006e       0x6f .\CortexM3\ARM_GCC_541\Debug\Accelerometer.a(CySpc.o)
 .comment       0x0000006e       0x6f .\CortexM3\ARM_GCC_541\Debug\Accelerometer.a(USBUART_cls.o)
 .comment       0x0000006e       0x6f .\CortexM3\ARM_GCC_541\Debug\Accelerometer.a(USBUART_descr.o)

.debug_weaknames
 *(.debug_weaknames)

.debug_funcnames
 *(.debug_funcnames)

.debug_typenames
 *(.debug_typenames)

.debug_varnames
 *(.debug_varnames)

.note.gnu.arm.ident
 *(.note.gnu.arm.ident)

.ARM.attributes
                0x00000000       0x29
 *(.ARM.attributes)
 .ARM.attributes
                0x00000000       0x1d c:/program files (x86)/cypress/psoc creator/4.4/psoc creator/import/gnu/arm/5.4.1/bin/../lib/gcc/arm-none-eabi/5.4.1/armv7-m/crti.o
 .ARM.attributes
                0x0000001d       0x2d c:/program files (x86)/cypress/psoc creator/4.4/psoc creator/import/gnu/arm/5.4.1/bin/../lib/gcc/arm-none-eabi/5.4.1/armv7-m/crtbegin.o
 .ARM.attributes
                0x0000004a       0x1b c:/program files (x86)/cypress/psoc creator/4.4/psoc creator/import/gnu/arm/5.4.1/bin/../lib/gcc/arm-none-eabi/5.4.1/../../../../arm-none-eabi/lib/armv7-m/crt0.o
 .ARM.attributes
                0x00000065       0x33 .\CortexM3\ARM_GCC_541\Debug\main.o
 .ARM.attributes
                0x00000098       0x33 .\CortexM3\ARM_GCC_541\Debug\cyfitter_cfg.o
 .ARM.attributes
                0x000000cb       0x33 .\CortexM3\ARM_GCC_541\Debug\cymetadata.o
 .ARM.attributes
                0x000000fe       0x33 .\CortexM3\ARM_GCC_541\Debug\Cm3Start.o
 .ARM.attributes
                0x00000131       0x33 .\CortexM3\ARM_GCC_541\Debug\Accelerometer.a(CyLib.o)
 .ARM.attributes
                0x00000164       0x33 .\CortexM3\ARM_GCC_541\Debug\Accelerometer.a(cyPm.o)
 .ARM.attributes
                0x00000197       0x33 .\CortexM3\ARM_GCC_541\Debug\Accelerometer.a(USBUART.o)
 .ARM.attributes
                0x000001ca       0x33 .\CortexM3\ARM_GCC_541\Debug\Accelerometer.a(USBUART_cdc.o)
 .ARM.attributes
                0x000001fd       0x33 .\CortexM3\ARM_GCC_541\Debug\Accelerometer.a(USBUART_drv.o)
 .ARM.attributes
                0x00000230       0x33 .\CortexM3\ARM_GCC_541\Debug\Accelerometer.a(USBUART_episr.o)
 .ARM.attributes
                0x00000263       0x33 .\CortexM3\ARM_GCC_541\Debug\Accelerometer.a(USBUART_pm.o)
 .ARM.attributes
                0x00000296       0x33 .\CortexM3\ARM_GCC_541\Debug\Accelerometer.a(USBUART_std.o)
 .ARM.attributes
                0x000002c9       0x33 .\CortexM3\ARM_GCC_541\Debug\Accelerometer.a(USBUART_vnd.o)
 .ARM.attributes
                0x000002fc       0x33 .\CortexM3\ARM_GCC_541\Debug\Accelerometer.a(USBUART_Dp.o)
 .ARM.attributes
                0x0000032f       0x33 .\CortexM3\ARM_GCC_541\Debug\Accelerometer.a(I2C_1.o)
 .ARM.attributes
                0x00000362       0x33 .\CortexM3\ARM_GCC_541\Debug\Accelerometer.a(I2C_1_INT.o)
 .ARM.attributes
                0x00000395       0x33 .\CortexM3\ARM_GCC_541\Debug\Accelerometer.a(I2C_1_PM.o)
 .ARM.attributes
                0x000003c8       0x33 .\CortexM3\ARM_GCC_541\Debug\Accelerometer.a(I2C_1_MASTER.o)
 .ARM.attributes
                0x000003fb       0x21 .\CortexM3\ARM_GCC_541\Debug\Accelerometer.a(CyBootAsmGnu.o)
 .ARM.attributes
                0x0000041c       0x33 .\CortexM3\ARM_GCC_541\Debug\Accelerometer.a(CyFlash.o)
 .ARM.attributes
                0x0000044f       0x33 .\CortexM3\ARM_GCC_541\Debug\Accelerometer.a(CySpc.o)
 .ARM.attributes
                0x00000482       0x33 .\CortexM3\ARM_GCC_541\Debug\Accelerometer.a(USBUART_cls.o)
 .ARM.attributes
                0x000004b5       0x33 .\CortexM3\ARM_GCC_541\Debug\Accelerometer.a(USBUART_descr.o)
 .ARM.attributes
                0x000004e8       0x2d c:/program files (x86)/cypress/psoc creator/4.4/psoc creator/import/gnu/arm/5.4.1/bin/../lib/gcc/arm-none-eabi/5.4.1/../../../../arm-none-eabi/lib/armv7-m\libg_nano.a(lib_a-errno.o)
 .ARM.attributes
                0x00000515       0x2d c:/program files (x86)/cypress/psoc creator/4.4/psoc creator/import/gnu/arm/5.4.1/bin/../lib/gcc/arm-none-eabi/5.4.1/../../../../arm-none-eabi/lib/armv7-m\libg_nano.a(lib_a-exit.o)
 .ARM.attributes
                0x00000542       0x2d c:/program files (x86)/cypress/psoc creator/4.4/psoc creator/import/gnu/arm/5.4.1/bin/../lib/gcc/arm-none-eabi/5.4.1/../../../../arm-none-eabi/lib/armv7-m\libg_nano.a(lib_a-impure.o)
 .ARM.attributes
                0x0000056f       0x2d c:/program files (x86)/cypress/psoc creator/4.4/psoc creator/import/gnu/arm/5.4.1/bin/../lib/gcc/arm-none-eabi/5.4.1/../../../../arm-none-eabi/lib/armv7-m\libg_nano.a(lib_a-init.o)
 .ARM.attributes
                0x0000059c       0x2d c:/program files (x86)/cypress/psoc creator/4.4/psoc creator/import/gnu/arm/5.4.1/bin/../lib/gcc/arm-none-eabi/5.4.1/../../../../arm-none-eabi/lib/armv7-m\libg_nano.a(lib_a-memcpy-stub.o)
 .ARM.attributes
                0x000005c9       0x2d c:/program files (x86)/cypress/psoc creator/4.4/psoc creator/import/gnu/arm/5.4.1/bin/../lib/gcc/arm-none-eabi/5.4.1/../../../../arm-none-eabi/lib/armv7-m\libg_nano.a(lib_a-memset.o)
 .ARM.attributes
                0x000005f6       0x2d c:/program files (x86)/cypress/psoc creator/4.4/psoc creator/import/gnu/arm/5.4.1/bin/../lib/gcc/arm-none-eabi/5.4.1/armv7-m/crtend.o
 .ARM.attributes
                0x00000623       0x1d c:/program files (x86)/cypress/psoc creator/4.4/psoc creator/import/gnu/arm/5.4.1/bin/../lib/gcc/arm-none-eabi/5.4.1/armv7-m/crtn.o

/DISCARD/
 *(.note.GNU-stack)
OUTPUT(C:\Users\Anton\Documents\GitHub repository\Elektroteknologi-Projekt-1\Accelerometer kode\Uart kode\Accelerometer.cydsn\CortexM3\ARM_GCC_541\Debug\Accelerometer.elf elf32-littlearm)
