ARM GAS  C:\Users\ke\AppData\Local\Temp\ccR51oKl.s 			page 1


   1              		.syntax unified
   2              		.cpu cortex-m3
   3              		.fpu softvfp
   4              		.eabi_attribute 20, 1
   5              		.eabi_attribute 21, 1
   6              		.eabi_attribute 23, 3
   7              		.eabi_attribute 24, 1
   8              		.eabi_attribute 25, 1
   9              		.eabi_attribute 26, 1
  10              		.eabi_attribute 30, 1
  11              		.eabi_attribute 34, 1
  12              		.eabi_attribute 18, 4
  13              		.thumb
  14              		.syntax unified
  15              		.file	"cymetadata.c"
  16              		.text
  17              	.Ltext0:
  18              		.cfi_sections	.debug_frame
  19              		.global	cy_metadata
  20              		.global	cy_meta_flashprotect
  21              		.global	cy_meta_wonvl
  22              		.global	cy_meta_custnvl
  23              		.global	cy_meta_configecc
  24              		.section	.cyconfigecc,"a",%progbits
  25              		.align	2
  26              		.type	cy_meta_configecc, %object
  27              		.size	cy_meta_configecc, 448
  28              	cy_meta_configecc:
  29 0000 02       		.byte	2
  30 0001 4F       		.byte	79
  31 0002 00       		.byte	0
  32 0003 40       		.byte	64
  33 0004 01       		.byte	1
  34 0005 52       		.byte	82
  35 0006 00       		.byte	0
  36 0007 40       		.byte	64
  37 0008 01       		.byte	1
  38 0009 64       		.byte	100
  39 000a 00       		.byte	0
  40 000b 40       		.byte	64
  41 000c 02       		.byte	2
  42 000d 05       		.byte	5
  43 000e 01       		.byte	1
  44 000f 40       		.byte	64
  45 0010 05       		.byte	5
  46 0011 0B       		.byte	11
  47 0012 01       		.byte	1
  48 0013 40       		.byte	64
  49 0014 1A       		.byte	26
  50 0015 0C       		.byte	12
  51 0016 01       		.byte	1
  52 0017 40       		.byte	64
  53 0018 14       		.byte	20
  54 0019 0D       		.byte	13
  55 001a 01       		.byte	1
  56 001b 40       		.byte	64
  57 001c 27       		.byte	39
ARM GAS  C:\Users\ke\AppData\Local\Temp\ccR51oKl.s 			page 2


  58 001d 0E       		.byte	14
  59 001e 01       		.byte	1
  60 001f 40       		.byte	64
  61 0020 19       		.byte	25
  62 0021 0F       		.byte	15
  63 0022 01       		.byte	1
  64 0023 40       		.byte	64
  65 0024 01       		.byte	1
  66 0025 15       		.byte	21
  67 0026 01       		.byte	1
  68 0027 40       		.byte	64
  69 0028 01       		.byte	1
  70 0029 1B       		.byte	27
  71 002a 01       		.byte	1
  72 002b 40       		.byte	64
  73 002c 03       		.byte	3
  74 002d 40       		.byte	64
  75 002e 01       		.byte	1
  76 002f 40       		.byte	64
  77 0030 03       		.byte	3
  78 0031 41       		.byte	65
  79 0032 01       		.byte	1
  80 0033 40       		.byte	64
  81 0034 08       		.byte	8
  82 0035 42       		.byte	66
  83 0036 01       		.byte	1
  84 0037 40       		.byte	64
  85 0038 01       		.byte	1
  86 0039 43       		.byte	67
  87 003a 01       		.byte	1
  88 003b 40       		.byte	64
  89 003c 01       		.byte	1
  90 003d 44       		.byte	68
  91 003e 01       		.byte	1
  92 003f 40       		.byte	64
  93 0040 08       		.byte	8
  94 0041 45       		.byte	69
  95 0042 01       		.byte	1
  96 0043 40       		.byte	64
  97 0044 03       		.byte	3
  98 0045 46       		.byte	70
  99 0046 01       		.byte	1
 100 0047 40       		.byte	64
 101 0048 01       		.byte	1
 102 0049 48       		.byte	72
 103 004a 01       		.byte	1
 104 004b 40       		.byte	64
 105 004c 02       		.byte	2
 106 004d 49       		.byte	73
 107 004e 01       		.byte	1
 108 004f 40       		.byte	64
 109 0050 02       		.byte	2
 110 0051 4C       		.byte	76
 111 0052 01       		.byte	1
 112 0053 40       		.byte	64
 113 0054 01       		.byte	1
 114 0055 4D       		.byte	77
ARM GAS  C:\Users\ke\AppData\Local\Temp\ccR51oKl.s 			page 3


 115 0056 01       		.byte	1
 116 0057 40       		.byte	64
 117 0058 02       		.byte	2
 118 0059 50       		.byte	80
 119 005a 01       		.byte	1
 120 005b 40       		.byte	64
 121 005c 01       		.byte	1
 122 005d 51       		.byte	81
 123 005e 01       		.byte	1
 124 005f 40       		.byte	64
 125 0060 01       		.byte	1
 126 0061 80       		.byte	-128
 127 0062 0A       		.byte	10
 128 0063 4B       		.byte	75
 129 0064 11       		.byte	17
 130 0065 01       		.byte	1
 131 0066 8E       		.byte	-114
 132 0067 0D       		.byte	13
 133 0068 EA       		.byte	-22
 134 0069 0A       		.byte	10
 135 006a EE       		.byte	-18
 136 006b 01       		.byte	1
 137 006c AA       		.byte	-86
 138 006d 40       		.byte	64
 139 006e AE       		.byte	-82
 140 006f 04       		.byte	4
 141 0070 AF       		.byte	-81
 142 0071 40       		.byte	64
 143 0072 B3       		.byte	-77
 144 0073 01       		.byte	1
 145 0074 B4       		.byte	-76
 146 0075 02       		.byte	2
 147 0076 1E       		.byte	30
 148 0077 01       		.byte	1
 149 0078 30       		.byte	48
 150 0079 01       		.byte	1
 151 007a 38       		.byte	56
 152 007b 80       		.byte	-128
 153 007c 3E       		.byte	62
 154 007d 40       		.byte	64
 155 007e 58       		.byte	88
 156 007f 04       		.byte	4
 157 0080 5B       		.byte	91
 158 0081 04       		.byte	4
 159 0082 5C       		.byte	92
 160 0083 01       		.byte	1
 161 0084 5F       		.byte	95
 162 0085 01       		.byte	1
 163 0086 86       		.byte	-122
 164 0087 04       		.byte	4
 165 0088 8C       		.byte	-116
 166 0089 01       		.byte	1
 167 008a 8E       		.byte	-114
 168 008b 02       		.byte	2
 169 008c 90       		.byte	-112
 170 008d 08       		.byte	8
 171 008e 96       		.byte	-106
ARM GAS  C:\Users\ke\AppData\Local\Temp\ccR51oKl.s 			page 4


 172 008f 01       		.byte	1
 173 0090 9E       		.byte	-98
 174 0091 08       		.byte	8
 175 0092 9F       		.byte	-97
 176 0093 01       		.byte	1
 177 0094 AF       		.byte	-81
 178 0095 02       		.byte	2
 179 0096 B0       		.byte	-80
 180 0097 01       		.byte	1
 181 0098 B1       		.byte	-79
 182 0099 01       		.byte	1
 183 009a B2       		.byte	-78
 184 009b 02       		.byte	2
 185 009c B4       		.byte	-76
 186 009d 08       		.byte	8
 187 009e B6       		.byte	-74
 188 009f 04       		.byte	4
 189 00a0 B7       		.byte	-73
 190 00a1 02       		.byte	2
 191 00a2 D8       		.byte	-40
 192 00a3 04       		.byte	4
 193 00a4 D9       		.byte	-39
 194 00a5 04       		.byte	4
 195 00a6 DC       		.byte	-36
 196 00a7 11       		.byte	17
 197 00a8 DF       		.byte	-33
 198 00a9 01       		.byte	1
 199 00aa 01       		.byte	1
 200 00ab 80       		.byte	-128
 201 00ac 02       		.byte	2
 202 00ad 10       		.byte	16
 203 00ae 09       		.byte	9
 204 00af 82       		.byte	-126
 205 00b0 0A       		.byte	10
 206 00b1 10       		.byte	16
 207 00b2 0F       		.byte	15
 208 00b3 02       		.byte	2
 209 00b4 19       		.byte	25
 210 00b5 80       		.byte	-128
 211 00b6 1A       		.byte	26
 212 00b7 94       		.byte	-108
 213 00b8 1E       		.byte	30
 214 00b9 80       		.byte	-128
 215 00ba 1F       		.byte	31
 216 00bb 40       		.byte	64
 217 00bc 21       		.byte	33
 218 00bd 82       		.byte	-126
 219 00be 28       		.byte	40
 220 00bf 02       		.byte	2
 221 00c0 31       		.byte	49
 222 00c1 80       		.byte	-128
 223 00c2 5E       		.byte	94
 224 00c3 80       		.byte	-128
 225 00c4 86       		.byte	-122
 226 00c5 10       		.byte	16
 227 00c6 C0       		.byte	-64
 228 00c7 05       		.byte	5
ARM GAS  C:\Users\ke\AppData\Local\Temp\ccR51oKl.s 			page 5


 229 00c8 C2       		.byte	-62
 230 00c9 8D       		.byte	-115
 231 00ca CA       		.byte	-54
 232 00cb 08       		.byte	8
 233 00cc CC       		.byte	-52
 234 00cd 08       		.byte	8
 235 00ce D6       		.byte	-42
 236 00cf 10       		.byte	16
 237 00d0 E2       		.byte	-30
 238 00d1 02       		.byte	2
 239 00d2 03       		.byte	3
 240 00d3 01       		.byte	1
 241 00d4 12       		.byte	18
 242 00d5 08       		.byte	8
 243 00d6 1A       		.byte	26
 244 00d7 04       		.byte	4
 245 00d8 1C       		.byte	28
 246 00d9 01       		.byte	1
 247 00da 26       		.byte	38
 248 00db 07       		.byte	7
 249 00dc 2B       		.byte	43
 250 00dd 01       		.byte	1
 251 00de 30       		.byte	48
 252 00df 01       		.byte	1
 253 00e0 32       		.byte	50
 254 00e1 04       		.byte	4
 255 00e2 33       		.byte	51
 256 00e3 01       		.byte	1
 257 00e4 34       		.byte	52
 258 00e5 08       		.byte	8
 259 00e6 36       		.byte	54
 260 00e7 02       		.byte	2
 261 00e8 3F       		.byte	63
 262 00e9 04       		.byte	4
 263 00ea 40       		.byte	64
 264 00eb 60       		.byte	96
 265 00ec 41       		.byte	65
 266 00ed 04       		.byte	4
 267 00ee 45       		.byte	69
 268 00ef D1       		.byte	-47
 269 00f0 47       		.byte	71
 270 00f1 20       		.byte	32
 271 00f2 48       		.byte	72
 272 00f3 23       		.byte	35
 273 00f4 49       		.byte	73
 274 00f5 FF       		.byte	-1
 275 00f6 4A       		.byte	74
 276 00f7 FF       		.byte	-1
 277 00f8 4B       		.byte	75
 278 00f9 FF       		.byte	-1
 279 00fa 4D       		.byte	77
 280 00fb A0       		.byte	-96
 281 00fc 4F       		.byte	79
 282 00fd 04       		.byte	4
 283 00fe 50       		.byte	80
 284 00ff 18       		.byte	24
 285 0100 52       		.byte	82
ARM GAS  C:\Users\ke\AppData\Local\Temp\ccR51oKl.s 			page 6


 286 0101 80       		.byte	-128
 287 0102 54       		.byte	84
 288 0103 05       		.byte	5
 289 0104 58       		.byte	88
 290 0105 04       		.byte	4
 291 0106 59       		.byte	89
 292 0107 04       		.byte	4
 293 0108 5A       		.byte	90
 294 0109 04       		.byte	4
 295 010a 5B       		.byte	91
 296 010b 04       		.byte	4
 297 010c 5F       		.byte	95
 298 010d 01       		.byte	1
 299 010e 60       		.byte	96
 300 010f 40       		.byte	64
 301 0110 62       		.byte	98
 302 0111 C0       		.byte	-64
 303 0112 64       		.byte	100
 304 0113 40       		.byte	64
 305 0114 65       		.byte	101
 306 0115 40       		.byte	64
 307 0116 66       		.byte	102
 308 0117 C0       		.byte	-64
 309 0118 68       		.byte	104
 310 0119 C0       		.byte	-64
 311 011a 6A       		.byte	106
 312 011b C0       		.byte	-64
 313 011c 6C       		.byte	108
 314 011d C0       		.byte	-64
 315 011e 6E       		.byte	110
 316 011f C0       		.byte	-64
 317 0120 09       		.byte	9
 318 0121 02       		.byte	2
 319 0122 0A       		.byte	10
 320 0123 05       		.byte	5
 321 0124 10       		.byte	16
 322 0125 20       		.byte	32
 323 0126 19       		.byte	25
 324 0127 28       		.byte	40
 325 0128 1A       		.byte	26
 326 0129 45       		.byte	69
 327 012a 22       		.byte	34
 328 012b 04       		.byte	4
 329 012c 29       		.byte	41
 330 012d 20       		.byte	32
 331 012e 38       		.byte	56
 332 012f 02       		.byte	2
 333 0130 41       		.byte	65
 334 0131 01       		.byte	1
 335 0132 48       		.byte	72
 336 0133 20       		.byte	32
 337 0134 49       		.byte	73
 338 0135 21       		.byte	33
 339 0136 50       		.byte	80
 340 0137 01       		.byte	1
 341 0138 51       		.byte	81
 342 0139 01       		.byte	1
ARM GAS  C:\Users\ke\AppData\Local\Temp\ccR51oKl.s 			page 7


 343 013a 59       		.byte	89
 344 013b 01       		.byte	1
 345 013c 5A       		.byte	90
 346 013d 48       		.byte	72
 347 013e 71       		.byte	113
 348 013f 02       		.byte	2
 349 0140 81       		.byte	-127
 350 0141 08       		.byte	8
 351 0142 C2       		.byte	-62
 352 0143 0B       		.byte	11
 353 0144 C4       		.byte	-60
 354 0145 04       		.byte	4
 355 0146 CA       		.byte	-54
 356 0147 04       		.byte	4
 357 0148 CE       		.byte	-50
 358 0149 01       		.byte	1
 359 014a D0       		.byte	-48
 360 014b 01       		.byte	1
 361 014c D2       		.byte	-46
 362 014d 04       		.byte	4
 363 014e D6       		.byte	-42
 364 014f 0B       		.byte	11
 365 0150 E4       		.byte	-28
 366 0151 04       		.byte	4
 367 0152 EE       		.byte	-18
 368 0153 08       		.byte	8
 369 0154 EE       		.byte	-18
 370 0155 08       		.byte	8
 371 0156 33       		.byte	51
 372 0157 21       		.byte	33
 373 0158 35       		.byte	53
 374 0159 20       		.byte	32
 375 015a CC       		.byte	-52
 376 015b 70       		.byte	112
 377 015c 9D       		.byte	-99
 378 015d 20       		.byte	32
 379 015e 9F       		.byte	-97
 380 015f 01       		.byte	1
 381 0160 A7       		.byte	-89
 382 0161 20       		.byte	32
 383 0162 5B       		.byte	91
 384 0163 08       		.byte	8
 385 0164 9B       		.byte	-101
 386 0165 08       		.byte	8
 387 0166 A7       		.byte	-89
 388 0167 20       		.byte	32
 389 0168 A9       		.byte	-87
 390 0169 20       		.byte	32
 391 016a AF       		.byte	-81
 392 016b 09       		.byte	9
 393 016c D6       		.byte	-42
 394 016d 40       		.byte	64
 395 016e EA       		.byte	-22
 396 016f 50       		.byte	80
 397 0170 EE       		.byte	-18
 398 0171 80       		.byte	-128
 399 0172 A7       		.byte	-89
ARM GAS  C:\Users\ke\AppData\Local\Temp\ccR51oKl.s 			page 8


 400 0173 20       		.byte	32
 401 0174 83       		.byte	-125
 402 0175 01       		.byte	1
 403 0176 09       		.byte	9
 404 0177 01       		.byte	1
 405 0178 0A       		.byte	10
 406 0179 04       		.byte	4
 407 017a 0E       		.byte	14
 408 017b 20       		.byte	32
 409 017c 53       		.byte	83
 410 017d 01       		.byte	1
 411 017e 86       		.byte	-122
 412 017f 04       		.byte	4
 413 0180 93       		.byte	-109
 414 0181 02       		.byte	2
 415 0182 C2       		.byte	-62
 416 0183 0E       		.byte	14
 417 0184 D4       		.byte	-44
 418 0185 01       		.byte	1
 419 0186 B2       		.byte	-78
 420 0187 10       		.byte	16
 421 0188 B5       		.byte	-75
 422 0189 01       		.byte	1
 423 018a EA       		.byte	-22
 424 018b 09       		.byte	9
 425 018c A7       		.byte	-89
 426 018d 20       		.byte	32
 427 018e AF       		.byte	-81
 428 018f 20       		.byte	32
 429 0190 EE       		.byte	-18
 430 0191 10       		.byte	16
 431 0192 1F       		.byte	31
 432 0193 80       		.byte	-128
 433 0194 C6       		.byte	-58
 434 0195 01       		.byte	1
 435 0196 AF       		.byte	-81
 436 0197 80       		.byte	-128
 437 0198 00       		.byte	0
 438 0199 03       		.byte	3
 439 019a 0E       		.byte	14
 440 019b 03       		.byte	3
 441 019c 00       		.byte	0
 442 019d 3F       		.byte	63
 443 019e 00       		.byte	0
 444 019f 00       		.byte	0
 445 01a0 00       		.byte	0
 446 01a1 0B       		.byte	11
 447 01a2 0B       		.byte	11
 448 01a3 00       		.byte	0
 449 01a4 00       		.byte	0
 450 01a5 00       		.byte	0
 451 01a6 04       		.byte	4
 452 01a7 00       		.byte	0
 453 01a8 00       		.byte	0
 454 01a9 0B       		.byte	11
 455 01aa 0B       		.byte	11
 456 01ab 00       		.byte	0
ARM GAS  C:\Users\ke\AppData\Local\Temp\ccR51oKl.s 			page 9


 457 01ac 00       		.byte	0
 458 01ad 00       		.byte	0
 459 01ae 00       		.byte	0
 460 01af 00       		.byte	0
 461 01b0 70       		.byte	112
 462 01b1 00       		.byte	0
 463 01b2 00       		.byte	0
 464 01b3 71       		.byte	113
 465 01b4 01       		.byte	1
 466 01b5 00       		.byte	0
 467 01b6 01       		.byte	1
 468 01b7 00       		.byte	0
 469 01b8 08       		.byte	8
 470 01b9 00       		.byte	0
 471 01ba 00       		.byte	0
 472 01bb 00       		.byte	0
 473 01bc 02       		.byte	2
 474 01bd 00       		.byte	0
 475 01be 18       		.byte	24
 476 01bf 01       		.byte	1
 477              		.section	.cywolatch,"a",%progbits
 478              		.align	2
 479              		.type	cy_meta_wonvl, %object
 480              		.size	cy_meta_wonvl, 4
 481              	cy_meta_wonvl:
 482 0000 BC       		.byte	-68
 483 0001 90       		.byte	-112
 484 0002 AC       		.byte	-84
 485 0003 AF       		.byte	-81
 486              		.section	.cycustnvl,"a",%progbits
 487              		.align	2
 488              		.type	cy_meta_custnvl, %object
 489              		.size	cy_meta_custnvl, 4
 490              	cy_meta_custnvl:
 491 0000 00       		.byte	0
 492 0001 00       		.byte	0
 493 0002 40       		.byte	64
 494 0003 05       		.byte	5
 495              		.section	.cymeta,"a",%progbits
 496              		.align	2
 497              		.type	cy_metadata, %object
 498              		.size	cy_metadata, 12
 499              	cy_metadata:
 500 0000 00       		.byte	0
 501 0001 01       		.byte	1
 502 0002 2E       		.byte	46
 503 0003 16       		.byte	22
 504 0004 10       		.byte	16
 505 0005 69       		.byte	105
 506 0006 00       		.byte	0
 507 0007 01       		.byte	1
 508 0008 00       		.byte	0
 509 0009 00       		.byte	0
 510 000a 00       		.byte	0
 511 000b 00       		.byte	0
 512              		.section	.cyflashprotect,"a",%progbits
 513              		.align	2
ARM GAS  C:\Users\ke\AppData\Local\Temp\ccR51oKl.s 			page 10


 514              		.type	cy_meta_flashprotect, %object
 515              		.size	cy_meta_flashprotect, 256
 516              	cy_meta_flashprotect:
 517 0000 00000000 		.space	256
 517      00000000 
 517      00000000 
 517      00000000 
 517      00000000 
 518              		.text
 519              	.Letext0:
 520              		.file 1 "c:\\program files (x86)\\cypress\\psoc creator\\4.4\\psoc creator\\import\\gnu\\arm\\5.4.
 521              		.file 2 "c:\\program files (x86)\\cypress\\psoc creator\\4.4\\psoc creator\\import\\gnu\\arm\\5.4.
 522              		.file 3 "Generated_Source\\PSoC5\\cymetadata.c"
 523              		.section	.debug_info,"",%progbits
 524              	.Ldebug_info0:
 525 0000 31010000 		.4byte	0x131
 526 0004 0400     		.2byte	0x4
 527 0006 00000000 		.4byte	.Ldebug_abbrev0
 528 000a 04       		.byte	0x4
 529 000b 01       		.uleb128 0x1
 530 000c 24000000 		.4byte	.LASF17
 531 0010 0C       		.byte	0xc
 532 0011 D0010000 		.4byte	.LASF18
 533 0015 69010000 		.4byte	.LASF19
 534 0019 00000000 		.4byte	.Ldebug_line0
 535 001d 02       		.uleb128 0x2
 536 001e 01       		.byte	0x1
 537 001f 06       		.byte	0x6
 538 0020 C4010000 		.4byte	.LASF0
 539 0024 03       		.uleb128 0x3
 540 0025 00000000 		.4byte	.LASF9
 541 0029 01       		.byte	0x1
 542 002a 1D       		.byte	0x1d
 543 002b 2F000000 		.4byte	0x2f
 544 002f 02       		.uleb128 0x2
 545 0030 01       		.byte	0x1
 546 0031 08       		.byte	0x8
 547 0032 16000000 		.4byte	.LASF1
 548 0036 02       		.uleb128 0x2
 549 0037 02       		.byte	0x2
 550 0038 05       		.byte	0x5
 551 0039 5F010000 		.4byte	.LASF2
 552 003d 02       		.uleb128 0x2
 553 003e 02       		.byte	0x2
 554 003f 07       		.byte	0x7
 555 0040 C4000000 		.4byte	.LASF3
 556 0044 02       		.uleb128 0x2
 557 0045 04       		.byte	0x4
 558 0046 05       		.byte	0x5
 559 0047 BB010000 		.4byte	.LASF4
 560 004b 02       		.uleb128 0x2
 561 004c 04       		.byte	0x4
 562 004d 07       		.byte	0x7
 563 004e B2000000 		.4byte	.LASF5
 564 0052 02       		.uleb128 0x2
 565 0053 08       		.byte	0x8
 566 0054 05       		.byte	0x5
ARM GAS  C:\Users\ke\AppData\Local\Temp\ccR51oKl.s 			page 11


 567 0055 51010000 		.4byte	.LASF6
 568 0059 02       		.uleb128 0x2
 569 005a 08       		.byte	0x8
 570 005b 07       		.byte	0x7
 571 005c 06010000 		.4byte	.LASF7
 572 0060 04       		.uleb128 0x4
 573 0061 04       		.byte	0x4
 574 0062 05       		.byte	0x5
 575 0063 696E7400 		.ascii	"int\000"
 576 0067 02       		.uleb128 0x2
 577 0068 04       		.byte	0x4
 578 0069 07       		.byte	0x7
 579 006a F9000000 		.4byte	.LASF8
 580 006e 03       		.uleb128 0x3
 581 006f 1D010000 		.4byte	.LASF10
 582 0073 02       		.byte	0x2
 583 0074 18       		.byte	0x18
 584 0075 24000000 		.4byte	0x24
 585 0079 05       		.uleb128 0x5
 586 007a 91000000 		.4byte	0x91
 587 007e 8A000000 		.4byte	0x8a
 588 0082 06       		.uleb128 0x6
 589 0083 8A000000 		.4byte	0x8a
 590 0087 BF01     		.2byte	0x1bf
 591 0089 00       		.byte	0
 592 008a 02       		.uleb128 0x2
 593 008b 04       		.byte	0x4
 594 008c 07       		.byte	0x7
 595 008d 48010000 		.4byte	.LASF11
 596 0091 07       		.uleb128 0x7
 597 0092 6E000000 		.4byte	0x6e
 598 0096 08       		.uleb128 0x8
 599 0097 E7000000 		.4byte	.LASF12
 600 009b 03       		.byte	0x3
 601 009c 1F       		.byte	0x1f
 602 009d A7000000 		.4byte	0xa7
 603 00a1 05       		.uleb128 0x5
 604 00a2 03       		.byte	0x3
 605 00a3 00000000 		.4byte	cy_meta_configecc
 606 00a7 07       		.uleb128 0x7
 607 00a8 79000000 		.4byte	0x79
 608 00ac 05       		.uleb128 0x5
 609 00ad 91000000 		.4byte	0x91
 610 00b1 BC000000 		.4byte	0xbc
 611 00b5 09       		.uleb128 0x9
 612 00b6 8A000000 		.4byte	0x8a
 613 00ba 03       		.byte	0x3
 614 00bb 00       		.byte	0
 615 00bc 08       		.uleb128 0x8
 616 00bd D7000000 		.4byte	.LASF13
 617 00c1 03       		.byte	0x3
 618 00c2 64       		.byte	0x64
 619 00c3 CD000000 		.4byte	0xcd
 620 00c7 05       		.uleb128 0x5
 621 00c8 03       		.byte	0x3
 622 00c9 00000000 		.4byte	cy_meta_custnvl
 623 00cd 07       		.uleb128 0x7
ARM GAS  C:\Users\ke\AppData\Local\Temp\ccR51oKl.s 			page 12


 624 00ce AC000000 		.4byte	0xac
 625 00d2 08       		.uleb128 0x8
 626 00d3 3A010000 		.4byte	.LASF14
 627 00d7 03       		.byte	0x3
 628 00d8 72       		.byte	0x72
 629 00d9 E3000000 		.4byte	0xe3
 630 00dd 05       		.uleb128 0x5
 631 00de 03       		.byte	0x3
 632 00df 00000000 		.4byte	cy_meta_wonvl
 633 00e3 07       		.uleb128 0x7
 634 00e4 AC000000 		.4byte	0xac
 635 00e8 05       		.uleb128 0x5
 636 00e9 91000000 		.4byte	0x91
 637 00ed F8000000 		.4byte	0xf8
 638 00f1 09       		.uleb128 0x9
 639 00f2 8A000000 		.4byte	0x8a
 640 00f6 FF       		.byte	0xff
 641 00f7 00       		.byte	0
 642 00f8 08       		.uleb128 0x8
 643 00f9 25010000 		.4byte	.LASF15
 644 00fd 03       		.byte	0x3
 645 00fe 80       		.byte	0x80
 646 00ff 09010000 		.4byte	0x109
 647 0103 05       		.uleb128 0x5
 648 0104 03       		.byte	0x3
 649 0105 00000000 		.4byte	cy_meta_flashprotect
 650 0109 07       		.uleb128 0x7
 651 010a E8000000 		.4byte	0xe8
 652 010e 05       		.uleb128 0x5
 653 010f 91000000 		.4byte	0x91
 654 0113 1E010000 		.4byte	0x11e
 655 0117 09       		.uleb128 0x9
 656 0118 8A000000 		.4byte	0x8a
 657 011c 0B       		.byte	0xb
 658 011d 00       		.byte	0
 659 011e 08       		.uleb128 0x8
 660 011f 0A000000 		.4byte	.LASF16
 661 0123 03       		.byte	0x3
 662 0124 AD       		.byte	0xad
 663 0125 2F010000 		.4byte	0x12f
 664 0129 05       		.uleb128 0x5
 665 012a 03       		.byte	0x3
 666 012b 00000000 		.4byte	cy_metadata
 667 012f 07       		.uleb128 0x7
 668 0130 0E010000 		.4byte	0x10e
 669 0134 00       		.byte	0
 670              		.section	.debug_abbrev,"",%progbits
 671              	.Ldebug_abbrev0:
 672 0000 01       		.uleb128 0x1
 673 0001 11       		.uleb128 0x11
 674 0002 01       		.byte	0x1
 675 0003 25       		.uleb128 0x25
 676 0004 0E       		.uleb128 0xe
 677 0005 13       		.uleb128 0x13
 678 0006 0B       		.uleb128 0xb
 679 0007 03       		.uleb128 0x3
 680 0008 0E       		.uleb128 0xe
ARM GAS  C:\Users\ke\AppData\Local\Temp\ccR51oKl.s 			page 13


 681 0009 1B       		.uleb128 0x1b
 682 000a 0E       		.uleb128 0xe
 683 000b 10       		.uleb128 0x10
 684 000c 17       		.uleb128 0x17
 685 000d 00       		.byte	0
 686 000e 00       		.byte	0
 687 000f 02       		.uleb128 0x2
 688 0010 24       		.uleb128 0x24
 689 0011 00       		.byte	0
 690 0012 0B       		.uleb128 0xb
 691 0013 0B       		.uleb128 0xb
 692 0014 3E       		.uleb128 0x3e
 693 0015 0B       		.uleb128 0xb
 694 0016 03       		.uleb128 0x3
 695 0017 0E       		.uleb128 0xe
 696 0018 00       		.byte	0
 697 0019 00       		.byte	0
 698 001a 03       		.uleb128 0x3
 699 001b 16       		.uleb128 0x16
 700 001c 00       		.byte	0
 701 001d 03       		.uleb128 0x3
 702 001e 0E       		.uleb128 0xe
 703 001f 3A       		.uleb128 0x3a
 704 0020 0B       		.uleb128 0xb
 705 0021 3B       		.uleb128 0x3b
 706 0022 0B       		.uleb128 0xb
 707 0023 49       		.uleb128 0x49
 708 0024 13       		.uleb128 0x13
 709 0025 00       		.byte	0
 710 0026 00       		.byte	0
 711 0027 04       		.uleb128 0x4
 712 0028 24       		.uleb128 0x24
 713 0029 00       		.byte	0
 714 002a 0B       		.uleb128 0xb
 715 002b 0B       		.uleb128 0xb
 716 002c 3E       		.uleb128 0x3e
 717 002d 0B       		.uleb128 0xb
 718 002e 03       		.uleb128 0x3
 719 002f 08       		.uleb128 0x8
 720 0030 00       		.byte	0
 721 0031 00       		.byte	0
 722 0032 05       		.uleb128 0x5
 723 0033 01       		.uleb128 0x1
 724 0034 01       		.byte	0x1
 725 0035 49       		.uleb128 0x49
 726 0036 13       		.uleb128 0x13
 727 0037 01       		.uleb128 0x1
 728 0038 13       		.uleb128 0x13
 729 0039 00       		.byte	0
 730 003a 00       		.byte	0
 731 003b 06       		.uleb128 0x6
 732 003c 21       		.uleb128 0x21
 733 003d 00       		.byte	0
 734 003e 49       		.uleb128 0x49
 735 003f 13       		.uleb128 0x13
 736 0040 2F       		.uleb128 0x2f
 737 0041 05       		.uleb128 0x5
ARM GAS  C:\Users\ke\AppData\Local\Temp\ccR51oKl.s 			page 14


 738 0042 00       		.byte	0
 739 0043 00       		.byte	0
 740 0044 07       		.uleb128 0x7
 741 0045 26       		.uleb128 0x26
 742 0046 00       		.byte	0
 743 0047 49       		.uleb128 0x49
 744 0048 13       		.uleb128 0x13
 745 0049 00       		.byte	0
 746 004a 00       		.byte	0
 747 004b 08       		.uleb128 0x8
 748 004c 34       		.uleb128 0x34
 749 004d 00       		.byte	0
 750 004e 03       		.uleb128 0x3
 751 004f 0E       		.uleb128 0xe
 752 0050 3A       		.uleb128 0x3a
 753 0051 0B       		.uleb128 0xb
 754 0052 3B       		.uleb128 0x3b
 755 0053 0B       		.uleb128 0xb
 756 0054 49       		.uleb128 0x49
 757 0055 13       		.uleb128 0x13
 758 0056 3F       		.uleb128 0x3f
 759 0057 19       		.uleb128 0x19
 760 0058 02       		.uleb128 0x2
 761 0059 18       		.uleb128 0x18
 762 005a 00       		.byte	0
 763 005b 00       		.byte	0
 764 005c 09       		.uleb128 0x9
 765 005d 21       		.uleb128 0x21
 766 005e 00       		.byte	0
 767 005f 49       		.uleb128 0x49
 768 0060 13       		.uleb128 0x13
 769 0061 2F       		.uleb128 0x2f
 770 0062 0B       		.uleb128 0xb
 771 0063 00       		.byte	0
 772 0064 00       		.byte	0
 773 0065 00       		.byte	0
 774              		.section	.debug_aranges,"",%progbits
 775 0000 14000000 		.4byte	0x14
 776 0004 0200     		.2byte	0x2
 777 0006 00000000 		.4byte	.Ldebug_info0
 778 000a 04       		.byte	0x4
 779 000b 00       		.byte	0
 780 000c 0000     		.2byte	0
 781 000e 0000     		.2byte	0
 782 0010 00000000 		.4byte	0
 783 0014 00000000 		.4byte	0
 784              		.section	.debug_line,"",%progbits
 785              	.Ldebug_line0:
 786 0000 3D010000 		.section	.debug_str,"MS",%progbits,1
 786      02003701 
 786      00000201 
 786      FB0E0D00 
 786      01010101 
 787              	.LASF9:
 788 0000 5F5F7569 		.ascii	"__uint8_t\000"
 788      6E74385F 
 788      7400
ARM GAS  C:\Users\ke\AppData\Local\Temp\ccR51oKl.s 			page 15


 789              	.LASF16:
 790 000a 63795F6D 		.ascii	"cy_metadata\000"
 790      65746164 
 790      61746100 
 791              	.LASF1:
 792 0016 756E7369 		.ascii	"unsigned char\000"
 792      676E6564 
 792      20636861 
 792      7200
 793              	.LASF17:
 794 0024 474E5520 		.ascii	"GNU C11 5.4.1 20160609 (release) [ARM/embedded-5-br"
 794      43313120 
 794      352E342E 
 794      31203230 
 794      31363036 
 795 0057 616E6368 		.ascii	"anch revision 237715] -mcpu=cortex-m3 -mthumb -g -O"
 795      20726576 
 795      6973696F 
 795      6E203233 
 795      37373135 
 796 008a 67202D66 		.ascii	"g -ffunction-sections -ffat-lto-objects\000"
 796      66756E63 
 796      74696F6E 
 796      2D736563 
 796      74696F6E 
 797              	.LASF5:
 798 00b2 6C6F6E67 		.ascii	"long unsigned int\000"
 798      20756E73 
 798      69676E65 
 798      6420696E 
 798      7400
 799              	.LASF3:
 800 00c4 73686F72 		.ascii	"short unsigned int\000"
 800      7420756E 
 800      7369676E 
 800      65642069 
 800      6E7400
 801              	.LASF13:
 802 00d7 63795F6D 		.ascii	"cy_meta_custnvl\000"
 802      6574615F 
 802      63757374 
 802      6E766C00 
 803              	.LASF12:
 804 00e7 63795F6D 		.ascii	"cy_meta_configecc\000"
 804      6574615F 
 804      636F6E66 
 804      69676563 
 804      6300
 805              	.LASF8:
 806 00f9 756E7369 		.ascii	"unsigned int\000"
 806      676E6564 
 806      20696E74 
 806      00
 807              	.LASF7:
 808 0106 6C6F6E67 		.ascii	"long long unsigned int\000"
 808      206C6F6E 
 808      6720756E 
ARM GAS  C:\Users\ke\AppData\Local\Temp\ccR51oKl.s 			page 16


 808      7369676E 
 808      65642069 
 809              	.LASF10:
 810 011d 75696E74 		.ascii	"uint8_t\000"
 810      385F7400 
 811              	.LASF15:
 812 0125 63795F6D 		.ascii	"cy_meta_flashprotect\000"
 812      6574615F 
 812      666C6173 
 812      6870726F 
 812      74656374 
 813              	.LASF14:
 814 013a 63795F6D 		.ascii	"cy_meta_wonvl\000"
 814      6574615F 
 814      776F6E76 
 814      6C00
 815              	.LASF11:
 816 0148 73697A65 		.ascii	"sizetype\000"
 816      74797065 
 816      00
 817              	.LASF6:
 818 0151 6C6F6E67 		.ascii	"long long int\000"
 818      206C6F6E 
 818      6720696E 
 818      7400
 819              	.LASF2:
 820 015f 73686F72 		.ascii	"short int\000"
 820      7420696E 
 820      7400
 821              	.LASF19:
 822 0169 433A5C55 		.ascii	"C:\\Users\\ke\\Gitfis\\Elektroteknologi-Projekt-1\\"
 822      73657273 
 822      5C6B655C 
 822      47697466 
 822      69735C45 
 823 0197 4472656A 		.ascii	"Drejeknap mm\\drejeknappelegen.cydsn\000"
 823      656B6E61 
 823      70206D6D 
 823      5C647265 
 823      6A656B6E 
 824              	.LASF4:
 825 01bb 6C6F6E67 		.ascii	"long int\000"
 825      20696E74 
 825      00
 826              	.LASF0:
 827 01c4 7369676E 		.ascii	"signed char\000"
 827      65642063 
 827      68617200 
 828              	.LASF18:
 829 01d0 47656E65 		.ascii	"Generated_Source\\PSoC5\\cymetadata.c\000"
 829      72617465 
 829      645F536F 
 829      75726365 
 829      5C50536F 
 830              		.ident	"GCC: (GNU Tools for ARM Embedded Processors) 5.4.1 20160609 (release) [ARM/embedded-5-bran
