Archive member included to satisfy reference by file (symbol)

.\CortexM3\ARM_GCC_541\Debug\drejeknappelegen.a(isr_Rot.o)
                              .\CortexM3\ARM_GCC_541\Debug\rotary.o (isr_Rot_StartEx)
.\CortexM3\ARM_GCC_541\Debug\drejeknappelegen.a(Green_LED.o)
                              .\CortexM3\ARM_GCC_541\Debug\main.o (Green_LED_Write)
.\CortexM3\ARM_GCC_541\Debug\drejeknappelegen.a(Red_LED.o)
                              .\CortexM3\ARM_GCC_541\Debug\alarm.o (Red_LED_Write)
.\CortexM3\ARM_GCC_541\Debug\drejeknappelegen.a(Status_Rot_B.o)
                              .\CortexM3\ARM_GCC_541\Debug\rotary.o (Status_Rot_B_Read)
.\CortexM3\ARM_GCC_541\Debug\drejeknappelegen.a(CyLib.o)
                              .\CortexM3\ARM_GCC_541\Debug\Cm3Start.o (CyHalt)
.\CortexM3\ARM_GCC_541\Debug\drejeknappelegen.a(cyPm.o)
                              .\CortexM3\ARM_GCC_541\Debug\drejeknappelegen.a(CyLib.o) (CyPmReadStatus)
.\CortexM3\ARM_GCC_541\Debug\drejeknappelegen.a(isr_Button.o)
                              .\CortexM3\ARM_GCC_541\Debug\keypad.o (isr_Button_StartEx)
.\CortexM3\ARM_GCC_541\Debug\drejeknappelegen.a(PWM_Servo.o)
                              .\CortexM3\ARM_GCC_541\Debug\servo.o (PWM_Servo_WriteCompare)
.\CortexM3\ARM_GCC_541\Debug\drejeknappelegen.a(ADC_ServoFB.o)
                              .\CortexM3\ARM_GCC_541\Debug\servo.o (ADC_ServoFB_Start)
.\CortexM3\ARM_GCC_541\Debug\drejeknappelegen.a(ADC_ServoFB_INT.o)
                              .\CortexM3\ARM_GCC_541\Debug\drejeknappelegen.a(ADC_ServoFB.o) (ADC_ServoFB_ISR)
.\CortexM3\ARM_GCC_541\Debug\drejeknappelegen.a(ADC_ServoFB_theACLK.o)
                              .\CortexM3\ARM_GCC_541\Debug\drejeknappelegen.a(ADC_ServoFB.o) (ADC_ServoFB_theACLK_SetModeRegister)
.\CortexM3\ARM_GCC_541\Debug\drejeknappelegen.a(alarm_LED.o)
                              .\CortexM3\ARM_GCC_541\Debug\alarm.o (alarm_LED_Write)
.\CortexM3\ARM_GCC_541\Debug\drejeknappelegen.a(SysTickTimer.o)
                              .\CortexM3\ARM_GCC_541\Debug\systick.o (SysTickTimer_ReadStatusRegister)
.\CortexM3\ARM_GCC_541\Debug\drejeknappelegen.a(systick_isr.o)
                              .\CortexM3\ARM_GCC_541\Debug\systick.o (systick_isr_StartEx)
.\CortexM3\ARM_GCC_541\Debug\drejeknappelegen.a(CyBootAsmGnu.o)
                              .\CortexM3\ARM_GCC_541\Debug\cyfitter_cfg.o (CyDelayCycles)
.\CortexM3\ARM_GCC_541\Debug\drejeknappelegen.a(CyFlash.o)
                              .\CortexM3\ARM_GCC_541\Debug\drejeknappelegen.a(cyPm.o) (CyFlash_SetWaitCycles)
.\CortexM3\ARM_GCC_541\Debug\drejeknappelegen.a(CySpc.o)
                              .\CortexM3\ARM_GCC_541\Debug\drejeknappelegen.a(CyFlash.o) (CySpcStart)
c:/program files (x86)/cypress/psoc creator/4.4/psoc creator/import/gnu/arm/5.4.1/bin/../lib/gcc/arm-none-eabi/5.4.1/armv7-m\libgcc.a(_arm_addsubsf3.o)
                              .\CortexM3\ARM_GCC_541\Debug\drejeknappelegen.a(ADC_ServoFB.o) (__aeabi_i2f)
c:/program files (x86)/cypress/psoc creator/4.4/psoc creator/import/gnu/arm/5.4.1/bin/../lib/gcc/arm-none-eabi/5.4.1/armv7-m\libgcc.a(_arm_muldivsf3.o)
                              .\CortexM3\ARM_GCC_541\Debug\drejeknappelegen.a(ADC_ServoFB.o) (__aeabi_fmul)
c:/program files (x86)/cypress/psoc creator/4.4/psoc creator/import/gnu/arm/5.4.1/bin/../lib/gcc/arm-none-eabi/5.4.1/armv7-m\libgcc.a(_aeabi_ldivmod.o)
                              .\CortexM3\ARM_GCC_541\Debug\drejeknappelegen.a(ADC_ServoFB.o) (__aeabi_ldivmod)
c:/program files (x86)/cypress/psoc creator/4.4/psoc creator/import/gnu/arm/5.4.1/bin/../lib/gcc/arm-none-eabi/5.4.1/armv7-m\libgcc.a(_udivmoddi4.o)
                              c:/program files (x86)/cypress/psoc creator/4.4/psoc creator/import/gnu/arm/5.4.1/bin/../lib/gcc/arm-none-eabi/5.4.1/armv7-m\libgcc.a(_aeabi_ldivmod.o) (__udivmoddi4)
c:/program files (x86)/cypress/psoc creator/4.4/psoc creator/import/gnu/arm/5.4.1/bin/../lib/gcc/arm-none-eabi/5.4.1/armv7-m\libgcc.a(_dvmd_tls.o)
                              c:/program files (x86)/cypress/psoc creator/4.4/psoc creator/import/gnu/arm/5.4.1/bin/../lib/gcc/arm-none-eabi/5.4.1/armv7-m\libgcc.a(_aeabi_ldivmod.o) (__aeabi_ldiv0)
c:/program files (x86)/cypress/psoc creator/4.4/psoc creator/import/gnu/arm/5.4.1/bin/../lib/gcc/arm-none-eabi/5.4.1/../../../../arm-none-eabi/lib/armv7-m\libg_nano.a(lib_a-errno.o)
                              .\CortexM3\ARM_GCC_541\Debug\Cm3Start.o (__errno)
c:/program files (x86)/cypress/psoc creator/4.4/psoc creator/import/gnu/arm/5.4.1/bin/../lib/gcc/arm-none-eabi/5.4.1/../../../../arm-none-eabi/lib/armv7-m\libg_nano.a(lib_a-exit.o)
                              c:/program files (x86)/cypress/psoc creator/4.4/psoc creator/import/gnu/arm/5.4.1/bin/../lib/gcc/arm-none-eabi/5.4.1/../../../../arm-none-eabi/lib/armv7-m/crt0.o (exit)
[...]
Memory Configuration

Name             Origin             Length             Attributes
rom              0x00000000         0x00040000         xr
ram              0x1fff8000         0x00010000         xrw
*default*        0x00000000         0xffffffff

Linker script and memory map

LOAD c:/program files (x86)/cypress/psoc creator/4.4/psoc creator/import/gnu/arm/5.4.1/bin/../lib/gcc/arm-none-eabi/5.4.1/armv7-m/crti.o
LOAD c:/program files (x86)/cypress/psoc creator/4.4/psoc creator/import/gnu/arm/5.4.1/bin/../lib/gcc/arm-none-eabi/5.4.1/armv7-m/crtbegin.o
LOAD c:/program files (x86)/cypress/psoc creator/4.4/psoc creator/import/gnu/arm/5.4.1/bin/../lib/gcc/arm-none-eabi/5.4.1/../../../../arm-none-eabi/lib/armv7-m/crt0.o
START GROUP
LOAD .\CortexM3\ARM_GCC_541\Debug\accel.o
LOAD .\CortexM3\ARM_GCC_541\Debug\alarm.o
LOAD .\CortexM3\ARM_GCC_541\Debug\keypad.o
LOAD .\CortexM3\ARM_GCC_541\Debug\lock.o
LOAD .\CortexM3\ARM_GCC_541\Debug\main.o
LOAD .\CortexM3\ARM_GCC_541\Debug\rotary.o
LOAD .\CortexM3\ARM_GCC_541\Debug\servo.o
LOAD .\CortexM3\ARM_GCC_541\Debug\timer.o
LOAD .\CortexM3\ARM_GCC_541\Debug\systick.o
LOAD .\CortexM3\ARM_GCC_541\Debug\led.o
LOAD .\CortexM3\ARM_GCC_541\Debug\cyfitter_cfg.o
LOAD .\CortexM3\ARM_GCC_541\Debug\cymetadata.o
LOAD .\CortexM3\ARM_GCC_541\Debug\Cm3Start.o
LOAD .\CortexM3\ARM_GCC_541\Debug\drejeknappelegen.a
LOAD C:\Program Files (x86)\Cypress\PSoC Creator\4.4\PSoC Creator\psoc\content\cycomponentlibrary\CyComponentLibrary.cylib\CortexM3\ARM_GCC_541\Debug\CyComponentLibrary.a
END GROUP
START GROUP
LOAD c:/program files (x86)/cypress/psoc creator/4.4/psoc creator/import/gnu/arm/5.4.1/bin/../lib/gcc/arm-none-eabi/5.4.1/armv7-m\libgcc.a
LOAD c:/program files (x86)/cypress/psoc creator/4.4/psoc creator/import/gnu/arm/5.4.1/bin/../lib/gcc/arm-none-eabi/5.4.1/../../../../arm-none-eabi/lib/armv7-m\libg_nano.a
LOAD c:/program files (x86)/cypress/psoc creator/4.4/psoc creator/import/gnu/arm/5.4.1/bin/../lib/gcc/arm-none-eabi/5.4.1/../../../../arm-none-eabi/lib/armv7-m\libc_nano.a
END GROUP
START GROUP
LOAD c:/program files (x86)/cypress/psoc creator/4.4/psoc creator/import/gnu/arm/5.4.1/bin/../lib/gcc/arm-none-eabi/5.4.1/armv7-m\libgcc.a
LOAD c:/program files (x86)/cypress/psoc creator/4.4/psoc creator/import/gnu/arm/5.4.1/bin/../lib/gcc/arm-none-eabi/5.4.1/../../../../arm-none-eabi/lib/armv7-m\libc_nano.a
END GROUP
LOAD c:/program files (x86)/cypress/psoc creator/4.4/psoc creator/import/gnu/arm/5.4.1/bin/../lib/gcc/arm-none-eabi/5.4.1/armv7-m/crtend.o
LOAD c:/program files (x86)/cypress/psoc creator/4.4/psoc creator/import/gnu/arm/5.4.1/bin/../lib/gcc/arm-none-eabi/5.4.1/armv7-m/crtn.o
START GROUP
LOAD c:/program files (x86)/cypress/psoc creator/4.4/psoc creator/import/gnu/arm/5.4.1/bin/../lib/gcc/arm-none-eabi/5.4.1/armv7-m\libgcc.a
LOAD c:/program files (x86)/cypress/psoc creator/4.4/psoc creator/import/gnu/arm/5.4.1/bin/../lib/gcc/arm-none-eabi/5.4.1/../../../../arm-none-eabi/lib/armv7-m\libc.a
LOAD c:/program files (x86)/cypress/psoc creator/4.4/psoc creator/import/gnu/arm/5.4.1/bin/../lib/gcc/arm-none-eabi/5.4.1/../../../../arm-none-eabi/lib/armv7-m\libnosys.a
END GROUP
                0x00000000                CY_APPL_ORIGIN = 0x0
                0x00000100                CY_FLASH_ROW_SIZE = 0x100
                0x00000020                CY_ECC_ROW_SIZE = 0x20
                0x00000000                CY_EE_IN_BTLDR = 0x0
                0x00000000                CY_APPL_LOADABLE = 0x0
                0x00000800                CY_EE_SIZE = 0x800
                0x00000001                CY_APPL_NUM = 0x1
                0x00000001                CY_APPL_MAX = 0x1
                0x00000040                CY_METADATA_SIZE = 0x40
                0x00000000                CY_APPL_LOADABLE = 0x0
                0x00000000                CY_CHECKSUM_EXCLUDE_SIZE = ALIGN (0x0, CY_FLASH_ROW_SIZE)
                [!provide]                PROVIDE (__cy_heap_start, _end)
                0x00000001                PROVIDE (__cy_region_num, ((__cy_regions_end - __cy_regions) / 0x10))
                0x20008000                PROVIDE (__cy_stack, (ORIGIN (ram) + LENGTH (ram)))
                [!provide]                PROVIDE (__cy_heap_end, (__cy_stack - 0x800))

.cybootloader   0x00000000        0x0
 *(.cybootloader)
                0x00000000                appl1_start = CY_APPL_ORIGIN?CY_APPL_ORIGIN:ALIGN (CY_FLASH_ROW_SIZE)
                0x0001ff00                appl2_start = (appl1_start + ALIGN ((((LENGTH (rom) - appl1_start) - (0x2 * CY_FLASH_ROW_SIZE)) / 0x2), CY_FLASH_ROW_SIZE))
                0x00000000                appl_start = (CY_APPL_NUM == 0x1)?appl1_start:appl2_start
                0x00000000                ecc_offset = ((appl_start / CY_FLASH_ROW_SIZE) * CY_ECC_ROW_SIZE)
                0x00000000                ee_offset = (CY_APPL_LOADABLE && ! (CY_EE_IN_BTLDR))?((CY_EE_SIZE / CY_APPL_MAX) * (CY_APPL_NUM - 0x1)):0x0
                0x00000800                ee_size = (CY_APPL_LOADABLE && ! (CY_EE_IN_BTLDR))?(CY_EE_SIZE / CY_APPL_MAX):CY_EE_SIZE
                [!provide]                PROVIDE (CY_ECC_OFFSET, ecc_offset)

.text           0x00000000     0x1006
 CREATE_OBJECT_SYMBOLS
                0x00000000                PROVIDE (__cy_interrupt_vector, RomVectors)
 *(.romvectors)
 .romvectors    0x00000000       0x10 .\CortexM3\ARM_GCC_541\Debug\Cm3Start.o
                0x00000000                RomVectors
                0x00000001                ASSERT ((. != __cy_interrupt_vector), No interrupt vector)
                0x00000001                ASSERT (CY_APPL_ORIGIN?(SIZEOF (.cybootloader) <= CY_APPL_ORIGIN):0x1, Wrong image location)
                0x00000010                PROVIDE (__cy_reset, Reset)
 *(.text.Reset)
 .text.Reset    0x00000010       0x18 .\CortexM3\ARM_GCC_541\Debug\Cm3Start.o
                0x00000010                Reset
                0x00000001                ASSERT ((. != __cy_reset), No reset code)
 *(.dma_init)
                0x00000001                ASSERT ((((appl_start + .) <= 0x10000) || 0x1), DMA Init must be within the first 64k of flash)
 *(.text .text.* .gnu.linkonce.t.*)
 .text          0x00000028       0x5c c:/program files (x86)/cypress/psoc creator/4.4/psoc creator/import/gnu/arm/5.4.1/bin/../lib/gcc/arm-none-eabi/5.4.1/armv7-m/crtbegin.o
 .text.Accel_Init
                0x00000084        0x4 .\CortexM3\ARM_GCC_541\Debug\accel.o
                0x00000084                Accel_Init
 .text.Accel_MovementDetected
                0x00000088        0x4 .\CortexM3\ARM_GCC_541\Debug\accel.o
                0x00000088                Accel_MovementDetected
 .text.Alarm_Arm
                0x0000008c       0x10 .\CortexM3\ARM_GCC_541\Debug\alarm.o
                0x0000008c                Alarm_Arm
 .text.Alarm_Trigger
                0x0000009c       0x20 .\CortexM3\ARM_GCC_541\Debug\alarm.o
                0x0000009c                Alarm_Trigger
 .text.Alarm_Stop
                0x000000bc       0x20 .\CortexM3\ARM_GCC_541\Debug\alarm.o
                0x000000bc                Alarm_Stop
 .text.Alarm_IsArmed
                0x000000dc        0xc .\CortexM3\ARM_GCC_541\Debug\alarm.o
                0x000000dc                Alarm_IsArmed
 .text.Alarm_IsTriggered
                0x000000e8        0xc .\CortexM3\ARM_GCC_541\Debug\alarm.o
                0x000000e8                Alarm_IsTriggered
 .text.Alarm_Run
                0x000000f4       0x38 .\CortexM3\ARM_GCC_541\Debug\alarm.o
                0x000000f4                Alarm_Run
 .text.Keypad_Init
                0x0000012c       0x14 .\CortexM3\ARM_GCC_541\Debug\keypad.o
                0x0000012c                Keypad_Init
 .text.Keypad_Activate
                0x00000140       0x1c .\CortexM3\ARM_GCC_541\Debug\keypad.o
                0x00000140                Keypad_Activate
 .text.Keypad_Update
                0x0000015c       0x3c .\CortexM3\ARM_GCC_541\Debug\keypad.o
                0x0000015c                Keypad_Update
 .text.Keypad_IsComplete
                0x00000198       0x14 .\CortexM3\ARM_GCC_541\Debug\keypad.o
                0x00000198                Keypad_IsComplete
 .text.Keypad_GetCode
                0x000001ac        0xc .\CortexM3\ARM_GCC_541\Debug\keypad.o
                0x000001ac                Keypad_GetCode
 .text.Keypad_isActive
                0x000001b8        0xc .\CortexM3\ARM_GCC_541\Debug\keypad.o
                0x000001b8                Keypad_isActive
 .text.Keypad_Reset
                0x000001c4       0x18 .\CortexM3\ARM_GCC_541\Debug\keypad.o
                0x000001c4                Keypad_Reset
 .text.isr_Button
                0x000001dc       0x50 .\CortexM3\ARM_GCC_541\Debug\keypad.o
                0x000001dc                isr_Button
 .text.Lock_Handle
                0x0000022c       0x58 .\CortexM3\ARM_GCC_541\Debug\lock.o
                0x0000022c                Lock_Handle
 .text.main     0x00000284       0x84 .\CortexM3\ARM_GCC_541\Debug\main.o
                0x00000284                main
 .text.isr_Rot  0x00000308       0x3c .\CortexM3\ARM_GCC_541\Debug\rotary.o
                0x00000308                isr_Rot
 .text.Rotary_Init
                0x00000344       0x10 .\CortexM3\ARM_GCC_541\Debug\rotary.o
                0x00000344                Rotary_Init
 .text.Rotary_GetDelta
                0x00000354       0x10 .\CortexM3\ARM_GCC_541\Debug\rotary.o
                0x00000354                Rotary_GetDelta
 .text.Servo_Init
                0x00000364        0xc .\CortexM3\ARM_GCC_541\Debug\servo.o
                0x00000364                Servo_Init
 .text.Servo_Open
                0x00000370       0x1c .\CortexM3\ARM_GCC_541\Debug\servo.o
                0x00000370                Servo_Open
 .text.Servo_Close
                0x0000038c       0x28 .\CortexM3\ARM_GCC_541\Debug\servo.o
                0x0000038c                Servo_Close
 .text.Servo_IsOpen
                0x000003b4        0xc .\CortexM3\ARM_GCC_541\Debug\servo.o
                0x000003b4                Servo_IsOpen
 .text.Input_Timeout_Activate
                0x000003c0       0x1c .\CortexM3\ARM_GCC_541\Debug\timer.o
                0x000003c0                Input_Timeout_Activate
 .text.Input_Timeout_Deactivate
                0x000003dc        0xc .\CortexM3\ARM_GCC_541\Debug\timer.o
                0x000003dc                Input_Timeout_Deactivate
 .text.Input_Timeout_Reset
                0x000003e8       0x20 .\CortexM3\ARM_GCC_541\Debug\timer.o
                0x000003e8                Input_Timeout_Reset
 .text.Input_Timeout_HasExpired
                0x00000408       0x28 .\CortexM3\ARM_GCC_541\Debug\timer.o
                0x00000408                Input_Timeout_HasExpired
 .text.systick_isr
                0x00000430       0x14 .\CortexM3\ARM_GCC_541\Debug\systick.o
                0x00000430                systick_isr
 .text.SysTick_Init
                0x00000444       0x14 .\CortexM3\ARM_GCC_541\Debug\systick.o
                0x00000444                SysTick_Init
 .text.UpdateKeypadBlink
                0x00000458       0x80 .\CortexM3\ARM_GCC_541\Debug\led.o
 .text.UpdateServoGreen
                0x000004d8       0x40 .\CortexM3\ARM_GCC_541\Debug\led.o
 .text.UpdateServoRed
                0x00000518       0x58 .\CortexM3\ARM_GCC_541\Debug\led.o
 .text.UpdateTimeoutBlink
                0x00000570       0x4c .\CortexM3\ARM_GCC_541\Debug\led.o
 .text.LED_KeypadShowDigit
                0x000005bc       0x24 .\CortexM3\ARM_GCC_541\Debug\led.o
                0x000005bc                LED_KeypadShowDigit
 .text.LED_ServoOpen
                0x000005e0       0x24 .\CortexM3\ARM_GCC_541\Debug\led.o
                0x000005e0                LED_ServoOpen
 .text.LED_ServoClose
                0x00000604       0x24 .\CortexM3\ARM_GCC_541\Debug\led.o
                0x00000604                LED_ServoClose
 .text.LED_Update
                0x00000628       0x30 .\CortexM3\ARM_GCC_541\Debug\led.o
                0x00000628                LED_Update
 .text.CyClockStartupError
                0x00000658        0x4 .\CortexM3\ARM_GCC_541\Debug\cyfitter_cfg.o
 .text.cfg_write_bytes32
                0x0000065c       0x34 .\CortexM3\ARM_GCC_541\Debug\cyfitter_cfg.o
 .text.CYMEMZERO
                0x00000690        0xc .\CortexM3\ARM_GCC_541\Debug\cyfitter_cfg.o
 .text.AnalogSetDefault
                0x0000069c       0x74 .\CortexM3\ARM_GCC_541\Debug\cyfitter_cfg.o
 .text.CYCONFIGCPY
                0x00000710        0x8 .\CortexM3\ARM_GCC_541\Debug\cyfitter_cfg.o
 .text.ClockSetup
                0x00000718       0xf4 .\CortexM3\ARM_GCC_541\Debug\cyfitter_cfg.o
 .text.cyfitter_cfg
                0x0000080c       0xf0 .\CortexM3\ARM_GCC_541\Debug\cyfitter_cfg.o
                0x0000080c                cyfitter_cfg
 .text.IntDefaultHandler
                0x000008fc       0x10 .\CortexM3\ARM_GCC_541\Debug\Cm3Start.o
                0x000008fc                IntDefaultHandler
 .text.Start_c  0x0000090c       0x4c .\CortexM3\ARM_GCC_541\Debug\Cm3Start.o
                0x0000090c                Start_c
 .text.initialize_psoc
                0x00000958       0x68 .\CortexM3\ARM_GCC_541\Debug\Cm3Start.o
                0x00000958                initialize_psoc
 .text.isr_Rot_SetVector
                0x000009c0        0xc .\CortexM3\ARM_GCC_541\Debug\drejeknappelegen.a(isr_Rot.o)
                0x000009c0                isr_Rot_SetVector
 .text.isr_Rot_SetPriority
                0x000009cc       0x10 .\CortexM3\ARM_GCC_541\Debug\drejeknappelegen.a(isr_Rot.o)
                0x000009cc                isr_Rot_SetPriority
 .text.isr_Rot_Enable
                0x000009dc        0xc .\CortexM3\ARM_GCC_541\Debug\drejeknappelegen.a(isr_Rot.o)
                0x000009dc                isr_Rot_Enable
 .text.isr_Rot_Disable
                0x000009e8        0xc .\CortexM3\ARM_GCC_541\Debug\drejeknappelegen.a(isr_Rot.o)
                0x000009e8                isr_Rot_Disable
 .text.isr_Rot_StartEx
                0x000009f4       0x1c .\CortexM3\ARM_GCC_541\Debug\drejeknappelegen.a(isr_Rot.o)
                0x000009f4                isr_Rot_StartEx
 .text.Green_LED_Write
                0x00000a10       0x18 .\CortexM3\ARM_GCC_541\Debug\drejeknappelegen.a(Green_LED.o)
                0x00000a10                Green_LED_Write
 .text.Red_LED_Write
                0x00000a28       0x18 .\CortexM3\ARM_GCC_541\Debug\drejeknappelegen.a(Red_LED.o)
                0x00000a28                Red_LED_Write
 .text.Status_Rot_B_Read
                0x00000a40        0xc .\CortexM3\ARM_GCC_541\Debug\drejeknappelegen.a(Status_Rot_B.o)
                0x00000a40                Status_Rot_B_Read
 .text.CyHalt   0x00000a4c        0x4 .\CortexM3\ARM_GCC_541\Debug\drejeknappelegen.a(CyLib.o)
                0x00000a4c                CyHalt
 .text.CyDelay  0x00000a50       0x2c .\CortexM3\ARM_GCC_541\Debug\drejeknappelegen.a(CyLib.o)
                0x00000a50                CyDelay
 .text.CyDelayUs
                0x00000a7c       0x14 .\CortexM3\ARM_GCC_541\Debug\drejeknappelegen.a(CyLib.o)
                0x00000a7c                CyDelayUs
 .text.CyIntSetVector
                0x00000a90       0x28 .\CortexM3\ARM_GCC_541\Debug\drejeknappelegen.a(CyLib.o)
                0x00000a90                CyIntSetVector
 .text.CyIntSetPriority
                0x00000ab8       0x30 .\CortexM3\ARM_GCC_541\Debug\drejeknappelegen.a(CyLib.o)
                0x00000ab8                CyIntSetPriority
 .text.isr_Button_SetVector
                0x00000ae8        0xc .\CortexM3\ARM_GCC_541\Debug\drejeknappelegen.a(isr_Button.o)
                0x00000ae8                isr_Button_SetVector
 .text.isr_Button_SetPriority
                0x00000af4       0x10 .\CortexM3\ARM_GCC_541\Debug\drejeknappelegen.a(isr_Button.o)
                0x00000af4                isr_Button_SetPriority
 .text.isr_Button_Enable
                0x00000b04        0xc .\CortexM3\ARM_GCC_541\Debug\drejeknappelegen.a(isr_Button.o)
                0x00000b04                isr_Button_Enable
 .text.isr_Button_Disable
                0x00000b10        0xc .\CortexM3\ARM_GCC_541\Debug\drejeknappelegen.a(isr_Button.o)
                0x00000b10                isr_Button_Disable
 .text.isr_Button_StartEx
                0x00000b1c       0x1c .\CortexM3\ARM_GCC_541\Debug\drejeknappelegen.a(isr_Button.o)
                0x00000b1c                isr_Button_StartEx
 .text.PWM_Servo_Enable
                0x00000b38       0x10 .\CortexM3\ARM_GCC_541\Debug\drejeknappelegen.a(PWM_Servo.o)
                0x00000b38                PWM_Servo_Enable
 .text.PWM_Servo_WriteCounter
                0x00000b48        0xc .\CortexM3\ARM_GCC_541\Debug\drejeknappelegen.a(PWM_Servo.o)
                0x00000b48                PWM_Servo_WriteCounter
 .text.PWM_Servo_WritePeriod
                0x00000b54        0xc .\CortexM3\ARM_GCC_541\Debug\drejeknappelegen.a(PWM_Servo.o)
                0x00000b54                PWM_Servo_WritePeriod
 .text.PWM_Servo_WriteCompare
                0x00000b60        0xc .\CortexM3\ARM_GCC_541\Debug\drejeknappelegen.a(PWM_Servo.o)
                0x00000b60                PWM_Servo_WriteCompare
 .text.PWM_Servo_SetInterruptMode
                0x00000b6c        0xc .\CortexM3\ARM_GCC_541\Debug\drejeknappelegen.a(PWM_Servo.o)
                0x00000b6c                PWM_Servo_SetInterruptMode
 .text.PWM_Servo_ReadStatusRegister
                0x00000b78        0xc .\CortexM3\ARM_GCC_541\Debug\drejeknappelegen.a(PWM_Servo.o)
                0x00000b78                PWM_Servo_ReadStatusRegister
 .text.PWM_Servo_ReadCapture
                0x00000b84        0xc .\CortexM3\ARM_GCC_541\Debug\drejeknappelegen.a(PWM_Servo.o)
                0x00000b84                PWM_Servo_ReadCapture
 .text.PWM_Servo_ClearFIFO
                0x00000b90       0x14 .\CortexM3\ARM_GCC_541\Debug\drejeknappelegen.a(PWM_Servo.o)
                0x00000b90                PWM_Servo_ClearFIFO
 .text.PWM_Servo_Init
                0x00000ba4       0x50 .\CortexM3\ARM_GCC_541\Debug\drejeknappelegen.a(PWM_Servo.o)
                0x00000ba4                PWM_Servo_Init
 .text.PWM_Servo_Start
                0x00000bf4       0x1c .\CortexM3\ARM_GCC_541\Debug\drejeknappelegen.a(PWM_Servo.o)
                0x00000bf4                PWM_Servo_Start
 .text.ADC_ServoFB_CalcGain
                0x00000c10       0x5c .\CortexM3\ARM_GCC_541\Debug\drejeknappelegen.a(ADC_ServoFB.o)
 .text.ADC_ServoFB_Enable
                0x00000c6c       0x94 .\CortexM3\ARM_GCC_541\Debug\drejeknappelegen.a(ADC_ServoFB.o)
                0x00000c6c                ADC_ServoFB_Enable
 .text.ADC_ServoFB_SetResolution
                0x00000d00       0x38 .\CortexM3\ARM_GCC_541\Debug\drejeknappelegen.a(ADC_ServoFB.o)
                0x00000d00                ADC_ServoFB_SetResolution
 .text.ADC_ServoFB_Init
                0x00000d38       0x3c .\CortexM3\ARM_GCC_541\Debug\drejeknappelegen.a(ADC_ServoFB.o)
                0x00000d38                ADC_ServoFB_Init
 .text.ADC_ServoFB_Start
                0x00000d74       0x1c .\CortexM3\ARM_GCC_541\Debug\drejeknappelegen.a(ADC_ServoFB.o)
                0x00000d74                ADC_ServoFB_Start
 .text.ADC_ServoFB_GetResult16
                0x00000d90       0x18 .\CortexM3\ARM_GCC_541\Debug\drejeknappelegen.a(ADC_ServoFB.o)
                0x00000d90                ADC_ServoFB_GetResult16
 .text.ADC_ServoFB_CountsTo_mVolts
                0x00000da8       0x58 .\CortexM3\ARM_GCC_541\Debug\drejeknappelegen.a(ADC_ServoFB.o)
                0x00000da8                ADC_ServoFB_CountsTo_mVolts
 .text.ADC_ServoFB_ISR
                0x00000e00        0x4 .\CortexM3\ARM_GCC_541\Debug\drejeknappelegen.a(ADC_ServoFB_INT.o)
                0x00000e00                ADC_ServoFB_ISR
 .text.ADC_ServoFB_theACLK_SetModeRegister
                0x00000e04       0x14 .\CortexM3\ARM_GCC_541\Debug\drejeknappelegen.a(ADC_ServoFB_theACLK.o)
                0x00000e04                ADC_ServoFB_theACLK_SetModeRegister
 .text.alarm_LED_Write
                0x00000e18       0x18 .\CortexM3\ARM_GCC_541\Debug\drejeknappelegen.a(alarm_LED.o)
                0x00000e18                alarm_LED_Write
 .text.SysTickTimer_Enable
                0x00000e30       0x28 .\CortexM3\ARM_GCC_541\Debug\drejeknappelegen.a(SysTickTimer.o)
                0x00000e30                SysTickTimer_Enable
 .text.SysTickTimer_SetInterruptMode
                0x00000e58        0xc .\CortexM3\ARM_GCC_541\Debug\drejeknappelegen.a(SysTickTimer.o)
                0x00000e58                SysTickTimer_SetInterruptMode
 .text.SysTickTimer_ReadStatusRegister
                0x00000e64        0xc .\CortexM3\ARM_GCC_541\Debug\drejeknappelegen.a(SysTickTimer.o)
                0x00000e64                SysTickTimer_ReadStatusRegister
 .text.SysTickTimer_WritePeriod
                0x00000e70        0xc .\CortexM3\ARM_GCC_541\Debug\drejeknappelegen.a(SysTickTimer.o)
                0x00000e70                SysTickTimer_WritePeriod
 .text.SysTickTimer_WriteCounter
                0x00000e7c        0xc .\CortexM3\ARM_GCC_541\Debug\drejeknappelegen.a(SysTickTimer.o)
                0x00000e7c                SysTickTimer_WriteCounter
 .text.SysTickTimer_Init
                0x00000e88       0x68 .\CortexM3\ARM_GCC_541\Debug\drejeknappelegen.a(SysTickTimer.o)
                0x00000e88                SysTickTimer_Init
 .text.SysTickTimer_Start
                0x00000ef0       0x1c .\CortexM3\ARM_GCC_541\Debug\drejeknappelegen.a(SysTickTimer.o)
                0x00000ef0                SysTickTimer_Start
 .text.systick_isr_SetVector
                0x00000f0c       0x10 .\CortexM3\ARM_GCC_541\Debug\drejeknappelegen.a(systick_isr.o)
                0x00000f0c                systick_isr_SetVector
 .text.systick_isr_SetPriority
                0x00000f1c       0x10 .\CortexM3\ARM_GCC_541\Debug\drejeknappelegen.a(systick_isr.o)
                0x00000f1c                systick_isr_SetPriority
 .text.systick_isr_Enable
                0x00000f2c       0x10 .\CortexM3\ARM_GCC_541\Debug\drejeknappelegen.a(systick_isr.o)
                0x00000f2c                systick_isr_Enable
 .text.systick_isr_Disable
                0x00000f3c       0x10 .\CortexM3\ARM_GCC_541\Debug\drejeknappelegen.a(systick_isr.o)
                0x00000f3c                systick_isr_Disable
 .text.systick_isr_StartEx
                0x00000f4c       0x1c .\CortexM3\ARM_GCC_541\Debug\drejeknappelegen.a(systick_isr.o)
                0x00000f4c                systick_isr_StartEx
 .text          0x00000f68       0x20 .\CortexM3\ARM_GCC_541\Debug\drejeknappelegen.a(CyBootAsmGnu.o)
                0x00000f68                CyDelayCycles
                0x00000f78                CyEnterCriticalSection
                0x00000f80                CyExitCriticalSection
 .text.__errno  0x00000f88        0xc c:/program files (x86)/cypress/psoc creator/4.4/psoc creator/import/gnu/arm/5.4.1/bin/../lib/gcc/arm-none-eabi/5.4.1/../../../../arm-none-eabi/lib/armv7-m\libg_nano.a(lib_a-errno.o)
                0x00000f88                __errno
 .text.__libc_init_array
                0x00000f94       0x4c c:/program files (x86)/cypress/psoc creator/4.4/psoc creator/import/gnu/arm/5.4.1/bin/../lib/gcc/arm-none-eabi/5.4.1/../../../../arm-none-eabi/lib/armv7-m\libg_nano.a(lib_a-init.o)
                0x00000f94                __libc_init_array
 .text.memcpy   0x00000fe0       0x16 c:/program files (x86)/cypress/psoc creator/4.4/psoc creator/import/gnu/arm/5.4.1/bin/../lib/gcc/arm-none-eabi/5.4.1/../../../../arm-none-eabi/lib/armv7-m\libg_nano.a(lib_a-memcpy-stub.o)
                0x00000fe0                memcpy
 .text.memset   0x00000ff6       0x10 c:/program files (x86)/cypress/psoc creator/4.4/psoc creator/import/gnu/arm/5.4.1/bin/../lib/gcc/arm-none-eabi/5.4.1/../../../../arm-none-eabi/lib/armv7-m\libg_nano.a(lib_a-memset.o)
                0x00000ff6                memset
 *(.plt)
 *(.gnu.warning)
 *(.glue_7t)
 .glue_7t       0x00001006        0x0 linker stubs
 *(.glue_7)
 .glue_7        0x00001006        0x0 linker stubs
 *(.vfp11_veneer)
 .vfp11_veneer  0x00001006        0x0 linker stubs
 *(.bootloader)
 *(.ARM.extab* .gnu.linkonce.armextab.*)
 *(.gcc_except_table)

.v4_bx          0x00001008        0x0
 .v4_bx         0x00001008        0x0 linker stubs

.iplt           0x00001008        0x0
 .iplt          0x00001008        0x0 c:/program files (x86)/cypress/psoc creator/4.4/psoc creator/import/gnu/arm/5.4.1/bin/../lib/gcc/arm-none-eabi/5.4.1/armv7-m/crtbegin.o

.eh_frame_hdr
 *(.eh_frame_hdr)

.eh_frame       0x00001008        0x4
 *(.eh_frame)
 .eh_frame      0x00001008        0x0 c:/program files (x86)/cypress/psoc creator/4.4/psoc creator/import/gnu/arm/5.4.1/bin/../lib/gcc/arm-none-eabi/5.4.1/armv7-m/crtbegin.o
 .eh_frame      0x00001008        0x4 c:/program files (x86)/cypress/psoc creator/4.4/psoc creator/import/gnu/arm/5.4.1/bin/../lib/gcc/arm-none-eabi/5.4.1/armv7-m/crtend.o
                [!provide]                PROVIDE (__exidx_start, .)

.ARM.exidx
 *(.ARM.exidx* .gnu.linkonce.armexidx.*)
                0x0000100c                __exidx_end = .

.rodata         0x0000100c       0x6c
 *(.rodata .rodata.* .gnu.linkonce.r.*)
 .rodata        0x0000100c       0x36 .\CortexM3\ARM_GCC_541\Debug\cyfitter_cfg.o
 .rodata.str1.1
                0x00001042        0x2 c:/program files (x86)/cypress/psoc creator/4.4/psoc creator/import/gnu/arm/5.4.1/bin/../lib/gcc/arm-none-eabi/5.4.1/../../../../arm-none-eabi/lib/armv7-m\libg_nano.a(lib_a-impure.o)
                0x00001044                . = ALIGN (0x4)
 *(.init)
 .init          0x00001044        0x4 c:/program files (x86)/cypress/psoc creator/4.4/psoc creator/import/gnu/arm/5.4.1/bin/../lib/gcc/arm-none-eabi/5.4.1/armv7-m/crti.o
                0x00001044                _init
 .init          0x00001048        0x8 c:/program files (x86)/cypress/psoc creator/4.4/psoc creator/import/gnu/arm/5.4.1/bin/../lib/gcc/arm-none-eabi/5.4.1/armv7-m/crtn.o
                0x00001050                . = ALIGN (0x4)
                0x00001050                __preinit_array_start = .
 *(.preinit_array)
                0x00001050                __preinit_array_end = .
                0x00001050                . = ALIGN (0x4)
                0x00001050                __init_array_start = .
 *(SORT(.init_array.*))
 *(.init_array)
 .init_array    0x00001050        0x4 c:/program files (x86)/cypress/psoc creator/4.4/psoc creator/import/gnu/arm/5.4.1/bin/../lib/gcc/arm-none-eabi/5.4.1/armv7-m/crtbegin.o
 .init_array    0x00001054        0x4 .\CortexM3\ARM_GCC_541\Debug\Cm3Start.o
                0x00001058                __init_array_end = .
                0x00001058                . = ALIGN (0x4)
 *(.fini)
 .fini          0x00001058        0x4 c:/program files (x86)/cypress/psoc creator/4.4/psoc creator/import/gnu/arm/5.4.1/bin/../lib/gcc/arm-none-eabi/5.4.1/armv7-m/crti.o
                0x00001058                _fini
 .fini          0x0000105c        0x8 c:/program files (x86)/cypress/psoc creator/4.4/psoc creator/import/gnu/arm/5.4.1/bin/../lib/gcc/arm-none-eabi/5.4.1/armv7-m/crtn.o
                0x00001064                . = ALIGN (0x4)
                0x00001064                __fini_array_start = .
 *(.fini_array)
 .fini_array    0x00001064        0x4 c:/program files (x86)/cypress/psoc creator/4.4/psoc creator/import/gnu/arm/5.4.1/bin/../lib/gcc/arm-none-eabi/5.4.1/armv7-m/crtbegin.o
 *(SORT(.fini_array.*))
                0x00001068                __fini_array_end = .
                0x00001068                . = ALIGN (0x4)
 *crtbegin.o(.ctors)
 *(EXCLUDE_FILE(*crtend.o) .ctors)
 *(SORT(.ctors.*))
 *crtend.o(.ctors)
                0x00001068                . = ALIGN (0x4)
 *crtbegin.o(.dtors)
 *(EXCLUDE_FILE(*crtend.o) .dtors)
 *(SORT(.dtors.*))
 *crtend.o(.dtors)
                0x00001068                . = ALIGN (0x4)
                0x00001068                __cy_regions = .
                0x00001068        0x4 LONG 0x1078 __cy_region_init_ram
                0x0000106c        0x4 LONG 0x1fff80c8 __cy_region_start_data
                0x00001070        0x4 LONG 0x78 __cy_region_init_size_ram
                0x00001074        0x4 LONG 0x58 __cy_region_zero_size_ram
                0x00001078                __cy_regions_end = .
                0x00001078                . = ALIGN (0x8)
                0x00001078                _etext = .

.cy_checksum_exclude
                0x00001078        0x0
 *(.cy_checksum_exclude)

.ramvectors     0x1fff8000       0xc0
                0x1fff8000                __cy_region_start_ram = .
 *(.ramvectors)
 .ramvectors    0x1fff8000       0xc0 .\CortexM3\ARM_GCC_541\Debug\Cm3Start.o
                0x1fff8000                CyRamVectors

.noinit         0x1fff80c0        0x1
 *(.noinit)
 .noinit        0x1fff80c0        0x1 .\CortexM3\ARM_GCC_541\Debug\drejeknappelegen.a(CyLib.o)
                0x1fff80c0                CyResetStatus

.data           0x1fff80c8       0x78 load address 0x00001078
                0x1fff80c8                __cy_region_start_data = .
 *(.jcr)
 .jcr           0x1fff80c8        0x0 c:/program files (x86)/cypress/psoc creator/4.4/psoc creator/import/gnu/arm/5.4.1/bin/../lib/gcc/arm-none-eabi/5.4.1/armv7-m/crtbegin.o
 .jcr           0x1fff80c8        0x4 c:/program files (x86)/cypress/psoc creator/4.4/psoc creator/import/gnu/arm/5.4.1/bin/../lib/gcc/arm-none-eabi/5.4.1/armv7-m/crtend.o
 *(.got.plt)
 *(.got)
 *(.shdata)
 *(.data .data.* .gnu.linkonce.d.*)
 .data          0x1fff80cc       0x10 .\CortexM3\ARM_GCC_541\Debug\drejeknappelegen.a(CyLib.o)
                0x1fff80cc                cydelay_32k_ms
                0x1fff80d0                cydelay_freq_khz
                0x1fff80d4                cydelay_freq_mhz
                0x1fff80d8                cydelay_freq_hz
 .data.impure_data
                0x1fff80dc       0x60 c:/program files (x86)/cypress/psoc creator/4.4/psoc creator/import/gnu/arm/5.4.1/bin/../lib/gcc/arm-none-eabi/5.4.1/../../../../arm-none-eabi/lib/armv7-m\libg_nano.a(lib_a-impure.o)
 .data._impure_ptr
                0x1fff813c        0x4 c:/program files (x86)/cypress/psoc creator/4.4/psoc creator/import/gnu/arm/5.4.1/bin/../lib/gcc/arm-none-eabi/5.4.1/../../../../arm-none-eabi/lib/armv7-m\libg_nano.a(lib_a-impure.o)
                0x1fff813c                _impure_ptr
                0x1fff8140                . = ALIGN (0x8)
 *(.ram)
                0x1fff8140                _edata = .

.igot.plt       0x1fff8140        0x0 load address 0x000010f0
 .igot.plt      0x1fff8140        0x0 c:/program files (x86)/cypress/psoc creator/4.4/psoc creator/import/gnu/arm/5.4.1/bin/../lib/gcc/arm-none-eabi/5.4.1/armv7-m/crtbegin.o

.bss            0x1fff8140       0x58 load address 0x000010f0
                0x1fff8140                PROVIDE (__bss_start__, .)
 *(.shbss)
 *(.bss .bss.* .gnu.linkonce.b.*)
 .bss           0x1fff8140       0x1c c:/program files (x86)/cypress/psoc creator/4.4/psoc creator/import/gnu/arm/5.4.1/bin/../lib/gcc/arm-none-eabi/5.4.1/armv7-m/crtbegin.o
 .bss           0x1fff815c        0x9 .\CortexM3\ARM_GCC_541\Debug\alarm.o
 *fill*         0x1fff8165        0x3 
 .bss           0x1fff8168        0x9 .\CortexM3\ARM_GCC_541\Debug\keypad.o
 .bss           0x1fff8171        0x1 .\CortexM3\ARM_GCC_541\Debug\lock.o
 .bss           0x1fff8172        0x1 .\CortexM3\ARM_GCC_541\Debug\rotary.o
 .bss           0x1fff8173        0x1 .\CortexM3\ARM_GCC_541\Debug\servo.o
 .bss           0x1fff8174        0x8 .\CortexM3\ARM_GCC_541\Debug\timer.o
 .bss           0x1fff817c        0x4 .\CortexM3\ARM_GCC_541\Debug\systick.o
                0x1fff817c                tick_ms
 .bss           0x1fff8180        0x8 .\CortexM3\ARM_GCC_541\Debug\led.o
 .bss           0x1fff8188        0x1 .\CortexM3\ARM_GCC_541\Debug\drejeknappelegen.a(PWM_Servo.o)
                0x1fff8188                PWM_Servo_initVar
 .bss           0x1fff8189        0x1 .\CortexM3\ARM_GCC_541\Debug\drejeknappelegen.a(ADC_ServoFB.o)
                0x1fff8189                ADC_ServoFB_initVar
 .bss           0x1fff818a        0x1 .\CortexM3\ARM_GCC_541\Debug\drejeknappelegen.a(SysTickTimer.o)
                0x1fff818a                SysTickTimer_initVar
 *(COMMON)
 *fill*         0x1fff818b        0x1 
 COMMON         0x1fff818c        0xc .\CortexM3\ARM_GCC_541\Debug\drejeknappelegen.a(ADC_ServoFB.o)
                0x1fff818c                ADC_ServoFB_offset
                0x1fff8190                ADC_ServoFB_countsPer10Volt
                0x1fff8194                ADC_ServoFB_countsPerVolt
                0x1fff8196                ADC_ServoFB_shift
                0x1fff8198                . = ALIGN (0x8)
 *(.ram.b)
                0x1fff8198                _end = .
                0x1fff8198                __end = .
                0x1fff8198                PROVIDE (end, .)
                0x1fff8198                PROVIDE (__bss_end__, .)
                0x00001078                __cy_region_init_ram = LOADADDR (.data)
                0x00000078                __cy_region_init_size_ram = (_edata - ADDR (.data))
                0x00000058                __cy_region_zero_size_ram = (_end - _edata)

.heap           0x1fff8198       0x80 load address 0x000010f0
                0x1fff8198                . = _end
                0x1fff8218                . = (. + 0x80)
 *fill*         0x1fff8198       0x80 
                0x1fff8218                __cy_heap_limit = .

.stack          0x20007800      0x800
                0x20007800                __cy_stack_limit = .
                0x20008000                . = (. + 0x800)
 *fill*         0x20007800      0x800 
                0x00000001                ASSERT ((__cy_stack_limit >= __cy_heap_limit), region RAM overflowed with stack)
                0x00000000                cy_checksum_exclude_size = (CY_APPL_LOADABLE == 0x1)?SIZEOF (.cy_checksum_exclude):0x0
                0x00000001                ASSERT ((cy_checksum_exclude_size <= CY_CHECKSUM_EXCLUDE_SIZE), CY_BOOT: Section .cy_checksum_exclude size exceedes specified limit.)

.cyloadermeta
 *(.cyloadermeta)

.cyloadablemeta
 *(.cyloadablemeta)

.cyconfigecc    0x80000000      0x1c0
 *(.cyconfigecc)
 .cyconfigecc   0x80000000      0x1c0 .\CortexM3\ARM_GCC_541\Debug\cymetadata.o
                0x80000000                cy_meta_configecc

.cycustnvl      0x90000000        0x4
 *(.cycustnvl)
 .cycustnvl     0x90000000        0x4 .\CortexM3\ARM_GCC_541\Debug\cymetadata.o
                0x90000000                cy_meta_custnvl

.cywolatch      0x90100000        0x4
 *(.cywolatch)
 .cywolatch     0x90100000        0x4 .\CortexM3\ARM_GCC_541\Debug\cymetadata.o
                0x90100000                cy_meta_wonvl

.cyeeprom       0x90200000        0x0
 *(.cyeeprom)
                0x00000001                ASSERT ((. <= ((0x90200000 + ee_offset) + ee_size)), .cyeeprom data will not fit in EEPROM)

.cyflashprotect
                0x90400000      0x100
 *(.cyflashprotect)
 .cyflashprotect
                0x90400000      0x100 .\CortexM3\ARM_GCC_541\Debug\cymetadata.o
                0x90400000                cy_meta_flashprotect

.cymeta         0x90500000        0xc
 *(.cymeta)
 .cymeta        0x90500000        0xc .\CortexM3\ARM_GCC_541\Debug\cymetadata.o
                0x90500000                cy_metadata

.rel.dyn        0x000010f0        0x0 load address 0x9050000c
 .rel.iplt      0x000010f0        0x0 c:/program files (x86)/cypress/psoc creator/4.4/psoc creator/import/gnu/arm/5.4.1/bin/../lib/gcc/arm-none-eabi/5.4.1/armv7-m/crtbegin.o

.stab
 *(.stab)

.stabstr
 *(.stabstr)

.debug
 *(.debug)

.line
 *(.line)

.debug_srcinfo
 *(.debug_srcinfo)

.debug_sfnames
 *(.debug_sfnames)

.debug_aranges  0x00000000      0xc28
 *(.debug_aranges)
 .debug_aranges
                0x00000000       0x28 .\CortexM3\ARM_GCC_541\Debug\accel.o
 .debug_aranges
                0x00000028       0x48 .\CortexM3\ARM_GCC_541\Debug\alarm.o
 .debug_aranges
                0x00000070       0x58 .\CortexM3\ARM_GCC_541\Debug\keypad.o
 .debug_aranges
                0x000000c8       0x20 .\CortexM3\ARM_GCC_541\Debug\lock.o
 .debug_aranges
                0x000000e8       0x20 .\CortexM3\ARM_GCC_541\Debug\main.o
 .debug_aranges
                0x00000108       0x30 .\CortexM3\ARM_GCC_541\Debug\rotary.o
 .debug_aranges
                0x00000138       0x40 .\CortexM3\ARM_GCC_541\Debug\servo.o
 .debug_aranges
                0x00000178       0x38 .\CortexM3\ARM_GCC_541\Debug\timer.o
 .debug_aranges
                0x000001b0       0x28 .\CortexM3\ARM_GCC_541\Debug\systick.o
 .debug_aranges
                0x000001d8       0x68 .\CortexM3\ARM_GCC_541\Debug\led.o
 .debug_aranges
                0x00000240       0x58 .\CortexM3\ARM_GCC_541\Debug\cyfitter_cfg.o
 .debug_aranges
                0x00000298       0x18 .\CortexM3\ARM_GCC_541\Debug\cymetadata.o
 .debug_aranges
                0x000002b0       0x48 .\CortexM3\ARM_GCC_541\Debug\Cm3Start.o
 .debug_aranges
                0x000002f8       0x80 .\CortexM3\ARM_GCC_541\Debug\drejeknappelegen.a(isr_Rot.o)
 .debug_aranges
                0x00000378       0x38 .\CortexM3\ARM_GCC_541\Debug\drejeknappelegen.a(Green_LED.o)
 .debug_aranges
                0x000003b0       0x38 .\CortexM3\ARM_GCC_541\Debug\drejeknappelegen.a(Red_LED.o)
 .debug_aranges
                0x000003e8       0x40 .\CortexM3\ARM_GCC_541\Debug\drejeknappelegen.a(Status_Rot_B.o)
 .debug_aranges
                0x00000428      0x2a0 .\CortexM3\ARM_GCC_541\Debug\drejeknappelegen.a(CyLib.o)
 .debug_aranges
                0x000006c8       0x98 .\CortexM3\ARM_GCC_541\Debug\drejeknappelegen.a(cyPm.o)
 .debug_aranges
                0x00000760       0x80 .\CortexM3\ARM_GCC_541\Debug\drejeknappelegen.a(isr_Button.o)
 .debug_aranges
                0x000007e0       0x98 .\CortexM3\ARM_GCC_541\Debug\drejeknappelegen.a(PWM_Servo.o)
 .debug_aranges
                0x00000878       0xa8 .\CortexM3\ARM_GCC_541\Debug\drejeknappelegen.a(ADC_ServoFB.o)
 .debug_aranges
                0x00000920       0x20 .\CortexM3\ARM_GCC_541\Debug\drejeknappelegen.a(ADC_ServoFB_INT.o)
 .debug_aranges
                0x00000940       0x80 .\CortexM3\ARM_GCC_541\Debug\drejeknappelegen.a(ADC_ServoFB_theACLK.o)
 .debug_aranges
                0x000009c0       0x38 .\CortexM3\ARM_GCC_541\Debug\drejeknappelegen.a(alarm_LED.o)
 .debug_aranges
                0x000009f8       0x88 .\CortexM3\ARM_GCC_541\Debug\drejeknappelegen.a(SysTickTimer.o)
 .debug_aranges
                0x00000a80       0x80 .\CortexM3\ARM_GCC_541\Debug\drejeknappelegen.a(systick_isr.o)
 .debug_aranges
                0x00000b00       0x20 .\CortexM3\ARM_GCC_541\Debug\drejeknappelegen.a(CyBootAsmGnu.o)
 .debug_aranges
                0x00000b20       0x88 .\CortexM3\ARM_GCC_541\Debug\drejeknappelegen.a(CyFlash.o)
 .debug_aranges
                0x00000ba8       0x80 .\CortexM3\ARM_GCC_541\Debug\drejeknappelegen.a(CySpc.o)

.debug_pubnames
 *(.debug_pubnames)

.debug_info     0x00000000     0x6538
 *(.debug_info .gnu.linkonce.wi.*)
 .debug_info    0x00000000       0xa8 .\CortexM3\ARM_GCC_541\Debug\accel.o
 .debug_info    0x000000a8      0x200 .\CortexM3\ARM_GCC_541\Debug\alarm.o
 .debug_info    0x000002a8      0x2f9 .\CortexM3\ARM_GCC_541\Debug\keypad.o
 .debug_info    0x000005a1      0x203 .\CortexM3\ARM_GCC_541\Debug\lock.o
 .debug_info    0x000007a4      0x2ce .\CortexM3\ARM_GCC_541\Debug\main.o
 .debug_info    0x00000a72      0x1a1 .\CortexM3\ARM_GCC_541\Debug\rotary.o
 .debug_info    0x00000c13      0x24b .\CortexM3\ARM_GCC_541\Debug\servo.o
 .debug_info    0x00000e5e      0x128 .\CortexM3\ARM_GCC_541\Debug\timer.o
 .debug_info    0x00000f86      0x154 .\CortexM3\ARM_GCC_541\Debug\systick.o
 .debug_info    0x000010da      0x43d .\CortexM3\ARM_GCC_541\Debug\led.o
 .debug_info    0x00001517      0x528 .\CortexM3\ARM_GCC_541\Debug\cyfitter_cfg.o
 .debug_info    0x00001a3f      0x135 .\CortexM3\ARM_GCC_541\Debug\cymetadata.o
 .debug_info    0x00001b74      0x3bb .\CortexM3\ARM_GCC_541\Debug\Cm3Start.o
 .debug_info    0x00001f2f      0x2d2 .\CortexM3\ARM_GCC_541\Debug\drejeknappelegen.a(isr_Rot.o)
 .debug_info    0x00002201      0x11f .\CortexM3\ARM_GCC_541\Debug\drejeknappelegen.a(Green_LED.o)
 .debug_info    0x00002320      0x11f .\CortexM3\ARM_GCC_541\Debug\drejeknappelegen.a(Red_LED.o)
 .debug_info    0x0000243f      0x17d .\CortexM3\ARM_GCC_541\Debug\drejeknappelegen.a(Status_Rot_B.o)
 .debug_info    0x000025bc     0x1374 .\CortexM3\ARM_GCC_541\Debug\drejeknappelegen.a(CyLib.o)
 .debug_info    0x00003930      0xa2a .\CortexM3\ARM_GCC_541\Debug\drejeknappelegen.a(cyPm.o)
 .debug_info    0x0000435a      0x2d2 .\CortexM3\ARM_GCC_541\Debug\drejeknappelegen.a(isr_Button.o)
 .debug_info    0x0000462c      0x333 .\CortexM3\ARM_GCC_541\Debug\drejeknappelegen.a(PWM_Servo.o)
 .debug_info    0x0000495f      0x5c0 .\CortexM3\ARM_GCC_541\Debug\drejeknappelegen.a(ADC_ServoFB.o)
 .debug_info    0x00004f1f       0x92 .\CortexM3\ARM_GCC_541\Debug\drejeknappelegen.a(ADC_ServoFB_INT.o)
 .debug_info    0x00004fb1      0x2c4 .\CortexM3\ARM_GCC_541\Debug\drejeknappelegen.a(ADC_ServoFB_theACLK.o)
 .debug_info    0x00005275      0x11f .\CortexM3\ARM_GCC_541\Debug\drejeknappelegen.a(alarm_LED.o)
 .debug_info    0x00005394      0x295 .\CortexM3\ARM_GCC_541\Debug\drejeknappelegen.a(SysTickTimer.o)
 .debug_info    0x00005629      0x2d2 .\CortexM3\ARM_GCC_541\Debug\drejeknappelegen.a(systick_isr.o)
 .debug_info    0x000058fb       0xa0 .\CortexM3\ARM_GCC_541\Debug\drejeknappelegen.a(CyBootAsmGnu.o)
 .debug_info    0x0000599b      0x64d .\CortexM3\ARM_GCC_541\Debug\drejeknappelegen.a(CyFlash.o)
 .debug_info    0x00005fe8      0x550 .\CortexM3\ARM_GCC_541\Debug\drejeknappelegen.a(CySpc.o)

.debug_abbrev   0x00000000     0x1f90
 *(.debug_abbrev)
 .debug_abbrev  0x00000000       0x69 .\CortexM3\ARM_GCC_541\Debug\accel.o
 .debug_abbrev  0x00000069      0x10a .\CortexM3\ARM_GCC_541\Debug\alarm.o
 .debug_abbrev  0x00000173       0xd4 .\CortexM3\ARM_GCC_541\Debug\keypad.o
 .debug_abbrev  0x00000247       0xd4 .\CortexM3\ARM_GCC_541\Debug\lock.o
 .debug_abbrev  0x0000031b       0xa3 .\CortexM3\ARM_GCC_541\Debug\main.o
 .debug_abbrev  0x000003be       0xd6 .\CortexM3\ARM_GCC_541\Debug\rotary.o
 .debug_abbrev  0x00000494       0xfb .\CortexM3\ARM_GCC_541\Debug\servo.o
 .debug_abbrev  0x0000058f       0x90 .\CortexM3\ARM_GCC_541\Debug\timer.o
 .debug_abbrev  0x0000061f       0xad .\CortexM3\ARM_GCC_541\Debug\systick.o
 .debug_abbrev  0x000006cc      0x119 .\CortexM3\ARM_GCC_541\Debug\led.o
 .debug_abbrev  0x000007e5      0x1fe .\CortexM3\ARM_GCC_541\Debug\cyfitter_cfg.o
 .debug_abbrev  0x000009e3       0x66 .\CortexM3\ARM_GCC_541\Debug\cymetadata.o
 .debug_abbrev  0x00000a49      0x1e8 .\CortexM3\ARM_GCC_541\Debug\Cm3Start.o
 .debug_abbrev  0x00000c31      0x173 .\CortexM3\ARM_GCC_541\Debug\drejeknappelegen.a(isr_Rot.o)
 .debug_abbrev  0x00000da4       0x90 .\CortexM3\ARM_GCC_541\Debug\drejeknappelegen.a(Green_LED.o)
 .debug_abbrev  0x00000e34       0x90 .\CortexM3\ARM_GCC_541\Debug\drejeknappelegen.a(Red_LED.o)
 .debug_abbrev  0x00000ec4       0xac .\CortexM3\ARM_GCC_541\Debug\drejeknappelegen.a(Status_Rot_B.o)
 .debug_abbrev  0x00000f70      0x254 .\CortexM3\ARM_GCC_541\Debug\drejeknappelegen.a(CyLib.o)
 .debug_abbrev  0x000011c4      0x1ab .\CortexM3\ARM_GCC_541\Debug\drejeknappelegen.a(cyPm.o)
 .debug_abbrev  0x0000136f      0x173 .\CortexM3\ARM_GCC_541\Debug\drejeknappelegen.a(isr_Button.o)
 .debug_abbrev  0x000014e2      0x133 .\CortexM3\ARM_GCC_541\Debug\drejeknappelegen.a(PWM_Servo.o)
 .debug_abbrev  0x00001615      0x1ac .\CortexM3\ARM_GCC_541\Debug\drejeknappelegen.a(ADC_ServoFB.o)
 .debug_abbrev  0x000017c1       0x42 .\CortexM3\ARM_GCC_541\Debug\drejeknappelegen.a(ADC_ServoFB_INT.o)
 .debug_abbrev  0x00001803      0x121 .\CortexM3\ARM_GCC_541\Debug\drejeknappelegen.a(ADC_ServoFB_theACLK.o)
 .debug_abbrev  0x00001924       0x90 .\CortexM3\ARM_GCC_541\Debug\drejeknappelegen.a(alarm_LED.o)
 .debug_abbrev  0x000019b4      0x11a .\CortexM3\ARM_GCC_541\Debug\drejeknappelegen.a(SysTickTimer.o)
 .debug_abbrev  0x00001ace      0x173 .\CortexM3\ARM_GCC_541\Debug\drejeknappelegen.a(systick_isr.o)
 .debug_abbrev  0x00001c41       0x14 .\CortexM3\ARM_GCC_541\Debug\drejeknappelegen.a(CyBootAsmGnu.o)
 .debug_abbrev  0x00001c55      0x1a7 .\CortexM3\ARM_GCC_541\Debug\drejeknappelegen.a(CyFlash.o)
 .debug_abbrev  0x00001dfc      0x194 .\CortexM3\ARM_GCC_541\Debug\drejeknappelegen.a(CySpc.o)

.debug_line     0x00000000     0x34c3
 *(.debug_line)
 .debug_line    0x00000000      0x140 .\CortexM3\ARM_GCC_541\Debug\accel.o
 .debug_line    0x00000140      0x1e3 .\CortexM3\ARM_GCC_541\Debug\alarm.o
 .debug_line    0x00000323      0x22f .\CortexM3\ARM_GCC_541\Debug\keypad.o
 .debug_line    0x00000552      0x1ab .\CortexM3\ARM_GCC_541\Debug\lock.o
 .debug_line    0x000006fd      0x1f9 .\CortexM3\ARM_GCC_541\Debug\main.o
 .debug_line    0x000008f6      0x1b6 .\CortexM3\ARM_GCC_541\Debug\rotary.o
 .debug_line    0x00000aac      0x1d9 .\CortexM3\ARM_GCC_541\Debug\servo.o
 .debug_line    0x00000c85      0x17e .\CortexM3\ARM_GCC_541\Debug\timer.o
 .debug_line    0x00000e03      0x18f .\CortexM3\ARM_GCC_541\Debug\systick.o
 .debug_line    0x00000f92      0x259 .\CortexM3\ARM_GCC_541\Debug\led.o
 .debug_line    0x000011eb      0x1ea .\CortexM3\ARM_GCC_541\Debug\cyfitter_cfg.o
 .debug_line    0x000013d5      0x141 .\CortexM3\ARM_GCC_541\Debug\cymetadata.o
 .debug_line    0x00001516      0x234 .\CortexM3\ARM_GCC_541\Debug\Cm3Start.o
 .debug_line    0x0000174a      0x134 .\CortexM3\ARM_GCC_541\Debug\drejeknappelegen.a(isr_Rot.o)
 .debug_line    0x0000187e       0x96 .\CortexM3\ARM_GCC_541\Debug\drejeknappelegen.a(Green_LED.o)
 .debug_line    0x00001914       0x94 .\CortexM3\ARM_GCC_541\Debug\drejeknappelegen.a(Red_LED.o)
 .debug_line    0x000019a8       0xb7 .\CortexM3\ARM_GCC_541\Debug\drejeknappelegen.a(Status_Rot_B.o)
 .debug_line    0x00001a5f      0x816 .\CortexM3\ARM_GCC_541\Debug\drejeknappelegen.a(CyLib.o)
 .debug_line    0x00002275      0x367 .\CortexM3\ARM_GCC_541\Debug\drejeknappelegen.a(cyPm.o)
 .debug_line    0x000025dc      0x137 .\CortexM3\ARM_GCC_541\Debug\drejeknappelegen.a(isr_Button.o)
 .debug_line    0x00002713      0x189 .\CortexM3\ARM_GCC_541\Debug\drejeknappelegen.a(PWM_Servo.o)
 .debug_line    0x0000289c      0x222 .\CortexM3\ARM_GCC_541\Debug\drejeknappelegen.a(ADC_ServoFB.o)
 .debug_line    0x00002abe       0x58 .\CortexM3\ARM_GCC_541\Debug\drejeknappelegen.a(ADC_ServoFB_INT.o)
 .debug_line    0x00002b16      0x1a5 .\CortexM3\ARM_GCC_541\Debug\drejeknappelegen.a(ADC_ServoFB_theACLK.o)
 .debug_line    0x00002cbb       0x96 .\CortexM3\ARM_GCC_541\Debug\drejeknappelegen.a(alarm_LED.o)
 .debug_line    0x00002d51      0x15a .\CortexM3\ARM_GCC_541\Debug\drejeknappelegen.a(SysTickTimer.o)
 .debug_line    0x00002eab      0x138 .\CortexM3\ARM_GCC_541\Debug\drejeknappelegen.a(systick_isr.o)
 .debug_line    0x00002fe3       0x66 .\CortexM3\ARM_GCC_541\Debug\drejeknappelegen.a(CyBootAsmGnu.o)
 .debug_line    0x00003049      0x21a .\CortexM3\ARM_GCC_541\Debug\drejeknappelegen.a(CyFlash.o)
 .debug_line    0x00003263      0x260 .\CortexM3\ARM_GCC_541\Debug\drejeknappelegen.a(CySpc.o)

.debug_frame    0x00000000     0x1d40
 *(.debug_frame)
 .debug_frame   0x00000000       0x30 .\CortexM3\ARM_GCC_541\Debug\accel.o
 .debug_frame   0x00000030       0x90 .\CortexM3\ARM_GCC_541\Debug\alarm.o
 .debug_frame   0x000000c0       0xcc .\CortexM3\ARM_GCC_541\Debug\keypad.o
 .debug_frame   0x0000018c       0x2c .\CortexM3\ARM_GCC_541\Debug\lock.o
 .debug_frame   0x000001b8       0x2c .\CortexM3\ARM_GCC_541\Debug\main.o
 .debug_frame   0x000001e4       0x58 .\CortexM3\ARM_GCC_541\Debug\rotary.o
 .debug_frame   0x0000023c       0x90 .\CortexM3\ARM_GCC_541\Debug\servo.o
 .debug_frame   0x000002cc       0x50 .\CortexM3\ARM_GCC_541\Debug\timer.o
 .debug_frame   0x0000031c       0x48 .\CortexM3\ARM_GCC_541\Debug\systick.o
 .debug_frame   0x00000364      0x12c .\CortexM3\ARM_GCC_541\Debug\led.o
 .debug_frame   0x00000490       0xfc .\CortexM3\ARM_GCC_541\Debug\cyfitter_cfg.o
 .debug_frame   0x0000058c       0xb8 .\CortexM3\ARM_GCC_541\Debug\Cm3Start.o
 .debug_frame   0x00000644      0x104 .\CortexM3\ARM_GCC_541\Debug\drejeknappelegen.a(isr_Rot.o)
 .debug_frame   0x00000748       0x50 .\CortexM3\ARM_GCC_541\Debug\drejeknappelegen.a(Green_LED.o)
 .debug_frame   0x00000798       0x50 .\CortexM3\ARM_GCC_541\Debug\drejeknappelegen.a(Red_LED.o)
 .debug_frame   0x000007e8       0x78 .\CortexM3\ARM_GCC_541\Debug\drejeknappelegen.a(Status_Rot_B.o)
 .debug_frame   0x00000860      0x738 .\CortexM3\ARM_GCC_541\Debug\drejeknappelegen.a(CyLib.o)
 .debug_frame   0x00000f98      0x1f8 .\CortexM3\ARM_GCC_541\Debug\drejeknappelegen.a(cyPm.o)
 .debug_frame   0x00001190      0x104 .\CortexM3\ARM_GCC_541\Debug\drejeknappelegen.a(isr_Button.o)
 .debug_frame   0x00001294      0x134 .\CortexM3\ARM_GCC_541\Debug\drejeknappelegen.a(PWM_Servo.o)
 .debug_frame   0x000013c8      0x1b0 .\CortexM3\ARM_GCC_541\Debug\drejeknappelegen.a(ADC_ServoFB.o)
 .debug_frame   0x00001578       0x20 .\CortexM3\ARM_GCC_541\Debug\drejeknappelegen.a(ADC_ServoFB_INT.o)
 .debug_frame   0x00001598      0x100 .\CortexM3\ARM_GCC_541\Debug\drejeknappelegen.a(ADC_ServoFB_theACLK.o)
 .debug_frame   0x00001698       0x50 .\CortexM3\ARM_GCC_541\Debug\drejeknappelegen.a(alarm_LED.o)
 .debug_frame   0x000016e8      0x108 .\CortexM3\ARM_GCC_541\Debug\drejeknappelegen.a(SysTickTimer.o)
 .debug_frame   0x000017f0      0x104 .\CortexM3\ARM_GCC_541\Debug\drejeknappelegen.a(systick_isr.o)
 .debug_frame   0x000018f4      0x194 .\CortexM3\ARM_GCC_541\Debug\drejeknappelegen.a(CyFlash.o)
 .debug_frame   0x00001a88      0x180 .\CortexM3\ARM_GCC_541\Debug\drejeknappelegen.a(CySpc.o)
 .debug_frame   0x00001c08       0x44 c:/program files (x86)/cypress/psoc creator/4.4/psoc creator/import/gnu/arm/5.4.1/bin/../lib/gcc/arm-none-eabi/5.4.1/armv7-m\libgcc.a(_aeabi_ldivmod.o)
 .debug_frame   0x00001c4c       0x38 c:/program files (x86)/cypress/psoc creator/4.4/psoc creator/import/gnu/arm/5.4.1/bin/../lib/gcc/arm-none-eabi/5.4.1/armv7-m\libgcc.a(_udivmoddi4.o)
 .debug_frame   0x00001c84       0x20 c:/program files (x86)/cypress/psoc creator/4.4/psoc creator/import/gnu/arm/5.4.1/bin/../lib/gcc/arm-none-eabi/5.4.1/../../../../arm-none-eabi/lib/armv7-m\libg_nano.a(lib_a-errno.o)
 .debug_frame   0x00001ca4       0x28 c:/program files (x86)/cypress/psoc creator/4.4/psoc creator/import/gnu/arm/5.4.1/bin/../lib/gcc/arm-none-eabi/5.4.1/../../../../arm-none-eabi/lib/armv7-m\libg_nano.a(lib_a-exit.o)
 .debug_frame   0x00001ccc       0x2c c:/program files (x86)/cypress/psoc creator/4.4/psoc creator/import/gnu/arm/5.4.1/bin/../lib/gcc/arm-none-eabi/5.4.1/../../../../arm-none-eabi/lib/armv7-m\libg_nano.a(lib_a-init.o)
 .debug_frame   0x00001cf8       0x28 c:/program files (x86)/cypress/psoc creator/4.4/psoc creator/import/gnu/arm/5.4.1/bin/../lib/gcc/arm-none-eabi/5.4.1/../../../../arm-none-eabi/lib/armv7-m\libg_nano.a(lib_a-memcpy-stub.o)
 .debug_frame   0x00001d20       0x20 c:/program files (x86)/cypress/psoc creator/4.4/psoc creator/import/gnu/arm/5.4.1/bin/../lib/gcc/arm-none-eabi/5.4.1/../../../../arm-none-eabi/lib/armv7-m\libg_nano.a(lib_a-memset.o)

.debug_str      0x00000000     0x2531
 *(.debug_str)
 .debug_str     0x00000000      0x16b .\CortexM3\ARM_GCC_541\Debug\accel.o
                                0x1a7 (size before relaxing)
 .debug_str     0x0000016b      0x13c .\CortexM3\ARM_GCC_541\Debug\alarm.o
                                0x285 (size before relaxing)
 .debug_str     0x000002a7      0x13e .\CortexM3\ARM_GCC_541\Debug\keypad.o
                                0x333 (size before relaxing)
 .debug_str     0x000003e5       0x44 .\CortexM3\ARM_GCC_541\Debug\lock.o
                                0x270 (size before relaxing)
 .debug_str     0x00000429       0x4d .\CortexM3\ARM_GCC_541\Debug\main.o
                                0x2fa (size before relaxing)
 .debug_str     0x00000476       0x39 .\CortexM3\ARM_GCC_541\Debug\rotary.o
                                0x243 (size before relaxing)
 .debug_str     0x000004af       0xcc .\CortexM3\ARM_GCC_541\Debug\servo.o
                                0x2d5 (size before relaxing)
 .debug_str     0x0000057b       0x28 .\CortexM3\ARM_GCC_541\Debug\timer.o
                                0x229 (size before relaxing)
 .debug_str     0x000005a3       0x5d .\CortexM3\ARM_GCC_541\Debug\systick.o
                                0x230 (size before relaxing)
 .debug_str     0x00000600      0x117 .\CortexM3\ARM_GCC_541\Debug\led.o
                                0x361 (size before relaxing)
 .debug_str     0x00000717      0x184 .\CortexM3\ARM_GCC_541\Debug\cyfitter_cfg.o
                                0x329 (size before relaxing)
 .debug_str     0x0000089b       0x75 .\CortexM3\ARM_GCC_541\Debug\cymetadata.o
                                0x1f4 (size before relaxing)
 .debug_str     0x00000910      0x144 .\CortexM3\ARM_GCC_541\Debug\Cm3Start.o
                                0x31a (size before relaxing)
 .debug_str     0x00000a54      0x10a .\CortexM3\ARM_GCC_541\Debug\drejeknappelegen.a(isr_Rot.o)
                                0x2d2 (size before relaxing)
 .debug_str     0x00000b5e       0x6f .\CortexM3\ARM_GCC_541\Debug\drejeknappelegen.a(Green_LED.o)
                                0x206 (size before relaxing)
 .debug_str     0x00000bcd       0x57 .\CortexM3\ARM_GCC_541\Debug\drejeknappelegen.a(Red_LED.o)
                                0x1fc (size before relaxing)
 .debug_str     0x00000c24       0xc0 .\CortexM3\ARM_GCC_541\Debug\drejeknappelegen.a(Status_Rot_B.o)
                                0x277 (size before relaxing)
 .debug_str     0x00000ce4      0x7de .\CortexM3\ARM_GCC_541\Debug\drejeknappelegen.a(CyLib.o)
                                0xa57 (size before relaxing)
 .debug_str     0x000014c2      0x365 .\CortexM3\ARM_GCC_541\Debug\drejeknappelegen.a(cyPm.o)
                                0x743 (size before relaxing)
 .debug_str     0x00001827      0x119 .\CortexM3\ARM_GCC_541\Debug\drejeknappelegen.a(isr_Button.o)
                                0x2fc (size before relaxing)
 .debug_str     0x00001940      0x1c3 .\CortexM3\ARM_GCC_541\Debug\drejeknappelegen.a(PWM_Servo.o)
                                0x3ad (size before relaxing)
 .debug_str     0x00001b03      0x26e .\CortexM3\ARM_GCC_541\Debug\drejeknappelegen.a(ADC_ServoFB.o)
                                0x4ff (size before relaxing)
 .debug_str     0x00001d71       0x39 .\CortexM3\ARM_GCC_541\Debug\drejeknappelegen.a(ADC_ServoFB_INT.o)
                                0x1af (size before relaxing)
 .debug_str     0x00001daa      0x221 .\CortexM3\ARM_GCC_541\Debug\drejeknappelegen.a(ADC_ServoFB_theACLK.o)
                                0x3e1 (size before relaxing)
 .debug_str     0x00001fcb       0x5f .\CortexM3\ARM_GCC_541\Debug\drejeknappelegen.a(alarm_LED.o)
                                0x206 (size before relaxing)
 .debug_str     0x0000202a      0x17a .\CortexM3\ARM_GCC_541\Debug\drejeknappelegen.a(SysTickTimer.o)
                                0x375 (size before relaxing)
 .debug_str     0x000021a4      0x126 .\CortexM3\ARM_GCC_541\Debug\drejeknappelegen.a(systick_isr.o)
                                0x30a (size before relaxing)
 .debug_str     0x000022ca      0x1bb .\CortexM3\ARM_GCC_541\Debug\drejeknappelegen.a(CyFlash.o)
                                0x3d0 (size before relaxing)
 .debug_str     0x00002485       0xac .\CortexM3\ARM_GCC_541\Debug\drejeknappelegen.a(CySpc.o)
                                0x348 (size before relaxing)

.debug_loc      0x00000000     0x21e7
 *(.debug_loc)
 .debug_loc     0x00000000       0x13 .\CortexM3\ARM_GCC_541\Debug\alarm.o
 .debug_loc     0x00000013       0x13 .\CortexM3\ARM_GCC_541\Debug\keypad.o
 .debug_loc     0x00000026       0x3a .\CortexM3\ARM_GCC_541\Debug\lock.o
 .debug_loc     0x00000060      0x1a4 .\CortexM3\ARM_GCC_541\Debug\led.o
 .debug_loc     0x00000204      0x1fd .\CortexM3\ARM_GCC_541\Debug\cyfitter_cfg.o
 .debug_loc     0x00000401      0x144 .\CortexM3\ARM_GCC_541\Debug\Cm3Start.o
 .debug_loc     0x00000545       0x56 .\CortexM3\ARM_GCC_541\Debug\drejeknappelegen.a(isr_Rot.o)
 .debug_loc     0x0000059b       0x42 .\CortexM3\ARM_GCC_541\Debug\drejeknappelegen.a(Green_LED.o)
 .debug_loc     0x000005dd       0x42 .\CortexM3\ARM_GCC_541\Debug\drejeknappelegen.a(Red_LED.o)
 .debug_loc     0x0000061f       0x26 .\CortexM3\ARM_GCC_541\Debug\drejeknappelegen.a(Status_Rot_B.o)
 .debug_loc     0x00000645      0xa11 .\CortexM3\ARM_GCC_541\Debug\drejeknappelegen.a(CyLib.o)
 .debug_loc     0x00001056      0x1e4 .\CortexM3\ARM_GCC_541\Debug\drejeknappelegen.a(cyPm.o)
 .debug_loc     0x0000123a       0x56 .\CortexM3\ARM_GCC_541\Debug\drejeknappelegen.a(isr_Button.o)
 .debug_loc     0x00001290       0x26 .\CortexM3\ARM_GCC_541\Debug\drejeknappelegen.a(PWM_Servo.o)
 .debug_loc     0x000012b6      0x295 .\CortexM3\ARM_GCC_541\Debug\drejeknappelegen.a(ADC_ServoFB.o)
 .debug_loc     0x0000154b      0x14d .\CortexM3\ARM_GCC_541\Debug\drejeknappelegen.a(ADC_ServoFB_theACLK.o)
 .debug_loc     0x00001698       0x42 .\CortexM3\ARM_GCC_541\Debug\drejeknappelegen.a(alarm_LED.o)
 .debug_loc     0x000016da       0x56 .\CortexM3\ARM_GCC_541\Debug\drejeknappelegen.a(systick_isr.o)
 .debug_loc     0x00001730      0x3b2 .\CortexM3\ARM_GCC_541\Debug\drejeknappelegen.a(CyFlash.o)
 .debug_loc     0x00001ae2      0x705 .\CortexM3\ARM_GCC_541\Debug\drejeknappelegen.a(CySpc.o)

.debug_macinfo
 *(.debug_macinfo)

.debug_ranges   0x00000000      0xa30
 *(.debug_ranges)
 .debug_ranges  0x00000000       0x18 .\CortexM3\ARM_GCC_541\Debug\accel.o
 .debug_ranges  0x00000018       0x38 .\CortexM3\ARM_GCC_541\Debug\alarm.o
 .debug_ranges  0x00000050       0x48 .\CortexM3\ARM_GCC_541\Debug\keypad.o
 .debug_ranges  0x00000098       0x10 .\CortexM3\ARM_GCC_541\Debug\lock.o
 .debug_ranges  0x000000a8       0x10 .\CortexM3\ARM_GCC_541\Debug\main.o
 .debug_ranges  0x000000b8       0x20 .\CortexM3\ARM_GCC_541\Debug\rotary.o
 .debug_ranges  0x000000d8       0x30 .\CortexM3\ARM_GCC_541\Debug\servo.o
 .debug_ranges  0x00000108       0x28 .\CortexM3\ARM_GCC_541\Debug\timer.o
 .debug_ranges  0x00000130       0x18 .\CortexM3\ARM_GCC_541\Debug\systick.o
 .debug_ranges  0x00000148       0x58 .\CortexM3\ARM_GCC_541\Debug\led.o
 .debug_ranges  0x000001a0       0x48 .\CortexM3\ARM_GCC_541\Debug\cyfitter_cfg.o
 .debug_ranges  0x000001e8       0x38 .\CortexM3\ARM_GCC_541\Debug\Cm3Start.o
 .debug_ranges  0x00000220       0x70 .\CortexM3\ARM_GCC_541\Debug\drejeknappelegen.a(isr_Rot.o)
 .debug_ranges  0x00000290       0x28 .\CortexM3\ARM_GCC_541\Debug\drejeknappelegen.a(Green_LED.o)
 .debug_ranges  0x000002b8       0x28 .\CortexM3\ARM_GCC_541\Debug\drejeknappelegen.a(Red_LED.o)
 .debug_ranges  0x000002e0       0x30 .\CortexM3\ARM_GCC_541\Debug\drejeknappelegen.a(Status_Rot_B.o)
 .debug_ranges  0x00000310      0x290 .\CortexM3\ARM_GCC_541\Debug\drejeknappelegen.a(CyLib.o)
 .debug_ranges  0x000005a0       0x88 .\CortexM3\ARM_GCC_541\Debug\drejeknappelegen.a(cyPm.o)
 .debug_ranges  0x00000628       0x70 .\CortexM3\ARM_GCC_541\Debug\drejeknappelegen.a(isr_Button.o)
 .debug_ranges  0x00000698       0x88 .\CortexM3\ARM_GCC_541\Debug\drejeknappelegen.a(PWM_Servo.o)
 .debug_ranges  0x00000720       0x98 .\CortexM3\ARM_GCC_541\Debug\drejeknappelegen.a(ADC_ServoFB.o)
 .debug_ranges  0x000007b8       0x10 .\CortexM3\ARM_GCC_541\Debug\drejeknappelegen.a(ADC_ServoFB_INT.o)
 .debug_ranges  0x000007c8       0x70 .\CortexM3\ARM_GCC_541\Debug\drejeknappelegen.a(ADC_ServoFB_theACLK.o)
 .debug_ranges  0x00000838       0x28 .\CortexM3\ARM_GCC_541\Debug\drejeknappelegen.a(alarm_LED.o)
 .debug_ranges  0x00000860       0x78 .\CortexM3\ARM_GCC_541\Debug\drejeknappelegen.a(SysTickTimer.o)
 .debug_ranges  0x000008d8       0x70 .\CortexM3\ARM_GCC_541\Debug\drejeknappelegen.a(systick_isr.o)
 .debug_ranges  0x00000948       0x78 .\CortexM3\ARM_GCC_541\Debug\drejeknappelegen.a(CyFlash.o)
 .debug_ranges  0x000009c0       0x70 .\CortexM3\ARM_GCC_541\Debug\drejeknappelegen.a(CySpc.o)

.comment        0x00000000       0x6e
 .comment       0x00000000       0x6e .\CortexM3\ARM_GCC_541\Debug\accel.o
                                 0x6f (size before relaxing)
 .comment       0x0000006e       0x6f .\CortexM3\ARM_GCC_541\Debug\alarm.o
 .comment       0x0000006e       0x6f .\CortexM3\ARM_GCC_541\Debug\keypad.o
 .comment       0x0000006e       0x6f .\CortexM3\ARM_GCC_541\Debug\lock.o
 .comment       0x0000006e       0x6f .\CortexM3\ARM_GCC_541\Debug\main.o
 .comment       0x0000006e       0x6f .\CortexM3\ARM_GCC_541\Debug\rotary.o
 .comment       0x0000006e       0x6f .\CortexM3\ARM_GCC_541\Debug\servo.o
 .comment       0x0000006e       0x6f .\CortexM3\ARM_GCC_541\Debug\timer.o
 .comment       0x0000006e       0x6f .\CortexM3\ARM_GCC_541\Debug\systick.o
 .comment       0x0000006e       0x6f .\CortexM3\ARM_GCC_541\Debug\led.o
 .comment       0x0000006e       0x6f .\CortexM3\ARM_GCC_541\Debug\cyfitter_cfg.o
 .comment       0x0000006e       0x6f .\CortexM3\ARM_GCC_541\Debug\cymetadata.o
 .comment       0x0000006e       0x6f .\CortexM3\ARM_GCC_541\Debug\Cm3Start.o
 .comment       0x0000006e       0x6f .\CortexM3\ARM_GCC_541\Debug\drejeknappelegen.a(isr_Rot.o)
 .comment       0x0000006e       0x6f .\CortexM3\ARM_GCC_541\Debug\drejeknappelegen.a(Green_LED.o)
 .comment       0x0000006e       0x6f .\CortexM3\ARM_GCC_541\Debug\drejeknappelegen.a(Red_LED.o)
 .comment       0x0000006e       0x6f .\CortexM3\ARM_GCC_541\Debug\drejeknappelegen.a(Status_Rot_B.o)
 .comment       0x0000006e       0x6f .\CortexM3\ARM_GCC_541\Debug\drejeknappelegen.a(CyLib.o)
 .comment       0x0000006e       0x6f .\CortexM3\ARM_GCC_541\Debug\drejeknappelegen.a(cyPm.o)
 .comment       0x0000006e       0x6f .\CortexM3\ARM_GCC_541\Debug\drejeknappelegen.a(isr_Button.o)
 .comment       0x0000006e       0x6f .\CortexM3\ARM_GCC_541\Debug\drejeknappelegen.a(PWM_Servo.o)
 .comment       0x0000006e       0x6f .\CortexM3\ARM_GCC_541\Debug\drejeknappelegen.a(ADC_ServoFB.o)
 .comment       0x0000006e       0x6f .\CortexM3\ARM_GCC_541\Debug\drejeknappelegen.a(ADC_ServoFB_INT.o)
 .comment       0x0000006e       0x6f .\CortexM3\ARM_GCC_541\Debug\drejeknappelegen.a(ADC_ServoFB_theACLK.o)
 .comment       0x0000006e       0x6f .\CortexM3\ARM_GCC_541\Debug\drejeknappelegen.a(alarm_LED.o)
 .comment       0x0000006e       0x6f .\CortexM3\ARM_GCC_541\Debug\drejeknappelegen.a(SysTickTimer.o)
 .comment       0x0000006e       0x6f .\CortexM3\ARM_GCC_541\Debug\drejeknappelegen.a(systick_isr.o)
 .comment       0x0000006e       0x6f .\CortexM3\ARM_GCC_541\Debug\drejeknappelegen.a(CyFlash.o)
 .comment       0x0000006e       0x6f .\CortexM3\ARM_GCC_541\Debug\drejeknappelegen.a(CySpc.o)

.debug_weaknames
 *(.debug_weaknames)

.debug_funcnames
 *(.debug_funcnames)

.debug_typenames
 *(.debug_typenames)

.debug_varnames
 *(.debug_varnames)

.note.gnu.arm.ident
 *(.note.gnu.arm.ident)

.ARM.attributes
                0x00000000       0x29
 *(.ARM.attributes)
 .ARM.attributes
                0x00000000       0x1d c:/program files (x86)/cypress/psoc creator/4.4/psoc creator/import/gnu/arm/5.4.1/bin/../lib/gcc/arm-none-eabi/5.4.1/armv7-m/crti.o
 .ARM.attributes
                0x0000001d       0x2d c:/program files (x86)/cypress/psoc creator/4.4/psoc creator/import/gnu/arm/5.4.1/bin/../lib/gcc/arm-none-eabi/5.4.1/armv7-m/crtbegin.o
 .ARM.attributes
                0x0000004a       0x1b c:/program files (x86)/cypress/psoc creator/4.4/psoc creator/import/gnu/arm/5.4.1/bin/../lib/gcc/arm-none-eabi/5.4.1/../../../../arm-none-eabi/lib/armv7-m/crt0.o
 .ARM.attributes
                0x00000065       0x33 .\CortexM3\ARM_GCC_541\Debug\accel.o
 .ARM.attributes
                0x00000098       0x33 .\CortexM3\ARM_GCC_541\Debug\alarm.o
 .ARM.attributes
                0x000000cb       0x33 .\CortexM3\ARM_GCC_541\Debug\keypad.o
 .ARM.attributes
                0x000000fe       0x33 .\CortexM3\ARM_GCC_541\Debug\lock.o
 .ARM.attributes
                0x00000131       0x33 .\CortexM3\ARM_GCC_541\Debug\main.o
 .ARM.attributes
                0x00000164       0x33 .\CortexM3\ARM_GCC_541\Debug\rotary.o
 .ARM.attributes
                0x00000197       0x33 .\CortexM3\ARM_GCC_541\Debug\servo.o
 .ARM.attributes
                0x000001ca       0x33 .\CortexM3\ARM_GCC_541\Debug\timer.o
 .ARM.attributes
                0x000001fd       0x33 .\CortexM3\ARM_GCC_541\Debug\systick.o
 .ARM.attributes
                0x00000230       0x33 .\CortexM3\ARM_GCC_541\Debug\led.o
 .ARM.attributes
                0x00000263       0x33 .\CortexM3\ARM_GCC_541\Debug\cyfitter_cfg.o
 .ARM.attributes
                0x00000296       0x33 .\CortexM3\ARM_GCC_541\Debug\cymetadata.o
 .ARM.attributes
                0x000002c9       0x33 .\CortexM3\ARM_GCC_541\Debug\Cm3Start.o
 .ARM.attributes
                0x000002fc       0x33 .\CortexM3\ARM_GCC_541\Debug\drejeknappelegen.a(isr_Rot.o)
 .ARM.attributes
                0x0000032f       0x33 .\CortexM3\ARM_GCC_541\Debug\drejeknappelegen.a(Green_LED.o)
 .ARM.attributes
                0x00000362       0x33 .\CortexM3\ARM_GCC_541\Debug\drejeknappelegen.a(Red_LED.o)
 .ARM.attributes
                0x00000395       0x33 .\CortexM3\ARM_GCC_541\Debug\drejeknappelegen.a(Status_Rot_B.o)
 .ARM.attributes
                0x000003c8       0x33 .\CortexM3\ARM_GCC_541\Debug\drejeknappelegen.a(CyLib.o)
 .ARM.attributes
                0x000003fb       0x33 .\CortexM3\ARM_GCC_541\Debug\drejeknappelegen.a(cyPm.o)
 .ARM.attributes
                0x0000042e       0x33 .\CortexM3\ARM_GCC_541\Debug\drejeknappelegen.a(isr_Button.o)
 .ARM.attributes
                0x00000461       0x33 .\CortexM3\ARM_GCC_541\Debug\drejeknappelegen.a(PWM_Servo.o)
 .ARM.attributes
                0x00000494       0x33 .\CortexM3\ARM_GCC_541\Debug\drejeknappelegen.a(ADC_ServoFB.o)
 .ARM.attributes
                0x000004c7       0x33 .\CortexM3\ARM_GCC_541\Debug\drejeknappelegen.a(ADC_ServoFB_INT.o)
 .ARM.attributes
                0x000004fa       0x33 .\CortexM3\ARM_GCC_541\Debug\drejeknappelegen.a(ADC_ServoFB_theACLK.o)
 .ARM.attributes
                0x0000052d       0x33 .\CortexM3\ARM_GCC_541\Debug\drejeknappelegen.a(alarm_LED.o)
 .ARM.attributes
                0x00000560       0x33 .\CortexM3\ARM_GCC_541\Debug\drejeknappelegen.a(SysTickTimer.o)
 .ARM.attributes
                0x00000593       0x33 .\CortexM3\ARM_GCC_541\Debug\drejeknappelegen.a(systick_isr.o)
 .ARM.attributes
                0x000005c6       0x21 .\CortexM3\ARM_GCC_541\Debug\drejeknappelegen.a(CyBootAsmGnu.o)
 .ARM.attributes
                0x000005e7       0x33 .\CortexM3\ARM_GCC_541\Debug\drejeknappelegen.a(CyFlash.o)
 .ARM.attributes
                0x0000061a       0x33 .\CortexM3\ARM_GCC_541\Debug\drejeknappelegen.a(CySpc.o)
 .ARM.attributes
                0x0000064d       0x1d c:/program files (x86)/cypress/psoc creator/4.4/psoc creator/import/gnu/arm/5.4.1/bin/../lib/gcc/arm-none-eabi/5.4.1/armv7-m\libgcc.a(_arm_addsubsf3.o)
 .ARM.attributes
                0x0000066a       0x1d c:/program files (x86)/cypress/psoc creator/4.4/psoc creator/import/gnu/arm/5.4.1/bin/../lib/gcc/arm-none-eabi/5.4.1/armv7-m\libgcc.a(_arm_muldivsf3.o)
 .ARM.attributes
                0x00000687       0x1d c:/program files (x86)/cypress/psoc creator/4.4/psoc creator/import/gnu/arm/5.4.1/bin/../lib/gcc/arm-none-eabi/5.4.1/armv7-m\libgcc.a(_aeabi_ldivmod.o)
 .ARM.attributes
                0x000006a4       0x2d c:/program files (x86)/cypress/psoc creator/4.4/psoc creator/import/gnu/arm/5.4.1/bin/../lib/gcc/arm-none-eabi/5.4.1/armv7-m\libgcc.a(_udivmoddi4.o)
 .ARM.attributes
                0x000006d1       0x1d c:/program files (x86)/cypress/psoc creator/4.4/psoc creator/import/gnu/arm/5.4.1/bin/../lib/gcc/arm-none-eabi/5.4.1/armv7-m\libgcc.a(_dvmd_tls.o)
 .ARM.attributes
                0x000006ee       0x2d c:/program files (x86)/cypress/psoc creator/4.4/psoc creator/import/gnu/arm/5.4.1/bin/../lib/gcc/arm-none-eabi/5.4.1/../../../../arm-none-eabi/lib/armv7-m\libg_nano.a(lib_a-errno.o)
 .ARM.attributes
                0x0000071b       0x2d c:/program files (x86)/cypress/psoc creator/4.4/psoc creator/import/gnu/arm/5.4.1/bin/../lib/gcc/arm-none-eabi/5.4.1/../../../../arm-none-eabi/lib/armv7-m\libg_nano.a(lib_a-exit.o)
 .ARM.attributes
                0x00000748       0x2d c:/program files (x86)/cypress/psoc creator/4.4/psoc creator/import/gnu/arm/5.4.1/bin/../lib/gcc/arm-none-eabi/5.4.1/../../../../arm-none-eabi/lib/armv7-m\libg_nano.a(lib_a-impure.o)
 .ARM.attributes
                0x00000775       0x2d c:/program files (x86)/cypress/psoc creator/4.4/psoc creator/import/gnu/arm/5.4.1/bin/../lib/gcc/arm-none-eabi/5.4.1/../../../../arm-none-eabi/lib/armv7-m\libg_nano.a(lib_a-init.o)
 .ARM.attributes
                0x000007a2       0x2d c:/program files (x86)/cypress/psoc creator/4.4/psoc creator/import/gnu/arm/5.4.1/bin/../lib/gcc/arm-none-eabi/5.4.1/../../../../arm-none-eabi/lib/armv7-m\libg_nano.a(lib_a-memcpy-stub.o)
 .ARM.attributes
                0x000007cf       0x2d c:/program files (x86)/cypress/psoc creator/4.4/psoc creator/import/gnu/arm/5.4.1/bin/../lib/gcc/arm-none-eabi/5.4.1/../../../../arm-none-eabi/lib/armv7-m\libg_nano.a(lib_a-memset.o)
 .ARM.attributes
                0x000007fc       0x2d c:/program files (x86)/cypress/psoc creator/4.4/psoc creator/import/gnu/arm/5.4.1/bin/../lib/gcc/arm-none-eabi/5.4.1/armv7-m/crtend.o
 .ARM.attributes
                0x00000829       0x1d c:/program files (x86)/cypress/psoc creator/4.4/psoc creator/import/gnu/arm/5.4.1/bin/../lib/gcc/arm-none-eabi/5.4.1/armv7-m/crtn.o

/DISCARD/
 *(.note.GNU-stack)
OUTPUT(C:\Users\ke\Gitfis\Elektroteknologi-Projekt-1\Drejeknap mm\drejeknappelegen.cydsn\CortexM3\ARM_GCC_541\Debug\drejeknappelegen.elf elf32-littlearm)
