ARM GAS  C:\Users\ke\AppData\Local\Temp\ccpo6hvA.s 			page 1


   1              		.syntax unified
   2              		.cpu cortex-m3
   3              		.fpu softvfp
   4              		.eabi_attribute 20, 1
   5              		.eabi_attribute 21, 1
   6              		.eabi_attribute 23, 3
   7              		.eabi_attribute 24, 1
   8              		.eabi_attribute 25, 1
   9              		.eabi_attribute 26, 1
  10              		.eabi_attribute 30, 1
  11              		.eabi_attribute 34, 1
  12              		.eabi_attribute 18, 4
  13              		.thumb
  14              		.syntax unified
  15              		.file	"lock.c"
  16              		.text
  17              	.Ltext0:
  18              		.cfi_sections	.debug_frame
  19              		.section	.text.Lock_Handle,"ax",%progbits
  20              		.align	2
  21              		.global	Lock_Handle
  22              		.thumb
  23              		.thumb_func
  24              		.type	Lock_Handle, %function
  25              	Lock_Handle:
  26              	.LFB63:
  27              		.file 1 "lock.c"
   1:lock.c        **** #include "project.h"
   2:lock.c        **** #include "lock.h"
   3:lock.c        **** #include "servo.h"
   4:lock.c        **** #include "alarm.h"
   5:lock.c        **** #include "timer.h"
   6:lock.c        **** #include "keypad.h"
   7:lock.c        **** #define PASSWORD 1010
   8:lock.c        **** static uint8_t attempts = 0;
   9:lock.c        **** void Lock_Handle(uint32_t code)
  10:lock.c        **** {
  28              		.loc 1 10 0
  29              		.cfi_startproc
  30              		@ args = 0, pretend = 0, frame = 0
  31              		@ frame_needed = 0, uses_anonymous_args = 0
  32              	.LVL0:
  33 0000 08B5     		push	{r3, lr}
  34              		.cfi_def_cfa_offset 8
  35              		.cfi_offset 3, -8
  36              		.cfi_offset 14, -4
  11:lock.c        ****     if(code == PASSWORD)
  37              		.loc 1 11 0
  38 0002 40F2F233 		movw	r3, #1010
  39 0006 9842     		cmp	r0, r3
  40 0008 09D1     		bne	.L2
  12:lock.c        ****     {
  13:lock.c        ****         Servo_Open();
  41              		.loc 1 13 0
  42 000a FFF7FEFF 		bl	Servo_Open
  43              	.LVL1:
  14:lock.c        ****         attempts = 0;
ARM GAS  C:\Users\ke\AppData\Local\Temp\ccpo6hvA.s 			page 2


  44              		.loc 1 14 0
  45 000e 0022     		movs	r2, #0
  46 0010 0F4B     		ldr	r3, .L5
  47 0012 1A70     		strb	r2, [r3]
  15:lock.c        ****         Input_Timeout_Deactivate();
  48              		.loc 1 15 0
  49 0014 FFF7FEFF 		bl	Input_Timeout_Deactivate
  50              	.LVL2:
  16:lock.c        ****         Keypad_Reset();
  51              		.loc 1 16 0
  52 0018 FFF7FEFF 		bl	Keypad_Reset
  53              	.LVL3:
  54 001c 08BD     		pop	{r3, pc}
  55              	.LVL4:
  56              	.L2:
  17:lock.c        ****     }
  18:lock.c        ****     else
  19:lock.c        ****     {
  20:lock.c        ****         Red_LED_Write(1);
  57              		.loc 1 20 0
  58 001e 0120     		movs	r0, #1
  59              	.LVL5:
  60 0020 FFF7FEFF 		bl	Red_LED_Write
  61              	.LVL6:
  21:lock.c        ****         CyDelay(500);
  62              		.loc 1 21 0
  63 0024 4FF4FA70 		mov	r0, #500
  64 0028 FFF7FEFF 		bl	CyDelay
  65              	.LVL7:
  22:lock.c        ****         Red_LED_Write(0);
  66              		.loc 1 22 0
  67 002c 0020     		movs	r0, #0
  68 002e FFF7FEFF 		bl	Red_LED_Write
  69              	.LVL8:
  23:lock.c        ****         Keypad_Reset();
  70              		.loc 1 23 0
  71 0032 FFF7FEFF 		bl	Keypad_Reset
  72              	.LVL9:
  24:lock.c        ****         attempts++;
  73              		.loc 1 24 0
  74 0036 064A     		ldr	r2, .L5
  75 0038 1378     		ldrb	r3, [r2]	@ zero_extendqisi2
  76 003a 0133     		adds	r3, r3, #1
  77 003c DBB2     		uxtb	r3, r3
  78 003e 1370     		strb	r3, [r2]
  25:lock.c        ****         if(attempts >= 5)
  79              		.loc 1 25 0
  80 0040 042B     		cmp	r3, #4
  81 0042 03D9     		bls	.L1
  26:lock.c        ****         {
  27:lock.c        ****             Alarm_Arm();
  82              		.loc 1 27 0
  83 0044 FFF7FEFF 		bl	Alarm_Arm
  84              	.LVL10:
  28:lock.c        ****             Alarm_Trigger();
  85              		.loc 1 28 0
  86 0048 FFF7FEFF 		bl	Alarm_Trigger
ARM GAS  C:\Users\ke\AppData\Local\Temp\ccpo6hvA.s 			page 3


  87              	.LVL11:
  88              	.L1:
  89 004c 08BD     		pop	{r3, pc}
  90              	.L6:
  91 004e 00BF     		.align	2
  92              	.L5:
  93 0050 00000000 		.word	.LANCHOR0
  94              		.cfi_endproc
  95              	.LFE63:
  96              		.size	Lock_Handle, .-Lock_Handle
  97              		.bss
  98              		.set	.LANCHOR0,. + 0
  99              		.type	attempts, %object
 100              		.size	attempts, 1
 101              	attempts:
 102 0000 00       		.space	1
 103              		.text
 104              	.Letext0:
 105              		.file 2 "c:\\program files (x86)\\cypress\\psoc creator\\4.4\\psoc creator\\import\\gnu\\arm\\5.4.
 106              		.file 3 "c:\\program files (x86)\\cypress\\psoc creator\\4.4\\psoc creator\\import\\gnu\\arm\\5.4.
 107              		.file 4 "servo.h"
 108              		.file 5 "timer.h"
 109              		.file 6 "keypad.h"
 110              		.file 7 "Generated_Source\\PSoC5/Red_LED.h"
 111              		.file 8 "Generated_Source\\PSoC5/CyLib.h"
 112              		.file 9 "alarm.h"
 113              		.file 10 "Generated_Source\\PSoC5/core_cm3.h"
 114              		.section	.debug_info,"",%progbits
 115              	.Ldebug_info0:
 116 0000 D2010000 		.4byte	0x1d2
 117 0004 0400     		.2byte	0x4
 118 0006 00000000 		.4byte	.Ldebug_abbrev0
 119 000a 04       		.byte	0x4
 120 000b 01       		.uleb128 0x1
 121 000c 5B000000 		.4byte	.LASF27
 122 0010 0C       		.byte	0xc
 123 0011 22010000 		.4byte	.LASF28
 124 0015 BF010000 		.4byte	.LASF29
 125 0019 00000000 		.4byte	.Ldebug_ranges0+0
 126 001d 00000000 		.4byte	0
 127 0021 00000000 		.4byte	.Ldebug_line0
 128 0025 02       		.uleb128 0x2
 129 0026 01       		.byte	0x1
 130 0027 06       		.byte	0x6
 131 0028 2F020000 		.4byte	.LASF0
 132 002c 03       		.uleb128 0x3
 133 002d 0E000000 		.4byte	.LASF4
 134 0031 02       		.byte	0x2
 135 0032 1D       		.byte	0x1d
 136 0033 37000000 		.4byte	0x37
 137 0037 02       		.uleb128 0x2
 138 0038 01       		.byte	0x1
 139 0039 08       		.byte	0x8
 140 003a 4D000000 		.4byte	.LASF1
 141 003e 02       		.uleb128 0x2
 142 003f 02       		.byte	0x2
 143 0040 05       		.byte	0x5
ARM GAS  C:\Users\ke\AppData\Local\Temp\ccpo6hvA.s 			page 4


 144 0041 B5010000 		.4byte	.LASF2
 145 0045 02       		.uleb128 0x2
 146 0046 02       		.byte	0x2
 147 0047 07       		.byte	0x7
 148 0048 FB000000 		.4byte	.LASF3
 149 004c 03       		.uleb128 0x3
 150 004d 23000000 		.4byte	.LASF5
 151 0051 02       		.byte	0x2
 152 0052 3F       		.byte	0x3f
 153 0053 57000000 		.4byte	0x57
 154 0057 02       		.uleb128 0x2
 155 0058 04       		.byte	0x4
 156 0059 05       		.byte	0x5
 157 005a 1A020000 		.4byte	.LASF6
 158 005e 03       		.uleb128 0x3
 159 005f 29010000 		.4byte	.LASF7
 160 0063 02       		.byte	0x2
 161 0064 41       		.byte	0x41
 162 0065 69000000 		.4byte	0x69
 163 0069 02       		.uleb128 0x2
 164 006a 04       		.byte	0x4
 165 006b 07       		.byte	0x7
 166 006c E9000000 		.4byte	.LASF8
 167 0070 02       		.uleb128 0x2
 168 0071 08       		.byte	0x8
 169 0072 05       		.byte	0x5
 170 0073 00000000 		.4byte	.LASF9
 171 0077 02       		.uleb128 0x2
 172 0078 08       		.byte	0x8
 173 0079 07       		.byte	0x7
 174 007a 50010000 		.4byte	.LASF10
 175 007e 04       		.uleb128 0x4
 176 007f 04       		.byte	0x4
 177 0080 05       		.byte	0x5
 178 0081 696E7400 		.ascii	"int\000"
 179 0085 02       		.uleb128 0x2
 180 0086 04       		.byte	0x4
 181 0087 07       		.byte	0x7
 182 0088 43010000 		.4byte	.LASF11
 183 008c 03       		.uleb128 0x3
 184 008d 67010000 		.4byte	.LASF12
 185 0091 03       		.byte	0x3
 186 0092 18       		.byte	0x18
 187 0093 2C000000 		.4byte	0x2c
 188 0097 03       		.uleb128 0x3
 189 0098 6F010000 		.4byte	.LASF13
 190 009c 03       		.byte	0x3
 191 009d 2C       		.byte	0x2c
 192 009e 4C000000 		.4byte	0x4c
 193 00a2 03       		.uleb128 0x3
 194 00a3 11020000 		.4byte	.LASF14
 195 00a7 03       		.byte	0x3
 196 00a8 30       		.byte	0x30
 197 00a9 5E000000 		.4byte	0x5e
 198 00ad 02       		.uleb128 0x2
 199 00ae 04       		.byte	0x4
 200 00af 04       		.byte	0x4
ARM GAS  C:\Users\ke\AppData\Local\Temp\ccpo6hvA.s 			page 5


 201 00b0 47000000 		.4byte	.LASF15
 202 00b4 02       		.uleb128 0x2
 203 00b5 08       		.byte	0x8
 204 00b6 04       		.byte	0x4
 205 00b7 1B010000 		.4byte	.LASF16
 206 00bb 02       		.uleb128 0x2
 207 00bc 01       		.byte	0x1
 208 00bd 08       		.byte	0x8
 209 00be 89010000 		.4byte	.LASF17
 210 00c2 02       		.uleb128 0x2
 211 00c3 08       		.byte	0x8
 212 00c4 04       		.byte	0x4
 213 00c5 23020000 		.4byte	.LASF18
 214 00c9 02       		.uleb128 0x2
 215 00ca 04       		.byte	0x4
 216 00cb 07       		.byte	0x7
 217 00cc 77010000 		.4byte	.LASF19
 218 00d0 05       		.uleb128 0x5
 219 00d1 3B000000 		.4byte	.LASF30
 220 00d5 01       		.byte	0x1
 221 00d6 09       		.byte	0x9
 222 00d7 00000000 		.4byte	.LFB63
 223 00db 54000000 		.4byte	.LFE63-.LFB63
 224 00df 01       		.uleb128 0x1
 225 00e0 9C       		.byte	0x9c
 226 00e1 66010000 		.4byte	0x166
 227 00e5 06       		.uleb128 0x6
 228 00e6 3E010000 		.4byte	.LASF31
 229 00ea 01       		.byte	0x1
 230 00eb 09       		.byte	0x9
 231 00ec A2000000 		.4byte	0xa2
 232 00f0 00000000 		.4byte	.LLST0
 233 00f4 07       		.uleb128 0x7
 234 00f5 0E000000 		.4byte	.LVL1
 235 00f9 88010000 		.4byte	0x188
 236 00fd 07       		.uleb128 0x7
 237 00fe 18000000 		.4byte	.LVL2
 238 0102 93010000 		.4byte	0x193
 239 0106 07       		.uleb128 0x7
 240 0107 1C000000 		.4byte	.LVL3
 241 010b 9E010000 		.4byte	0x19e
 242 010f 08       		.uleb128 0x8
 243 0110 24000000 		.4byte	.LVL6
 244 0114 A9010000 		.4byte	0x1a9
 245 0118 22010000 		.4byte	0x122
 246 011c 09       		.uleb128 0x9
 247 011d 01       		.uleb128 0x1
 248 011e 50       		.byte	0x50
 249 011f 01       		.uleb128 0x1
 250 0120 31       		.byte	0x31
 251 0121 00       		.byte	0
 252 0122 08       		.uleb128 0x8
 253 0123 2C000000 		.4byte	.LVL7
 254 0127 B4010000 		.4byte	0x1b4
 255 012b 37010000 		.4byte	0x137
 256 012f 09       		.uleb128 0x9
 257 0130 01       		.uleb128 0x1
ARM GAS  C:\Users\ke\AppData\Local\Temp\ccpo6hvA.s 			page 6


 258 0131 50       		.byte	0x50
 259 0132 03       		.uleb128 0x3
 260 0133 0A       		.byte	0xa
 261 0134 F401     		.2byte	0x1f4
 262 0136 00       		.byte	0
 263 0137 08       		.uleb128 0x8
 264 0138 32000000 		.4byte	.LVL8
 265 013c A9010000 		.4byte	0x1a9
 266 0140 4A010000 		.4byte	0x14a
 267 0144 09       		.uleb128 0x9
 268 0145 01       		.uleb128 0x1
 269 0146 50       		.byte	0x50
 270 0147 01       		.uleb128 0x1
 271 0148 30       		.byte	0x30
 272 0149 00       		.byte	0
 273 014a 07       		.uleb128 0x7
 274 014b 36000000 		.4byte	.LVL9
 275 014f 9E010000 		.4byte	0x19e
 276 0153 07       		.uleb128 0x7
 277 0154 48000000 		.4byte	.LVL10
 278 0158 BF010000 		.4byte	0x1bf
 279 015c 07       		.uleb128 0x7
 280 015d 4C000000 		.4byte	.LVL11
 281 0161 CA010000 		.4byte	0x1ca
 282 0165 00       		.byte	0
 283 0166 0A       		.uleb128 0xa
 284 0167 80010000 		.4byte	.LASF32
 285 016b 01       		.byte	0x1
 286 016c 08       		.byte	0x8
 287 016d 8C000000 		.4byte	0x8c
 288 0171 05       		.uleb128 0x5
 289 0172 03       		.byte	0x3
 290 0173 00000000 		.4byte	attempts
 291 0177 0B       		.uleb128 0xb
 292 0178 0E010000 		.4byte	.LASF33
 293 017c 0A       		.byte	0xa
 294 017d 1207     		.2byte	0x712
 295 017f 83010000 		.4byte	0x183
 296 0183 0C       		.uleb128 0xc
 297 0184 97000000 		.4byte	0x97
 298 0188 0D       		.uleb128 0xd
 299 0189 18000000 		.4byte	.LASF20
 300 018d 18000000 		.4byte	.LASF20
 301 0191 04       		.byte	0x4
 302 0192 0A       		.byte	0xa
 303 0193 0D       		.uleb128 0xd
 304 0194 9C010000 		.4byte	.LASF21
 305 0198 9C010000 		.4byte	.LASF21
 306 019c 05       		.byte	0x5
 307 019d 0A       		.byte	0xa
 308 019e 0D       		.uleb128 0xd
 309 019f 3B020000 		.4byte	.LASF22
 310 01a3 3B020000 		.4byte	.LASF22
 311 01a7 06       		.byte	0x6
 312 01a8 0A       		.byte	0xa
 313 01a9 0D       		.uleb128 0xd
 314 01aa 2D000000 		.4byte	.LASF23
ARM GAS  C:\Users\ke\AppData\Local\Temp\ccpo6hvA.s 			page 7


 315 01ae 2D000000 		.4byte	.LASF23
 316 01b2 07       		.byte	0x7
 317 01b3 26       		.byte	0x26
 318 01b4 0D       		.uleb128 0xd
 319 01b5 48020000 		.4byte	.LASF24
 320 01b9 48020000 		.4byte	.LASF24
 321 01bd 08       		.byte	0x8
 322 01be 76       		.byte	0x76
 323 01bf 0D       		.uleb128 0xd
 324 01c0 34010000 		.4byte	.LASF25
 325 01c4 34010000 		.4byte	.LASF25
 326 01c8 09       		.byte	0x9
 327 01c9 06       		.byte	0x6
 328 01ca 0D       		.uleb128 0xd
 329 01cb 8E010000 		.4byte	.LASF26
 330 01cf 8E010000 		.4byte	.LASF26
 331 01d3 09       		.byte	0x9
 332 01d4 07       		.byte	0x7
 333 01d5 00       		.byte	0
 334              		.section	.debug_abbrev,"",%progbits
 335              	.Ldebug_abbrev0:
 336 0000 01       		.uleb128 0x1
 337 0001 11       		.uleb128 0x11
 338 0002 01       		.byte	0x1
 339 0003 25       		.uleb128 0x25
 340 0004 0E       		.uleb128 0xe
 341 0005 13       		.uleb128 0x13
 342 0006 0B       		.uleb128 0xb
 343 0007 03       		.uleb128 0x3
 344 0008 0E       		.uleb128 0xe
 345 0009 1B       		.uleb128 0x1b
 346 000a 0E       		.uleb128 0xe
 347 000b 55       		.uleb128 0x55
 348 000c 17       		.uleb128 0x17
 349 000d 11       		.uleb128 0x11
 350 000e 01       		.uleb128 0x1
 351 000f 10       		.uleb128 0x10
 352 0010 17       		.uleb128 0x17
 353 0011 00       		.byte	0
 354 0012 00       		.byte	0
 355 0013 02       		.uleb128 0x2
 356 0014 24       		.uleb128 0x24
 357 0015 00       		.byte	0
 358 0016 0B       		.uleb128 0xb
 359 0017 0B       		.uleb128 0xb
 360 0018 3E       		.uleb128 0x3e
 361 0019 0B       		.uleb128 0xb
 362 001a 03       		.uleb128 0x3
 363 001b 0E       		.uleb128 0xe
 364 001c 00       		.byte	0
 365 001d 00       		.byte	0
 366 001e 03       		.uleb128 0x3
 367 001f 16       		.uleb128 0x16
 368 0020 00       		.byte	0
 369 0021 03       		.uleb128 0x3
 370 0022 0E       		.uleb128 0xe
 371 0023 3A       		.uleb128 0x3a
ARM GAS  C:\Users\ke\AppData\Local\Temp\ccpo6hvA.s 			page 8


 372 0024 0B       		.uleb128 0xb
 373 0025 3B       		.uleb128 0x3b
 374 0026 0B       		.uleb128 0xb
 375 0027 49       		.uleb128 0x49
 376 0028 13       		.uleb128 0x13
 377 0029 00       		.byte	0
 378 002a 00       		.byte	0
 379 002b 04       		.uleb128 0x4
 380 002c 24       		.uleb128 0x24
 381 002d 00       		.byte	0
 382 002e 0B       		.uleb128 0xb
 383 002f 0B       		.uleb128 0xb
 384 0030 3E       		.uleb128 0x3e
 385 0031 0B       		.uleb128 0xb
 386 0032 03       		.uleb128 0x3
 387 0033 08       		.uleb128 0x8
 388 0034 00       		.byte	0
 389 0035 00       		.byte	0
 390 0036 05       		.uleb128 0x5
 391 0037 2E       		.uleb128 0x2e
 392 0038 01       		.byte	0x1
 393 0039 3F       		.uleb128 0x3f
 394 003a 19       		.uleb128 0x19
 395 003b 03       		.uleb128 0x3
 396 003c 0E       		.uleb128 0xe
 397 003d 3A       		.uleb128 0x3a
 398 003e 0B       		.uleb128 0xb
 399 003f 3B       		.uleb128 0x3b
 400 0040 0B       		.uleb128 0xb
 401 0041 27       		.uleb128 0x27
 402 0042 19       		.uleb128 0x19
 403 0043 11       		.uleb128 0x11
 404 0044 01       		.uleb128 0x1
 405 0045 12       		.uleb128 0x12
 406 0046 06       		.uleb128 0x6
 407 0047 40       		.uleb128 0x40
 408 0048 18       		.uleb128 0x18
 409 0049 9742     		.uleb128 0x2117
 410 004b 19       		.uleb128 0x19
 411 004c 01       		.uleb128 0x1
 412 004d 13       		.uleb128 0x13
 413 004e 00       		.byte	0
 414 004f 00       		.byte	0
 415 0050 06       		.uleb128 0x6
 416 0051 05       		.uleb128 0x5
 417 0052 00       		.byte	0
 418 0053 03       		.uleb128 0x3
 419 0054 0E       		.uleb128 0xe
 420 0055 3A       		.uleb128 0x3a
 421 0056 0B       		.uleb128 0xb
 422 0057 3B       		.uleb128 0x3b
 423 0058 0B       		.uleb128 0xb
 424 0059 49       		.uleb128 0x49
 425 005a 13       		.uleb128 0x13
 426 005b 02       		.uleb128 0x2
 427 005c 17       		.uleb128 0x17
 428 005d 00       		.byte	0
ARM GAS  C:\Users\ke\AppData\Local\Temp\ccpo6hvA.s 			page 9


 429 005e 00       		.byte	0
 430 005f 07       		.uleb128 0x7
 431 0060 898201   		.uleb128 0x4109
 432 0063 00       		.byte	0
 433 0064 11       		.uleb128 0x11
 434 0065 01       		.uleb128 0x1
 435 0066 31       		.uleb128 0x31
 436 0067 13       		.uleb128 0x13
 437 0068 00       		.byte	0
 438 0069 00       		.byte	0
 439 006a 08       		.uleb128 0x8
 440 006b 898201   		.uleb128 0x4109
 441 006e 01       		.byte	0x1
 442 006f 11       		.uleb128 0x11
 443 0070 01       		.uleb128 0x1
 444 0071 31       		.uleb128 0x31
 445 0072 13       		.uleb128 0x13
 446 0073 01       		.uleb128 0x1
 447 0074 13       		.uleb128 0x13
 448 0075 00       		.byte	0
 449 0076 00       		.byte	0
 450 0077 09       		.uleb128 0x9
 451 0078 8A8201   		.uleb128 0x410a
 452 007b 00       		.byte	0
 453 007c 02       		.uleb128 0x2
 454 007d 18       		.uleb128 0x18
 455 007e 9142     		.uleb128 0x2111
 456 0080 18       		.uleb128 0x18
 457 0081 00       		.byte	0
 458 0082 00       		.byte	0
 459 0083 0A       		.uleb128 0xa
 460 0084 34       		.uleb128 0x34
 461 0085 00       		.byte	0
 462 0086 03       		.uleb128 0x3
 463 0087 0E       		.uleb128 0xe
 464 0088 3A       		.uleb128 0x3a
 465 0089 0B       		.uleb128 0xb
 466 008a 3B       		.uleb128 0x3b
 467 008b 0B       		.uleb128 0xb
 468 008c 49       		.uleb128 0x49
 469 008d 13       		.uleb128 0x13
 470 008e 02       		.uleb128 0x2
 471 008f 18       		.uleb128 0x18
 472 0090 00       		.byte	0
 473 0091 00       		.byte	0
 474 0092 0B       		.uleb128 0xb
 475 0093 34       		.uleb128 0x34
 476 0094 00       		.byte	0
 477 0095 03       		.uleb128 0x3
 478 0096 0E       		.uleb128 0xe
 479 0097 3A       		.uleb128 0x3a
 480 0098 0B       		.uleb128 0xb
 481 0099 3B       		.uleb128 0x3b
 482 009a 05       		.uleb128 0x5
 483 009b 49       		.uleb128 0x49
 484 009c 13       		.uleb128 0x13
 485 009d 3F       		.uleb128 0x3f
ARM GAS  C:\Users\ke\AppData\Local\Temp\ccpo6hvA.s 			page 10


 486 009e 19       		.uleb128 0x19
 487 009f 3C       		.uleb128 0x3c
 488 00a0 19       		.uleb128 0x19
 489 00a1 00       		.byte	0
 490 00a2 00       		.byte	0
 491 00a3 0C       		.uleb128 0xc
 492 00a4 35       		.uleb128 0x35
 493 00a5 00       		.byte	0
 494 00a6 49       		.uleb128 0x49
 495 00a7 13       		.uleb128 0x13
 496 00a8 00       		.byte	0
 497 00a9 00       		.byte	0
 498 00aa 0D       		.uleb128 0xd
 499 00ab 2E       		.uleb128 0x2e
 500 00ac 00       		.byte	0
 501 00ad 3F       		.uleb128 0x3f
 502 00ae 19       		.uleb128 0x19
 503 00af 3C       		.uleb128 0x3c
 504 00b0 19       		.uleb128 0x19
 505 00b1 6E       		.uleb128 0x6e
 506 00b2 0E       		.uleb128 0xe
 507 00b3 03       		.uleb128 0x3
 508 00b4 0E       		.uleb128 0xe
 509 00b5 3A       		.uleb128 0x3a
 510 00b6 0B       		.uleb128 0xb
 511 00b7 3B       		.uleb128 0x3b
 512 00b8 0B       		.uleb128 0xb
 513 00b9 00       		.byte	0
 514 00ba 00       		.byte	0
 515 00bb 00       		.byte	0
 516              		.section	.debug_loc,"",%progbits
 517              	.Ldebug_loc0:
 518              	.LLST0:
 519 0000 00000000 		.4byte	.LVL0
 520 0004 0D000000 		.4byte	.LVL1-1
 521 0008 0100     		.2byte	0x1
 522 000a 50       		.byte	0x50
 523 000b 0D000000 		.4byte	.LVL1-1
 524 000f 1E000000 		.4byte	.LVL4
 525 0013 0400     		.2byte	0x4
 526 0015 F3       		.byte	0xf3
 527 0016 01       		.uleb128 0x1
 528 0017 50       		.byte	0x50
 529 0018 9F       		.byte	0x9f
 530 0019 1E000000 		.4byte	.LVL4
 531 001d 20000000 		.4byte	.LVL5
 532 0021 0100     		.2byte	0x1
 533 0023 50       		.byte	0x50
 534 0024 20000000 		.4byte	.LVL5
 535 0028 54000000 		.4byte	.LFE63
 536 002c 0400     		.2byte	0x4
 537 002e F3       		.byte	0xf3
 538 002f 01       		.uleb128 0x1
 539 0030 50       		.byte	0x50
 540 0031 9F       		.byte	0x9f
 541 0032 00000000 		.4byte	0
 542 0036 00000000 		.4byte	0
ARM GAS  C:\Users\ke\AppData\Local\Temp\ccpo6hvA.s 			page 11


 543              		.section	.debug_aranges,"",%progbits
 544 0000 1C000000 		.4byte	0x1c
 545 0004 0200     		.2byte	0x2
 546 0006 00000000 		.4byte	.Ldebug_info0
 547 000a 04       		.byte	0x4
 548 000b 00       		.byte	0
 549 000c 0000     		.2byte	0
 550 000e 0000     		.2byte	0
 551 0010 00000000 		.4byte	.LFB63
 552 0014 54000000 		.4byte	.LFE63-.LFB63
 553 0018 00000000 		.4byte	0
 554 001c 00000000 		.4byte	0
 555              		.section	.debug_ranges,"",%progbits
 556              	.Ldebug_ranges0:
 557 0000 00000000 		.4byte	.LFB63
 558 0004 54000000 		.4byte	.LFE63
 559 0008 00000000 		.4byte	0
 560 000c 00000000 		.4byte	0
 561              		.section	.debug_line,"",%progbits
 562              	.Ldebug_line0:
 563 0000 A6010000 		.section	.debug_str,"MS",%progbits,1
 563      02008401 
 563      00000201 
 563      FB0E0D00 
 563      01010101 
 564              	.LASF9:
 565 0000 6C6F6E67 		.ascii	"long long int\000"
 565      206C6F6E 
 565      6720696E 
 565      7400
 566              	.LASF4:
 567 000e 5F5F7569 		.ascii	"__uint8_t\000"
 567      6E74385F 
 567      7400
 568              	.LASF20:
 569 0018 53657276 		.ascii	"Servo_Open\000"
 569      6F5F4F70 
 569      656E00
 570              	.LASF5:
 571 0023 5F5F696E 		.ascii	"__int32_t\000"
 571      7433325F 
 571      7400
 572              	.LASF23:
 573 002d 5265645F 		.ascii	"Red_LED_Write\000"
 573      4C45445F 
 573      57726974 
 573      6500
 574              	.LASF30:
 575 003b 4C6F636B 		.ascii	"Lock_Handle\000"
 575      5F48616E 
 575      646C6500 
 576              	.LASF15:
 577 0047 666C6F61 		.ascii	"float\000"
 577      7400
 578              	.LASF1:
 579 004d 756E7369 		.ascii	"unsigned char\000"
 579      676E6564 
ARM GAS  C:\Users\ke\AppData\Local\Temp\ccpo6hvA.s 			page 12


 579      20636861 
 579      7200
 580              	.LASF27:
 581 005b 474E5520 		.ascii	"GNU C11 5.4.1 20160609 (release) [ARM/embedded-5-br"
 581      43313120 
 581      352E342E 
 581      31203230 
 581      31363036 
 582 008e 616E6368 		.ascii	"anch revision 237715] -mcpu=cortex-m3 -mthumb -g -O"
 582      20726576 
 582      6973696F 
 582      6E203233 
 582      37373135 
 583 00c1 67202D66 		.ascii	"g -ffunction-sections -ffat-lto-objects\000"
 583      66756E63 
 583      74696F6E 
 583      2D736563 
 583      74696F6E 
 584              	.LASF8:
 585 00e9 6C6F6E67 		.ascii	"long unsigned int\000"
 585      20756E73 
 585      69676E65 
 585      6420696E 
 585      7400
 586              	.LASF3:
 587 00fb 73686F72 		.ascii	"short unsigned int\000"
 587      7420756E 
 587      7369676E 
 587      65642069 
 587      6E7400
 588              	.LASF33:
 589 010e 49544D5F 		.ascii	"ITM_RxBuffer\000"
 589      52784275 
 589      66666572 
 589      00
 590              	.LASF16:
 591 011b 646F7562 		.ascii	"double\000"
 591      6C6500
 592              	.LASF28:
 593 0122 6C6F636B 		.ascii	"lock.c\000"
 593      2E6300
 594              	.LASF7:
 595 0129 5F5F7569 		.ascii	"__uint32_t\000"
 595      6E743332 
 595      5F7400
 596              	.LASF25:
 597 0134 416C6172 		.ascii	"Alarm_Arm\000"
 597      6D5F4172 
 597      6D00
 598              	.LASF31:
 599 013e 636F6465 		.ascii	"code\000"
 599      00
 600              	.LASF11:
 601 0143 756E7369 		.ascii	"unsigned int\000"
 601      676E6564 
 601      20696E74 
 601      00
ARM GAS  C:\Users\ke\AppData\Local\Temp\ccpo6hvA.s 			page 13


 602              	.LASF10:
 603 0150 6C6F6E67 		.ascii	"long long unsigned int\000"
 603      206C6F6E 
 603      6720756E 
 603      7369676E 
 603      65642069 
 604              	.LASF12:
 605 0167 75696E74 		.ascii	"uint8_t\000"
 605      385F7400 
 606              	.LASF13:
 607 016f 696E7433 		.ascii	"int32_t\000"
 607      325F7400 
 608              	.LASF19:
 609 0177 73697A65 		.ascii	"sizetype\000"
 609      74797065 
 609      00
 610              	.LASF32:
 611 0180 61747465 		.ascii	"attempts\000"
 611      6D707473 
 611      00
 612              	.LASF17:
 613 0189 63686172 		.ascii	"char\000"
 613      00
 614              	.LASF26:
 615 018e 416C6172 		.ascii	"Alarm_Trigger\000"
 615      6D5F5472 
 615      69676765 
 615      7200
 616              	.LASF21:
 617 019c 496E7075 		.ascii	"Input_Timeout_Deactivate\000"
 617      745F5469 
 617      6D656F75 
 617      745F4465 
 617      61637469 
 618              	.LASF2:
 619 01b5 73686F72 		.ascii	"short int\000"
 619      7420696E 
 619      7400
 620              	.LASF29:
 621 01bf 433A5C55 		.ascii	"C:\\Users\\ke\\Gitfis\\Elektroteknologi-Projekt-1\\"
 621      73657273 
 621      5C6B655C 
 621      47697466 
 621      69735C45 
 622 01ed 4472656A 		.ascii	"Drejeknap mm\\drejeknappelegen.cydsn\000"
 622      656B6E61 
 622      70206D6D 
 622      5C647265 
 622      6A656B6E 
 623              	.LASF14:
 624 0211 75696E74 		.ascii	"uint32_t\000"
 624      33325F74 
 624      00
 625              	.LASF6:
 626 021a 6C6F6E67 		.ascii	"long int\000"
 626      20696E74 
 626      00
ARM GAS  C:\Users\ke\AppData\Local\Temp\ccpo6hvA.s 			page 14


 627              	.LASF18:
 628 0223 6C6F6E67 		.ascii	"long double\000"
 628      20646F75 
 628      626C6500 
 629              	.LASF0:
 630 022f 7369676E 		.ascii	"signed char\000"
 630      65642063 
 630      68617200 
 631              	.LASF22:
 632 023b 4B657970 		.ascii	"Keypad_Reset\000"
 632      61645F52 
 632      65736574 
 632      00
 633              	.LASF24:
 634 0248 43794465 		.ascii	"CyDelay\000"
 634      6C617900 
 635              		.ident	"GCC: (GNU Tools for ARM Embedded Processors) 5.4.1 20160609 (release) [ARM/embedded-5-bran
