ARM GAS  C:\Users\ke\AppData\Local\Temp\cctqhcM3.s 			page 1


   1              		.syntax unified
   2              		.cpu cortex-m3
   3              		.fpu softvfp
   4              		.eabi_attribute 20, 1
   5              		.eabi_attribute 21, 1
   6              		.eabi_attribute 23, 3
   7              		.eabi_attribute 24, 1
   8              		.eabi_attribute 25, 1
   9              		.eabi_attribute 26, 1
  10              		.eabi_attribute 30, 1
  11              		.eabi_attribute 34, 1
  12              		.eabi_attribute 18, 4
  13              		.thumb
  14              		.syntax unified
  15              		.file	"main.c"
  16              		.text
  17              	.Ltext0:
  18              		.cfi_sections	.debug_frame
  19              		.section	.text.main,"ax",%progbits
  20              		.align	2
  21              		.global	main
  22              		.thumb
  23              		.thumb_func
  24              		.type	main, %function
  25              	main:
  26              	.LFB64:
  27              		.file 1 "main.c"
   1:main.c        **** #include <stdio.h>
   2:main.c        **** #include "project.h"
   3:main.c        **** #include "keypad.h"
   4:main.c        **** #include "lock.h"
   5:main.c        **** #include "alarm.h"
   6:main.c        **** #include "accel.h"
   7:main.c        **** #include "servo.h"
   8:main.c        **** #include "timer.h"
   9:main.c        **** #include "systick.h"
  10:main.c        **** #include "led.h"
  11:main.c        **** int main(void)
  12:main.c        **** {
  28              		.loc 1 12 0
  29              		.cfi_startproc
  30              		@ Volatile: function does not return.
  31              		@ args = 0, pretend = 0, frame = 0
  32              		@ frame_needed = 0, uses_anonymous_args = 0
  33 0000 08B5     		push	{r3, lr}
  34              		.cfi_def_cfa_offset 8
  35              		.cfi_offset 3, -8
  36              		.cfi_offset 14, -4
  13:main.c        ****     SysTick_Init();
  37              		.loc 1 13 0
  38 0002 FFF7FEFF 		bl	SysTick_Init
  39              	.LVL0:
  14:main.c        ****     Servo_Init();
  40              		.loc 1 14 0
  41 0006 FFF7FEFF 		bl	Servo_Init
  42              	.LVL1:
  15:main.c        ****     Alarm_Stop();
ARM GAS  C:\Users\ke\AppData\Local\Temp\cctqhcM3.s 			page 2


  43              		.loc 1 15 0
  44 000a FFF7FEFF 		bl	Alarm_Stop
  45              	.LVL2:
  16:main.c        ****     Accel_Init();
  46              		.loc 1 16 0
  47 000e FFF7FEFF 		bl	Accel_Init
  48              	.LVL3:
  17:main.c        ****     Keypad_Init();
  49              		.loc 1 17 0
  50 0012 FFF7FEFF 		bl	Keypad_Init
  51              	.LVL4:
  18:main.c        ****     CyGlobalIntEnable;
  52              		.loc 1 18 0
  53              		.syntax unified
  54              	@ 18 "main.c" 1
  55 0016 62B6     		CPSIE   i
  56              	@ 0 "" 2
  57              		.thumb
  58              		.syntax unified
  59              	.L4:
  19:main.c        **** 
  20:main.c        ****     for (;;)
  21:main.c        ****     {
  22:main.c        ****         Alarm_Run();
  60              		.loc 1 22 0
  61 0018 FFF7FEFF 		bl	Alarm_Run
  62              	.LVL5:
  23:main.c        ****         LED_Update();
  63              		.loc 1 23 0
  64 001c FFF7FEFF 		bl	LED_Update
  65              	.LVL6:
  24:main.c        **** 
  25:main.c        ****         if (Keypad_isActive())
  66              		.loc 1 25 0
  67 0020 FFF7FEFF 		bl	Keypad_isActive
  68              	.LVL7:
  69 0024 40B1     		cbz	r0, .L2
  26:main.c        ****         {
  27:main.c        ****             Keypad_Update();
  70              		.loc 1 27 0
  71 0026 FFF7FEFF 		bl	Keypad_Update
  72              	.LVL8:
  28:main.c        ****             if (Keypad_IsComplete())
  73              		.loc 1 28 0
  74 002a FFF7FEFF 		bl	Keypad_IsComplete
  75              	.LVL9:
  76 002e 18B1     		cbz	r0, .L2
  29:main.c        ****             {
  30:main.c        ****                 Lock_Handle(Keypad_GetCode());
  77              		.loc 1 30 0
  78 0030 FFF7FEFF 		bl	Keypad_GetCode
  79              	.LVL10:
  80 0034 FFF7FEFF 		bl	Lock_Handle
  81              	.LVL11:
  82              	.L2:
  31:main.c        ****             }
  32:main.c        ****         }
ARM GAS  C:\Users\ke\AppData\Local\Temp\cctqhcM3.s 			page 3


  33:main.c        **** 
  34:main.c        ****         if (Input_Timeout_HasExpired())
  83              		.loc 1 34 0
  84 0038 FFF7FEFF 		bl	Input_Timeout_HasExpired
  85              	.LVL12:
  86 003c 98B1     		cbz	r0, .L3
  35:main.c        ****         {
  36:main.c        ****             Keypad_Reset();
  87              		.loc 1 36 0
  88 003e FFF7FEFF 		bl	Keypad_Reset
  89              	.LVL13:
  37:main.c        ****             Input_Timeout_Deactivate();
  90              		.loc 1 37 0
  91 0042 FFF7FEFF 		bl	Input_Timeout_Deactivate
  92              	.LVL14:
  38:main.c        ****             Red_LED_Write(1);
  93              		.loc 1 38 0
  94 0046 0120     		movs	r0, #1
  95 0048 FFF7FEFF 		bl	Red_LED_Write
  96              	.LVL15:
  39:main.c        ****             Green_LED_Write(1);
  97              		.loc 1 39 0
  98 004c 0120     		movs	r0, #1
  99 004e FFF7FEFF 		bl	Green_LED_Write
 100              	.LVL16:
  40:main.c        ****             CyDelay(400);
 101              		.loc 1 40 0
 102 0052 4FF4C870 		mov	r0, #400
 103 0056 FFF7FEFF 		bl	CyDelay
 104              	.LVL17:
  41:main.c        ****             Red_LED_Write(0);
 105              		.loc 1 41 0
 106 005a 0020     		movs	r0, #0
 107 005c FFF7FEFF 		bl	Red_LED_Write
 108              	.LVL18:
  42:main.c        ****             Green_LED_Write(0);
 109              		.loc 1 42 0
 110 0060 0020     		movs	r0, #0
 111 0062 FFF7FEFF 		bl	Green_LED_Write
 112              	.LVL19:
 113              	.L3:
  43:main.c        ****         }
  44:main.c        **** 
  45:main.c        ****         if (Alarm_IsArmed() && !Alarm_IsTriggered() && Accel_MovementDetected())
 114              		.loc 1 45 0
 115 0066 FFF7FEFF 		bl	Alarm_IsArmed
 116              	.LVL20:
 117 006a 0028     		cmp	r0, #0
 118 006c D4D0     		beq	.L4
 119              		.loc 1 45 0 is_stmt 0 discriminator 1
 120 006e FFF7FEFF 		bl	Alarm_IsTriggered
 121              	.LVL21:
 122 0072 0028     		cmp	r0, #0
 123 0074 D0D1     		bne	.L4
 124              		.loc 1 45 0 discriminator 2
 125 0076 FFF7FEFF 		bl	Accel_MovementDetected
 126              	.LVL22:
ARM GAS  C:\Users\ke\AppData\Local\Temp\cctqhcM3.s 			page 4


 127 007a 0028     		cmp	r0, #0
 128 007c CCD0     		beq	.L4
  46:main.c        ****         {
  47:main.c        ****             Alarm_Trigger();
 129              		.loc 1 47 0 is_stmt 1
 130 007e FFF7FEFF 		bl	Alarm_Trigger
 131              	.LVL23:
 132 0082 C9E7     		b	.L4
 133              		.cfi_endproc
 134              	.LFE64:
 135              		.size	main, .-main
 136              		.text
 137              	.Letext0:
 138              		.file 2 "c:\\program files (x86)\\cypress\\psoc creator\\4.4\\psoc creator\\import\\gnu\\arm\\5.4.
 139              		.file 3 "c:\\program files (x86)\\cypress\\psoc creator\\4.4\\psoc creator\\import\\gnu\\arm\\5.4.
 140              		.file 4 "systick.h"
 141              		.file 5 "servo.h"
 142              		.file 6 "alarm.h"
 143              		.file 7 "accel.h"
 144              		.file 8 "keypad.h"
 145              		.file 9 "led.h"
 146              		.file 10 "lock.h"
 147              		.file 11 "timer.h"
 148              		.file 12 "Generated_Source\\PSoC5/Red_LED.h"
 149              		.file 13 "Generated_Source\\PSoC5/Green_LED.h"
 150              		.file 14 "Generated_Source\\PSoC5/CyLib.h"
 151              		.file 15 "Generated_Source\\PSoC5/core_cm3.h"
 152              		.section	.debug_info,"",%progbits
 153              	.Ldebug_info0:
 154 0000 CA020000 		.4byte	0x2ca
 155 0004 0400     		.2byte	0x4
 156 0006 00000000 		.4byte	.Ldebug_abbrev0
 157 000a 04       		.byte	0x4
 158 000b 01       		.uleb128 0x1
 159 000c 8D000000 		.4byte	.LASF38
 160 0010 0C       		.byte	0xc
 161 0011 F4010000 		.4byte	.LASF39
 162 0015 4F020000 		.4byte	.LASF40
 163 0019 00000000 		.4byte	.Ldebug_ranges0+0
 164 001d 00000000 		.4byte	0
 165 0021 00000000 		.4byte	.Ldebug_line0
 166 0025 02       		.uleb128 0x2
 167 0026 01       		.byte	0x1
 168 0027 06       		.byte	0x6
 169 0028 CF020000 		.4byte	.LASF0
 170 002c 02       		.uleb128 0x2
 171 002d 01       		.byte	0x1
 172 002e 08       		.byte	0x8
 173 002f 5B010000 		.4byte	.LASF1
 174 0033 02       		.uleb128 0x2
 175 0034 02       		.byte	0x2
 176 0035 05       		.byte	0x5
 177 0036 37020000 		.4byte	.LASF2
 178 003a 02       		.uleb128 0x2
 179 003b 02       		.byte	0x2
 180 003c 07       		.byte	0x7
 181 003d 2D010000 		.4byte	.LASF3
ARM GAS  C:\Users\ke\AppData\Local\Temp\cctqhcM3.s 			page 5


 182 0041 03       		.uleb128 0x3
 183 0042 1D000000 		.4byte	.LASF12
 184 0046 02       		.byte	0x2
 185 0047 3F       		.byte	0x3f
 186 0048 4C000000 		.4byte	0x4c
 187 004c 02       		.uleb128 0x2
 188 004d 04       		.byte	0x4
 189 004e 05       		.byte	0x5
 190 004f A1020000 		.4byte	.LASF4
 191 0053 02       		.uleb128 0x2
 192 0054 04       		.byte	0x4
 193 0055 07       		.byte	0x7
 194 0056 1B010000 		.4byte	.LASF5
 195 005a 02       		.uleb128 0x2
 196 005b 08       		.byte	0x8
 197 005c 05       		.byte	0x5
 198 005d DB010000 		.4byte	.LASF6
 199 0061 02       		.uleb128 0x2
 200 0062 08       		.byte	0x8
 201 0063 07       		.byte	0x7
 202 0064 B3010000 		.4byte	.LASF7
 203 0068 04       		.uleb128 0x4
 204 0069 04       		.byte	0x4
 205 006a 05       		.byte	0x5
 206 006b 696E7400 		.ascii	"int\000"
 207 006f 02       		.uleb128 0x2
 208 0070 04       		.byte	0x4
 209 0071 07       		.byte	0x7
 210 0072 94010000 		.4byte	.LASF8
 211 0076 02       		.uleb128 0x2
 212 0077 08       		.byte	0x8
 213 0078 04       		.byte	0x4
 214 0079 AA020000 		.4byte	.LASF9
 215 007d 02       		.uleb128 0x2
 216 007e 04       		.byte	0x4
 217 007f 07       		.byte	0x7
 218 0080 D2010000 		.4byte	.LASF10
 219 0084 02       		.uleb128 0x2
 220 0085 01       		.byte	0x1
 221 0086 08       		.byte	0x8
 222 0087 FB010000 		.4byte	.LASF11
 223 008b 03       		.uleb128 0x3
 224 008c CA010000 		.4byte	.LASF13
 225 0090 03       		.byte	0x3
 226 0091 2C       		.byte	0x2c
 227 0092 41000000 		.4byte	0x41
 228 0096 02       		.uleb128 0x2
 229 0097 04       		.byte	0x4
 230 0098 04       		.byte	0x4
 231 0099 7C000000 		.4byte	.LASF14
 232 009d 02       		.uleb128 0x2
 233 009e 08       		.byte	0x8
 234 009f 04       		.byte	0x4
 235 00a0 79010000 		.4byte	.LASF15
 236 00a4 05       		.uleb128 0x5
 237 00a5 80010000 		.4byte	.LASF41
 238 00a9 01       		.byte	0x1
ARM GAS  C:\Users\ke\AppData\Local\Temp\cctqhcM3.s 			page 6


 239 00aa 0B       		.byte	0xb
 240 00ab 68000000 		.4byte	0x68
 241 00af 00000000 		.4byte	.LFB64
 242 00b3 84000000 		.4byte	.LFE64-.LFB64
 243 00b7 01       		.uleb128 0x1
 244 00b8 9C       		.byte	0x9c
 245 00b9 CA010000 		.4byte	0x1ca
 246 00bd 06       		.uleb128 0x6
 247 00be 06000000 		.4byte	.LVL0
 248 00c2 DB010000 		.4byte	0x1db
 249 00c6 06       		.uleb128 0x6
 250 00c7 0A000000 		.4byte	.LVL1
 251 00cb E6010000 		.4byte	0x1e6
 252 00cf 06       		.uleb128 0x6
 253 00d0 0E000000 		.4byte	.LVL2
 254 00d4 F1010000 		.4byte	0x1f1
 255 00d8 06       		.uleb128 0x6
 256 00d9 12000000 		.4byte	.LVL3
 257 00dd FC010000 		.4byte	0x1fc
 258 00e1 06       		.uleb128 0x6
 259 00e2 16000000 		.4byte	.LVL4
 260 00e6 07020000 		.4byte	0x207
 261 00ea 06       		.uleb128 0x6
 262 00eb 1C000000 		.4byte	.LVL5
 263 00ef 12020000 		.4byte	0x212
 264 00f3 06       		.uleb128 0x6
 265 00f4 20000000 		.4byte	.LVL6
 266 00f8 1D020000 		.4byte	0x21d
 267 00fc 06       		.uleb128 0x6
 268 00fd 24000000 		.4byte	.LVL7
 269 0101 28020000 		.4byte	0x228
 270 0105 06       		.uleb128 0x6
 271 0106 2A000000 		.4byte	.LVL8
 272 010a 33020000 		.4byte	0x233
 273 010e 06       		.uleb128 0x6
 274 010f 2E000000 		.4byte	.LVL9
 275 0113 3E020000 		.4byte	0x23e
 276 0117 06       		.uleb128 0x6
 277 0118 34000000 		.4byte	.LVL10
 278 011c 49020000 		.4byte	0x249
 279 0120 06       		.uleb128 0x6
 280 0121 38000000 		.4byte	.LVL11
 281 0125 54020000 		.4byte	0x254
 282 0129 06       		.uleb128 0x6
 283 012a 3C000000 		.4byte	.LVL12
 284 012e 5F020000 		.4byte	0x25f
 285 0132 06       		.uleb128 0x6
 286 0133 42000000 		.4byte	.LVL13
 287 0137 6A020000 		.4byte	0x26a
 288 013b 06       		.uleb128 0x6
 289 013c 46000000 		.4byte	.LVL14
 290 0140 75020000 		.4byte	0x275
 291 0144 07       		.uleb128 0x7
 292 0145 4C000000 		.4byte	.LVL15
 293 0149 80020000 		.4byte	0x280
 294 014d 57010000 		.4byte	0x157
 295 0151 08       		.uleb128 0x8
ARM GAS  C:\Users\ke\AppData\Local\Temp\cctqhcM3.s 			page 7


 296 0152 01       		.uleb128 0x1
 297 0153 50       		.byte	0x50
 298 0154 01       		.uleb128 0x1
 299 0155 31       		.byte	0x31
 300 0156 00       		.byte	0
 301 0157 07       		.uleb128 0x7
 302 0158 52000000 		.4byte	.LVL16
 303 015c 8B020000 		.4byte	0x28b
 304 0160 6A010000 		.4byte	0x16a
 305 0164 08       		.uleb128 0x8
 306 0165 01       		.uleb128 0x1
 307 0166 50       		.byte	0x50
 308 0167 01       		.uleb128 0x1
 309 0168 31       		.byte	0x31
 310 0169 00       		.byte	0
 311 016a 07       		.uleb128 0x7
 312 016b 5A000000 		.4byte	.LVL17
 313 016f 96020000 		.4byte	0x296
 314 0173 7F010000 		.4byte	0x17f
 315 0177 08       		.uleb128 0x8
 316 0178 01       		.uleb128 0x1
 317 0179 50       		.byte	0x50
 318 017a 03       		.uleb128 0x3
 319 017b 0A       		.byte	0xa
 320 017c 9001     		.2byte	0x190
 321 017e 00       		.byte	0
 322 017f 07       		.uleb128 0x7
 323 0180 60000000 		.4byte	.LVL18
 324 0184 80020000 		.4byte	0x280
 325 0188 92010000 		.4byte	0x192
 326 018c 08       		.uleb128 0x8
 327 018d 01       		.uleb128 0x1
 328 018e 50       		.byte	0x50
 329 018f 01       		.uleb128 0x1
 330 0190 30       		.byte	0x30
 331 0191 00       		.byte	0
 332 0192 07       		.uleb128 0x7
 333 0193 66000000 		.4byte	.LVL19
 334 0197 8B020000 		.4byte	0x28b
 335 019b A5010000 		.4byte	0x1a5
 336 019f 08       		.uleb128 0x8
 337 01a0 01       		.uleb128 0x1
 338 01a1 50       		.byte	0x50
 339 01a2 01       		.uleb128 0x1
 340 01a3 30       		.byte	0x30
 341 01a4 00       		.byte	0
 342 01a5 06       		.uleb128 0x6
 343 01a6 6A000000 		.4byte	.LVL20
 344 01aa A1020000 		.4byte	0x2a1
 345 01ae 06       		.uleb128 0x6
 346 01af 72000000 		.4byte	.LVL21
 347 01b3 AC020000 		.4byte	0x2ac
 348 01b7 06       		.uleb128 0x6
 349 01b8 7A000000 		.4byte	.LVL22
 350 01bc B7020000 		.4byte	0x2b7
 351 01c0 06       		.uleb128 0x6
 352 01c1 82000000 		.4byte	.LVL23
ARM GAS  C:\Users\ke\AppData\Local\Temp\cctqhcM3.s 			page 8


 353 01c5 C2020000 		.4byte	0x2c2
 354 01c9 00       		.byte	0
 355 01ca 09       		.uleb128 0x9
 356 01cb 4E010000 		.4byte	.LASF42
 357 01cf 0F       		.byte	0xf
 358 01d0 1207     		.2byte	0x712
 359 01d2 D6010000 		.4byte	0x1d6
 360 01d6 0A       		.uleb128 0xa
 361 01d7 8B000000 		.4byte	0x8b
 362 01db 0B       		.uleb128 0xb
 363 01dc 33000000 		.4byte	.LASF16
 364 01e0 33000000 		.4byte	.LASF16
 365 01e4 04       		.byte	0x4
 366 01e5 05       		.byte	0x5
 367 01e6 0B       		.uleb128 0xb
 368 01e7 12000000 		.4byte	.LASF17
 369 01eb 12000000 		.4byte	.LASF17
 370 01ef 05       		.byte	0x5
 371 01f0 09       		.byte	0x9
 372 01f1 0B       		.uleb128 0xb
 373 01f2 E9010000 		.4byte	.LASF18
 374 01f6 E9010000 		.4byte	.LASF18
 375 01fa 06       		.byte	0x6
 376 01fb 08       		.byte	0x8
 377 01fc 0B       		.uleb128 0xb
 378 01fd 4E000000 		.4byte	.LASF19
 379 0201 4E000000 		.4byte	.LASF19
 380 0205 07       		.byte	0x7
 381 0206 04       		.byte	0x4
 382 0207 0B       		.uleb128 0xb
 383 0208 27000000 		.4byte	.LASF20
 384 020c 27000000 		.4byte	.LASF20
 385 0210 08       		.byte	0x8
 386 0211 04       		.byte	0x4
 387 0212 0B       		.uleb128 0xb
 388 0213 F0020000 		.4byte	.LASF21
 389 0217 F0020000 		.4byte	.LASF21
 390 021b 06       		.byte	0x6
 391 021c 0B       		.byte	0xb
 392 021d 0B       		.uleb128 0xb
 393 021e 82000000 		.4byte	.LASF22
 394 0222 82000000 		.4byte	.LASF22
 395 0226 09       		.byte	0x9
 396 0227 06       		.byte	0x6
 397 0228 0B       		.uleb128 0xb
 398 0229 0E020000 		.4byte	.LASF23
 399 022d 0E020000 		.4byte	.LASF23
 400 0231 08       		.byte	0x8
 401 0232 09       		.byte	0x9
 402 0233 0B       		.uleb128 0xb
 403 0234 40010000 		.4byte	.LASF24
 404 0238 40010000 		.4byte	.LASF24
 405 023c 08       		.byte	0x8
 406 023d 06       		.byte	0x6
 407 023e 0B       		.uleb128 0xb
 408 023f 00000000 		.4byte	.LASF25
 409 0243 00000000 		.4byte	.LASF25
ARM GAS  C:\Users\ke\AppData\Local\Temp\cctqhcM3.s 			page 9


 410 0247 08       		.byte	0x8
 411 0248 07       		.byte	0x7
 412 0249 0B       		.uleb128 0xb
 413 024a 85010000 		.4byte	.LASF26
 414 024e 85010000 		.4byte	.LASF26
 415 0252 08       		.byte	0x8
 416 0253 08       		.byte	0x8
 417 0254 0B       		.uleb128 0xb
 418 0255 70000000 		.4byte	.LASF27
 419 0259 70000000 		.4byte	.LASF27
 420 025d 0A       		.byte	0xa
 421 025e 04       		.byte	0x4
 422 025f 0B       		.uleb128 0xb
 423 0260 B6020000 		.4byte	.LASF28
 424 0264 B6020000 		.4byte	.LASF28
 425 0268 0B       		.byte	0xb
 426 0269 0C       		.byte	0xc
 427 026a 0B       		.uleb128 0xb
 428 026b DB020000 		.4byte	.LASF29
 429 026f DB020000 		.4byte	.LASF29
 430 0273 08       		.byte	0x8
 431 0274 0A       		.byte	0xa
 432 0275 0B       		.uleb128 0xb
 433 0276 1E020000 		.4byte	.LASF30
 434 027a 1E020000 		.4byte	.LASF30
 435 027e 0B       		.byte	0xb
 436 027f 0A       		.byte	0xa
 437 0280 0B       		.uleb128 0xb
 438 0281 40000000 		.4byte	.LASF31
 439 0285 40000000 		.4byte	.LASF31
 440 0289 0C       		.byte	0xc
 441 028a 26       		.byte	0x26
 442 028b 0B       		.uleb128 0xb
 443 028c 69010000 		.4byte	.LASF32
 444 0290 69010000 		.4byte	.LASF32
 445 0294 0D       		.byte	0xd
 446 0295 26       		.byte	0x26
 447 0296 0B       		.uleb128 0xb
 448 0297 E8020000 		.4byte	.LASF33
 449 029b E8020000 		.4byte	.LASF33
 450 029f 0E       		.byte	0xe
 451 02a0 76       		.byte	0x76
 452 02a1 0B       		.uleb128 0xb
 453 02a2 41020000 		.4byte	.LASF34
 454 02a6 41020000 		.4byte	.LASF34
 455 02aa 06       		.byte	0x6
 456 02ab 09       		.byte	0x9
 457 02ac 0B       		.uleb128 0xb
 458 02ad A1010000 		.4byte	.LASF35
 459 02b1 A1010000 		.4byte	.LASF35
 460 02b5 06       		.byte	0x6
 461 02b6 0A       		.byte	0xa
 462 02b7 0B       		.uleb128 0xb
 463 02b8 59000000 		.4byte	.LASF36
 464 02bc 59000000 		.4byte	.LASF36
 465 02c0 07       		.byte	0x7
 466 02c1 05       		.byte	0x5
ARM GAS  C:\Users\ke\AppData\Local\Temp\cctqhcM3.s 			page 10


 467 02c2 0B       		.uleb128 0xb
 468 02c3 00020000 		.4byte	.LASF37
 469 02c7 00020000 		.4byte	.LASF37
 470 02cb 06       		.byte	0x6
 471 02cc 07       		.byte	0x7
 472 02cd 00       		.byte	0
 473              		.section	.debug_abbrev,"",%progbits
 474              	.Ldebug_abbrev0:
 475 0000 01       		.uleb128 0x1
 476 0001 11       		.uleb128 0x11
 477 0002 01       		.byte	0x1
 478 0003 25       		.uleb128 0x25
 479 0004 0E       		.uleb128 0xe
 480 0005 13       		.uleb128 0x13
 481 0006 0B       		.uleb128 0xb
 482 0007 03       		.uleb128 0x3
 483 0008 0E       		.uleb128 0xe
 484 0009 1B       		.uleb128 0x1b
 485 000a 0E       		.uleb128 0xe
 486 000b 55       		.uleb128 0x55
 487 000c 17       		.uleb128 0x17
 488 000d 11       		.uleb128 0x11
 489 000e 01       		.uleb128 0x1
 490 000f 10       		.uleb128 0x10
 491 0010 17       		.uleb128 0x17
 492 0011 00       		.byte	0
 493 0012 00       		.byte	0
 494 0013 02       		.uleb128 0x2
 495 0014 24       		.uleb128 0x24
 496 0015 00       		.byte	0
 497 0016 0B       		.uleb128 0xb
 498 0017 0B       		.uleb128 0xb
 499 0018 3E       		.uleb128 0x3e
 500 0019 0B       		.uleb128 0xb
 501 001a 03       		.uleb128 0x3
 502 001b 0E       		.uleb128 0xe
 503 001c 00       		.byte	0
 504 001d 00       		.byte	0
 505 001e 03       		.uleb128 0x3
 506 001f 16       		.uleb128 0x16
 507 0020 00       		.byte	0
 508 0021 03       		.uleb128 0x3
 509 0022 0E       		.uleb128 0xe
 510 0023 3A       		.uleb128 0x3a
 511 0024 0B       		.uleb128 0xb
 512 0025 3B       		.uleb128 0x3b
 513 0026 0B       		.uleb128 0xb
 514 0027 49       		.uleb128 0x49
 515 0028 13       		.uleb128 0x13
 516 0029 00       		.byte	0
 517 002a 00       		.byte	0
 518 002b 04       		.uleb128 0x4
 519 002c 24       		.uleb128 0x24
 520 002d 00       		.byte	0
 521 002e 0B       		.uleb128 0xb
 522 002f 0B       		.uleb128 0xb
 523 0030 3E       		.uleb128 0x3e
ARM GAS  C:\Users\ke\AppData\Local\Temp\cctqhcM3.s 			page 11


 524 0031 0B       		.uleb128 0xb
 525 0032 03       		.uleb128 0x3
 526 0033 08       		.uleb128 0x8
 527 0034 00       		.byte	0
 528 0035 00       		.byte	0
 529 0036 05       		.uleb128 0x5
 530 0037 2E       		.uleb128 0x2e
 531 0038 01       		.byte	0x1
 532 0039 3F       		.uleb128 0x3f
 533 003a 19       		.uleb128 0x19
 534 003b 03       		.uleb128 0x3
 535 003c 0E       		.uleb128 0xe
 536 003d 3A       		.uleb128 0x3a
 537 003e 0B       		.uleb128 0xb
 538 003f 3B       		.uleb128 0x3b
 539 0040 0B       		.uleb128 0xb
 540 0041 27       		.uleb128 0x27
 541 0042 19       		.uleb128 0x19
 542 0043 49       		.uleb128 0x49
 543 0044 13       		.uleb128 0x13
 544 0045 8701     		.uleb128 0x87
 545 0047 19       		.uleb128 0x19
 546 0048 11       		.uleb128 0x11
 547 0049 01       		.uleb128 0x1
 548 004a 12       		.uleb128 0x12
 549 004b 06       		.uleb128 0x6
 550 004c 40       		.uleb128 0x40
 551 004d 18       		.uleb128 0x18
 552 004e 9742     		.uleb128 0x2117
 553 0050 19       		.uleb128 0x19
 554 0051 01       		.uleb128 0x1
 555 0052 13       		.uleb128 0x13
 556 0053 00       		.byte	0
 557 0054 00       		.byte	0
 558 0055 06       		.uleb128 0x6
 559 0056 898201   		.uleb128 0x4109
 560 0059 00       		.byte	0
 561 005a 11       		.uleb128 0x11
 562 005b 01       		.uleb128 0x1
 563 005c 31       		.uleb128 0x31
 564 005d 13       		.uleb128 0x13
 565 005e 00       		.byte	0
 566 005f 00       		.byte	0
 567 0060 07       		.uleb128 0x7
 568 0061 898201   		.uleb128 0x4109
 569 0064 01       		.byte	0x1
 570 0065 11       		.uleb128 0x11
 571 0066 01       		.uleb128 0x1
 572 0067 31       		.uleb128 0x31
 573 0068 13       		.uleb128 0x13
 574 0069 01       		.uleb128 0x1
 575 006a 13       		.uleb128 0x13
 576 006b 00       		.byte	0
 577 006c 00       		.byte	0
 578 006d 08       		.uleb128 0x8
 579 006e 8A8201   		.uleb128 0x410a
 580 0071 00       		.byte	0
ARM GAS  C:\Users\ke\AppData\Local\Temp\cctqhcM3.s 			page 12


 581 0072 02       		.uleb128 0x2
 582 0073 18       		.uleb128 0x18
 583 0074 9142     		.uleb128 0x2111
 584 0076 18       		.uleb128 0x18
 585 0077 00       		.byte	0
 586 0078 00       		.byte	0
 587 0079 09       		.uleb128 0x9
 588 007a 34       		.uleb128 0x34
 589 007b 00       		.byte	0
 590 007c 03       		.uleb128 0x3
 591 007d 0E       		.uleb128 0xe
 592 007e 3A       		.uleb128 0x3a
 593 007f 0B       		.uleb128 0xb
 594 0080 3B       		.uleb128 0x3b
 595 0081 05       		.uleb128 0x5
 596 0082 49       		.uleb128 0x49
 597 0083 13       		.uleb128 0x13
 598 0084 3F       		.uleb128 0x3f
 599 0085 19       		.uleb128 0x19
 600 0086 3C       		.uleb128 0x3c
 601 0087 19       		.uleb128 0x19
 602 0088 00       		.byte	0
 603 0089 00       		.byte	0
 604 008a 0A       		.uleb128 0xa
 605 008b 35       		.uleb128 0x35
 606 008c 00       		.byte	0
 607 008d 49       		.uleb128 0x49
 608 008e 13       		.uleb128 0x13
 609 008f 00       		.byte	0
 610 0090 00       		.byte	0
 611 0091 0B       		.uleb128 0xb
 612 0092 2E       		.uleb128 0x2e
 613 0093 00       		.byte	0
 614 0094 3F       		.uleb128 0x3f
 615 0095 19       		.uleb128 0x19
 616 0096 3C       		.uleb128 0x3c
 617 0097 19       		.uleb128 0x19
 618 0098 6E       		.uleb128 0x6e
 619 0099 0E       		.uleb128 0xe
 620 009a 03       		.uleb128 0x3
 621 009b 0E       		.uleb128 0xe
 622 009c 3A       		.uleb128 0x3a
 623 009d 0B       		.uleb128 0xb
 624 009e 3B       		.uleb128 0x3b
 625 009f 0B       		.uleb128 0xb
 626 00a0 00       		.byte	0
 627 00a1 00       		.byte	0
 628 00a2 00       		.byte	0
 629              		.section	.debug_aranges,"",%progbits
 630 0000 1C000000 		.4byte	0x1c
 631 0004 0200     		.2byte	0x2
 632 0006 00000000 		.4byte	.Ldebug_info0
 633 000a 04       		.byte	0x4
 634 000b 00       		.byte	0
 635 000c 0000     		.2byte	0
 636 000e 0000     		.2byte	0
 637 0010 00000000 		.4byte	.LFB64
ARM GAS  C:\Users\ke\AppData\Local\Temp\cctqhcM3.s 			page 13


 638 0014 84000000 		.4byte	.LFE64-.LFB64
 639 0018 00000000 		.4byte	0
 640 001c 00000000 		.4byte	0
 641              		.section	.debug_ranges,"",%progbits
 642              	.Ldebug_ranges0:
 643 0000 00000000 		.4byte	.LFB64
 644 0004 84000000 		.4byte	.LFE64
 645 0008 00000000 		.4byte	0
 646 000c 00000000 		.4byte	0
 647              		.section	.debug_line,"",%progbits
 648              	.Ldebug_line0:
 649 0000 F5010000 		.section	.debug_str,"MS",%progbits,1
 649      0200BE01 
 649      00000201 
 649      FB0E0D00 
 649      01010101 
 650              	.LASF25:
 651 0000 4B657970 		.ascii	"Keypad_IsComplete\000"
 651      61645F49 
 651      73436F6D 
 651      706C6574 
 651      6500
 652              	.LASF17:
 653 0012 53657276 		.ascii	"Servo_Init\000"
 653      6F5F496E 
 653      697400
 654              	.LASF12:
 655 001d 5F5F696E 		.ascii	"__int32_t\000"
 655      7433325F 
 655      7400
 656              	.LASF20:
 657 0027 4B657970 		.ascii	"Keypad_Init\000"
 657      61645F49 
 657      6E697400 
 658              	.LASF16:
 659 0033 53797354 		.ascii	"SysTick_Init\000"
 659      69636B5F 
 659      496E6974 
 659      00
 660              	.LASF31:
 661 0040 5265645F 		.ascii	"Red_LED_Write\000"
 661      4C45445F 
 661      57726974 
 661      6500
 662              	.LASF19:
 663 004e 41636365 		.ascii	"Accel_Init\000"
 663      6C5F496E 
 663      697400
 664              	.LASF36:
 665 0059 41636365 		.ascii	"Accel_MovementDetected\000"
 665      6C5F4D6F 
 665      76656D65 
 665      6E744465 
 665      74656374 
 666              	.LASF27:
 667 0070 4C6F636B 		.ascii	"Lock_Handle\000"
 667      5F48616E 
ARM GAS  C:\Users\ke\AppData\Local\Temp\cctqhcM3.s 			page 14


 667      646C6500 
 668              	.LASF14:
 669 007c 666C6F61 		.ascii	"float\000"
 669      7400
 670              	.LASF22:
 671 0082 4C45445F 		.ascii	"LED_Update\000"
 671      55706461 
 671      746500
 672              	.LASF38:
 673 008d 474E5520 		.ascii	"GNU C11 5.4.1 20160609 (release) [ARM/embedded-5-br"
 673      43313120 
 673      352E342E 
 673      31203230 
 673      31363036 
 674 00c0 616E6368 		.ascii	"anch revision 237715] -mcpu=cortex-m3 -mthumb -g -O"
 674      20726576 
 674      6973696F 
 674      6E203233 
 674      37373135 
 675 00f3 67202D66 		.ascii	"g -ffunction-sections -ffat-lto-objects\000"
 675      66756E63 
 675      74696F6E 
 675      2D736563 
 675      74696F6E 
 676              	.LASF5:
 677 011b 6C6F6E67 		.ascii	"long unsigned int\000"
 677      20756E73 
 677      69676E65 
 677      6420696E 
 677      7400
 678              	.LASF3:
 679 012d 73686F72 		.ascii	"short unsigned int\000"
 679      7420756E 
 679      7369676E 
 679      65642069 
 679      6E7400
 680              	.LASF24:
 681 0140 4B657970 		.ascii	"Keypad_Update\000"
 681      61645F55 
 681      70646174 
 681      6500
 682              	.LASF42:
 683 014e 49544D5F 		.ascii	"ITM_RxBuffer\000"
 683      52784275 
 683      66666572 
 683      00
 684              	.LASF1:
 685 015b 756E7369 		.ascii	"unsigned char\000"
 685      676E6564 
 685      20636861 
 685      7200
 686              	.LASF32:
 687 0169 47726565 		.ascii	"Green_LED_Write\000"
 687      6E5F4C45 
 687      445F5772 
 687      69746500 
 688              	.LASF15:
ARM GAS  C:\Users\ke\AppData\Local\Temp\cctqhcM3.s 			page 15


 689 0179 646F7562 		.ascii	"double\000"
 689      6C6500
 690              	.LASF41:
 691 0180 6D61696E 		.ascii	"main\000"
 691      00
 692              	.LASF26:
 693 0185 4B657970 		.ascii	"Keypad_GetCode\000"
 693      61645F47 
 693      6574436F 
 693      646500
 694              	.LASF8:
 695 0194 756E7369 		.ascii	"unsigned int\000"
 695      676E6564 
 695      20696E74 
 695      00
 696              	.LASF35:
 697 01a1 416C6172 		.ascii	"Alarm_IsTriggered\000"
 697      6D5F4973 
 697      54726967 
 697      67657265 
 697      6400
 698              	.LASF7:
 699 01b3 6C6F6E67 		.ascii	"long long unsigned int\000"
 699      206C6F6E 
 699      6720756E 
 699      7369676E 
 699      65642069 
 700              	.LASF13:
 701 01ca 696E7433 		.ascii	"int32_t\000"
 701      325F7400 
 702              	.LASF10:
 703 01d2 73697A65 		.ascii	"sizetype\000"
 703      74797065 
 703      00
 704              	.LASF6:
 705 01db 6C6F6E67 		.ascii	"long long int\000"
 705      206C6F6E 
 705      6720696E 
 705      7400
 706              	.LASF18:
 707 01e9 416C6172 		.ascii	"Alarm_Stop\000"
 707      6D5F5374 
 707      6F7000
 708              	.LASF39:
 709 01f4 6D61696E 		.ascii	"main.c\000"
 709      2E6300
 710              	.LASF11:
 711 01fb 63686172 		.ascii	"char\000"
 711      00
 712              	.LASF37:
 713 0200 416C6172 		.ascii	"Alarm_Trigger\000"
 713      6D5F5472 
 713      69676765 
 713      7200
 714              	.LASF23:
 715 020e 4B657970 		.ascii	"Keypad_isActive\000"
 715      61645F69 
ARM GAS  C:\Users\ke\AppData\Local\Temp\cctqhcM3.s 			page 16


 715      73416374 
 715      69766500 
 716              	.LASF30:
 717 021e 496E7075 		.ascii	"Input_Timeout_Deactivate\000"
 717      745F5469 
 717      6D656F75 
 717      745F4465 
 717      61637469 
 718              	.LASF2:
 719 0237 73686F72 		.ascii	"short int\000"
 719      7420696E 
 719      7400
 720              	.LASF34:
 721 0241 416C6172 		.ascii	"Alarm_IsArmed\000"
 721      6D5F4973 
 721      41726D65 
 721      6400
 722              	.LASF40:
 723 024f 433A5C55 		.ascii	"C:\\Users\\ke\\Gitfis\\Elektroteknologi-Projekt-1\\"
 723      73657273 
 723      5C6B655C 
 723      47697466 
 723      69735C45 
 724 027d 4472656A 		.ascii	"Drejeknap mm\\drejeknappelegen.cydsn\000"
 724      656B6E61 
 724      70206D6D 
 724      5C647265 
 724      6A656B6E 
 725              	.LASF4:
 726 02a1 6C6F6E67 		.ascii	"long int\000"
 726      20696E74 
 726      00
 727              	.LASF9:
 728 02aa 6C6F6E67 		.ascii	"long double\000"
 728      20646F75 
 728      626C6500 
 729              	.LASF28:
 730 02b6 496E7075 		.ascii	"Input_Timeout_HasExpired\000"
 730      745F5469 
 730      6D656F75 
 730      745F4861 
 730      73457870 
 731              	.LASF0:
 732 02cf 7369676E 		.ascii	"signed char\000"
 732      65642063 
 732      68617200 
 733              	.LASF29:
 734 02db 4B657970 		.ascii	"Keypad_Reset\000"
 734      61645F52 
 734      65736574 
 734      00
 735              	.LASF33:
 736 02e8 43794465 		.ascii	"CyDelay\000"
 736      6C617900 
 737              	.LASF21:
 738 02f0 416C6172 		.ascii	"Alarm_Run\000"
 738      6D5F5275 
ARM GAS  C:\Users\ke\AppData\Local\Temp\cctqhcM3.s 			page 17


 738      6E00
 739              		.ident	"GCC: (GNU Tools for ARM Embedded Processors) 5.4.1 20160609 (release) [ARM/embedded-5-bran
