ARM GAS  C:\Users\ke\AppData\Local\Temp\ccNoazQh.s 			page 1


   1              		.syntax unified
   2              		.cpu cortex-m3
   3              		.fpu softvfp
   4              		.eabi_attribute 20, 1
   5              		.eabi_attribute 21, 1
   6              		.eabi_attribute 23, 3
   7              		.eabi_attribute 24, 1
   8              		.eabi_attribute 25, 1
   9              		.eabi_attribute 26, 1
  10              		.eabi_attribute 30, 1
  11              		.eabi_attribute 34, 1
  12              		.eabi_attribute 18, 4
  13              		.thumb
  14              		.syntax unified
  15              		.file	"rotary.c"
  16              		.text
  17              	.Ltext0:
  18              		.cfi_sections	.debug_frame
  19              		.section	.text.isr_Rot,"ax",%progbits
  20              		.align	2
  21              		.global	isr_Rot
  22              		.thumb
  23              		.thumb_func
  24              		.type	isr_Rot, %function
  25              	isr_Rot:
  26              	.LFB63:
  27              		.file 1 "rotary.c"
   1:rotary.c      **** #include "project.h"
   2:rotary.c      **** #include "rotary.h"
   3:rotary.c      **** #include "timer.h"
   4:rotary.c      **** #include "keypad.h"
   5:rotary.c      **** 
   6:rotary.c      **** static volatile int8_t delta = 0;
   7:rotary.c      **** 
   8:rotary.c      **** CY_ISR(isr_Rot)
   9:rotary.c      **** {
  28              		.loc 1 9 0
  29              		.cfi_startproc
  30              		@ args = 0, pretend = 0, frame = 0
  31              		@ frame_needed = 0, uses_anonymous_args = 0
  32 0000 08B5     		push	{r3, lr}
  33              		.cfi_def_cfa_offset 8
  34              		.cfi_offset 3, -8
  35              		.cfi_offset 14, -4
  10:rotary.c      ****     if (Keypad_isActive() == 0)
  36              		.loc 1 10 0
  37 0002 FFF7FEFF 		bl	Keypad_isActive
  38              	.LVL0:
  39 0006 10B9     		cbnz	r0, .L2
  11:rotary.c      ****     {
  12:rotary.c      ****         Keypad_Activate();
  40              		.loc 1 12 0
  41 0008 FFF7FEFF 		bl	Keypad_Activate
  42              	.LVL1:
  43 000c 11E0     		b	.L3
  44              	.L2:
  13:rotary.c      ****     }
ARM GAS  C:\Users\ke\AppData\Local\Temp\ccNoazQh.s 			page 2


  14:rotary.c      ****     else if (Status_Rot_B_Read() & 0x01)
  45              		.loc 1 14 0
  46 000e FFF7FEFF 		bl	Status_Rot_B_Read
  47              	.LVL2:
  48 0012 10F0010F 		tst	r0, #1
  49 0016 06D0     		beq	.L4
  15:rotary.c      ****     {
  16:rotary.c      ****         delta++;
  50              		.loc 1 16 0
  51 0018 074A     		ldr	r2, .L6
  52 001a 1378     		ldrb	r3, [r2]	@ zero_extendqisi2
  53 001c 5BB2     		sxtb	r3, r3
  54 001e 0133     		adds	r3, r3, #1
  55 0020 5BB2     		sxtb	r3, r3
  56 0022 1370     		strb	r3, [r2]
  57 0024 05E0     		b	.L3
  58              	.L4:
  17:rotary.c      ****     }
  18:rotary.c      ****     else
  19:rotary.c      ****     {
  20:rotary.c      ****         delta--;
  59              		.loc 1 20 0
  60 0026 044A     		ldr	r2, .L6
  61 0028 1378     		ldrb	r3, [r2]	@ zero_extendqisi2
  62 002a 5BB2     		sxtb	r3, r3
  63 002c 013B     		subs	r3, r3, #1
  64 002e 5BB2     		sxtb	r3, r3
  65 0030 1370     		strb	r3, [r2]
  66              	.L3:
  21:rotary.c      ****     }
  22:rotary.c      ****     Input_Timeout_Reset();
  67              		.loc 1 22 0
  68 0032 FFF7FEFF 		bl	Input_Timeout_Reset
  69              	.LVL3:
  70 0036 08BD     		pop	{r3, pc}
  71              	.L7:
  72              		.align	2
  73              	.L6:
  74 0038 00000000 		.word	.LANCHOR0
  75              		.cfi_endproc
  76              	.LFE63:
  77              		.size	isr_Rot, .-isr_Rot
  78              		.section	.text.Rotary_Init,"ax",%progbits
  79              		.align	2
  80              		.global	Rotary_Init
  81              		.thumb
  82              		.thumb_func
  83              		.type	Rotary_Init, %function
  84              	Rotary_Init:
  85              	.LFB64:
  23:rotary.c      **** }
  24:rotary.c      **** 
  25:rotary.c      **** void Rotary_Init(void)
  26:rotary.c      **** {
  86              		.loc 1 26 0
  87              		.cfi_startproc
  88              		@ args = 0, pretend = 0, frame = 0
ARM GAS  C:\Users\ke\AppData\Local\Temp\ccNoazQh.s 			page 3


  89              		@ frame_needed = 0, uses_anonymous_args = 0
  90 0000 08B5     		push	{r3, lr}
  91              		.cfi_def_cfa_offset 8
  92              		.cfi_offset 3, -8
  93              		.cfi_offset 14, -4
  27:rotary.c      ****     isr_Rot_StartEx(isr_Rot);
  94              		.loc 1 27 0
  95 0002 0248     		ldr	r0, .L10
  96 0004 FFF7FEFF 		bl	isr_Rot_StartEx
  97              	.LVL4:
  98 0008 08BD     		pop	{r3, pc}
  99              	.L11:
 100 000a 00BF     		.align	2
 101              	.L10:
 102 000c 00000000 		.word	isr_Rot
 103              		.cfi_endproc
 104              	.LFE64:
 105              		.size	Rotary_Init, .-Rotary_Init
 106              		.section	.text.Rotary_GetDelta,"ax",%progbits
 107              		.align	2
 108              		.global	Rotary_GetDelta
 109              		.thumb
 110              		.thumb_func
 111              		.type	Rotary_GetDelta, %function
 112              	Rotary_GetDelta:
 113              	.LFB65:
  28:rotary.c      **** }
  29:rotary.c      **** 
  30:rotary.c      **** int8_t Rotary_GetDelta(void)
  31:rotary.c      **** {
 114              		.loc 1 31 0
 115              		.cfi_startproc
 116              		@ args = 0, pretend = 0, frame = 0
 117              		@ frame_needed = 0, uses_anonymous_args = 0
 118              		@ link register save eliminated.
  32:rotary.c      ****     int8_t d = delta;
 119              		.loc 1 32 0
 120 0000 024B     		ldr	r3, .L13
 121 0002 1878     		ldrb	r0, [r3]	@ zero_extendqisi2
 122              	.LVL5:
  33:rotary.c      ****     delta = 0;
 123              		.loc 1 33 0
 124 0004 0022     		movs	r2, #0
 125 0006 1A70     		strb	r2, [r3]
  34:rotary.c      ****     return d;
  35:rotary.c      **** }...
 126              		.loc 1 35 0
 127 0008 40B2     		sxtb	r0, r0
 128 000a 7047     		bx	lr
 129              	.L14:
 130              		.align	2
 131              	.L13:
 132 000c 00000000 		.word	.LANCHOR0
 133              		.cfi_endproc
 134              	.LFE65:
 135              		.size	Rotary_GetDelta, .-Rotary_GetDelta
 136              		.bss
ARM GAS  C:\Users\ke\AppData\Local\Temp\ccNoazQh.s 			page 4


 137              		.set	.LANCHOR0,. + 0
 138              		.type	delta, %object
 139              		.size	delta, 1
 140              	delta:
 141 0000 00       		.space	1
 142              		.text
 143              	.Letext0:
 144              		.file 2 "c:\\program files (x86)\\cypress\\psoc creator\\4.4\\psoc creator\\import\\gnu\\arm\\5.4.
 145              		.file 3 "c:\\program files (x86)\\cypress\\psoc creator\\4.4\\psoc creator\\import\\gnu\\arm\\5.4.
 146              		.file 4 "keypad.h"
 147              		.file 5 "Generated_Source\\PSoC5/Status_Rot_B.h"
 148              		.file 6 "timer.h"
 149              		.file 7 "Generated_Source\\PSoC5/isr_Rot.h"
 150              		.file 8 "Generated_Source\\PSoC5/core_cm3.h"
 151              		.section	.debug_info,"",%progbits
 152              	.Ldebug_info0:
 153 0000 9D010000 		.4byte	0x19d
 154 0004 0400     		.2byte	0x4
 155 0006 00000000 		.4byte	.Ldebug_abbrev0
 156 000a 04       		.byte	0x4
 157 000b 01       		.uleb128 0x1
 158 000c 66000000 		.4byte	.LASF26
 159 0010 0C       		.byte	0xc
 160 0011 F4000000 		.4byte	.LASF27
 161 0015 D3010000 		.4byte	.LASF28
 162 0019 00000000 		.4byte	.Ldebug_ranges0+0
 163 001d 00000000 		.4byte	0
 164 0021 00000000 		.4byte	.Ldebug_line0
 165 0025 02       		.uleb128 0x2
 166 0026 2E020000 		.4byte	.LASF4
 167 002a 02       		.byte	0x2
 168 002b 1B       		.byte	0x1b
 169 002c 30000000 		.4byte	0x30
 170 0030 03       		.uleb128 0x3
 171 0031 01       		.byte	0x1
 172 0032 06       		.byte	0x6
 173 0033 37020000 		.4byte	.LASF0
 174 0037 03       		.uleb128 0x3
 175 0038 01       		.byte	0x1
 176 0039 08       		.byte	0x8
 177 003a 58000000 		.4byte	.LASF1
 178 003e 03       		.uleb128 0x3
 179 003f 02       		.byte	0x2
 180 0040 05       		.byte	0x5
 181 0041 C9010000 		.4byte	.LASF2
 182 0045 03       		.uleb128 0x3
 183 0046 02       		.byte	0x2
 184 0047 07       		.byte	0x7
 185 0048 0F010000 		.4byte	.LASF3
 186 004c 02       		.uleb128 0x2
 187 004d 2C000000 		.4byte	.LASF5
 188 0051 02       		.byte	0x2
 189 0052 3F       		.byte	0x3f
 190 0053 57000000 		.4byte	0x57
 191 0057 03       		.uleb128 0x3
 192 0058 04       		.byte	0x4
 193 0059 05       		.byte	0x5
ARM GAS  C:\Users\ke\AppData\Local\Temp\ccNoazQh.s 			page 5


 194 005a 25020000 		.4byte	.LASF6
 195 005e 03       		.uleb128 0x3
 196 005f 04       		.byte	0x4
 197 0060 07       		.byte	0x7
 198 0061 FD000000 		.4byte	.LASF7
 199 0065 03       		.uleb128 0x3
 200 0066 08       		.byte	0x8
 201 0067 05       		.byte	0x5
 202 0068 96010000 		.4byte	.LASF8
 203 006c 03       		.uleb128 0x3
 204 006d 08       		.byte	0x8
 205 006e 07       		.byte	0x7
 206 006f 6A010000 		.4byte	.LASF9
 207 0073 04       		.uleb128 0x4
 208 0074 04       		.byte	0x4
 209 0075 05       		.byte	0x5
 210 0076 696E7400 		.ascii	"int\000"
 211 007a 03       		.uleb128 0x3
 212 007b 04       		.byte	0x4
 213 007c 07       		.byte	0x7
 214 007d 5D010000 		.4byte	.LASF10
 215 0081 02       		.uleb128 0x2
 216 0082 43000000 		.4byte	.LASF11
 217 0086 03       		.byte	0x3
 218 0087 14       		.byte	0x14
 219 0088 25000000 		.4byte	0x25
 220 008c 02       		.uleb128 0x2
 221 008d 4A000000 		.4byte	.LASF12
 222 0091 03       		.byte	0x3
 223 0092 2C       		.byte	0x2c
 224 0093 4C000000 		.4byte	0x4c
 225 0097 03       		.uleb128 0x3
 226 0098 04       		.byte	0x4
 227 0099 04       		.byte	0x4
 228 009a 52000000 		.4byte	.LASF13
 229 009e 03       		.uleb128 0x3
 230 009f 08       		.byte	0x8
 231 00a0 04       		.byte	0x4
 232 00a1 3C000000 		.4byte	.LASF14
 233 00a5 03       		.uleb128 0x3
 234 00a6 01       		.byte	0x1
 235 00a7 08       		.byte	0x8
 236 00a8 B4010000 		.4byte	.LASF15
 237 00ac 03       		.uleb128 0x3
 238 00ad 08       		.byte	0x8
 239 00ae 04       		.byte	0x4
 240 00af 81010000 		.4byte	.LASF16
 241 00b3 03       		.uleb128 0x3
 242 00b4 04       		.byte	0x4
 243 00b5 07       		.byte	0x7
 244 00b6 8D010000 		.4byte	.LASF17
 245 00ba 05       		.uleb128 0x5
 246 00bb 24000000 		.4byte	.LASF18
 247 00bf 01       		.byte	0x1
 248 00c0 08       		.byte	0x8
 249 00c1 00000000 		.4byte	.LFB63
 250 00c5 3C000000 		.4byte	.LFE63-.LFB63
ARM GAS  C:\Users\ke\AppData\Local\Temp\ccNoazQh.s 			page 6


 251 00c9 01       		.uleb128 0x1
 252 00ca 9C       		.byte	0x9c
 253 00cb F4000000 		.4byte	0xf4
 254 00cf 06       		.uleb128 0x6
 255 00d0 06000000 		.4byte	.LVL0
 256 00d4 69010000 		.4byte	0x169
 257 00d8 06       		.uleb128 0x6
 258 00d9 0C000000 		.4byte	.LVL1
 259 00dd 74010000 		.4byte	0x174
 260 00e1 06       		.uleb128 0x6
 261 00e2 12000000 		.4byte	.LVL2
 262 00e6 7F010000 		.4byte	0x17f
 263 00ea 06       		.uleb128 0x6
 264 00eb 36000000 		.4byte	.LVL3
 265 00ef 8A010000 		.4byte	0x18a
 266 00f3 00       		.byte	0
 267 00f4 05       		.uleb128 0x5
 268 00f5 2F010000 		.4byte	.LASF19
 269 00f9 01       		.byte	0x1
 270 00fa 19       		.byte	0x19
 271 00fb 00000000 		.4byte	.LFB64
 272 00ff 10000000 		.4byte	.LFE64-.LFB64
 273 0103 01       		.uleb128 0x1
 274 0104 9C       		.byte	0x9c
 275 0105 1D010000 		.4byte	0x11d
 276 0109 07       		.uleb128 0x7
 277 010a 08000000 		.4byte	.LVL4
 278 010e 95010000 		.4byte	0x195
 279 0112 08       		.uleb128 0x8
 280 0113 01       		.uleb128 0x1
 281 0114 50       		.byte	0x50
 282 0115 05       		.uleb128 0x5
 283 0116 03       		.byte	0x3
 284 0117 00000000 		.4byte	isr_Rot
 285 011b 00       		.byte	0
 286 011c 00       		.byte	0
 287 011d 09       		.uleb128 0x9
 288 011e 4D010000 		.4byte	.LASF29
 289 0122 01       		.byte	0x1
 290 0123 1E       		.byte	0x1e
 291 0124 81000000 		.4byte	0x81
 292 0128 00000000 		.4byte	.LFB65
 293 012c 10000000 		.4byte	.LFE65-.LFB65
 294 0130 01       		.uleb128 0x1
 295 0131 9C       		.byte	0x9c
 296 0132 42010000 		.4byte	0x142
 297 0136 0A       		.uleb128 0xa
 298 0137 6400     		.ascii	"d\000"
 299 0139 01       		.byte	0x1
 300 013a 20       		.byte	0x20
 301 013b 81000000 		.4byte	0x81
 302 013f 01       		.uleb128 0x1
 303 0140 50       		.byte	0x50
 304 0141 00       		.byte	0
 305 0142 0B       		.uleb128 0xb
 306 0143 36000000 		.4byte	.LASF20
 307 0147 01       		.byte	0x1
ARM GAS  C:\Users\ke\AppData\Local\Temp\ccNoazQh.s 			page 7


 308 0148 06       		.byte	0x6
 309 0149 53010000 		.4byte	0x153
 310 014d 05       		.uleb128 0x5
 311 014e 03       		.byte	0x3
 312 014f 00000000 		.4byte	delta
 313 0153 0C       		.uleb128 0xc
 314 0154 81000000 		.4byte	0x81
 315 0158 0D       		.uleb128 0xd
 316 0159 22010000 		.4byte	.LASF30
 317 015d 08       		.byte	0x8
 318 015e 1207     		.2byte	0x712
 319 0160 64010000 		.4byte	0x164
 320 0164 0C       		.uleb128 0xc
 321 0165 8C000000 		.4byte	0x8c
 322 0169 0E       		.uleb128 0xe
 323 016a B9010000 		.4byte	.LASF21
 324 016e B9010000 		.4byte	.LASF21
 325 0172 04       		.byte	0x4
 326 0173 09       		.byte	0x9
 327 0174 0E       		.uleb128 0xe
 328 0175 00000000 		.4byte	.LASF22
 329 0179 00000000 		.4byte	.LASF22
 330 017d 04       		.byte	0x4
 331 017e 05       		.byte	0x5
 332 017f 0E       		.uleb128 0xe
 333 0180 3B010000 		.4byte	.LASF23
 334 0184 3B010000 		.4byte	.LASF23
 335 0188 05       		.byte	0x5
 336 0189 30       		.byte	0x30
 337 018a 0E       		.uleb128 0xe
 338 018b 10000000 		.4byte	.LASF24
 339 018f 10000000 		.4byte	.LASF24
 340 0193 06       		.byte	0x6
 341 0194 0B       		.byte	0xb
 342 0195 0E       		.uleb128 0xe
 343 0196 A4010000 		.4byte	.LASF25
 344 019a A4010000 		.4byte	.LASF25
 345 019e 07       		.byte	0x7
 346 019f 18       		.byte	0x18
 347 01a0 00       		.byte	0
 348              		.section	.debug_abbrev,"",%progbits
 349              	.Ldebug_abbrev0:
 350 0000 01       		.uleb128 0x1
 351 0001 11       		.uleb128 0x11
 352 0002 01       		.byte	0x1
 353 0003 25       		.uleb128 0x25
 354 0004 0E       		.uleb128 0xe
 355 0005 13       		.uleb128 0x13
 356 0006 0B       		.uleb128 0xb
 357 0007 03       		.uleb128 0x3
 358 0008 0E       		.uleb128 0xe
 359 0009 1B       		.uleb128 0x1b
 360 000a 0E       		.uleb128 0xe
 361 000b 55       		.uleb128 0x55
 362 000c 17       		.uleb128 0x17
 363 000d 11       		.uleb128 0x11
 364 000e 01       		.uleb128 0x1
ARM GAS  C:\Users\ke\AppData\Local\Temp\ccNoazQh.s 			page 8


 365 000f 10       		.uleb128 0x10
 366 0010 17       		.uleb128 0x17
 367 0011 00       		.byte	0
 368 0012 00       		.byte	0
 369 0013 02       		.uleb128 0x2
 370 0014 16       		.uleb128 0x16
 371 0015 00       		.byte	0
 372 0016 03       		.uleb128 0x3
 373 0017 0E       		.uleb128 0xe
 374 0018 3A       		.uleb128 0x3a
 375 0019 0B       		.uleb128 0xb
 376 001a 3B       		.uleb128 0x3b
 377 001b 0B       		.uleb128 0xb
 378 001c 49       		.uleb128 0x49
 379 001d 13       		.uleb128 0x13
 380 001e 00       		.byte	0
 381 001f 00       		.byte	0
 382 0020 03       		.uleb128 0x3
 383 0021 24       		.uleb128 0x24
 384 0022 00       		.byte	0
 385 0023 0B       		.uleb128 0xb
 386 0024 0B       		.uleb128 0xb
 387 0025 3E       		.uleb128 0x3e
 388 0026 0B       		.uleb128 0xb
 389 0027 03       		.uleb128 0x3
 390 0028 0E       		.uleb128 0xe
 391 0029 00       		.byte	0
 392 002a 00       		.byte	0
 393 002b 04       		.uleb128 0x4
 394 002c 24       		.uleb128 0x24
 395 002d 00       		.byte	0
 396 002e 0B       		.uleb128 0xb
 397 002f 0B       		.uleb128 0xb
 398 0030 3E       		.uleb128 0x3e
 399 0031 0B       		.uleb128 0xb
 400 0032 03       		.uleb128 0x3
 401 0033 08       		.uleb128 0x8
 402 0034 00       		.byte	0
 403 0035 00       		.byte	0
 404 0036 05       		.uleb128 0x5
 405 0037 2E       		.uleb128 0x2e
 406 0038 01       		.byte	0x1
 407 0039 3F       		.uleb128 0x3f
 408 003a 19       		.uleb128 0x19
 409 003b 03       		.uleb128 0x3
 410 003c 0E       		.uleb128 0xe
 411 003d 3A       		.uleb128 0x3a
 412 003e 0B       		.uleb128 0xb
 413 003f 3B       		.uleb128 0x3b
 414 0040 0B       		.uleb128 0xb
 415 0041 27       		.uleb128 0x27
 416 0042 19       		.uleb128 0x19
 417 0043 11       		.uleb128 0x11
 418 0044 01       		.uleb128 0x1
 419 0045 12       		.uleb128 0x12
 420 0046 06       		.uleb128 0x6
 421 0047 40       		.uleb128 0x40
ARM GAS  C:\Users\ke\AppData\Local\Temp\ccNoazQh.s 			page 9


 422 0048 18       		.uleb128 0x18
 423 0049 9742     		.uleb128 0x2117
 424 004b 19       		.uleb128 0x19
 425 004c 01       		.uleb128 0x1
 426 004d 13       		.uleb128 0x13
 427 004e 00       		.byte	0
 428 004f 00       		.byte	0
 429 0050 06       		.uleb128 0x6
 430 0051 898201   		.uleb128 0x4109
 431 0054 00       		.byte	0
 432 0055 11       		.uleb128 0x11
 433 0056 01       		.uleb128 0x1
 434 0057 31       		.uleb128 0x31
 435 0058 13       		.uleb128 0x13
 436 0059 00       		.byte	0
 437 005a 00       		.byte	0
 438 005b 07       		.uleb128 0x7
 439 005c 898201   		.uleb128 0x4109
 440 005f 01       		.byte	0x1
 441 0060 11       		.uleb128 0x11
 442 0061 01       		.uleb128 0x1
 443 0062 31       		.uleb128 0x31
 444 0063 13       		.uleb128 0x13
 445 0064 00       		.byte	0
 446 0065 00       		.byte	0
 447 0066 08       		.uleb128 0x8
 448 0067 8A8201   		.uleb128 0x410a
 449 006a 00       		.byte	0
 450 006b 02       		.uleb128 0x2
 451 006c 18       		.uleb128 0x18
 452 006d 9142     		.uleb128 0x2111
 453 006f 18       		.uleb128 0x18
 454 0070 00       		.byte	0
 455 0071 00       		.byte	0
 456 0072 09       		.uleb128 0x9
 457 0073 2E       		.uleb128 0x2e
 458 0074 01       		.byte	0x1
 459 0075 3F       		.uleb128 0x3f
 460 0076 19       		.uleb128 0x19
 461 0077 03       		.uleb128 0x3
 462 0078 0E       		.uleb128 0xe
 463 0079 3A       		.uleb128 0x3a
 464 007a 0B       		.uleb128 0xb
 465 007b 3B       		.uleb128 0x3b
 466 007c 0B       		.uleb128 0xb
 467 007d 27       		.uleb128 0x27
 468 007e 19       		.uleb128 0x19
 469 007f 49       		.uleb128 0x49
 470 0080 13       		.uleb128 0x13
 471 0081 11       		.uleb128 0x11
 472 0082 01       		.uleb128 0x1
 473 0083 12       		.uleb128 0x12
 474 0084 06       		.uleb128 0x6
 475 0085 40       		.uleb128 0x40
 476 0086 18       		.uleb128 0x18
 477 0087 9742     		.uleb128 0x2117
 478 0089 19       		.uleb128 0x19
ARM GAS  C:\Users\ke\AppData\Local\Temp\ccNoazQh.s 			page 10


 479 008a 01       		.uleb128 0x1
 480 008b 13       		.uleb128 0x13
 481 008c 00       		.byte	0
 482 008d 00       		.byte	0
 483 008e 0A       		.uleb128 0xa
 484 008f 34       		.uleb128 0x34
 485 0090 00       		.byte	0
 486 0091 03       		.uleb128 0x3
 487 0092 08       		.uleb128 0x8
 488 0093 3A       		.uleb128 0x3a
 489 0094 0B       		.uleb128 0xb
 490 0095 3B       		.uleb128 0x3b
 491 0096 0B       		.uleb128 0xb
 492 0097 49       		.uleb128 0x49
 493 0098 13       		.uleb128 0x13
 494 0099 02       		.uleb128 0x2
 495 009a 18       		.uleb128 0x18
 496 009b 00       		.byte	0
 497 009c 00       		.byte	0
 498 009d 0B       		.uleb128 0xb
 499 009e 34       		.uleb128 0x34
 500 009f 00       		.byte	0
 501 00a0 03       		.uleb128 0x3
 502 00a1 0E       		.uleb128 0xe
 503 00a2 3A       		.uleb128 0x3a
 504 00a3 0B       		.uleb128 0xb
 505 00a4 3B       		.uleb128 0x3b
 506 00a5 0B       		.uleb128 0xb
 507 00a6 49       		.uleb128 0x49
 508 00a7 13       		.uleb128 0x13
 509 00a8 02       		.uleb128 0x2
 510 00a9 18       		.uleb128 0x18
 511 00aa 00       		.byte	0
 512 00ab 00       		.byte	0
 513 00ac 0C       		.uleb128 0xc
 514 00ad 35       		.uleb128 0x35
 515 00ae 00       		.byte	0
 516 00af 49       		.uleb128 0x49
 517 00b0 13       		.uleb128 0x13
 518 00b1 00       		.byte	0
 519 00b2 00       		.byte	0
 520 00b3 0D       		.uleb128 0xd
 521 00b4 34       		.uleb128 0x34
 522 00b5 00       		.byte	0
 523 00b6 03       		.uleb128 0x3
 524 00b7 0E       		.uleb128 0xe
 525 00b8 3A       		.uleb128 0x3a
 526 00b9 0B       		.uleb128 0xb
 527 00ba 3B       		.uleb128 0x3b
 528 00bb 05       		.uleb128 0x5
 529 00bc 49       		.uleb128 0x49
 530 00bd 13       		.uleb128 0x13
 531 00be 3F       		.uleb128 0x3f
 532 00bf 19       		.uleb128 0x19
 533 00c0 3C       		.uleb128 0x3c
 534 00c1 19       		.uleb128 0x19
 535 00c2 00       		.byte	0
ARM GAS  C:\Users\ke\AppData\Local\Temp\ccNoazQh.s 			page 11


 536 00c3 00       		.byte	0
 537 00c4 0E       		.uleb128 0xe
 538 00c5 2E       		.uleb128 0x2e
 539 00c6 00       		.byte	0
 540 00c7 3F       		.uleb128 0x3f
 541 00c8 19       		.uleb128 0x19
 542 00c9 3C       		.uleb128 0x3c
 543 00ca 19       		.uleb128 0x19
 544 00cb 6E       		.uleb128 0x6e
 545 00cc 0E       		.uleb128 0xe
 546 00cd 03       		.uleb128 0x3
 547 00ce 0E       		.uleb128 0xe
 548 00cf 3A       		.uleb128 0x3a
 549 00d0 0B       		.uleb128 0xb
 550 00d1 3B       		.uleb128 0x3b
 551 00d2 0B       		.uleb128 0xb
 552 00d3 00       		.byte	0
 553 00d4 00       		.byte	0
 554 00d5 00       		.byte	0
 555              		.section	.debug_aranges,"",%progbits
 556 0000 2C000000 		.4byte	0x2c
 557 0004 0200     		.2byte	0x2
 558 0006 00000000 		.4byte	.Ldebug_info0
 559 000a 04       		.byte	0x4
 560 000b 00       		.byte	0
 561 000c 0000     		.2byte	0
 562 000e 0000     		.2byte	0
 563 0010 00000000 		.4byte	.LFB63
 564 0014 3C000000 		.4byte	.LFE63-.LFB63
 565 0018 00000000 		.4byte	.LFB64
 566 001c 10000000 		.4byte	.LFE64-.LFB64
 567 0020 00000000 		.4byte	.LFB65
 568 0024 10000000 		.4byte	.LFE65-.LFB65
 569 0028 00000000 		.4byte	0
 570 002c 00000000 		.4byte	0
 571              		.section	.debug_ranges,"",%progbits
 572              	.Ldebug_ranges0:
 573 0000 00000000 		.4byte	.LFB63
 574 0004 3C000000 		.4byte	.LFE63
 575 0008 00000000 		.4byte	.LFB64
 576 000c 10000000 		.4byte	.LFE64
 577 0010 00000000 		.4byte	.LFB65
 578 0014 10000000 		.4byte	.LFE65
 579 0018 00000000 		.4byte	0
 580 001c 00000000 		.4byte	0
 581              		.section	.debug_line,"",%progbits
 582              	.Ldebug_line0:
 583 0000 B2010000 		.section	.debug_str,"MS",%progbits,1
 583      02007701 
 583      00000201 
 583      FB0E0D00 
 583      01010101 
 584              	.LASF22:
 585 0000 4B657970 		.ascii	"Keypad_Activate\000"
 585      61645F41 
 585      63746976 
 585      61746500 
ARM GAS  C:\Users\ke\AppData\Local\Temp\ccNoazQh.s 			page 12


 586              	.LASF24:
 587 0010 496E7075 		.ascii	"Input_Timeout_Reset\000"
 587      745F5469 
 587      6D656F75 
 587      745F5265 
 587      73657400 
 588              	.LASF18:
 589 0024 6973725F 		.ascii	"isr_Rot\000"
 589      526F7400 
 590              	.LASF5:
 591 002c 5F5F696E 		.ascii	"__int32_t\000"
 591      7433325F 
 591      7400
 592              	.LASF20:
 593 0036 64656C74 		.ascii	"delta\000"
 593      6100
 594              	.LASF14:
 595 003c 646F7562 		.ascii	"double\000"
 595      6C6500
 596              	.LASF11:
 597 0043 696E7438 		.ascii	"int8_t\000"
 597      5F7400
 598              	.LASF12:
 599 004a 696E7433 		.ascii	"int32_t\000"
 599      325F7400 
 600              	.LASF13:
 601 0052 666C6F61 		.ascii	"float\000"
 601      7400
 602              	.LASF1:
 603 0058 756E7369 		.ascii	"unsigned char\000"
 603      676E6564 
 603      20636861 
 603      7200
 604              	.LASF26:
 605 0066 474E5520 		.ascii	"GNU C11 5.4.1 20160609 (release) [ARM/embedded-5-br"
 605      43313120 
 605      352E342E 
 605      31203230 
 605      31363036 
 606 0099 616E6368 		.ascii	"anch revision 237715] -mcpu=cortex-m3 -mthumb -g -O"
 606      20726576 
 606      6973696F 
 606      6E203233 
 606      37373135 
 607 00cc 67202D66 		.ascii	"g -ffunction-sections -ffat-lto-objects\000"
 607      66756E63 
 607      74696F6E 
 607      2D736563 
 607      74696F6E 
 608              	.LASF27:
 609 00f4 726F7461 		.ascii	"rotary.c\000"
 609      72792E63 
 609      00
 610              	.LASF7:
 611 00fd 6C6F6E67 		.ascii	"long unsigned int\000"
 611      20756E73 
 611      69676E65 
ARM GAS  C:\Users\ke\AppData\Local\Temp\ccNoazQh.s 			page 13


 611      6420696E 
 611      7400
 612              	.LASF3:
 613 010f 73686F72 		.ascii	"short unsigned int\000"
 613      7420756E 
 613      7369676E 
 613      65642069 
 613      6E7400
 614              	.LASF30:
 615 0122 49544D5F 		.ascii	"ITM_RxBuffer\000"
 615      52784275 
 615      66666572 
 615      00
 616              	.LASF19:
 617 012f 526F7461 		.ascii	"Rotary_Init\000"
 617      72795F49 
 617      6E697400 
 618              	.LASF23:
 619 013b 53746174 		.ascii	"Status_Rot_B_Read\000"
 619      75735F52 
 619      6F745F42 
 619      5F526561 
 619      6400
 620              	.LASF29:
 621 014d 526F7461 		.ascii	"Rotary_GetDelta\000"
 621      72795F47 
 621      65744465 
 621      6C746100 
 622              	.LASF10:
 623 015d 756E7369 		.ascii	"unsigned int\000"
 623      676E6564 
 623      20696E74 
 623      00
 624              	.LASF9:
 625 016a 6C6F6E67 		.ascii	"long long unsigned int\000"
 625      206C6F6E 
 625      6720756E 
 625      7369676E 
 625      65642069 
 626              	.LASF16:
 627 0181 6C6F6E67 		.ascii	"long double\000"
 627      20646F75 
 627      626C6500 
 628              	.LASF17:
 629 018d 73697A65 		.ascii	"sizetype\000"
 629      74797065 
 629      00
 630              	.LASF8:
 631 0196 6C6F6E67 		.ascii	"long long int\000"
 631      206C6F6E 
 631      6720696E 
 631      7400
 632              	.LASF25:
 633 01a4 6973725F 		.ascii	"isr_Rot_StartEx\000"
 633      526F745F 
 633      53746172 
 633      74457800 
ARM GAS  C:\Users\ke\AppData\Local\Temp\ccNoazQh.s 			page 14


 634              	.LASF15:
 635 01b4 63686172 		.ascii	"char\000"
 635      00
 636              	.LASF21:
 637 01b9 4B657970 		.ascii	"Keypad_isActive\000"
 637      61645F69 
 637      73416374 
 637      69766500 
 638              	.LASF2:
 639 01c9 73686F72 		.ascii	"short int\000"
 639      7420696E 
 639      7400
 640              	.LASF28:
 641 01d3 433A5C55 		.ascii	"C:\\Users\\ke\\Gitfis\\Elektroteknologi-Projekt-1\\"
 641      73657273 
 641      5C6B655C 
 641      47697466 
 641      69735C45 
 642 0201 4472656A 		.ascii	"Drejeknap mm\\drejeknappelegen.cydsn\000"
 642      656B6E61 
 642      70206D6D 
 642      5C647265 
 642      6A656B6E 
 643              	.LASF6:
 644 0225 6C6F6E67 		.ascii	"long int\000"
 644      20696E74 
 644      00
 645              	.LASF4:
 646 022e 5F5F696E 		.ascii	"__int8_t\000"
 646      74385F74 
 646      00
 647              	.LASF0:
 648 0237 7369676E 		.ascii	"signed char\000"
 648      65642063 
 648      68617200 
 649              		.ident	"GCC: (GNU Tools for ARM Embedded Processors) 5.4.1 20160609 (release) [ARM/embedded-5-bran
