ARM GAS  C:\Users\ke\AppData\Local\Temp\cc2Xk1Gy.s 			page 1


   1              		.syntax unified
   2              		.cpu cortex-m3
   3              		.fpu softvfp
   4              		.eabi_attribute 20, 1
   5              		.eabi_attribute 21, 1
   6              		.eabi_attribute 23, 3
   7              		.eabi_attribute 24, 1
   8              		.eabi_attribute 25, 1
   9              		.eabi_attribute 26, 1
  10              		.eabi_attribute 30, 1
  11              		.eabi_attribute 34, 1
  12              		.eabi_attribute 18, 4
  13              		.thumb
  14              		.syntax unified
  15              		.file	"systick.c"
  16              		.text
  17              	.Ltext0:
  18              		.cfi_sections	.debug_frame
  19              		.section	.text.systick_isr,"ax",%progbits
  20              		.align	2
  21              		.global	systick_isr
  22              		.thumb
  23              		.thumb_func
  24              		.type	systick_isr, %function
  25              	systick_isr:
  26              	.LFB63:
  27              		.file 1 "systick.c"
   1:systick.c     **** #include "project.h"
   2:systick.c     **** #include "systick.h"
   3:systick.c     **** volatile uint32_t tick_ms = 0;
   4:systick.c     **** 
   5:systick.c     **** CY_ISR(systick_isr)
   6:systick.c     **** {
  28              		.loc 1 6 0
  29              		.cfi_startproc
  30              		@ args = 0, pretend = 0, frame = 0
  31              		@ frame_needed = 0, uses_anonymous_args = 0
  32 0000 08B5     		push	{r3, lr}
  33              		.cfi_def_cfa_offset 8
  34              		.cfi_offset 3, -8
  35              		.cfi_offset 14, -4
   7:systick.c     ****     SysTickTimer_ReadStatusRegister();
  36              		.loc 1 7 0
  37 0002 FFF7FEFF 		bl	SysTickTimer_ReadStatusRegister
  38              	.LVL0:
   8:systick.c     ****     tick_ms++;
  39              		.loc 1 8 0
  40 0006 024A     		ldr	r2, .L3
  41 0008 1368     		ldr	r3, [r2]
  42 000a 0133     		adds	r3, r3, #1
  43 000c 1360     		str	r3, [r2]
  44 000e 08BD     		pop	{r3, pc}
  45              	.L4:
  46              		.align	2
  47              	.L3:
  48 0010 00000000 		.word	.LANCHOR0
  49              		.cfi_endproc
ARM GAS  C:\Users\ke\AppData\Local\Temp\cc2Xk1Gy.s 			page 2


  50              	.LFE63:
  51              		.size	systick_isr, .-systick_isr
  52              		.section	.text.SysTick_Init,"ax",%progbits
  53              		.align	2
  54              		.global	SysTick_Init
  55              		.thumb
  56              		.thumb_func
  57              		.type	SysTick_Init, %function
  58              	SysTick_Init:
  59              	.LFB64:
   9:systick.c     **** }
  10:systick.c     **** 
  11:systick.c     **** void SysTick_Init(void)
  12:systick.c     **** {
  60              		.loc 1 12 0
  61              		.cfi_startproc
  62              		@ args = 0, pretend = 0, frame = 0
  63              		@ frame_needed = 0, uses_anonymous_args = 0
  64 0000 08B5     		push	{r3, lr}
  65              		.cfi_def_cfa_offset 8
  66              		.cfi_offset 3, -8
  67              		.cfi_offset 14, -4
  13:systick.c     ****     SysTickTimer_Start();
  68              		.loc 1 13 0
  69 0002 FFF7FEFF 		bl	SysTickTimer_Start
  70              	.LVL1:
  14:systick.c     ****     systick_isr_StartEx(systick_isr);
  71              		.loc 1 14 0
  72 0006 0248     		ldr	r0, .L7
  73 0008 FFF7FEFF 		bl	systick_isr_StartEx
  74              	.LVL2:
  75 000c 08BD     		pop	{r3, pc}
  76              	.L8:
  77 000e 00BF     		.align	2
  78              	.L7:
  79 0010 00000000 		.word	systick_isr
  80              		.cfi_endproc
  81              	.LFE64:
  82              		.size	SysTick_Init, .-SysTick_Init
  83              		.global	tick_ms
  84              		.bss
  85              		.align	2
  86              		.set	.LANCHOR0,. + 0
  87              		.type	tick_ms, %object
  88              		.size	tick_ms, 4
  89              	tick_ms:
  90 0000 00000000 		.space	4
  91              		.text
  92              	.Letext0:
  93              		.file 2 "c:\\program files (x86)\\cypress\\psoc creator\\4.4\\psoc creator\\import\\gnu\\arm\\5.4.
  94              		.file 3 "c:\\program files (x86)\\cypress\\psoc creator\\4.4\\psoc creator\\import\\gnu\\arm\\5.4.
  95              		.file 4 "Generated_Source\\PSoC5/core_cm3.h"
  96              		.file 5 "Generated_Source\\PSoC5/SysTickTimer.h"
  97              		.file 6 "Generated_Source\\PSoC5/systick_isr.h"
  98              		.section	.debug_info,"",%progbits
  99              	.Ldebug_info0:
 100 0000 50010000 		.4byte	0x150
ARM GAS  C:\Users\ke\AppData\Local\Temp\cc2Xk1Gy.s 			page 3


 101 0004 0400     		.2byte	0x4
 102 0006 00000000 		.4byte	.Ldebug_abbrev0
 103 000a 04       		.byte	0x4
 104 000b 01       		.uleb128 0x1
 105 000c 4C000000 		.4byte	.LASF25
 106 0010 0C       		.byte	0xc
 107 0011 01020000 		.4byte	.LASF26
 108 0015 A5010000 		.4byte	.LASF27
 109 0019 00000000 		.4byte	.Ldebug_ranges0+0
 110 001d 00000000 		.4byte	0
 111 0021 00000000 		.4byte	.Ldebug_line0
 112 0025 02       		.uleb128 0x2
 113 0026 01       		.byte	0x1
 114 0027 06       		.byte	0x6
 115 0028 7D010000 		.4byte	.LASF0
 116 002c 02       		.uleb128 0x2
 117 002d 01       		.byte	0x1
 118 002e 08       		.byte	0x8
 119 002f 2B010000 		.4byte	.LASF1
 120 0033 02       		.uleb128 0x2
 121 0034 02       		.byte	0x2
 122 0035 05       		.byte	0x5
 123 0036 F7010000 		.4byte	.LASF2
 124 003a 02       		.uleb128 0x2
 125 003b 02       		.byte	0x2
 126 003c 07       		.byte	0x7
 127 003d 0E000000 		.4byte	.LASF3
 128 0041 03       		.uleb128 0x3
 129 0042 95010000 		.4byte	.LASF5
 130 0046 02       		.byte	0x2
 131 0047 3F       		.byte	0x3f
 132 0048 4C000000 		.4byte	0x4c
 133 004c 02       		.uleb128 0x2
 134 004d 04       		.byte	0x4
 135 004e 05       		.byte	0x5
 136 004f 47010000 		.4byte	.LASF4
 137 0053 03       		.uleb128 0x3
 138 0054 2E000000 		.4byte	.LASF6
 139 0058 02       		.byte	0x2
 140 0059 41       		.byte	0x41
 141 005a 5E000000 		.4byte	0x5e
 142 005e 02       		.uleb128 0x2
 143 005f 04       		.byte	0x4
 144 0060 07       		.byte	0x7
 145 0061 FA000000 		.4byte	.LASF7
 146 0065 02       		.uleb128 0x2
 147 0066 08       		.byte	0x8
 148 0067 05       		.byte	0x5
 149 0068 00000000 		.4byte	.LASF8
 150 006c 02       		.uleb128 0x2
 151 006d 08       		.byte	0x8
 152 006e 07       		.byte	0x7
 153 006f 0C010000 		.4byte	.LASF9
 154 0073 04       		.uleb128 0x4
 155 0074 04       		.byte	0x4
 156 0075 05       		.byte	0x5
 157 0076 696E7400 		.ascii	"int\000"
ARM GAS  C:\Users\ke\AppData\Local\Temp\cc2Xk1Gy.s 			page 4


 158 007a 02       		.uleb128 0x2
 159 007b 04       		.byte	0x4
 160 007c 07       		.byte	0x7
 161 007d 21000000 		.4byte	.LASF10
 162 0081 03       		.uleb128 0x3
 163 0082 0B020000 		.4byte	.LASF11
 164 0086 03       		.byte	0x3
 165 0087 2C       		.byte	0x2c
 166 0088 41000000 		.4byte	0x41
 167 008c 03       		.uleb128 0x3
 168 008d 3E010000 		.4byte	.LASF12
 169 0091 03       		.byte	0x3
 170 0092 30       		.byte	0x30
 171 0093 53000000 		.4byte	0x53
 172 0097 02       		.uleb128 0x2
 173 0098 04       		.byte	0x4
 174 0099 04       		.byte	0x4
 175 009a 9F010000 		.4byte	.LASF13
 176 009e 02       		.uleb128 0x2
 177 009f 08       		.byte	0x8
 178 00a0 04       		.byte	0x4
 179 00a1 69010000 		.4byte	.LASF14
 180 00a5 02       		.uleb128 0x2
 181 00a6 01       		.byte	0x1
 182 00a7 08       		.byte	0x8
 183 00a8 39010000 		.4byte	.LASF15
 184 00ac 02       		.uleb128 0x2
 185 00ad 08       		.byte	0x8
 186 00ae 04       		.byte	0x4
 187 00af 89010000 		.4byte	.LASF16
 188 00b3 02       		.uleb128 0x2
 189 00b4 04       		.byte	0x4
 190 00b5 07       		.byte	0x7
 191 00b6 27020000 		.4byte	.LASF17
 192 00ba 05       		.uleb128 0x5
 193 00bb 8C000000 		.4byte	0x8c
 194 00bf 06       		.uleb128 0x6
 195 00c0 5D010000 		.4byte	.LASF18
 196 00c4 01       		.byte	0x1
 197 00c5 05       		.byte	0x5
 198 00c6 00000000 		.4byte	.LFB63
 199 00ca 14000000 		.4byte	.LFE63-.LFB63
 200 00ce 01       		.uleb128 0x1
 201 00cf 9C       		.byte	0x9c
 202 00d0 DE000000 		.4byte	0xde
 203 00d4 07       		.uleb128 0x7
 204 00d5 06000000 		.4byte	.LVL0
 205 00d9 32010000 		.4byte	0x132
 206 00dd 00       		.byte	0
 207 00de 06       		.uleb128 0x6
 208 00df 50010000 		.4byte	.LASF19
 209 00e3 01       		.byte	0x1
 210 00e4 0B       		.byte	0xb
 211 00e5 00000000 		.4byte	.LFB64
 212 00e9 14000000 		.4byte	.LFE64-.LFB64
 213 00ed 01       		.uleb128 0x1
 214 00ee 9C       		.byte	0x9c
ARM GAS  C:\Users\ke\AppData\Local\Temp\cc2Xk1Gy.s 			page 5


 215 00ef 10010000 		.4byte	0x110
 216 00f3 07       		.uleb128 0x7
 217 00f4 06000000 		.4byte	.LVL1
 218 00f8 3D010000 		.4byte	0x13d
 219 00fc 08       		.uleb128 0x8
 220 00fd 0C000000 		.4byte	.LVL2
 221 0101 48010000 		.4byte	0x148
 222 0105 09       		.uleb128 0x9
 223 0106 01       		.uleb128 0x1
 224 0107 50       		.byte	0x50
 225 0108 05       		.uleb128 0x5
 226 0109 03       		.byte	0x3
 227 010a 00000000 		.4byte	systick_isr
 228 010e 00       		.byte	0
 229 010f 00       		.byte	0
 230 0110 0A       		.uleb128 0xa
 231 0111 70010000 		.4byte	.LASF20
 232 0115 04       		.byte	0x4
 233 0116 1207     		.2byte	0x712
 234 0118 1C010000 		.4byte	0x11c
 235 011c 05       		.uleb128 0x5
 236 011d 81000000 		.4byte	0x81
 237 0121 0B       		.uleb128 0xb
 238 0122 23010000 		.4byte	.LASF21
 239 0126 01       		.byte	0x1
 240 0127 03       		.byte	0x3
 241 0128 BA000000 		.4byte	0xba
 242 012c 05       		.uleb128 0x5
 243 012d 03       		.byte	0x3
 244 012e 00000000 		.4byte	tick_ms
 245 0132 0C       		.uleb128 0xc
 246 0133 DA000000 		.4byte	.LASF22
 247 0137 DA000000 		.4byte	.LASF22
 248 013b 05       		.byte	0x5
 249 013c 5E       		.byte	0x5e
 250 013d 0C       		.uleb128 0xc
 251 013e 39000000 		.4byte	.LASF23
 252 0142 39000000 		.4byte	.LASF23
 253 0146 05       		.byte	0x5
 254 0147 5A       		.byte	0x5a
 255 0148 0C       		.uleb128 0xc
 256 0149 13020000 		.4byte	.LASF24
 257 014d 13020000 		.4byte	.LASF24
 258 0151 06       		.byte	0x6
 259 0152 18       		.byte	0x18
 260 0153 00       		.byte	0
 261              		.section	.debug_abbrev,"",%progbits
 262              	.Ldebug_abbrev0:
 263 0000 01       		.uleb128 0x1
 264 0001 11       		.uleb128 0x11
 265 0002 01       		.byte	0x1
 266 0003 25       		.uleb128 0x25
 267 0004 0E       		.uleb128 0xe
 268 0005 13       		.uleb128 0x13
 269 0006 0B       		.uleb128 0xb
 270 0007 03       		.uleb128 0x3
 271 0008 0E       		.uleb128 0xe
ARM GAS  C:\Users\ke\AppData\Local\Temp\cc2Xk1Gy.s 			page 6


 272 0009 1B       		.uleb128 0x1b
 273 000a 0E       		.uleb128 0xe
 274 000b 55       		.uleb128 0x55
 275 000c 17       		.uleb128 0x17
 276 000d 11       		.uleb128 0x11
 277 000e 01       		.uleb128 0x1
 278 000f 10       		.uleb128 0x10
 279 0010 17       		.uleb128 0x17
 280 0011 00       		.byte	0
 281 0012 00       		.byte	0
 282 0013 02       		.uleb128 0x2
 283 0014 24       		.uleb128 0x24
 284 0015 00       		.byte	0
 285 0016 0B       		.uleb128 0xb
 286 0017 0B       		.uleb128 0xb
 287 0018 3E       		.uleb128 0x3e
 288 0019 0B       		.uleb128 0xb
 289 001a 03       		.uleb128 0x3
 290 001b 0E       		.uleb128 0xe
 291 001c 00       		.byte	0
 292 001d 00       		.byte	0
 293 001e 03       		.uleb128 0x3
 294 001f 16       		.uleb128 0x16
 295 0020 00       		.byte	0
 296 0021 03       		.uleb128 0x3
 297 0022 0E       		.uleb128 0xe
 298 0023 3A       		.uleb128 0x3a
 299 0024 0B       		.uleb128 0xb
 300 0025 3B       		.uleb128 0x3b
 301 0026 0B       		.uleb128 0xb
 302 0027 49       		.uleb128 0x49
 303 0028 13       		.uleb128 0x13
 304 0029 00       		.byte	0
 305 002a 00       		.byte	0
 306 002b 04       		.uleb128 0x4
 307 002c 24       		.uleb128 0x24
 308 002d 00       		.byte	0
 309 002e 0B       		.uleb128 0xb
 310 002f 0B       		.uleb128 0xb
 311 0030 3E       		.uleb128 0x3e
 312 0031 0B       		.uleb128 0xb
 313 0032 03       		.uleb128 0x3
 314 0033 08       		.uleb128 0x8
 315 0034 00       		.byte	0
 316 0035 00       		.byte	0
 317 0036 05       		.uleb128 0x5
 318 0037 35       		.uleb128 0x35
 319 0038 00       		.byte	0
 320 0039 49       		.uleb128 0x49
 321 003a 13       		.uleb128 0x13
 322 003b 00       		.byte	0
 323 003c 00       		.byte	0
 324 003d 06       		.uleb128 0x6
 325 003e 2E       		.uleb128 0x2e
 326 003f 01       		.byte	0x1
 327 0040 3F       		.uleb128 0x3f
 328 0041 19       		.uleb128 0x19
ARM GAS  C:\Users\ke\AppData\Local\Temp\cc2Xk1Gy.s 			page 7


 329 0042 03       		.uleb128 0x3
 330 0043 0E       		.uleb128 0xe
 331 0044 3A       		.uleb128 0x3a
 332 0045 0B       		.uleb128 0xb
 333 0046 3B       		.uleb128 0x3b
 334 0047 0B       		.uleb128 0xb
 335 0048 27       		.uleb128 0x27
 336 0049 19       		.uleb128 0x19
 337 004a 11       		.uleb128 0x11
 338 004b 01       		.uleb128 0x1
 339 004c 12       		.uleb128 0x12
 340 004d 06       		.uleb128 0x6
 341 004e 40       		.uleb128 0x40
 342 004f 18       		.uleb128 0x18
 343 0050 9742     		.uleb128 0x2117
 344 0052 19       		.uleb128 0x19
 345 0053 01       		.uleb128 0x1
 346 0054 13       		.uleb128 0x13
 347 0055 00       		.byte	0
 348 0056 00       		.byte	0
 349 0057 07       		.uleb128 0x7
 350 0058 898201   		.uleb128 0x4109
 351 005b 00       		.byte	0
 352 005c 11       		.uleb128 0x11
 353 005d 01       		.uleb128 0x1
 354 005e 31       		.uleb128 0x31
 355 005f 13       		.uleb128 0x13
 356 0060 00       		.byte	0
 357 0061 00       		.byte	0
 358 0062 08       		.uleb128 0x8
 359 0063 898201   		.uleb128 0x4109
 360 0066 01       		.byte	0x1
 361 0067 11       		.uleb128 0x11
 362 0068 01       		.uleb128 0x1
 363 0069 31       		.uleb128 0x31
 364 006a 13       		.uleb128 0x13
 365 006b 00       		.byte	0
 366 006c 00       		.byte	0
 367 006d 09       		.uleb128 0x9
 368 006e 8A8201   		.uleb128 0x410a
 369 0071 00       		.byte	0
 370 0072 02       		.uleb128 0x2
 371 0073 18       		.uleb128 0x18
 372 0074 9142     		.uleb128 0x2111
 373 0076 18       		.uleb128 0x18
 374 0077 00       		.byte	0
 375 0078 00       		.byte	0
 376 0079 0A       		.uleb128 0xa
 377 007a 34       		.uleb128 0x34
 378 007b 00       		.byte	0
 379 007c 03       		.uleb128 0x3
 380 007d 0E       		.uleb128 0xe
 381 007e 3A       		.uleb128 0x3a
 382 007f 0B       		.uleb128 0xb
 383 0080 3B       		.uleb128 0x3b
 384 0081 05       		.uleb128 0x5
 385 0082 49       		.uleb128 0x49
ARM GAS  C:\Users\ke\AppData\Local\Temp\cc2Xk1Gy.s 			page 8


 386 0083 13       		.uleb128 0x13
 387 0084 3F       		.uleb128 0x3f
 388 0085 19       		.uleb128 0x19
 389 0086 3C       		.uleb128 0x3c
 390 0087 19       		.uleb128 0x19
 391 0088 00       		.byte	0
 392 0089 00       		.byte	0
 393 008a 0B       		.uleb128 0xb
 394 008b 34       		.uleb128 0x34
 395 008c 00       		.byte	0
 396 008d 03       		.uleb128 0x3
 397 008e 0E       		.uleb128 0xe
 398 008f 3A       		.uleb128 0x3a
 399 0090 0B       		.uleb128 0xb
 400 0091 3B       		.uleb128 0x3b
 401 0092 0B       		.uleb128 0xb
 402 0093 49       		.uleb128 0x49
 403 0094 13       		.uleb128 0x13
 404 0095 3F       		.uleb128 0x3f
 405 0096 19       		.uleb128 0x19
 406 0097 02       		.uleb128 0x2
 407 0098 18       		.uleb128 0x18
 408 0099 00       		.byte	0
 409 009a 00       		.byte	0
 410 009b 0C       		.uleb128 0xc
 411 009c 2E       		.uleb128 0x2e
 412 009d 00       		.byte	0
 413 009e 3F       		.uleb128 0x3f
 414 009f 19       		.uleb128 0x19
 415 00a0 3C       		.uleb128 0x3c
 416 00a1 19       		.uleb128 0x19
 417 00a2 6E       		.uleb128 0x6e
 418 00a3 0E       		.uleb128 0xe
 419 00a4 03       		.uleb128 0x3
 420 00a5 0E       		.uleb128 0xe
 421 00a6 3A       		.uleb128 0x3a
 422 00a7 0B       		.uleb128 0xb
 423 00a8 3B       		.uleb128 0x3b
 424 00a9 0B       		.uleb128 0xb
 425 00aa 00       		.byte	0
 426 00ab 00       		.byte	0
 427 00ac 00       		.byte	0
 428              		.section	.debug_aranges,"",%progbits
 429 0000 24000000 		.4byte	0x24
 430 0004 0200     		.2byte	0x2
 431 0006 00000000 		.4byte	.Ldebug_info0
 432 000a 04       		.byte	0x4
 433 000b 00       		.byte	0
 434 000c 0000     		.2byte	0
 435 000e 0000     		.2byte	0
 436 0010 00000000 		.4byte	.LFB63
 437 0014 14000000 		.4byte	.LFE63-.LFB63
 438 0018 00000000 		.4byte	.LFB64
 439 001c 14000000 		.4byte	.LFE64-.LFB64
 440 0020 00000000 		.4byte	0
 441 0024 00000000 		.4byte	0
 442              		.section	.debug_ranges,"",%progbits
ARM GAS  C:\Users\ke\AppData\Local\Temp\cc2Xk1Gy.s 			page 9


 443              	.Ldebug_ranges0:
 444 0000 00000000 		.4byte	.LFB63
 445 0004 14000000 		.4byte	.LFE63
 446 0008 00000000 		.4byte	.LFB64
 447 000c 14000000 		.4byte	.LFE64
 448 0010 00000000 		.4byte	0
 449 0014 00000000 		.4byte	0
 450              		.section	.debug_line,"",%progbits
 451              	.Ldebug_line0:
 452 0000 8B010000 		.section	.debug_str,"MS",%progbits,1
 452      02006501 
 452      00000201 
 452      FB0E0D00 
 452      01010101 
 453              	.LASF8:
 454 0000 6C6F6E67 		.ascii	"long long int\000"
 454      206C6F6E 
 454      6720696E 
 454      7400
 455              	.LASF3:
 456 000e 73686F72 		.ascii	"short unsigned int\000"
 456      7420756E 
 456      7369676E 
 456      65642069 
 456      6E7400
 457              	.LASF10:
 458 0021 756E7369 		.ascii	"unsigned int\000"
 458      676E6564 
 458      20696E74 
 458      00
 459              	.LASF6:
 460 002e 5F5F7569 		.ascii	"__uint32_t\000"
 460      6E743332 
 460      5F7400
 461              	.LASF23:
 462 0039 53797354 		.ascii	"SysTickTimer_Start\000"
 462      69636B54 
 462      696D6572 
 462      5F537461 
 462      727400
 463              	.LASF25:
 464 004c 474E5520 		.ascii	"GNU C11 5.4.1 20160609 (release) [ARM/embedded-5-br"
 464      43313120 
 464      352E342E 
 464      31203230 
 464      31363036 
 465 007f 616E6368 		.ascii	"anch revision 237715] -mcpu=cortex-m3 -mthumb -g -O"
 465      20726576 
 465      6973696F 
 465      6E203233 
 465      37373135 
 466 00b2 67202D66 		.ascii	"g -ffunction-sections -ffat-lto-objects\000"
 466      66756E63 
 466      74696F6E 
 466      2D736563 
 466      74696F6E 
 467              	.LASF22:
ARM GAS  C:\Users\ke\AppData\Local\Temp\cc2Xk1Gy.s 			page 10


 468 00da 53797354 		.ascii	"SysTickTimer_ReadStatusRegister\000"
 468      69636B54 
 468      696D6572 
 468      5F526561 
 468      64537461 
 469              	.LASF7:
 470 00fa 6C6F6E67 		.ascii	"long unsigned int\000"
 470      20756E73 
 470      69676E65 
 470      6420696E 
 470      7400
 471              	.LASF9:
 472 010c 6C6F6E67 		.ascii	"long long unsigned int\000"
 472      206C6F6E 
 472      6720756E 
 472      7369676E 
 472      65642069 
 473              	.LASF21:
 474 0123 7469636B 		.ascii	"tick_ms\000"
 474      5F6D7300 
 475              	.LASF1:
 476 012b 756E7369 		.ascii	"unsigned char\000"
 476      676E6564 
 476      20636861 
 476      7200
 477              	.LASF15:
 478 0139 63686172 		.ascii	"char\000"
 478      00
 479              	.LASF12:
 480 013e 75696E74 		.ascii	"uint32_t\000"
 480      33325F74 
 480      00
 481              	.LASF4:
 482 0147 6C6F6E67 		.ascii	"long int\000"
 482      20696E74 
 482      00
 483              	.LASF19:
 484 0150 53797354 		.ascii	"SysTick_Init\000"
 484      69636B5F 
 484      496E6974 
 484      00
 485              	.LASF18:
 486 015d 73797374 		.ascii	"systick_isr\000"
 486      69636B5F 
 486      69737200 
 487              	.LASF14:
 488 0169 646F7562 		.ascii	"double\000"
 488      6C6500
 489              	.LASF20:
 490 0170 49544D5F 		.ascii	"ITM_RxBuffer\000"
 490      52784275 
 490      66666572 
 490      00
 491              	.LASF0:
 492 017d 7369676E 		.ascii	"signed char\000"
 492      65642063 
 492      68617200 
ARM GAS  C:\Users\ke\AppData\Local\Temp\cc2Xk1Gy.s 			page 11


 493              	.LASF16:
 494 0189 6C6F6E67 		.ascii	"long double\000"
 494      20646F75 
 494      626C6500 
 495              	.LASF5:
 496 0195 5F5F696E 		.ascii	"__int32_t\000"
 496      7433325F 
 496      7400
 497              	.LASF13:
 498 019f 666C6F61 		.ascii	"float\000"
 498      7400
 499              	.LASF27:
 500 01a5 433A5C55 		.ascii	"C:\\Users\\ke\\Gitfis\\Elektroteknologi-Projekt-1\\"
 500      73657273 
 500      5C6B655C 
 500      47697466 
 500      69735C45 
 501 01d3 4472656A 		.ascii	"Drejeknap mm\\drejeknappelegen.cydsn\000"
 501      656B6E61 
 501      70206D6D 
 501      5C647265 
 501      6A656B6E 
 502              	.LASF2:
 503 01f7 73686F72 		.ascii	"short int\000"
 503      7420696E 
 503      7400
 504              	.LASF26:
 505 0201 73797374 		.ascii	"systick.c\000"
 505      69636B2E 
 505      6300
 506              	.LASF11:
 507 020b 696E7433 		.ascii	"int32_t\000"
 507      325F7400 
 508              	.LASF24:
 509 0213 73797374 		.ascii	"systick_isr_StartEx\000"
 509      69636B5F 
 509      6973725F 
 509      53746172 
 509      74457800 
 510              	.LASF17:
 511 0227 73697A65 		.ascii	"sizetype\000"
 511      74797065 
 511      00
 512              		.ident	"GCC: (GNU Tools for ARM Embedded Processors) 5.4.1 20160609 (release) [ARM/embedded-5-bran
