Loading plugins phase: Elapsed time ==> 0s.186ms
<CYPRESSTAG name="CyDsfit arguments...">
cydsfit arguments: -.fdsnotice -.fdswarpdepfile=warp_dependencies.txt -.fdselabdepfile=elab_dependencies.txt -.fdsbldfile=generated_files.txt -.fdsreffile=referenced_files.txt -p C:\Users\ke\Gitfis\Elektroteknologi-Projekt-1\Drejeknap mm\drejeknappelegen.cydsn\drejeknappelegen.cyprj -d CY8C5888LTI-LP097 -s C:\Users\ke\Gitfis\Elektroteknologi-Projekt-1\Drejeknap mm\drejeknappelegen.cydsn\Generated_Source\PSoC5 -- -yv2 -q10 -ygs -o2 -v3 -.fftcfgtype=LE
</CYPRESSTAG>
<CYPRESSTAG name="Design elaboration results...">
</CYPRESSTAG>
Elaboration phase: Elapsed time ==> 1s.527ms
<CYPRESSTAG name="HDL generation results...">
</CYPRESSTAG>
HDL generation phase: Elapsed time ==> 0s.043ms
<CYPRESSTAG name="Synthesis results...">

     | | | | | | |
   _________________
  -|               |-
  -|               |-
  -|               |-
  -|    CYPRESS    |-
  -|               |-
  -|               |-   Warp Verilog Synthesis Compiler: Version 6.3 IR 41
  -|               |-   Copyright (C) 1991-2001 Cypress Semiconductor
   |_______________|
     | | | | | | |

======================================================================
Compiling:  drejeknappelegen.v
Program  :   C:\Program Files (x86)\Cypress\PSoC Creator\4.4\PSoC Creator\warp\bin\warp.exe
Options  :    -yv2 -q10 -ygs -o2 -v3 -.fftcfgtype=LE -ya -.fftprj=C:\Users\ke\Gitfis\Elektroteknologi-Projekt-1\Drejeknap mm\drejeknappelegen.cydsn\drejeknappelegen.cyprj -dcpsoc3 drejeknappelegen.v -verilog
======================================================================

======================================================================
Compiling:  drejeknappelegen.v
Program  :   C:\Program Files (x86)\Cypress\PSoC Creator\4.4\PSoC Creator\warp\bin\warp.exe
Options  :    -yv2 -q10 -ygs -o2 -v3 -.fftcfgtype=LE -ya -.fftprj=C:\Users\ke\Gitfis\Elektroteknologi-Projekt-1\Drejeknap mm\drejeknappelegen.cydsn\drejeknappelegen.cyprj -dcpsoc3 drejeknappelegen.v -verilog
======================================================================

======================================================================
Compiling:  drejeknappelegen.v
Program  :   vlogfe
Options  :    -yv2 -q10 -ygs -o2 -v3 -.fftcfgtype=LE -ya -.fftprj=C:\Users\ke\Gitfis\Elektroteknologi-Projekt-1\Drejeknap mm\drejeknappelegen.cydsn\drejeknappelegen.cyprj -dcpsoc3 -verilog drejeknappelegen.v
======================================================================

vlogfe V6.3 IR 41:  Verilog parser
Mon May 04 09:10:51 2026


======================================================================
Compiling:  drejeknappelegen.v
Program  :   vpp
Options  :    -yv2 -q10 drejeknappelegen.v
======================================================================

vpp V6.3 IR 41:  Verilog Pre-Processor
Mon May 04 09:10:52 2026

Flattening file 'C:\Program Files (x86)\Cypress\PSoC Creator\4.4\PSoC Creator\psoc\content\CyComponentLibrary\CyComponentLibrary.cylib\Debouncer_v1_0\Debouncer_v1_0.v'
Flattening file 'C:\Program Files (x86)\Cypress\PSoC Creator\4.4\PSoC Creator\warp\lib\common\cypress.v'
Flattening file 'C:\Program Files (x86)\Cypress\PSoC Creator\4.4\PSoC Creator\warp\lib\common\cy_psoc3_inc.v'
Flattening file 'C:\Program Files (x86)\Cypress\PSoC Creator\4.4\PSoC Creator\psoc\content\CyPrimitives\cyprimitives.cylib\CyStatusReg_v1_90\CyStatusReg_v1_90.v'
Flattening file 'C:\Program Files (x86)\Cypress\PSoC Creator\4.4\PSoC Creator\warp\lib\common\cypress.v'
Flattening file 'C:\Program Files (x86)\Cypress\PSoC Creator\4.4\PSoC Creator\psoc\content\CyComponentLibrary\CyComponentLibrary.cylib\B_PWM_v3_30\B_PWM_v3_30.v'
Flattening file 'C:\Program Files (x86)\Cypress\PSoC Creator\4.4\PSoC Creator\warp\lib\common\cypress.v'
Flattening file 'C:\Program Files (x86)\Cypress\PSoC Creator\4.4\PSoC Creator\psoc\content\CyPrimitives\cyprimitives.cylib\cy_virtualmux_v1_0\cy_virtualmux_v1_0.v'
Flattening file 'C:\Program Files (x86)\Cypress\PSoC Creator\4.4\PSoC Creator\psoc\content\CyPrimitives\cyprimitives.cylib\OneTerminal\OneTerminal.v'
Flattening file 'C:\Program Files (x86)\Cypress\PSoC Creator\4.4\PSoC Creator\psoc\content\CyPrimitives\cyprimitives.cylib\ZeroTerminal\ZeroTerminal.v'
Flattening file 'C:\Program Files (x86)\Cypress\PSoC Creator\4.4\PSoC Creator\psoc\content\CyPrimitives\cyprimitives.cylib\cy_analog_virtualmux_v1_0\cy_analog_virtualmux_v1_0.v'
Flattening file 'C:\Program Files (x86)\Cypress\PSoC Creator\4.4\PSoC Creator\psoc\content\CyPrimitives\cyprimitives.cylib\cy_vref_v1_70\cy_vref_v1_70.v'
Flattening file 'C:\Program Files (x86)\Cypress\PSoC Creator\4.4\PSoC Creator\psoc\content\CyPrimitives\cyprimitives.cylib\or_v1_0\or_v1_0.v'
Flattening file 'C:\Program Files (x86)\Cypress\PSoC Creator\4.4\PSoC Creator\psoc\content\CyPrimitives\cyprimitives.cylib\cy_constant_v1_0\cy_constant_v1_0.v'

vpp:  No errors.

Library 'work' => directory 'lcpsoc3'
General_symbol_table
General_symbol_table
Linking 'C:\Program Files (x86)\Cypress\PSoC Creator\4.4\PSoC Creator\warp\lib\common\std.vhd'.
Linking 'C:\Program Files (x86)\Cypress\PSoC Creator\4.4\PSoC Creator\warp\lib\common\cypress.vhd'.
Linking 'C:\Program Files (x86)\Cypress\PSoC Creator\4.4\PSoC Creator\warp\lib\common\work\cypress.vif'.
Linking 'C:\Program Files (x86)\Cypress\PSoC Creator\4.4\PSoC Creator\warp\lib\ieee\work\stdlogic.vif'.
Linking 'C:\Program Files (x86)\Cypress\PSoC Creator\4.4\PSoC Creator\warp\lib\common\stdlogic\lpmpkg.vif'.
Linking 'C:\Program Files (x86)\Cypress\PSoC Creator\4.4\PSoC Creator\warp\lib\common\stdlogic\rtlpkg.vif'.
Linking 'C:\Program Files (x86)\Cypress\PSoC Creator\4.4\PSoC Creator\warp\lib\common\stdlogic\mod_cnst.vif'.
Linking 'C:\Program Files (x86)\Cypress\PSoC Creator\4.4\PSoC Creator\warp\lib\common\stdlogic\mod_mthv.vif'.
Linking 'C:\Program Files (x86)\Cypress\PSoC Creator\4.4\PSoC Creator\warp\lib\common\stdlogic\mod_genv.vif'.
Using control file 'drejeknappelegen.ctl'.
C:\Program Files (x86)\Cypress\PSoC Creator\4.4\PSoC Creator\psoc\content\CyComponentLibrary\CyComponentLibrary.cylib\B_PWM_v3_30\B_PWM_v3_30.v (line 947, col 46):  Note: Substituting module 'sub_vi_vv' for '-'.
C:\Program Files (x86)\Cypress\PSoC Creator\4.4\PSoC Creator\psoc\content\CyComponentLibrary\CyComponentLibrary.cylib\B_PWM_v3_30\B_PWM_v3_30.v (line 977, col 46):  Note: Substituting module 'add_vi_vv' for '+'.
Linking 'C:\Program Files (x86)\Cypress\PSoC Creator\4.4\PSoC Creator\warp\lib\common\stdlogic\cy_psoc3pkg.vif'.
Linking 'C:\Program Files (x86)\Cypress\PSoC Creator\4.4\PSoC Creator\warp\lib\common\stdlogic\cy_psoc3.vif'.

vlogfe:  No errors.


======================================================================
Compiling:  drejeknappelegen.v
Program  :   tovif
Options  :    -yv2 -q10 -ygs -o2 -v3 -.fftcfgtype=LE -ya -.fftprj=C:\Users\ke\Gitfis\Elektroteknologi-Projekt-1\Drejeknap mm\drejeknappelegen.cydsn\drejeknappelegen.cyprj -dcpsoc3 -verilog drejeknappelegen.v
======================================================================

tovif V6.3 IR 41:  High-level synthesis
Mon May 04 09:10:53 2026

Linking 'C:\Program Files (x86)\Cypress\PSoC Creator\4.4\PSoC Creator\warp\lib\common\std.vhd'.
Linking 'C:\Program Files (x86)\Cypress\PSoC Creator\4.4\PSoC Creator\warp\lib\common\cypress.vhd'.
Linking 'C:\Program Files (x86)\Cypress\PSoC Creator\4.4\PSoC Creator\warp\lib\common\work\cypress.vif'.
Linking 'C:\Program Files (x86)\Cypress\PSoC Creator\4.4\PSoC Creator\warp\lib\ieee\work\stdlogic.vif'.
Linking 'C:\Program Files (x86)\Cypress\PSoC Creator\4.4\PSoC Creator\warp\lib\common\stdlogic\lpmpkg.vif'.
Linking 'C:\Program Files (x86)\Cypress\PSoC Creator\4.4\PSoC Creator\warp\lib\common\stdlogic\rtlpkg.vif'.
Linking 'C:\Program Files (x86)\Cypress\PSoC Creator\4.4\PSoC Creator\warp\lib\common\stdlogic\mod_cnst.vif'.
Linking 'C:\Program Files (x86)\Cypress\PSoC Creator\4.4\PSoC Creator\warp\lib\common\stdlogic\mod_mthv.vif'.
Linking 'C:\Program Files (x86)\Cypress\PSoC Creator\4.4\PSoC Creator\warp\lib\common\stdlogic\mod_genv.vif'.
Linking 'C:\Users\ke\Gitfis\Elektroteknologi-Projekt-1\Drejeknap mm\drejeknappelegen.cydsn\codegentemp\drejeknappelegen.ctl'.
Linking 'C:\Program Files (x86)\Cypress\PSoC Creator\4.4\PSoC Creator\psoc\content\CyComponentLibrary\CyComponentLibrary.cylib\Debouncer_v1_0\Debouncer_v1_0.v'.
Linking 'C:\Program Files (x86)\Cypress\PSoC Creator\4.4\PSoC Creator\warp\lib\common\cypress.v'.
Linking 'C:\Program Files (x86)\Cypress\PSoC Creator\4.4\PSoC Creator\warp\lib\common\cy_psoc3_inc.v'.
Linking 'C:\Users\ke\Gitfis\Elektroteknologi-Projekt-1\Drejeknap mm\drejeknappelegen.cydsn\codegentemp\drejeknappelegen.v'.
Linking 'C:\Program Files (x86)\Cypress\PSoC Creator\4.4\PSoC Creator\psoc\content\CyPrimitives\cyprimitives.cylib\CyStatusReg_v1_90\CyStatusReg_v1_90.v'.
Linking 'C:\Program Files (x86)\Cypress\PSoC Creator\4.4\PSoC Creator\psoc\content\CyComponentLibrary\CyComponentLibrary.cylib\B_PWM_v3_30\B_PWM_v3_30.v'.
Linking 'C:\Program Files (x86)\Cypress\PSoC Creator\4.4\PSoC Creator\psoc\content\CyPrimitives\cyprimitives.cylib\cy_virtualmux_v1_0\cy_virtualmux_v1_0.v'.
Linking 'C:\Program Files (x86)\Cypress\PSoC Creator\4.4\PSoC Creator\psoc\content\CyPrimitives\cyprimitives.cylib\OneTerminal\OneTerminal.v'.
Linking 'C:\Program Files (x86)\Cypress\PSoC Creator\4.4\PSoC Creator\psoc\content\CyPrimitives\cyprimitives.cylib\ZeroTerminal\ZeroTerminal.v'.
Linking 'C:\Program Files (x86)\Cypress\PSoC Creator\4.4\PSoC Creator\psoc\content\CyPrimitives\cyprimitives.cylib\cy_analog_virtualmux_v1_0\cy_analog_virtualmux_v1_0.v'.
Linking 'C:\Program Files (x86)\Cypress\PSoC Creator\4.4\PSoC Creator\psoc\content\CyPrimitives\cyprimitives.cylib\cy_vref_v1_70\cy_vref_v1_70.v'.
Linking 'C:\Program Files (x86)\Cypress\PSoC Creator\4.4\PSoC Creator\psoc\content\CyPrimitives\cyprimitives.cylib\or_v1_0\or_v1_0.v'.
Linking 'C:\Program Files (x86)\Cypress\PSoC Creator\4.4\PSoC Creator\psoc\content\CyPrimitives\cyprimitives.cylib\cy_constant_v1_0\cy_constant_v1_0.v'.
Linking 'C:\Program Files (x86)\Cypress\PSoC Creator\4.4\PSoC Creator\warp\lib\common\stdlogic\cy_psoc3pkg.vif'.
Linking 'C:\Program Files (x86)\Cypress\PSoC Creator\4.4\PSoC Creator\warp\lib\common\stdlogic\cy_psoc3.vif'.
Linking 'C:\Program Files (x86)\Cypress\PSoC Creator\4.4\PSoC Creator\warp\lib\lcpsoc3\stdlogic\mod_cnst.vif'.

tovif:  No errors.


======================================================================
Compiling:  drejeknappelegen.v
Program  :   topld
Options  :    -yv2 -q10 -ygs -o2 -v3 -.fftcfgtype=LE -ya -.fftprj=C:\Users\ke\Gitfis\Elektroteknologi-Projekt-1\Drejeknap mm\drejeknappelegen.cydsn\drejeknappelegen.cyprj -dcpsoc3 -verilog drejeknappelegen.v
======================================================================

topld V6.3 IR 41:  Synthesis and optimization
Mon May 04 09:10:54 2026

Linking 'C:\Program Files (x86)\Cypress\PSoC Creator\4.4\PSoC Creator\warp\lib\common\std.vhd'.
Linking 'C:\Program Files (x86)\Cypress\PSoC Creator\4.4\PSoC Creator\warp\lib\common\cypress.vhd'.
Linking 'C:\Program Files (x86)\Cypress\PSoC Creator\4.4\PSoC Creator\warp\lib\common\work\cypress.vif'.
Linking 'C:\Program Files (x86)\Cypress\PSoC Creator\4.4\PSoC Creator\warp\lib\ieee\work\stdlogic.vif'.
Linking 'C:\Program Files (x86)\Cypress\PSoC Creator\4.4\PSoC Creator\warp\lib\common\stdlogic\lpmpkg.vif'.
Linking 'C:\Program Files (x86)\Cypress\PSoC Creator\4.4\PSoC Creator\warp\lib\common\stdlogic\rtlpkg.vif'.
Linking 'C:\Program Files (x86)\Cypress\PSoC Creator\4.4\PSoC Creator\warp\lib\common\stdlogic\mod_cnst.vif'.
Linking 'C:\Program Files (x86)\Cypress\PSoC Creator\4.4\PSoC Creator\warp\lib\common\stdlogic\mod_mthv.vif'.
Linking 'C:\Program Files (x86)\Cypress\PSoC Creator\4.4\PSoC Creator\warp\lib\common\stdlogic\mod_genv.vif'.
Linking 'C:\Users\ke\Gitfis\Elektroteknologi-Projekt-1\Drejeknap mm\drejeknappelegen.cydsn\codegentemp\drejeknappelegen.ctl'.
Linking 'C:\Program Files (x86)\Cypress\PSoC Creator\4.4\PSoC Creator\psoc\content\CyComponentLibrary\CyComponentLibrary.cylib\Debouncer_v1_0\Debouncer_v1_0.v'.
Linking 'C:\Program Files (x86)\Cypress\PSoC Creator\4.4\PSoC Creator\warp\lib\common\cypress.v'.
Linking 'C:\Program Files (x86)\Cypress\PSoC Creator\4.4\PSoC Creator\warp\lib\common\cy_psoc3_inc.v'.
Linking 'C:\Users\ke\Gitfis\Elektroteknologi-Projekt-1\Drejeknap mm\drejeknappelegen.cydsn\codegentemp\drejeknappelegen.v'.
Linking 'C:\Program Files (x86)\Cypress\PSoC Creator\4.4\PSoC Creator\psoc\content\CyPrimitives\cyprimitives.cylib\CyStatusReg_v1_90\CyStatusReg_v1_90.v'.
Linking 'C:\Program Files (x86)\Cypress\PSoC Creator\4.4\PSoC Creator\psoc\content\CyComponentLibrary\CyComponentLibrary.cylib\B_PWM_v3_30\B_PWM_v3_30.v'.
Linking 'C:\Program Files (x86)\Cypress\PSoC Creator\4.4\PSoC Creator\psoc\content\CyPrimitives\cyprimitives.cylib\cy_virtualmux_v1_0\cy_virtualmux_v1_0.v'.
Linking 'C:\Program Files (x86)\Cypress\PSoC Creator\4.4\PSoC Creator\psoc\content\CyPrimitives\cyprimitives.cylib\OneTerminal\OneTerminal.v'.
Linking 'C:\Program Files (x86)\Cypress\PSoC Creator\4.4\PSoC Creator\psoc\content\CyPrimitives\cyprimitives.cylib\ZeroTerminal\ZeroTerminal.v'.
Linking 'C:\Program Files (x86)\Cypress\PSoC Creator\4.4\PSoC Creator\psoc\content\CyPrimitives\cyprimitives.cylib\cy_analog_virtualmux_v1_0\cy_analog_virtualmux_v1_0.v'.
Linking 'C:\Program Files (x86)\Cypress\PSoC Creator\4.4\PSoC Creator\psoc\content\CyPrimitives\cyprimitives.cylib\cy_vref_v1_70\cy_vref_v1_70.v'.
Linking 'C:\Program Files (x86)\Cypress\PSoC Creator\4.4\PSoC Creator\psoc\content\CyPrimitives\cyprimitives.cylib\or_v1_0\or_v1_0.v'.
Linking 'C:\Program Files (x86)\Cypress\PSoC Creator\4.4\PSoC Creator\psoc\content\CyPrimitives\cyprimitives.cylib\cy_constant_v1_0\cy_constant_v1_0.v'.
Linking 'C:\Program Files (x86)\Cypress\PSoC Creator\4.4\PSoC Creator\warp\lib\common\stdlogic\cy_psoc3pkg.vif'.
Linking 'C:\Program Files (x86)\Cypress\PSoC Creator\4.4\PSoC Creator\warp\lib\common\stdlogic\cy_psoc3.vif'.
Linking 'C:\Program Files (x86)\Cypress\PSoC Creator\4.4\PSoC Creator\warp\lib\lcpsoc3\stdlogic\mod_cnst.vif'.
Linking 'C:\Program Files (x86)\Cypress\PSoC Creator\4.4\PSoC Creator\warp\lib\lcpsoc3\stdlogic\cpsoc3.vif'.

----------------------------------------------------------
Detecting unused logic.
----------------------------------------------------------
    User names
	Net_102
	Net_84
	\PWM_Servo:PWMUDB:km_run\
	\PWM_Servo:PWMUDB:ctrl_cmpmode2_2\
	\PWM_Servo:PWMUDB:ctrl_cmpmode2_1\
	\PWM_Servo:PWMUDB:ctrl_cmpmode2_0\
	\PWM_Servo:PWMUDB:ctrl_cmpmode1_2\
	\PWM_Servo:PWMUDB:ctrl_cmpmode1_1\
	\PWM_Servo:PWMUDB:ctrl_cmpmode1_0\
	\PWM_Servo:PWMUDB:capt_rising\
	\PWM_Servo:PWMUDB:capt_falling\
	\PWM_Servo:PWMUDB:trig_rise\
	\PWM_Servo:PWMUDB:trig_fall\
	\PWM_Servo:PWMUDB:sc_kill\
	\PWM_Servo:PWMUDB:min_kill\
	\PWM_Servo:PWMUDB:km_tc\
	\PWM_Servo:PWMUDB:db_tc\
	\PWM_Servo:PWMUDB:dith_sel\
	\PWM_Servo:PWMUDB:compare2\
	\PWM_Servo:Net_101\
	Net_1261
	Net_1262
	\PWM_Servo:PWMUDB:MODULE_1:b_31\
	\PWM_Servo:PWMUDB:MODULE_1:b_30\
	\PWM_Servo:PWMUDB:MODULE_1:b_29\
	\PWM_Servo:PWMUDB:MODULE_1:b_28\
	\PWM_Servo:PWMUDB:MODULE_1:b_27\
	\PWM_Servo:PWMUDB:MODULE_1:b_26\
	\PWM_Servo:PWMUDB:MODULE_1:b_25\
	\PWM_Servo:PWMUDB:MODULE_1:b_24\
	\PWM_Servo:PWMUDB:MODULE_1:b_23\
	\PWM_Servo:PWMUDB:MODULE_1:b_22\
	\PWM_Servo:PWMUDB:MODULE_1:b_21\
	\PWM_Servo:PWMUDB:MODULE_1:b_20\
	\PWM_Servo:PWMUDB:MODULE_1:b_19\
	\PWM_Servo:PWMUDB:MODULE_1:b_18\
	\PWM_Servo:PWMUDB:MODULE_1:b_17\
	\PWM_Servo:PWMUDB:MODULE_1:b_16\
	\PWM_Servo:PWMUDB:MODULE_1:b_15\
	\PWM_Servo:PWMUDB:MODULE_1:b_14\
	\PWM_Servo:PWMUDB:MODULE_1:b_13\
	\PWM_Servo:PWMUDB:MODULE_1:b_12\
	\PWM_Servo:PWMUDB:MODULE_1:b_11\
	\PWM_Servo:PWMUDB:MODULE_1:b_10\
	\PWM_Servo:PWMUDB:MODULE_1:b_9\
	\PWM_Servo:PWMUDB:MODULE_1:b_8\
	\PWM_Servo:PWMUDB:MODULE_1:b_7\
	\PWM_Servo:PWMUDB:MODULE_1:b_6\
	\PWM_Servo:PWMUDB:MODULE_1:b_5\
	\PWM_Servo:PWMUDB:MODULE_1:b_4\
	\PWM_Servo:PWMUDB:MODULE_1:b_3\
	\PWM_Servo:PWMUDB:MODULE_1:b_2\
	\PWM_Servo:PWMUDB:MODULE_1:b_1\
	\PWM_Servo:PWMUDB:MODULE_1:b_0\
	\PWM_Servo:PWMUDB:MODULE_1:g2:a0:a_31\
	\PWM_Servo:PWMUDB:MODULE_1:g2:a0:a_30\
	\PWM_Servo:PWMUDB:MODULE_1:g2:a0:a_29\
	\PWM_Servo:PWMUDB:MODULE_1:g2:a0:a_28\
	\PWM_Servo:PWMUDB:MODULE_1:g2:a0:a_27\
	\PWM_Servo:PWMUDB:MODULE_1:g2:a0:a_26\
	\PWM_Servo:PWMUDB:MODULE_1:g2:a0:a_25\
	\PWM_Servo:PWMUDB:MODULE_1:g2:a0:a_24\
	\PWM_Servo:PWMUDB:MODULE_1:g2:a0:b_31\
	\PWM_Servo:PWMUDB:MODULE_1:g2:a0:b_30\
	\PWM_Servo:PWMUDB:MODULE_1:g2:a0:b_29\
	\PWM_Servo:PWMUDB:MODULE_1:g2:a0:b_28\
	\PWM_Servo:PWMUDB:MODULE_1:g2:a0:b_27\
	\PWM_Servo:PWMUDB:MODULE_1:g2:a0:b_26\
	\PWM_Servo:PWMUDB:MODULE_1:g2:a0:b_25\
	\PWM_Servo:PWMUDB:MODULE_1:g2:a0:b_24\
	\PWM_Servo:PWMUDB:MODULE_1:g2:a0:b_23\
	\PWM_Servo:PWMUDB:MODULE_1:g2:a0:b_22\
	\PWM_Servo:PWMUDB:MODULE_1:g2:a0:b_21\
	\PWM_Servo:PWMUDB:MODULE_1:g2:a0:b_20\
	\PWM_Servo:PWMUDB:MODULE_1:g2:a0:b_19\
	\PWM_Servo:PWMUDB:MODULE_1:g2:a0:b_18\
	\PWM_Servo:PWMUDB:MODULE_1:g2:a0:b_17\
	\PWM_Servo:PWMUDB:MODULE_1:g2:a0:b_16\
	\PWM_Servo:PWMUDB:MODULE_1:g2:a0:b_15\
	\PWM_Servo:PWMUDB:MODULE_1:g2:a0:b_14\
	\PWM_Servo:PWMUDB:MODULE_1:g2:a0:b_13\
	\PWM_Servo:PWMUDB:MODULE_1:g2:a0:b_12\
	\PWM_Servo:PWMUDB:MODULE_1:g2:a0:b_11\
	\PWM_Servo:PWMUDB:MODULE_1:g2:a0:b_10\
	\PWM_Servo:PWMUDB:MODULE_1:g2:a0:b_9\
	\PWM_Servo:PWMUDB:MODULE_1:g2:a0:b_8\
	\PWM_Servo:PWMUDB:MODULE_1:g2:a0:b_7\
	\PWM_Servo:PWMUDB:MODULE_1:g2:a0:b_6\
	\PWM_Servo:PWMUDB:MODULE_1:g2:a0:b_5\
	\PWM_Servo:PWMUDB:MODULE_1:g2:a0:b_4\
	\PWM_Servo:PWMUDB:MODULE_1:g2:a0:b_3\
	\PWM_Servo:PWMUDB:MODULE_1:g2:a0:b_2\
	\PWM_Servo:PWMUDB:MODULE_1:g2:a0:b_1\
	\PWM_Servo:PWMUDB:MODULE_1:g2:a0:b_0\
	\PWM_Servo:PWMUDB:MODULE_1:g2:a0:s_31\
	\PWM_Servo:PWMUDB:MODULE_1:g2:a0:s_30\
	\PWM_Servo:PWMUDB:MODULE_1:g2:a0:s_29\
	\PWM_Servo:PWMUDB:MODULE_1:g2:a0:s_28\
	\PWM_Servo:PWMUDB:MODULE_1:g2:a0:s_27\
	\PWM_Servo:PWMUDB:MODULE_1:g2:a0:s_26\
	\PWM_Servo:PWMUDB:MODULE_1:g2:a0:s_25\
	\PWM_Servo:PWMUDB:MODULE_1:g2:a0:s_24\
	\PWM_Servo:PWMUDB:MODULE_1:g2:a0:s_23\
	\PWM_Servo:PWMUDB:MODULE_1:g2:a0:s_22\
	\PWM_Servo:PWMUDB:MODULE_1:g2:a0:s_21\
	\PWM_Servo:PWMUDB:MODULE_1:g2:a0:s_20\
	\PWM_Servo:PWMUDB:MODULE_1:g2:a0:s_19\
	\PWM_Servo:PWMUDB:MODULE_1:g2:a0:s_18\
	\PWM_Servo:PWMUDB:MODULE_1:g2:a0:s_17\
	\PWM_Servo:PWMUDB:MODULE_1:g2:a0:s_16\
	\PWM_Servo:PWMUDB:MODULE_1:g2:a0:s_15\
	\PWM_Servo:PWMUDB:MODULE_1:g2:a0:s_14\
	\PWM_Servo:PWMUDB:MODULE_1:g2:a0:s_13\
	\PWM_Servo:PWMUDB:MODULE_1:g2:a0:s_12\
	\PWM_Servo:PWMUDB:MODULE_1:g2:a0:s_11\
	\PWM_Servo:PWMUDB:MODULE_1:g2:a0:s_10\
	\PWM_Servo:PWMUDB:MODULE_1:g2:a0:s_9\
	\PWM_Servo:PWMUDB:MODULE_1:g2:a0:s_8\
	\PWM_Servo:PWMUDB:MODULE_1:g2:a0:s_7\
	\PWM_Servo:PWMUDB:MODULE_1:g2:a0:s_6\
	\PWM_Servo:PWMUDB:MODULE_1:g2:a0:s_5\
	\PWM_Servo:PWMUDB:MODULE_1:g2:a0:s_4\
	\PWM_Servo:PWMUDB:MODULE_1:g2:a0:s_3\
	\PWM_Servo:PWMUDB:MODULE_1:g2:a0:s_2\
	\PWM_Servo:PWMUDB:MODULE_1:g2:a0:g1:z1:s0:g1:u0:c_31\
	\PWM_Servo:PWMUDB:MODULE_1:g2:a0:g1:z1:s0:g1:u0:c_30\
	\PWM_Servo:PWMUDB:MODULE_1:g2:a0:g1:z1:s0:g1:u0:c_29\
	\PWM_Servo:PWMUDB:MODULE_1:g2:a0:g1:z1:s0:g1:u0:c_28\
	\PWM_Servo:PWMUDB:MODULE_1:g2:a0:g1:z1:s0:g1:u0:c_27\
	\PWM_Servo:PWMUDB:MODULE_1:g2:a0:g1:z1:s0:g1:u0:c_26\
	\PWM_Servo:PWMUDB:MODULE_1:g2:a0:g1:z1:s0:g1:u0:c_25\
	Net_1257
	Net_1264
	\PWM_Servo:Net_113\
	\PWM_Servo:Net_107\
	\PWM_Servo:Net_114\

    Synthesized names
	\PWM_Servo:PWMUDB:add_vi_vv_MODGEN_1_31\
	\PWM_Servo:PWMUDB:add_vi_vv_MODGEN_1_30\
	\PWM_Servo:PWMUDB:add_vi_vv_MODGEN_1_29\
	\PWM_Servo:PWMUDB:add_vi_vv_MODGEN_1_28\
	\PWM_Servo:PWMUDB:add_vi_vv_MODGEN_1_27\
	\PWM_Servo:PWMUDB:add_vi_vv_MODGEN_1_26\
	\PWM_Servo:PWMUDB:add_vi_vv_MODGEN_1_25\
	\PWM_Servo:PWMUDB:add_vi_vv_MODGEN_1_24\
	\PWM_Servo:PWMUDB:add_vi_vv_MODGEN_1_23\
	\PWM_Servo:PWMUDB:add_vi_vv_MODGEN_1_22\
	\PWM_Servo:PWMUDB:add_vi_vv_MODGEN_1_21\
	\PWM_Servo:PWMUDB:add_vi_vv_MODGEN_1_20\
	\PWM_Servo:PWMUDB:add_vi_vv_MODGEN_1_19\
	\PWM_Servo:PWMUDB:add_vi_vv_MODGEN_1_18\
	\PWM_Servo:PWMUDB:add_vi_vv_MODGEN_1_17\
	\PWM_Servo:PWMUDB:add_vi_vv_MODGEN_1_16\
	\PWM_Servo:PWMUDB:add_vi_vv_MODGEN_1_15\
	\PWM_Servo:PWMUDB:add_vi_vv_MODGEN_1_14\
	\PWM_Servo:PWMUDB:add_vi_vv_MODGEN_1_13\
	\PWM_Servo:PWMUDB:add_vi_vv_MODGEN_1_12\
	\PWM_Servo:PWMUDB:add_vi_vv_MODGEN_1_11\
	\PWM_Servo:PWMUDB:add_vi_vv_MODGEN_1_10\
	\PWM_Servo:PWMUDB:add_vi_vv_MODGEN_1_9\
	\PWM_Servo:PWMUDB:add_vi_vv_MODGEN_1_8\
	\PWM_Servo:PWMUDB:add_vi_vv_MODGEN_1_7\
	\PWM_Servo:PWMUDB:add_vi_vv_MODGEN_1_6\
	\PWM_Servo:PWMUDB:add_vi_vv_MODGEN_1_5\
	\PWM_Servo:PWMUDB:add_vi_vv_MODGEN_1_4\
	\PWM_Servo:PWMUDB:add_vi_vv_MODGEN_1_3\
	\PWM_Servo:PWMUDB:add_vi_vv_MODGEN_1_2\

Deleted 136 User equations/components.
Deleted 30 Synthesized equations/components.

------------------------------------------------------
Alias Detection
------------------------------------------------------
Aliasing tmpOE__Rot_B_net_0 to one
Aliasing tmpOE__Rot_A_net_0 to one
Aliasing tmpOE__Button_net_0 to one
Aliasing tmpOE__Red_LED_net_0 to one
Aliasing tmpOE__Green_LED_net_0 to one
Aliasing \Status_Rot_B:status_1\ to zero
Aliasing \Status_Rot_B:status_2\ to zero
Aliasing \Status_Rot_B:status_3\ to zero
Aliasing \Status_Rot_B:status_4\ to zero
Aliasing \Status_Rot_B:status_5\ to zero
Aliasing \Status_Rot_B:status_6\ to zero
Aliasing \Status_Rot_B:status_7\ to zero
Aliasing tmpOE__Servo_Out_net_0 to one
Aliasing \PWM_Servo:PWMUDB:hwCapture\ to zero
Aliasing \PWM_Servo:PWMUDB:trig_out\ to one
Aliasing \PWM_Servo:PWMUDB:runmode_enable\\R\ to zero
Aliasing \PWM_Servo:PWMUDB:runmode_enable\\S\ to zero
Aliasing \PWM_Servo:PWMUDB:ltch_kill_reg\\R\ to zero
Aliasing \PWM_Servo:PWMUDB:ltch_kill_reg\\S\ to zero
Aliasing \PWM_Servo:PWMUDB:min_kill_reg\\R\ to zero
Aliasing \PWM_Servo:PWMUDB:min_kill_reg\\S\ to zero
Aliasing \PWM_Servo:PWMUDB:final_kill\ to one
Aliasing \PWM_Servo:PWMUDB:dith_count_1\\R\ to zero
Aliasing \PWM_Servo:PWMUDB:dith_count_1\\S\ to zero
Aliasing \PWM_Servo:PWMUDB:dith_count_0\\R\ to zero
Aliasing \PWM_Servo:PWMUDB:dith_count_0\\S\ to zero
Aliasing \PWM_Servo:PWMUDB:reset\ to zero
Aliasing \PWM_Servo:PWMUDB:status_6\ to zero
Aliasing \PWM_Servo:PWMUDB:status_4\ to zero
Aliasing \PWM_Servo:PWMUDB:cmp2\ to zero
Aliasing \PWM_Servo:PWMUDB:cmp1_status_reg\\R\ to zero
Aliasing \PWM_Servo:PWMUDB:cmp1_status_reg\\S\ to zero
Aliasing \PWM_Servo:PWMUDB:cmp2_status_reg\\R\ to zero
Aliasing \PWM_Servo:PWMUDB:cmp2_status_reg\\S\ to zero
Aliasing \PWM_Servo:PWMUDB:final_kill_reg\\R\ to zero
Aliasing \PWM_Servo:PWMUDB:final_kill_reg\\S\ to zero
Aliasing \PWM_Servo:PWMUDB:cs_addr_0\ to zero
Aliasing \PWM_Servo:PWMUDB:pwm1_i\ to zero
Aliasing \PWM_Servo:PWMUDB:pwm2_i\ to zero
Aliasing \PWM_Servo:PWMUDB:MODULE_1:g2:a0:a_23\ to zero
Aliasing \PWM_Servo:PWMUDB:MODULE_1:g2:a0:a_22\ to zero
Aliasing \PWM_Servo:PWMUDB:MODULE_1:g2:a0:a_21\ to zero
Aliasing \PWM_Servo:PWMUDB:MODULE_1:g2:a0:a_20\ to zero
Aliasing \PWM_Servo:PWMUDB:MODULE_1:g2:a0:a_19\ to zero
Aliasing \PWM_Servo:PWMUDB:MODULE_1:g2:a0:a_18\ to zero
Aliasing \PWM_Servo:PWMUDB:MODULE_1:g2:a0:a_17\ to zero
Aliasing \PWM_Servo:PWMUDB:MODULE_1:g2:a0:a_16\ to zero
Aliasing \PWM_Servo:PWMUDB:MODULE_1:g2:a0:a_15\ to zero
Aliasing \PWM_Servo:PWMUDB:MODULE_1:g2:a0:a_14\ to zero
Aliasing \PWM_Servo:PWMUDB:MODULE_1:g2:a0:a_13\ to zero
Aliasing \PWM_Servo:PWMUDB:MODULE_1:g2:a0:a_12\ to zero
Aliasing \PWM_Servo:PWMUDB:MODULE_1:g2:a0:a_11\ to zero
Aliasing \PWM_Servo:PWMUDB:MODULE_1:g2:a0:a_10\ to zero
Aliasing \PWM_Servo:PWMUDB:MODULE_1:g2:a0:a_9\ to zero
Aliasing \PWM_Servo:PWMUDB:MODULE_1:g2:a0:a_8\ to zero
Aliasing \PWM_Servo:PWMUDB:MODULE_1:g2:a0:a_7\ to zero
Aliasing \PWM_Servo:PWMUDB:MODULE_1:g2:a0:a_6\ to zero
Aliasing \PWM_Servo:PWMUDB:MODULE_1:g2:a0:a_5\ to zero
Aliasing \PWM_Servo:PWMUDB:MODULE_1:g2:a0:a_4\ to zero
Aliasing \PWM_Servo:PWMUDB:MODULE_1:g2:a0:a_3\ to zero
Aliasing \PWM_Servo:PWMUDB:MODULE_1:g2:a0:a_2\ to zero
Aliasing \PWM_Servo:PWMUDB:MODULE_1:g2:a0:g1:z1:s0:g1:u0:b_0\ to one
Aliasing tmpOE__Servo_FB_net_0 to one
Aliasing \ADC_ServoFB:vp_ctl_0\ to zero
Aliasing \ADC_ServoFB:vp_ctl_2\ to zero
Aliasing \ADC_ServoFB:vn_ctl_1\ to zero
Aliasing \ADC_ServoFB:vn_ctl_3\ to zero
Aliasing \ADC_ServoFB:vp_ctl_1\ to zero
Aliasing \ADC_ServoFB:vp_ctl_3\ to zero
Aliasing \ADC_ServoFB:vn_ctl_0\ to zero
Aliasing \ADC_ServoFB:vn_ctl_2\ to zero
Aliasing \ADC_ServoFB:soc\ to zero
Aliasing \ADC_ServoFB:tmpOE__Bypass_net_0\ to one
Aliasing \ADC_ServoFB:Net_383\ to zero
Aliasing \Deb_Rot_B:DEBOUNCER[0]:d_sync_1\\D\ to Net_89
Aliasing \PWM_Servo:PWMUDB:min_kill_reg\\D\ to one
Aliasing \PWM_Servo:PWMUDB:prevCapture\\D\ to zero
Aliasing \PWM_Servo:PWMUDB:trig_last\\D\ to zero
Aliasing \PWM_Servo:PWMUDB:ltch_kill_reg\\D\ to one
Aliasing \PWM_Servo:PWMUDB:prevCompare1\\D\ to \PWM_Servo:PWMUDB:pwm_temp\
Aliasing \PWM_Servo:PWMUDB:tc_i_reg\\D\ to \PWM_Servo:PWMUDB:status_2\
Removing Lhs of wire tmpOE__Rot_B_net_0[12] = one[2]
Removing Lhs of wire tmpOE__Rot_A_net_0[19] = one[2]
Removing Lhs of wire tmpOE__Button_net_0[35] = one[2]
Removing Lhs of wire tmpOE__Red_LED_net_0[41] = one[2]
Removing Lhs of wire tmpOE__Green_LED_net_0[47] = one[2]
Removing Rhs of wire Net_89[56] = \Deb_Rot_B:DEBOUNCER[0]:d_sync_0\[54]
Removing Lhs of wire \Status_Rot_B:status_0\[60] = Net_89[56]
Removing Lhs of wire \Status_Rot_B:status_1\[61] = zero[13]
Removing Lhs of wire \Status_Rot_B:status_2\[62] = zero[13]
Removing Lhs of wire \Status_Rot_B:status_3\[63] = zero[13]
Removing Lhs of wire \Status_Rot_B:status_4\[64] = zero[13]
Removing Lhs of wire \Status_Rot_B:status_5\[65] = zero[13]
Removing Lhs of wire \Status_Rot_B:status_6\[66] = zero[13]
Removing Lhs of wire \Status_Rot_B:status_7\[67] = zero[13]
Removing Lhs of wire tmpOE__Servo_Out_net_0[70] = one[2]
Removing Rhs of wire Net_324[71] = \PWM_Servo:Net_96\[201]
Removing Rhs of wire Net_324[71] = \PWM_Servo:PWMUDB:pwm_i_reg\[193]
Removing Lhs of wire \PWM_Servo:PWMUDB:ctrl_enable\[90] = \PWM_Servo:PWMUDB:control_7\[82]
Removing Lhs of wire \PWM_Servo:PWMUDB:hwCapture\[100] = zero[13]
Removing Lhs of wire \PWM_Servo:PWMUDB:hwEnable\[101] = \PWM_Servo:PWMUDB:control_7\[82]
Removing Lhs of wire \PWM_Servo:PWMUDB:trig_out\[105] = one[2]
Removing Lhs of wire \PWM_Servo:PWMUDB:runmode_enable\\R\[107] = zero[13]
Removing Lhs of wire \PWM_Servo:PWMUDB:runmode_enable\\S\[108] = zero[13]
Removing Lhs of wire \PWM_Servo:PWMUDB:final_enable\[109] = \PWM_Servo:PWMUDB:runmode_enable\[106]
Removing Lhs of wire \PWM_Servo:PWMUDB:ltch_kill_reg\\R\[113] = zero[13]
Removing Lhs of wire \PWM_Servo:PWMUDB:ltch_kill_reg\\S\[114] = zero[13]
Removing Lhs of wire \PWM_Servo:PWMUDB:min_kill_reg\\R\[115] = zero[13]
Removing Lhs of wire \PWM_Servo:PWMUDB:min_kill_reg\\S\[116] = zero[13]
Removing Lhs of wire \PWM_Servo:PWMUDB:final_kill\[119] = one[2]
Removing Lhs of wire \PWM_Servo:PWMUDB:add_vi_vv_MODGEN_1_1\[123] = \PWM_Servo:PWMUDB:MODULE_1:g2:a0:s_1\[363]
Removing Lhs of wire \PWM_Servo:PWMUDB:add_vi_vv_MODGEN_1_0\[125] = \PWM_Servo:PWMUDB:MODULE_1:g2:a0:s_0\[364]
Removing Lhs of wire \PWM_Servo:PWMUDB:dith_count_1\\R\[126] = zero[13]
Removing Lhs of wire \PWM_Servo:PWMUDB:dith_count_1\\S\[127] = zero[13]
Removing Lhs of wire \PWM_Servo:PWMUDB:dith_count_0\\R\[128] = zero[13]
Removing Lhs of wire \PWM_Servo:PWMUDB:dith_count_0\\S\[129] = zero[13]
Removing Lhs of wire \PWM_Servo:PWMUDB:reset\[132] = zero[13]
Removing Lhs of wire \PWM_Servo:PWMUDB:status_6\[133] = zero[13]
Removing Rhs of wire \PWM_Servo:PWMUDB:status_5\[134] = \PWM_Servo:PWMUDB:final_kill_reg\[148]
Removing Lhs of wire \PWM_Servo:PWMUDB:status_4\[135] = zero[13]
Removing Rhs of wire \PWM_Servo:PWMUDB:status_3\[136] = \PWM_Servo:PWMUDB:fifo_full\[155]
Removing Rhs of wire \PWM_Servo:PWMUDB:status_1\[138] = \PWM_Servo:PWMUDB:cmp2_status_reg\[147]
Removing Rhs of wire \PWM_Servo:PWMUDB:status_0\[139] = \PWM_Servo:PWMUDB:cmp1_status_reg\[146]
Removing Lhs of wire \PWM_Servo:PWMUDB:cmp2_status\[144] = zero[13]
Removing Lhs of wire \PWM_Servo:PWMUDB:cmp2\[145] = zero[13]
Removing Lhs of wire \PWM_Servo:PWMUDB:cmp1_status_reg\\R\[149] = zero[13]
Removing Lhs of wire \PWM_Servo:PWMUDB:cmp1_status_reg\\S\[150] = zero[13]
Removing Lhs of wire \PWM_Servo:PWMUDB:cmp2_status_reg\\R\[151] = zero[13]
Removing Lhs of wire \PWM_Servo:PWMUDB:cmp2_status_reg\\S\[152] = zero[13]
Removing Lhs of wire \PWM_Servo:PWMUDB:final_kill_reg\\R\[153] = zero[13]
Removing Lhs of wire \PWM_Servo:PWMUDB:final_kill_reg\\S\[154] = zero[13]
Removing Lhs of wire \PWM_Servo:PWMUDB:cs_addr_2\[156] = \PWM_Servo:PWMUDB:tc_i\[111]
Removing Lhs of wire \PWM_Servo:PWMUDB:cs_addr_1\[157] = \PWM_Servo:PWMUDB:runmode_enable\[106]
Removing Lhs of wire \PWM_Servo:PWMUDB:cs_addr_0\[158] = zero[13]
Removing Lhs of wire \PWM_Servo:PWMUDB:compare1\[191] = \PWM_Servo:PWMUDB:cmp1_less\[162]
Removing Lhs of wire \PWM_Servo:PWMUDB:pwm1_i\[196] = zero[13]
Removing Lhs of wire \PWM_Servo:PWMUDB:pwm2_i\[198] = zero[13]
Removing Lhs of wire \PWM_Servo:PWMUDB:pwm_temp\[204] = \PWM_Servo:PWMUDB:cmp1\[142]
Removing Lhs of wire \PWM_Servo:PWMUDB:MODULE_1:g2:a0:a_23\[245] = zero[13]
Removing Lhs of wire \PWM_Servo:PWMUDB:MODULE_1:g2:a0:a_22\[246] = zero[13]
Removing Lhs of wire \PWM_Servo:PWMUDB:MODULE_1:g2:a0:a_21\[247] = zero[13]
Removing Lhs of wire \PWM_Servo:PWMUDB:MODULE_1:g2:a0:a_20\[248] = zero[13]
Removing Lhs of wire \PWM_Servo:PWMUDB:MODULE_1:g2:a0:a_19\[249] = zero[13]
Removing Lhs of wire \PWM_Servo:PWMUDB:MODULE_1:g2:a0:a_18\[250] = zero[13]
Removing Lhs of wire \PWM_Servo:PWMUDB:MODULE_1:g2:a0:a_17\[251] = zero[13]
Removing Lhs of wire \PWM_Servo:PWMUDB:MODULE_1:g2:a0:a_16\[252] = zero[13]
Removing Lhs of wire \PWM_Servo:PWMUDB:MODULE_1:g2:a0:a_15\[253] = zero[13]
Removing Lhs of wire \PWM_Servo:PWMUDB:MODULE_1:g2:a0:a_14\[254] = zero[13]
Removing Lhs of wire \PWM_Servo:PWMUDB:MODULE_1:g2:a0:a_13\[255] = zero[13]
Removing Lhs of wire \PWM_Servo:PWMUDB:MODULE_1:g2:a0:a_12\[256] = zero[13]
Removing Lhs of wire \PWM_Servo:PWMUDB:MODULE_1:g2:a0:a_11\[257] = zero[13]
Removing Lhs of wire \PWM_Servo:PWMUDB:MODULE_1:g2:a0:a_10\[258] = zero[13]
Removing Lhs of wire \PWM_Servo:PWMUDB:MODULE_1:g2:a0:a_9\[259] = zero[13]
Removing Lhs of wire \PWM_Servo:PWMUDB:MODULE_1:g2:a0:a_8\[260] = zero[13]
Removing Lhs of wire \PWM_Servo:PWMUDB:MODULE_1:g2:a0:a_7\[261] = zero[13]
Removing Lhs of wire \PWM_Servo:PWMUDB:MODULE_1:g2:a0:a_6\[262] = zero[13]
Removing Lhs of wire \PWM_Servo:PWMUDB:MODULE_1:g2:a0:a_5\[263] = zero[13]
Removing Lhs of wire \PWM_Servo:PWMUDB:MODULE_1:g2:a0:a_4\[264] = zero[13]
Removing Lhs of wire \PWM_Servo:PWMUDB:MODULE_1:g2:a0:a_3\[265] = zero[13]
Removing Lhs of wire \PWM_Servo:PWMUDB:MODULE_1:g2:a0:a_2\[266] = zero[13]
Removing Lhs of wire \PWM_Servo:PWMUDB:MODULE_1:g2:a0:a_1\[267] = \PWM_Servo:PWMUDB:MODIN1_1\[268]
Removing Lhs of wire \PWM_Servo:PWMUDB:MODIN1_1\[268] = \PWM_Servo:PWMUDB:dith_count_1\[122]
Removing Lhs of wire \PWM_Servo:PWMUDB:MODULE_1:g2:a0:a_0\[269] = \PWM_Servo:PWMUDB:MODIN1_0\[270]
Removing Lhs of wire \PWM_Servo:PWMUDB:MODIN1_0\[270] = \PWM_Servo:PWMUDB:dith_count_0\[124]
Removing Lhs of wire \PWM_Servo:PWMUDB:MODULE_1:g2:a0:g1:z1:s0:g1:u0:c_0\[402] = one[2]
Removing Lhs of wire \PWM_Servo:PWMUDB:MODULE_1:g2:a0:g1:z1:s0:g1:u0:b_0\[403] = one[2]
Removing Lhs of wire tmpOE__Servo_FB_net_0[410] = one[2]
Removing Lhs of wire \ADC_ServoFB:vp_ctl_0\[421] = zero[13]
Removing Lhs of wire \ADC_ServoFB:vp_ctl_2\[422] = zero[13]
Removing Lhs of wire \ADC_ServoFB:vn_ctl_1\[423] = zero[13]
Removing Lhs of wire \ADC_ServoFB:vn_ctl_3\[424] = zero[13]
Removing Lhs of wire \ADC_ServoFB:vp_ctl_1\[425] = zero[13]
Removing Lhs of wire \ADC_ServoFB:vp_ctl_3\[426] = zero[13]
Removing Lhs of wire \ADC_ServoFB:vn_ctl_0\[427] = zero[13]
Removing Lhs of wire \ADC_ServoFB:vn_ctl_2\[428] = zero[13]
Removing Rhs of wire \ADC_ServoFB:Net_188\[432] = \ADC_ServoFB:Net_221\[433]
Removing Lhs of wire \ADC_ServoFB:soc\[438] = zero[13]
Removing Lhs of wire \ADC_ServoFB:tmpOE__Bypass_net_0\[456] = one[2]
Removing Lhs of wire \ADC_ServoFB:Net_383\[471] = zero[13]
Removing Lhs of wire \Deb_Butt:DEBOUNCER[0]:d_sync_0\\D\[473] = Net_24[5]
Removing Lhs of wire \Deb_Butt:DEBOUNCER[0]:d_sync_1\\D\[474] = \Deb_Butt:DEBOUNCER[0]:d_sync_0\[4]
Removing Lhs of wire \Deb_Rot_A:DEBOUNCER[0]:d_sync_0\\D\[478] = Net_30[20]
Removing Lhs of wire \Deb_Rot_A:DEBOUNCER[0]:d_sync_1\\D\[479] = \Deb_Rot_A:DEBOUNCER[0]:d_sync_0\[26]
Removing Lhs of wire \Deb_Rot_B:DEBOUNCER[0]:d_sync_0\\D\[483] = Net_78[14]
Removing Lhs of wire \Deb_Rot_B:DEBOUNCER[0]:d_sync_1\\D\[484] = Net_89[56]
Removing Lhs of wire \PWM_Servo:PWMUDB:min_kill_reg\\D\[488] = one[2]
Removing Lhs of wire \PWM_Servo:PWMUDB:prevCapture\\D\[489] = zero[13]
Removing Lhs of wire \PWM_Servo:PWMUDB:trig_last\\D\[490] = zero[13]
Removing Lhs of wire \PWM_Servo:PWMUDB:ltch_kill_reg\\D\[493] = one[2]
Removing Lhs of wire \PWM_Servo:PWMUDB:prevCompare1\\D\[496] = \PWM_Servo:PWMUDB:cmp1\[142]
Removing Lhs of wire \PWM_Servo:PWMUDB:cmp1_status_reg\\D\[497] = \PWM_Servo:PWMUDB:cmp1_status\[143]
Removing Lhs of wire \PWM_Servo:PWMUDB:cmp2_status_reg\\D\[498] = zero[13]
Removing Lhs of wire \PWM_Servo:PWMUDB:pwm_i_reg\\D\[500] = \PWM_Servo:PWMUDB:pwm_i\[194]
Removing Lhs of wire \PWM_Servo:PWMUDB:pwm1_i_reg\\D\[501] = zero[13]
Removing Lhs of wire \PWM_Servo:PWMUDB:pwm2_i_reg\\D\[502] = zero[13]
Removing Lhs of wire \PWM_Servo:PWMUDB:tc_i_reg\\D\[503] = \PWM_Servo:PWMUDB:status_2\[137]

------------------------------------------------------
Aliased 0 equations, 115 wires.
------------------------------------------------------

----------------------------------------------------------
Circuit simplification
----------------------------------------------------------

Substituting virtuals - pass 1:

Note:  Expanding virtual equation for 'one' (cost = 0):
one <=  ('1') ;

Note:  Expanding virtual equation for 'zero' (cost = 0):
zero <=  ('0') ;

Note:  Expanding virtual equation for '\PWM_Servo:PWMUDB:cmp1\' (cost = 0):
\PWM_Servo:PWMUDB:cmp1\ <= (\PWM_Servo:PWMUDB:cmp1_less\);

Note:  Expanding virtual equation for '\PWM_Servo:PWMUDB:MODULE_1:g2:a0:g1:z1:s0:g1:u0:c_1\' (cost = 0):
\PWM_Servo:PWMUDB:MODULE_1:g2:a0:g1:z1:s0:g1:u0:c_1\ <= (\PWM_Servo:PWMUDB:dith_count_0\);

Note:  Expanding virtual equation for '\PWM_Servo:PWMUDB:MODULE_1:g2:a0:s_0\' (cost = 0):
\PWM_Servo:PWMUDB:MODULE_1:g2:a0:s_0\ <= (not \PWM_Servo:PWMUDB:dith_count_0\);

Note:  Expanding virtual equation for '\PWM_Servo:PWMUDB:MODULE_1:g2:a0:g1:z1:s0:g1:u0:c_17\' (cost = 0):
\PWM_Servo:PWMUDB:MODULE_1:g2:a0:g1:z1:s0:g1:u0:c_17\ <=  ('0') ;

Note:  Expanding virtual equation for '\PWM_Servo:PWMUDB:MODULE_1:g2:a0:g1:z1:s0:g1:u0:c_9\' (cost = 0):
\PWM_Servo:PWMUDB:MODULE_1:g2:a0:g1:z1:s0:g1:u0:c_9\ <=  ('0') ;

Note:  Expanding virtual equation for '\PWM_Servo:PWMUDB:MODULE_1:g2:a0:g1:z1:s0:g1:u0:c_2\' (cost = 0):
\PWM_Servo:PWMUDB:MODULE_1:g2:a0:g1:z1:s0:g1:u0:c_2\ <= ((\PWM_Servo:PWMUDB:dith_count_1\ and \PWM_Servo:PWMUDB:dith_count_0\));


Substituting virtuals - pass 2:

Note:  Expanding virtual equation for '\PWM_Servo:PWMUDB:MODULE_1:g2:a0:s_1\' (cost = 2):
\PWM_Servo:PWMUDB:MODULE_1:g2:a0:s_1\ <= ((not \PWM_Servo:PWMUDB:dith_count_0\ and \PWM_Servo:PWMUDB:dith_count_1\)
	OR (not \PWM_Servo:PWMUDB:dith_count_1\ and \PWM_Servo:PWMUDB:dith_count_0\));

Note:  Expanding virtual equation for '\PWM_Servo:PWMUDB:MODULE_1:g2:a0:g1:z1:s0:g1:u0:c_18\' (cost = 0):
\PWM_Servo:PWMUDB:MODULE_1:g2:a0:g1:z1:s0:g1:u0:c_18\ <=  ('0') ;

Note:  Expanding virtual equation for '\PWM_Servo:PWMUDB:MODULE_1:g2:a0:g1:z1:s0:g1:u0:c_10\' (cost = 0):
\PWM_Servo:PWMUDB:MODULE_1:g2:a0:g1:z1:s0:g1:u0:c_10\ <=  ('0') ;

Note:  Expanding virtual equation for '\PWM_Servo:PWMUDB:MODULE_1:g2:a0:g1:z1:s0:g1:u0:c_3\' (cost = 0):
\PWM_Servo:PWMUDB:MODULE_1:g2:a0:g1:z1:s0:g1:u0:c_3\ <=  ('0') ;


Substituting virtuals - pass 3:

Note:  Expanding virtual equation for '\PWM_Servo:PWMUDB:MODULE_1:g2:a0:g1:z1:s0:g1:u0:c_19\' (cost = 0):
\PWM_Servo:PWMUDB:MODULE_1:g2:a0:g1:z1:s0:g1:u0:c_19\ <=  ('0') ;

Note:  Expanding virtual equation for '\PWM_Servo:PWMUDB:MODULE_1:g2:a0:g1:z1:s0:g1:u0:c_11\' (cost = 0):
\PWM_Servo:PWMUDB:MODULE_1:g2:a0:g1:z1:s0:g1:u0:c_11\ <=  ('0') ;

Note:  Expanding virtual equation for '\PWM_Servo:PWMUDB:MODULE_1:g2:a0:g1:z1:s0:g1:u0:c_4\' (cost = 0):
\PWM_Servo:PWMUDB:MODULE_1:g2:a0:g1:z1:s0:g1:u0:c_4\ <=  ('0') ;


Substituting virtuals - pass 4:

Note:  Expanding virtual equation for '\PWM_Servo:PWMUDB:MODULE_1:g2:a0:g1:z1:s0:g1:u0:c_20\' (cost = 0):
\PWM_Servo:PWMUDB:MODULE_1:g2:a0:g1:z1:s0:g1:u0:c_20\ <=  ('0') ;

Note:  Expanding virtual equation for '\PWM_Servo:PWMUDB:MODULE_1:g2:a0:g1:z1:s0:g1:u0:c_12\' (cost = 0):
\PWM_Servo:PWMUDB:MODULE_1:g2:a0:g1:z1:s0:g1:u0:c_12\ <=  ('0') ;

Note:  Expanding virtual equation for '\PWM_Servo:PWMUDB:MODULE_1:g2:a0:g1:z1:s0:g1:u0:c_5\' (cost = 0):
\PWM_Servo:PWMUDB:MODULE_1:g2:a0:g1:z1:s0:g1:u0:c_5\ <=  ('0') ;


Substituting virtuals - pass 5:

Note:  Expanding virtual equation for '\PWM_Servo:PWMUDB:MODULE_1:g2:a0:g1:z1:s0:g1:u0:c_21\' (cost = 0):
\PWM_Servo:PWMUDB:MODULE_1:g2:a0:g1:z1:s0:g1:u0:c_21\ <=  ('0') ;

Note:  Expanding virtual equation for '\PWM_Servo:PWMUDB:MODULE_1:g2:a0:g1:z1:s0:g1:u0:c_13\' (cost = 0):
\PWM_Servo:PWMUDB:MODULE_1:g2:a0:g1:z1:s0:g1:u0:c_13\ <=  ('0') ;

Note:  Expanding virtual equation for '\PWM_Servo:PWMUDB:MODULE_1:g2:a0:g1:z1:s0:g1:u0:c_6\' (cost = 0):
\PWM_Servo:PWMUDB:MODULE_1:g2:a0:g1:z1:s0:g1:u0:c_6\ <=  ('0') ;


Substituting virtuals - pass 6:

Note:  Expanding virtual equation for '\PWM_Servo:PWMUDB:MODULE_1:g2:a0:g1:z1:s0:g1:u0:c_22\' (cost = 0):
\PWM_Servo:PWMUDB:MODULE_1:g2:a0:g1:z1:s0:g1:u0:c_22\ <=  ('0') ;

Note:  Expanding virtual equation for '\PWM_Servo:PWMUDB:MODULE_1:g2:a0:g1:z1:s0:g1:u0:c_14\' (cost = 0):
\PWM_Servo:PWMUDB:MODULE_1:g2:a0:g1:z1:s0:g1:u0:c_14\ <=  ('0') ;

Note:  Expanding virtual equation for '\PWM_Servo:PWMUDB:MODULE_1:g2:a0:g1:z1:s0:g1:u0:c_7\' (cost = 0):
\PWM_Servo:PWMUDB:MODULE_1:g2:a0:g1:z1:s0:g1:u0:c_7\ <=  ('0') ;


Substituting virtuals - pass 7:

Note:  Expanding virtual equation for '\PWM_Servo:PWMUDB:MODULE_1:g2:a0:g1:z1:s0:g1:u0:c_23\' (cost = 0):
\PWM_Servo:PWMUDB:MODULE_1:g2:a0:g1:z1:s0:g1:u0:c_23\ <=  ('0') ;

Note:  Expanding virtual equation for '\PWM_Servo:PWMUDB:MODULE_1:g2:a0:g1:z1:s0:g1:u0:c_15\' (cost = 0):
\PWM_Servo:PWMUDB:MODULE_1:g2:a0:g1:z1:s0:g1:u0:c_15\ <=  ('0') ;


Substituting virtuals - pass 8:


----------------------------------------------------------
Circuit simplification results:

	Expanded 26 signals.
	Turned 0 signals into soft nodes.
	Maximum default expansion cost was set at 3.
----------------------------------------------------------

------------------------------------------------------
Alias Detection
------------------------------------------------------
Aliasing \PWM_Servo:PWMUDB:final_capture\ to zero
Aliasing \PWM_Servo:PWMUDB:MODULE_1:g2:a0:g1:z1:s0:g1:u0:b_24\ to zero
Aliasing \PWM_Servo:PWMUDB:MODULE_1:g2:a0:g1:z1:s0:g1:u0:b_16\ to zero
Aliasing \PWM_Servo:PWMUDB:MODULE_1:g2:a0:g1:z1:s0:g1:u0:b_8\ to zero
Aliasing \PWM_Servo:PWMUDB:final_kill_reg\\D\ to zero
Removing Lhs of wire \PWM_Servo:PWMUDB:final_capture\[160] = zero[13]
Removing Lhs of wire \PWM_Servo:PWMUDB:MODULE_1:g2:a0:g1:z1:s0:g1:u0:b_24\[373] = zero[13]
Removing Lhs of wire \PWM_Servo:PWMUDB:MODULE_1:g2:a0:g1:z1:s0:g1:u0:b_16\[383] = zero[13]
Removing Lhs of wire \PWM_Servo:PWMUDB:MODULE_1:g2:a0:g1:z1:s0:g1:u0:b_8\[393] = zero[13]
Removing Lhs of wire \ADC_ServoFB:Net_188\[432] = \ADC_ServoFB:Net_385\[430]
Removing Lhs of wire \PWM_Servo:PWMUDB:runmode_enable\\D\[491] = \PWM_Servo:PWMUDB:control_7\[82]
Removing Lhs of wire \PWM_Servo:PWMUDB:final_kill_reg\\D\[499] = zero[13]

------------------------------------------------------
Aliased 0 equations, 7 wires.
------------------------------------------------------

----------------------------------------------------------
Circuit simplification
----------------------------------------------------------

Eliminating unused logic - pass 1:


Eliminating unused logic - pass 2:


Substituting virtuals - pass 1:


----------------------------------------------------------
Circuit simplification results:

	Expanded 0 signals.
	Turned 0 signals into soft nodes.
	Maximum default expansion cost was set at 3.
----------------------------------------------------------

topld:  No errors.

CYPRESS_DIR    : C:\Program Files (x86)\Cypress\PSoC Creator\4.4\PSoC Creator\warp
Warp Program   : C:\Program Files (x86)\Cypress\PSoC Creator\4.4\PSoC Creator\warp\bin\warp.exe
Warp Arguments : -yv2 -q10 -ygs -o2 -v3 -.fftcfgtype=LE -ya "-.fftprj=C:\Users\ke\Gitfis\Elektroteknologi-Projekt-1\Drejeknap mm\drejeknappelegen.cydsn\drejeknappelegen.cyprj" -dcpsoc3 drejeknappelegen.v -verilog
</CYPRESSTAG>
Warp synthesis phase: Elapsed time ==> 4s.516ms
<CYPRESSTAG name="Fitter results...">
<CYPRESSTAG name="Fitter startup details...">
cyp3fit: V4.4.0.80, Family: PSoC3, Started at: Monday, 04 May 2026 09:10:55
Options: -yv2 -q10 -ygs -o2 -v3 -.fftcfgtype=LE -ya -.fftprj=C:\Users\ke\Gitfis\Elektroteknologi-Projekt-1\Drejeknap mm\drejeknappelegen.cydsn\drejeknappelegen.cyprj -d CY8C5888LTI-LP097 drejeknappelegen.v -verilog
</CYPRESSTAG>
<CYPRESSTAG name="Design parsing">
Design parsing phase: Elapsed time ==> 0s.027ms
</CYPRESSTAG>
<CYPRESSTAG name="Tech Mapping">
<CYPRESSTAG name="Initial Mapping" icon="FILE_RPT_TECHM">
    Removed wire end \PWM_Servo:PWMUDB:MODULE_1:g2:a0:g1:z1:s0:g1:u0:c_24\ kept zero
    Removed wire end \PWM_Servo:PWMUDB:MODULE_1:g2:a0:g1:z1:s0:g1:u0:c_16\ kept zero
    Removed wire end \PWM_Servo:PWMUDB:MODULE_1:g2:a0:g1:z1:s0:g1:u0:c_8\ kept zero
    Converted constant MacroCell: \PWM_Servo:PWMUDB:prevCapture\ from registered to combinatorial
    Converted constant MacroCell: \PWM_Servo:PWMUDB:trig_last\ from registered to combinatorial
    Converted constant MacroCell: \PWM_Servo:PWMUDB:status_1\ from registered to combinatorial
    Converted constant MacroCell: \PWM_Servo:PWMUDB:status_5\ from registered to combinatorial
    Converted constant MacroCell: \PWM_Servo:PWMUDB:pwm1_i_reg\ from registered to combinatorial
    Converted constant MacroCell: \PWM_Servo:PWMUDB:pwm2_i_reg\ from registered to combinatorial
<CYPRESSTAG name="Global Clock Selection" icon="FILE_RPT_TECHM">
    Analog  Clock 0: Automatic-assigning  clock 'ADC_ServoFB_theACLK'. Fanout=2, Signal=\ADC_ServoFB:Net_385\
    Digital Clock 0: Automatic-assigning  clock 'Clock_2'. Fanout=1, Signal=Net_1110
    Digital Clock 1: Automatic-assigning  clock 'Clock_1'. Fanout=3, Signal=Net_31
</CYPRESSTAG>

Removing unused cells resulting from optimization
Done removing unused cells.
<CYPRESSTAG name="UDB Clock/Enable Remapping Results">
    UDB Clk/Enable \Deb_Butt:ClkSync\: with output requested to be synchronous
        ClockIn: Clock_1 was determined to be a global clock that is synchronous to BUS_CLK
        EnableIn: Constant 1 was determined to be synchronous to ClockIn
        ClockOut: Clock_1, EnableOut: Constant 1
    UDB Clk/Enable \Deb_Rot_A:ClkSync\: with output requested to be synchronous
        ClockIn: Clock_1 was determined to be a global clock that is synchronous to BUS_CLK
        EnableIn: Constant 1 was determined to be synchronous to ClockIn
        ClockOut: Clock_1, EnableOut: Constant 1
    UDB Clk/Enable \Deb_Rot_B:ClkSync\: with output requested to be synchronous
        ClockIn: Clock_1 was determined to be a global clock that is synchronous to BUS_CLK
        EnableIn: Constant 1 was determined to be synchronous to ClockIn
        ClockOut: Clock_1, EnableOut: Constant 1
    UDB Clk/Enable \PWM_Servo:PWMUDB:clock_enable_block\: with output requested to be synchronous
        ClockIn: Clock_2 was determined to be a global clock that is synchronous to BUS_CLK
        EnableIn: Constant 1 was determined to be synchronous to ClockIn
        ClockOut: Clock_2, EnableOut: Constant 1
</CYPRESSTAG>
ADD: pft.M0040: information: The following 1 pin(s) will be assigned a location by the fitter: \ADC_ServoFB:Bypass(0)\


Removing unused cells resulting from optimization
Done removing unused cells.
<CYPRESSTAG name="Duplicate Macrocell detection">
</CYPRESSTAG>
</CYPRESSTAG>
<CYPRESSTAG name="Duplicate Macrocell detection">

Removing unused cells resulting from optimization
Done removing unused cells.
</CYPRESSTAG>
<CYPRESSTAG name="Design Equations" icon="FILE_RPT_EQUATION">

------------------------------------------------------------
Design Equations
------------------------------------------------------------
    <CYPRESSTAG name="Pin listing">

    ------------------------------------------------------------
    Pin listing
    ------------------------------------------------------------

    Pin : Name = Rot_B(0)
        Attributes:
            In Group/Port: True
            In Sync Option: NOSYNC
            Out Sync Option: AUTO
            Interrupt generated: False
            Interrupt mode: NONE
            Drive mode: RES_PULL_UP
            VTrip: CMOS
            Slew: FAST
            Input Sync needed: False
            Output Sync needed: False
            SC shield enabled: False
            POR State: ANY
            LCD Mode: COMMON
            Register Mode: RegComb
            CaSense Mode: NEITHER
            Treat as pin: True
            Is OE Registered: False
            Uses Analog: False
            Can contain Digital: True
            Is SIO: False
            SIO Output Buf: NONREGULATED
            SIO Input Buf: SINGLE_ENDED
            SIO HiFreq: LOW
            SIO Hyst: DISABLED
            SIO Vtrip: MULTIPLIER_0_5
            SIO Multiplier Index: 0
            SIO RefSel: VCC_IO
            Required Capabilities: DIGITAL, ROUTABLE
            Initial Value: 1
            IO Voltage: 0
        PORT MAP (
            pa_out => Rot_B(0)__PA ,
            fb => Net_78 ,
            pad => Rot_B(0)_PAD );
        Properties:
        {
        }

    Pin : Name = Rot_A(0)
        Attributes:
            In Group/Port: True
            In Sync Option: NOSYNC
            Out Sync Option: AUTO
            Interrupt generated: False
            Interrupt mode: NONE
            Drive mode: HI_Z_DIGITAL
            VTrip: CMOS
            Slew: FAST
            Input Sync needed: False
            Output Sync needed: False
            SC shield enabled: False
            POR State: ANY
            LCD Mode: COMMON
            Register Mode: RegComb
            CaSense Mode: NEITHER
            Treat as pin: True
            Is OE Registered: False
            Uses Analog: False
            Can contain Digital: True
            Is SIO: False
            SIO Output Buf: NONREGULATED
            SIO Input Buf: SINGLE_ENDED
            SIO HiFreq: LOW
            SIO Hyst: DISABLED
            SIO Vtrip: MULTIPLIER_0_5
            SIO Multiplier Index: 0
            SIO RefSel: VCC_IO
            Required Capabilities: DIGITAL, ROUTABLE
            Initial Value: 0
            IO Voltage: 0
        PORT MAP (
            pa_out => Rot_A(0)__PA ,
            fb => Net_30 ,
            pad => Rot_A(0)_PAD );
        Properties:
        {
        }

    Pin : Name = Button(0)
        Attributes:
            In Group/Port: True
            In Sync Option: NOSYNC
            Out Sync Option: AUTO
            Interrupt generated: False
            Interrupt mode: NONE
            Drive mode: RES_PULL_UP
            VTrip: CMOS
            Slew: FAST
            Input Sync needed: False
            Output Sync needed: False
            SC shield enabled: False
            POR State: ANY
            LCD Mode: COMMON
            Register Mode: RegComb
            CaSense Mode: NEITHER
            Treat as pin: True
            Is OE Registered: False
            Uses Analog: False
            Can contain Digital: True
            Is SIO: False
            SIO Output Buf: NONREGULATED
            SIO Input Buf: SINGLE_ENDED
            SIO HiFreq: LOW
            SIO Hyst: DISABLED
            SIO Vtrip: MULTIPLIER_0_5
            SIO Multiplier Index: 0
            SIO RefSel: VCC_IO
            Required Capabilities: DIGITAL, ROUTABLE
            Initial Value: 1
            IO Voltage: 0
        PORT MAP (
            pa_out => Button(0)__PA ,
            fb => Net_24 ,
            pad => Button(0)_PAD );
        Properties:
        {
        }

    Pin : Name = Red_LED(0)
        Attributes:
            In Group/Port: True
            In Sync Option: AUTO
            Out Sync Option: NOSYNC
            Interrupt generated: False
            Interrupt mode: NONE
            Drive mode: CMOS_OUT
            VTrip: EITHER
            Slew: FAST
            Input Sync needed: False
            Output Sync needed: False
            SC shield enabled: False
            POR State: ANY
            LCD Mode: COMMON
            Register Mode: RegComb
            CaSense Mode: NEITHER
            Treat as pin: True
            Is OE Registered: False
            Uses Analog: False
            Can contain Digital: True
            Is SIO: False
            SIO Output Buf: NONREGULATED
            SIO Input Buf: SINGLE_ENDED
            SIO HiFreq: LOW
            SIO Hyst: DISABLED
            SIO Vtrip: MULTIPLIER_0_5
            SIO Multiplier Index: 0
            SIO RefSel: VCC_IO
            Required Capabilities: DIGITAL
            Initial Value: 0
            IO Voltage: 0
        PORT MAP (
            pa_out => Red_LED(0)__PA ,
            pad => Red_LED(0)_PAD );
        Properties:
        {
        }

    Pin : Name = Green_LED(0)
        Attributes:
            In Group/Port: True
            In Sync Option: AUTO
            Out Sync Option: NOSYNC
            Interrupt generated: False
            Interrupt mode: NONE
            Drive mode: CMOS_OUT
            VTrip: EITHER
            Slew: FAST
            Input Sync needed: False
            Output Sync needed: False
            SC shield enabled: False
            POR State: ANY
            LCD Mode: COMMON
            Register Mode: RegComb
            CaSense Mode: NEITHER
            Treat as pin: True
            Is OE Registered: False
            Uses Analog: False
            Can contain Digital: True
            Is SIO: False
            SIO Output Buf: NONREGULATED
            SIO Input Buf: SINGLE_ENDED
            SIO HiFreq: LOW
            SIO Hyst: DISABLED
            SIO Vtrip: MULTIPLIER_0_5
            SIO Multiplier Index: 0
            SIO RefSel: VCC_IO
            Required Capabilities: DIGITAL
            Initial Value: 0
            IO Voltage: 0
        PORT MAP (
            pa_out => Green_LED(0)__PA ,
            pad => Green_LED(0)_PAD );
        Properties:
        {
        }

    Pin : Name = Servo_Out(0)
        Attributes:
            In Group/Port: True
            In Sync Option: AUTO
            Out Sync Option: NOSYNC
            Interrupt generated: False
            Interrupt mode: NONE
            Drive mode: CMOS_OUT
            VTrip: EITHER
            Slew: FAST
            Input Sync needed: False
            Output Sync needed: False
            SC shield enabled: False
            POR State: ANY
            LCD Mode: COMMON
            Register Mode: RegComb
            CaSense Mode: NEITHER
            Treat as pin: True
            Is OE Registered: False
            Uses Analog: False
            Can contain Digital: True
            Is SIO: False
            SIO Output Buf: NONREGULATED
            SIO Input Buf: SINGLE_ENDED
            SIO HiFreq: LOW
            SIO Hyst: DISABLED
            SIO Vtrip: MULTIPLIER_0_5
            SIO Multiplier Index: 0
            SIO RefSel: VCC_IO
            Required Capabilities: DIGITAL, ROUTABLE
            Initial Value: 0
            IO Voltage: 0
        PORT MAP (
            pa_out => Servo_Out(0)__PA ,
            pin_input => Net_324 ,
            pad => Servo_Out(0)_PAD );
        Properties:
        {
        }

    Pin : Name = Servo_FB(0)
        Attributes:
            In Group/Port: True
            In Sync Option: AUTO
            Out Sync Option: AUTO
            Interrupt generated: False
            Interrupt mode: NONE
            Drive mode: HI_Z_ANALOG
            VTrip: EITHER
            Slew: FAST
            Input Sync needed: False
            Output Sync needed: False
            SC shield enabled: False
            POR State: ANY
            LCD Mode: COMMON
            Register Mode: RegComb
            CaSense Mode: NEITHER
            Treat as pin: True
            Is OE Registered: False
            Uses Analog: True
            Can contain Digital: False
            Is SIO: False
            SIO Output Buf: NONREGULATED
            SIO Input Buf: SINGLE_ENDED
            SIO HiFreq: LOW
            SIO Hyst: DISABLED
            SIO Vtrip: MULTIPLIER_0_5
            SIO Multiplier Index: 0
            SIO RefSel: VCC_IO
            Required Capabilities: ANALOG
            Initial Value: 0
            IO Voltage: 0
        PORT MAP (
            pa_out => Servo_FB(0)__PA ,
            analog_term => Net_841 ,
            pad => Servo_FB(0)_PAD );
        Properties:
        {
        }

    Pin : Name = \ADC_ServoFB:Bypass(0)\
        Attributes:
            In Group/Port: True
            In Sync Option: AUTO
            Out Sync Option: AUTO
            Interrupt generated: False
            Interrupt mode: NONE
            Drive mode: HI_Z_ANALOG
            VTrip: EITHER
            Slew: FAST
            Input Sync needed: False
            Output Sync needed: False
            SC shield enabled: False
            POR State: ANY
            LCD Mode: COMMON
            Register Mode: RegComb
            CaSense Mode: NEITHER
            Treat as pin: True
            Is OE Registered: False
            Uses Analog: True
            Can contain Digital: False
            Is SIO: False
            SIO Output Buf: NONREGULATED
            SIO Input Buf: SINGLE_ENDED
            SIO HiFreq: LOW
            SIO Hyst: DISABLED
            SIO Vtrip: MULTIPLIER_0_5
            SIO Multiplier Index: 0
            SIO RefSel: VCC_IO
            Required Capabilities: ANALOG
            Initial Value: 0
            IO Voltage: 0
        PORT MAP (
            pa_out => \ADC_ServoFB:Bypass(0)\__PA ,
            analog_term => \ADC_ServoFB:Net_210\ ,
            pad => \ADC_ServoFB:Bypass(0)_PAD\ );
    </CYPRESSTAG>
    <CYPRESSTAG name="Macrocell listing" icon="FILE_RPT_EQUATION">

    ------------------------------------------------------------
    Macrocell listing
    ------------------------------------------------------------

    MacroCell: Name=\PWM_Servo:PWMUDB:status_2\, Mode=(Combinatorial)
        Total # of inputs        : 2
        Total # of product terms : 1
            Clock Enable: True
        Main Equation            : 1 pterm
        (
              \PWM_Servo:PWMUDB:runmode_enable\ * \PWM_Servo:PWMUDB:tc_i\
        );
        Output = \PWM_Servo:PWMUDB:status_2\ (fanout=1)

    MacroCell: Name=\Deb_Butt:DEBOUNCER[0]:d_sync_0\, Mode=(D-Register)
        Total # of inputs        : 1
        Total # of product terms : 1
        List of special equations: 
            Clock  = (Net_31) => Global
            Clock Enable: True
        Main Equation            : 1 pterm
        (
              Net_24
        );
        Output = \Deb_Butt:DEBOUNCER[0]:d_sync_0\ (fanout=2)

    MacroCell: Name=\Deb_Butt:DEBOUNCER[0]:d_sync_1\, Mode=(D-Register)
        Total # of inputs        : 1
        Total # of product terms : 1
        List of special equations: 
            Clock  = (Net_31) => Global
            Clock Enable: True
        Main Equation            : 1 pterm
        (
              \Deb_Butt:DEBOUNCER[0]:d_sync_0\
        );
        Output = \Deb_Butt:DEBOUNCER[0]:d_sync_1\ (fanout=1)

    MacroCell: Name=Net_65, Mode=(D-Register)
        Total # of inputs        : 2
        Total # of product terms : 1
        List of special equations: 
            Clock  = (Net_31) => Global
            Clock Enable: True
        Main Equation            : 1 pterm
        (
              !\Deb_Butt:DEBOUNCER[0]:d_sync_0\ * 
              \Deb_Butt:DEBOUNCER[0]:d_sync_1\
        );
        Output = Net_65 (fanout=1)

    MacroCell: Name=\Deb_Rot_A:DEBOUNCER[0]:d_sync_0\, Mode=(D-Register)
        Total # of inputs        : 1
        Total # of product terms : 1
        List of special equations: 
            Clock  = (Net_31) => Global
            Clock Enable: True
        Main Equation            : 1 pterm
        (
              Net_30
        );
        Output = \Deb_Rot_A:DEBOUNCER[0]:d_sync_0\ (fanout=2)

    MacroCell: Name=\Deb_Rot_A:DEBOUNCER[0]:d_sync_1\, Mode=(D-Register)
        Total # of inputs        : 1
        Total # of product terms : 1
        List of special equations: 
            Clock  = (Net_31) => Global
            Clock Enable: True
        Main Equation            : 1 pterm
        (
              \Deb_Rot_A:DEBOUNCER[0]:d_sync_0\
        );
        Output = \Deb_Rot_A:DEBOUNCER[0]:d_sync_1\ (fanout=1)

    MacroCell: Name=Net_101, Mode=(D-Register)
        Total # of inputs        : 2
        Total # of product terms : 1
        List of special equations: 
            Clock  = (Net_31) => Global
            Clock Enable: True
        Main Equation            : 1 pterm
        (
              \Deb_Rot_A:DEBOUNCER[0]:d_sync_0\ * 
              !\Deb_Rot_A:DEBOUNCER[0]:d_sync_1\
        );
        Output = Net_101 (fanout=1)

    MacroCell: Name=Net_89, Mode=(D-Register)
        Total # of inputs        : 1
        Total # of product terms : 1
        List of special equations: 
            Clock  = (Net_31) => Global
            Clock Enable: True
        Main Equation            : 1 pterm
        (
              Net_78
        );
        Output = Net_89 (fanout=1)

    MacroCell: Name=\PWM_Servo:PWMUDB:runmode_enable\, Mode=(D-Register)
        Total # of inputs        : 1
        Total # of product terms : 1
        List of special equations: 
            Clock  = (Net_1110) => Global
            Clock Enable: True
        Main Equation            : 1 pterm
        (
              \PWM_Servo:PWMUDB:control_7\
        );
        Output = \PWM_Servo:PWMUDB:runmode_enable\ (fanout=3)

    MacroCell: Name=\PWM_Servo:PWMUDB:prevCompare1\, Mode=(D-Register)
        Total # of inputs        : 1
        Total # of product terms : 1
        List of special equations: 
            Clock  = (Net_1110) => Global
            Clock Enable: True
        Main Equation            : 1 pterm
        (
              \PWM_Servo:PWMUDB:cmp1_less\
        );
        Output = \PWM_Servo:PWMUDB:prevCompare1\ (fanout=1)

    MacroCell: Name=\PWM_Servo:PWMUDB:status_0\, Mode=(D-Register)
        Total # of inputs        : 2
        Total # of product terms : 1
        List of special equations: 
            Clock  = (Net_1110) => Global
            Clock Enable: True
        Main Equation            : 1 pterm
        (
              !\PWM_Servo:PWMUDB:prevCompare1\ * \PWM_Servo:PWMUDB:cmp1_less\
        );
        Output = \PWM_Servo:PWMUDB:status_0\ (fanout=1)

    MacroCell: Name=Net_324, Mode=(D-Register)
        Total # of inputs        : 2
        Total # of product terms : 1
        List of special equations: 
            Clock  = (Net_1110) => Global
            Clock Enable: True
        Main Equation            : 1 pterm
        (
              \PWM_Servo:PWMUDB:runmode_enable\ * 
              \PWM_Servo:PWMUDB:cmp1_less\
        );
        Output = Net_324 (fanout=1)
    </CYPRESSTAG>
    <CYPRESSTAG name="Datapath listing">

    ------------------------------------------------------------
    Datapath listing
    ------------------------------------------------------------

    datapathcell: Name =\PWM_Servo:PWMUDB:sP8:pwmdp:u0\
        PORT MAP (
            clock => Net_1110 ,
            cs_addr_2 => \PWM_Servo:PWMUDB:tc_i\ ,
            cs_addr_1 => \PWM_Servo:PWMUDB:runmode_enable\ ,
            cl0_comb => \PWM_Servo:PWMUDB:cmp1_less\ ,
            z0_comb => \PWM_Servo:PWMUDB:tc_i\ ,
            f1_blk_stat_comb => \PWM_Servo:PWMUDB:status_3\ );
        Properties:
        {
            a0_init = "00000000"
            a1_init = "00000000"
            ce0_sync = 1
            ce1_sync = 1
            cl0_sync = 1
            cl1_sync = 1
            cmsb_sync = 1
            co_msb_sync = 1
            cy_dpconfig = "0000000001000000000000001100000001000000010000000000000011000000000000001100000000000000110000000000000011000000000000001100000011111111000000001111111111111111101000000000000000000100000000000000000000011000"
            d0_init = "00000000"
            d1_init = "00000000"
            f0_blk_sync = 1
            f0_bus_sync = 1
            f1_blk_sync = 1
            f1_bus_sync = 1
            ff0_sync = 1
            ff1_sync = 1
            ov_msb_sync = 1
            so_sync = 1
            z0_sync = 1
            z1_sync = 1
        }
        Clock Polarity: Active High
        Clock Enable: True
    </CYPRESSTAG>
    <CYPRESSTAG name="Status register listing">

    ------------------------------------------------------------
    Status register listing
    ------------------------------------------------------------

    statuscell: Name =\Status_Rot_B:sts:sts_reg\
        PORT MAP (
            status_0 => Net_89 );
        Properties:
        {
            cy_force_order = 1
            cy_md_select = "00000000"
        }
        Clock Enable: True
    </CYPRESSTAG>
    <CYPRESSTAG name="StatusI register listing">

    ------------------------------------------------------------
    StatusI register listing
    ------------------------------------------------------------

    statusicell: Name =\PWM_Servo:PWMUDB:genblk8:stsreg\
        PORT MAP (
            clock => Net_1110 ,
            status_3 => \PWM_Servo:PWMUDB:status_3\ ,
            status_2 => \PWM_Servo:PWMUDB:status_2\ ,
            status_0 => \PWM_Servo:PWMUDB:status_0\ );
        Properties:
        {
            cy_force_order = 1
            cy_int_mask = "1111111"
            cy_md_select = "0100111"
        }
        Clock Polarity: Active High
        Clock Enable: True
    </CYPRESSTAG>
    <CYPRESSTAG name="Sync listing">
    </CYPRESSTAG>
    <CYPRESSTAG name="Control register listing">

    ------------------------------------------------------------
    Control register listing
    ------------------------------------------------------------

    controlcell: Name =\PWM_Servo:PWMUDB:genblk1:ctrlreg\
        PORT MAP (
            clock => Net_1110 ,
            control_7 => \PWM_Servo:PWMUDB:control_7\ ,
            control_6 => \PWM_Servo:PWMUDB:control_6\ ,
            control_5 => \PWM_Servo:PWMUDB:control_5\ ,
            control_4 => \PWM_Servo:PWMUDB:control_4\ ,
            control_3 => \PWM_Servo:PWMUDB:control_3\ ,
            control_2 => \PWM_Servo:PWMUDB:control_2\ ,
            control_1 => \PWM_Servo:PWMUDB:control_1\ ,
            control_0 => \PWM_Servo:PWMUDB:control_0\ );
        Properties:
        {
            cy_ctrl_mode_0 = "11111111"
            cy_ctrl_mode_1 = "00000000"
            cy_ext_reset = 0
            cy_force_order = 1
            cy_init_value = "00000000"
        }
        Clock Polarity: Active High
        Clock Enable: True
    </CYPRESSTAG>
    <CYPRESSTAG name="Count7 listing">
    </CYPRESSTAG>
    <CYPRESSTAG name="DRQ listing">
    </CYPRESSTAG>
    <CYPRESSTAG name="Interrupt listing">

    ------------------------------------------------------------
    Interrupt listing
    ------------------------------------------------------------

    interrupt: Name =isr_Button
        PORT MAP (
            interrupt => Net_65 );
        Properties:
        {
            int_type = "10"
            is_nmi = 0
        }

    interrupt: Name =isr_Rot
        PORT MAP (
            interrupt => Net_101 );
        Properties:
        {
            int_type = "00"
            is_nmi = 0
        }

    interrupt: Name =\ADC_ServoFB:IRQ\
        PORT MAP (
            interrupt => Net_844 );
        Properties:
        {
            int_type = "10"
            is_nmi = 0
        }
    </CYPRESSTAG>
</CYPRESSTAG>
<CYPRESSTAG name="Technology mapping summary" expanded>

------------------------------------------------------------
Technology mapping summary
------------------------------------------------------------

Resource Type                 : Used : Free :  Max :  % Used
============================================================
Digital Clocks                :    2 :    6 :    8 : 25.00 %
Analog Clocks                 :    1 :    3 :    4 : 25.00 %
CapSense Buffers              :    0 :    2 :    2 :  0.00 %
Digital Filter Block          :    0 :    1 :    1 :  0.00 %
Interrupts                    :    3 :   29 :   32 :  9.38 %
IO                            :   11 :   37 :   48 : 22.92 %
Segment LCD                   :    0 :    1 :    1 :  0.00 %
CAN 2.0b                      :    0 :    1 :    1 :  0.00 %
I2C                           :    0 :    1 :    1 :  0.00 %
USB                           :    0 :    1 :    1 :  0.00 %
DMA Channels                  :    0 :   24 :   24 :  0.00 %
Timer                         :    0 :    4 :    4 :  0.00 %
UDB                           :      :      :      :        
  Macrocells                  :   12 :  180 :  192 :  6.25 %
  Unique P-terms              :   12 :  372 :  384 :  3.13 %
  Total P-terms               :   12 :      :      :        
  Datapath Cells              :    1 :   23 :   24 :  4.17 %
  Status Cells                :    2 :   22 :   24 :  8.33 %
    Status Registers          :    1 :      :      :        
    StatusI Registers         :    1 :      :      :        
  Control Cells               :    1 :   23 :   24 :  4.17 %
    Control Registers         :    1 :      :      :        
Opamp                         :    0 :    4 :    4 :  0.00 %
Comparator                    :    0 :    4 :    4 :  0.00 %
Delta-Sigma ADC               :    0 :    1 :    1 :  0.00 %
LPF                           :    0 :    2 :    2 :  0.00 %
SAR ADC                       :    1 :    1 :    2 : 50.00 %
Analog (SC/CT) Blocks         :    0 :    4 :    4 :  0.00 %
DAC                           :      :      :      :        
  VIDAC                       :    0 :    4 :    4 :  0.00 %
</CYPRESSTAG>
Technology Mapping: Elapsed time ==> 0s.079ms
Tech Mapping phase: Elapsed time ==> 0s.166ms
</CYPRESSTAG>
<CYPRESSTAG name="Analog Placement">
Initial Analog Placement Results:
IO_6@[IOP=(2)][IoId=(6)] : Button(0) (fixed)
IO_1@[IOP=(0)][IoId=(1)] : Green_LED(0) (fixed)
IO_0@[IOP=(0)][IoId=(0)] : Red_LED(0) (fixed)
IO_4@[IOP=(2)][IoId=(4)] : Rot_A(0) (fixed)
IO_5@[IOP=(2)][IoId=(5)] : Rot_B(0) (fixed)
IO_3@[IOP=(2)][IoId=(3)] : Servo_FB(0) (fixed)
IO_0@[IOP=(2)][IoId=(0)] : Servo_Out(0) (fixed)
SAR[1]@[FFB(SAR,1)] : \ADC_ServoFB:ADC_SAR\ (SAR-ExtVref)
IO_2@[IOP=(0)][IoId=(2)] : \ADC_ServoFB:Bypass(0)\ (SAR-ExtVref)
Vref[3]@[FFB(Vref,3)] : \ADC_ServoFB:vRef_1024\
Analog Placement Results:
IO_6@[IOP=(2)][IoId=(6)] : Button(0) (fixed)
IO_1@[IOP=(0)][IoId=(1)] : Green_LED(0) (fixed)
IO_0@[IOP=(0)][IoId=(0)] : Red_LED(0) (fixed)
IO_4@[IOP=(2)][IoId=(4)] : Rot_A(0) (fixed)
IO_5@[IOP=(2)][IoId=(5)] : Rot_B(0) (fixed)
IO_3@[IOP=(2)][IoId=(3)] : Servo_FB(0) (fixed)
IO_0@[IOP=(2)][IoId=(0)] : Servo_Out(0) (fixed)
SAR[1]@[FFB(SAR,1)] : \ADC_ServoFB:ADC_SAR\ (SAR-ExtVref)
IO_2@[IOP=(0)][IoId=(2)] : \ADC_ServoFB:Bypass(0)\ (SAR-ExtVref)
Vref[3]@[FFB(Vref,3)] : \ADC_ServoFB:vRef_1024\

Analog Placement phase: Elapsed time ==> 0s.021ms
</CYPRESSTAG>
<CYPRESSTAG name="Analog Routing">
Analog Routing phase: Elapsed time ==> 0s.002ms
</CYPRESSTAG>
<CYPRESSTAG name="Analog Code Generation">
============ Analog Final Answer Routes ============
Dump of CyAnalogRoutingResultsDB
Map of net to items {
  Net: Net_841 {
    sar_1_vplus
    agr3_x_sar_1_vplus
    agr3
    agl3_x_agr3
    agl3
    agl3_x_p2_3
    p2_3
  }
  Net: \ADC_ServoFB:Net_126\ {
    sar_1_vrefhi
    sar_1_vminus_x_sar_1_vrefhi
    sar_1_vminus
  }
  Net: \ADC_ServoFB:Net_210\ {
    p0_2
    p0_2_exvref
  }
  Net: \ADC_ServoFB:Net_233\ {
    common_vref_1024
    sar_1_vref_1024
    sar_1_vref_x_sar_1_vref_1024
    sar_1_vref
  }
}
Map of item to net {
  sar_1_vplus                                      -> Net_841
  agr3_x_sar_1_vplus                               -> Net_841
  agr3                                             -> Net_841
  agl3_x_agr3                                      -> Net_841
  agl3                                             -> Net_841
  agl3_x_p2_3                                      -> Net_841
  p2_3                                             -> Net_841
  sar_1_vrefhi                                     -> \ADC_ServoFB:Net_126\
  sar_1_vminus_x_sar_1_vrefhi                      -> \ADC_ServoFB:Net_126\
  sar_1_vminus                                     -> \ADC_ServoFB:Net_126\
  p0_2                                             -> \ADC_ServoFB:Net_210\
  p0_2_exvref                                      -> \ADC_ServoFB:Net_210\
  common_vref_1024                                 -> \ADC_ServoFB:Net_233\
  sar_1_vref_1024                                  -> \ADC_ServoFB:Net_233\
  sar_1_vref_x_sar_1_vref_1024                     -> \ADC_ServoFB:Net_233\
  sar_1_vref                                       -> \ADC_ServoFB:Net_233\
}
Mux Info {
}
Dump of CyP35AnalogRoutingResultsDB
IsVddaHalfUsedForComp = False
IsVddaHalfUsedForSar0 = False
IsVddaHalfUsedForSar1 = False
Analog Code Generation phase: Elapsed time ==> 0s.215ms
</CYPRESSTAG>
<CYPRESSTAG name="Digital Placement">
<CYPRESSTAG name="Detailed placement messages">
I2076: Total run-time: 0.8 sec.

</CYPRESSTAG>
<CYPRESSTAG name="PLD Packing">
<CYPRESSTAG name="PLD Packing Summary" expanded>

------------------------------------------------------------
PLD Packing Summary
------------------------------------------------------------
            Resource Type : Used : Free :  Max :  % Used
    ====================================================
                     PLDs :    5 :   43 :   48 :  10.42%

<CYPRESSTAG name="PLD Statistics">

        PLD Resource Type :     Average/LAB
    =======================================
                   Inputs :            2.80
                   Pterms :            2.40
               Macrocells :            2.40
</CYPRESSTAG>
<CYPRESSTAG name="Packed PLD Contents">
Packed PLD Contents not displayed at this verbose level.</CYPRESSTAG>
</CYPRESSTAG>
PLD Packing: Elapsed time ==> 0s.000ms
</CYPRESSTAG>
<CYPRESSTAG name="Partitioning">
<CYPRESSTAG name="Initial Partitioning Summary">
Initial Partitioning Summary not displayed at this verbose level.</CYPRESSTAG>
<CYPRESSTAG name="Final Partitioning Summary">
Final Partitioning Summary not displayed at this verbose level.</CYPRESSTAG>
Partitioning: Elapsed time ==> 0s.016ms
</CYPRESSTAG>
<CYPRESSTAG name="Final Placement Summary">

------------------------------------------------------------
Final Placement Summary
------------------------------------------------------------

       Resource Type :      Count : Avg Inputs : Avg Outputs
    ========================================================
                 UDB :          3 :       4.00 :       4.00
<CYPRESSTAG name="Final Placement Details">
<CYPRESSTAG name="Component Details">

------------------------------------------------------------
Component Placement Details
------------------------------------------------------------
UDB [UDB=(0,0)] is empty.
UDB [UDB=(0,1)] is empty.
UDB [UDB=(0,2)] is empty.
UDB [UDB=(0,3)] is empty.
UDB [UDB=(0,4)] contents:
LAB@[UDB=(0,4)][LB=0] #macrocells=4, #inputs=5, #pterms=4
{
    [McSlotId=0]:     MacroCell: Name=Net_65, Mode=(D-Register) @ [UDB=(0,4)][LB=0][MC=0]
        Total # of inputs        : 2
        Total # of product terms : 1
        List of special equations: 
            Clock  = (Net_31) => Global
            Clock Enable: True
        Main Equation            : 1 pterm
        (
              !\Deb_Butt:DEBOUNCER[0]:d_sync_0\ * 
              \Deb_Butt:DEBOUNCER[0]:d_sync_1\
        );
        Output = Net_65 (fanout=1)
        Properties               : 
        {
        }

    [McSlotId=1]:     MacroCell: Name=\Deb_Butt:DEBOUNCER[0]:d_sync_1\, Mode=(D-Register) @ [UDB=(0,4)][LB=0][MC=1]
        Total # of inputs        : 1
        Total # of product terms : 1
        List of special equations: 
            Clock  = (Net_31) => Global
            Clock Enable: True
        Main Equation            : 1 pterm
        (
              \Deb_Butt:DEBOUNCER[0]:d_sync_0\
        );
        Output = \Deb_Butt:DEBOUNCER[0]:d_sync_1\ (fanout=1)
        Properties               : 
        {
        }

    [McSlotId=2]:     MacroCell: Name=\Deb_Butt:DEBOUNCER[0]:d_sync_0\, Mode=(D-Register) @ [UDB=(0,4)][LB=0][MC=2]
        Total # of inputs        : 1
        Total # of product terms : 1
        List of special equations: 
            Clock  = (Net_31) => Global
            Clock Enable: True
        Main Equation            : 1 pterm
        (
              Net_24
        );
        Output = \Deb_Butt:DEBOUNCER[0]:d_sync_0\ (fanout=2)
        Properties               : 
        {
        }

    [McSlotId=3]:     MacroCell: Name=Net_101, Mode=(D-Register) @ [UDB=(0,4)][LB=0][MC=3]
        Total # of inputs        : 2
        Total # of product terms : 1
        List of special equations: 
            Clock  = (Net_31) => Global
            Clock Enable: True
        Main Equation            : 1 pterm
        (
              \Deb_Rot_A:DEBOUNCER[0]:d_sync_0\ * 
              !\Deb_Rot_A:DEBOUNCER[0]:d_sync_1\
        );
        Output = Net_101 (fanout=1)
        Properties               : 
        {
        }
}

LAB@[UDB=(0,4)][LB=1] #macrocells=2, #inputs=2, #pterms=2
{
    [McSlotId=0]:     MacroCell: Name=\Deb_Rot_A:DEBOUNCER[0]:d_sync_1\, Mode=(D-Register) @ [UDB=(0,4)][LB=1][MC=0]
        Total # of inputs        : 1
        Total # of product terms : 1
        List of special equations: 
            Clock  = (Net_31) => Global
            Clock Enable: True
        Main Equation            : 1 pterm
        (
              \Deb_Rot_A:DEBOUNCER[0]:d_sync_0\
        );
        Output = \Deb_Rot_A:DEBOUNCER[0]:d_sync_1\ (fanout=1)
        Properties               : 
        {
        }

    [McSlotId=1]:     MacroCell: Name=\Deb_Rot_A:DEBOUNCER[0]:d_sync_0\, Mode=(D-Register) @ [UDB=(0,4)][LB=1][MC=1]
        Total # of inputs        : 1
        Total # of product terms : 1
        List of special equations: 
            Clock  = (Net_31) => Global
            Clock Enable: True
        Main Equation            : 1 pterm
        (
              Net_30
        );
        Output = \Deb_Rot_A:DEBOUNCER[0]:d_sync_0\ (fanout=2)
        Properties               : 
        {
        }

    [McSlotId=2]: (empty)
    [McSlotId=3]: (empty)
}

UDB [UDB=(0,5)] contents:
LAB@[UDB=(0,5)][LB=0] #macrocells=4, #inputs=4, #pterms=4
{
    [McSlotId=0]:     MacroCell: Name=\PWM_Servo:PWMUDB:status_0\, Mode=(D-Register) @ [UDB=(0,5)][LB=0][MC=0]
        Total # of inputs        : 2
        Total # of product terms : 1
        List of special equations: 
            Clock  = (Net_1110) => Global
            Clock Enable: True
        Main Equation            : 1 pterm
        (
              !\PWM_Servo:PWMUDB:prevCompare1\ * \PWM_Servo:PWMUDB:cmp1_less\
        );
        Output = \PWM_Servo:PWMUDB:status_0\ (fanout=1)
        Properties               : 
        {
        }

    [McSlotId=1]:     MacroCell: Name=\PWM_Servo:PWMUDB:prevCompare1\, Mode=(D-Register) @ [UDB=(0,5)][LB=0][MC=1]
        Total # of inputs        : 1
        Total # of product terms : 1
        List of special equations: 
            Clock  = (Net_1110) => Global
            Clock Enable: True
        Main Equation            : 1 pterm
        (
              \PWM_Servo:PWMUDB:cmp1_less\
        );
        Output = \PWM_Servo:PWMUDB:prevCompare1\ (fanout=1)
        Properties               : 
        {
        }

    [McSlotId=2]:     MacroCell: Name=Net_324, Mode=(D-Register) @ [UDB=(0,5)][LB=0][MC=2]
        Total # of inputs        : 2
        Total # of product terms : 1
        List of special equations: 
            Clock  = (Net_1110) => Global
            Clock Enable: True
        Main Equation            : 1 pterm
        (
              \PWM_Servo:PWMUDB:runmode_enable\ * 
              \PWM_Servo:PWMUDB:cmp1_less\
        );
        Output = Net_324 (fanout=1)
        Properties               : 
        {
        }

    [McSlotId=3]:     MacroCell: Name=\PWM_Servo:PWMUDB:runmode_enable\, Mode=(D-Register) @ [UDB=(0,5)][LB=0][MC=3]
        Total # of inputs        : 1
        Total # of product terms : 1
        List of special equations: 
            Clock  = (Net_1110) => Global
            Clock Enable: True
        Main Equation            : 1 pterm
        (
              \PWM_Servo:PWMUDB:control_7\
        );
        Output = \PWM_Servo:PWMUDB:runmode_enable\ (fanout=3)
        Properties               : 
        {
        }
}

LAB@[UDB=(0,5)][LB=1] #macrocells=1, #inputs=2, #pterms=1
{
    [McSlotId=0]:     MacroCell: Name=\PWM_Servo:PWMUDB:status_2\, Mode=(Combinatorial) @ [UDB=(0,5)][LB=1][MC=0]
        Total # of inputs        : 2
        Total # of product terms : 1
            Clock Enable: True
        Main Equation            : 1 pterm
        (
              \PWM_Servo:PWMUDB:runmode_enable\ * \PWM_Servo:PWMUDB:tc_i\
        );
        Output = \PWM_Servo:PWMUDB:status_2\ (fanout=1)
        Properties               : 
        {
        }

    [McSlotId=1]: (empty)
    [McSlotId=2]: (empty)
    [McSlotId=3]: (empty)
}

datapathcell: Name =\PWM_Servo:PWMUDB:sP8:pwmdp:u0\
    PORT MAP (
        clock => Net_1110 ,
        cs_addr_2 => \PWM_Servo:PWMUDB:tc_i\ ,
        cs_addr_1 => \PWM_Servo:PWMUDB:runmode_enable\ ,
        cl0_comb => \PWM_Servo:PWMUDB:cmp1_less\ ,
        z0_comb => \PWM_Servo:PWMUDB:tc_i\ ,
        f1_blk_stat_comb => \PWM_Servo:PWMUDB:status_3\ );
    Properties:
    {
        a0_init = "00000000"
        a1_init = "00000000"
        ce0_sync = 1
        ce1_sync = 1
        cl0_sync = 1
        cl1_sync = 1
        cmsb_sync = 1
        co_msb_sync = 1
        cy_dpconfig = "0000000001000000000000001100000001000000010000000000000011000000000000001100000000000000110000000000000011000000000000001100000011111111000000001111111111111111101000000000000000000100000000000000000000011000"
        d0_init = "00000000"
        d1_init = "00000000"
        f0_blk_sync = 1
        f0_bus_sync = 1
        f1_blk_sync = 1
        f1_bus_sync = 1
        ff0_sync = 1
        ff1_sync = 1
        ov_msb_sync = 1
        so_sync = 1
        z0_sync = 1
        z1_sync = 1
    }
    Clock Polarity: Active High
    Clock Enable: True

statusicell: Name =\PWM_Servo:PWMUDB:genblk8:stsreg\
    PORT MAP (
        clock => Net_1110 ,
        status_3 => \PWM_Servo:PWMUDB:status_3\ ,
        status_2 => \PWM_Servo:PWMUDB:status_2\ ,
        status_0 => \PWM_Servo:PWMUDB:status_0\ );
    Properties:
    {
        cy_force_order = 1
        cy_int_mask = "1111111"
        cy_md_select = "0100111"
    }
    Clock Polarity: Active High
    Clock Enable: True

controlcell: Name =\PWM_Servo:PWMUDB:genblk1:ctrlreg\
    PORT MAP (
        clock => Net_1110 ,
        control_7 => \PWM_Servo:PWMUDB:control_7\ ,
        control_6 => \PWM_Servo:PWMUDB:control_6\ ,
        control_5 => \PWM_Servo:PWMUDB:control_5\ ,
        control_4 => \PWM_Servo:PWMUDB:control_4\ ,
        control_3 => \PWM_Servo:PWMUDB:control_3\ ,
        control_2 => \PWM_Servo:PWMUDB:control_2\ ,
        control_1 => \PWM_Servo:PWMUDB:control_1\ ,
        control_0 => \PWM_Servo:PWMUDB:control_0\ );
    Properties:
    {
        cy_ctrl_mode_0 = "11111111"
        cy_ctrl_mode_1 = "00000000"
        cy_ext_reset = 0
        cy_force_order = 1
        cy_init_value = "00000000"
    }
    Clock Polarity: Active High
    Clock Enable: True

UDB [UDB=(1,0)] is empty.
UDB [UDB=(1,1)] is empty.
UDB [UDB=(1,2)] is empty.
UDB [UDB=(1,3)] is empty.
UDB [UDB=(1,4)] contents:
LAB@[UDB=(1,4)][LB=0] #macrocells=1, #inputs=1, #pterms=1
{
    [McSlotId=0]:     MacroCell: Name=Net_89, Mode=(D-Register) @ [UDB=(1,4)][LB=0][MC=0]
        Total # of inputs        : 1
        Total # of product terms : 1
        List of special equations: 
            Clock  = (Net_31) => Global
            Clock Enable: True
        Main Equation            : 1 pterm
        (
              Net_78
        );
        Output = Net_89 (fanout=1)
        Properties               : 
        {
        }

    [McSlotId=1]: (empty)
    [McSlotId=2]: (empty)
    [McSlotId=3]: (empty)
}

statuscell: Name =\Status_Rot_B:sts:sts_reg\
    PORT MAP (
        status_0 => Net_89 );
    Properties:
    {
        cy_force_order = 1
        cy_md_select = "00000000"
    }
    Clock Enable: True

UDB [UDB=(1,5)] is empty.
UDB [UDB=(2,0)] is empty.
UDB [UDB=(2,1)] is empty.
UDB [UDB=(2,2)] is empty.
UDB [UDB=(2,3)] is empty.
UDB [UDB=(2,4)] is empty.
UDB [UDB=(2,5)] is empty.
UDB [UDB=(3,0)] is empty.
UDB [UDB=(3,1)] is empty.
UDB [UDB=(3,2)] is empty.
UDB [UDB=(3,3)] is empty.
UDB [UDB=(3,4)] is empty.
UDB [UDB=(3,5)] is empty.
Intr container @ [IntrContainer=(0)]: 
  Intr@ [IntrContainer=(0)][IntrId=(0)] 
    interrupt: Name =\ADC_ServoFB:IRQ\
        PORT MAP (
            interrupt => Net_844 );
        Properties:
        {
            int_type = "10"
            is_nmi = 0
        }
  Intr@ [IntrContainer=(0)][IntrId=(1)] 
    interrupt: Name =isr_Button
        PORT MAP (
            interrupt => Net_65 );
        Properties:
        {
            int_type = "10"
            is_nmi = 0
        }
  Intr@ [IntrContainer=(0)][IntrId=(2)] 
    interrupt: Name =isr_Rot
        PORT MAP (
            interrupt => Net_101 );
        Properties:
        {
            int_type = "00"
            is_nmi = 0
        }
Drq container @ [DrqContainer=(0)]: empty
Port 0 contains the following IO cells:
[IoId=0]: 
Pin : Name = Red_LED(0)
    Attributes:
        In Group/Port: True
        In Sync Option: AUTO
        Out Sync Option: NOSYNC
        Interrupt generated: False
        Interrupt mode: NONE
        Drive mode: CMOS_OUT
        VTrip: EITHER
        Slew: FAST
        Input Sync needed: False
        Output Sync needed: False
        SC shield enabled: False
        POR State: ANY
        LCD Mode: COMMON
        Register Mode: RegComb
        CaSense Mode: NEITHER
        Treat as pin: True
        Is OE Registered: False
        Uses Analog: False
        Can contain Digital: True
        Is SIO: False
        SIO Output Buf: NONREGULATED
        SIO Input Buf: SINGLE_ENDED
        SIO HiFreq: LOW
        SIO Hyst: DISABLED
        SIO Vtrip: MULTIPLIER_0_5
        SIO Multiplier Index: 0
        SIO RefSel: VCC_IO
        Required Capabilities: DIGITAL
        Initial Value: 0
        IO Voltage: 0
    PORT MAP (
        pa_out => Red_LED(0)__PA ,
        pad => Red_LED(0)_PAD );
    Properties:
    {
    }

[IoId=1]: 
Pin : Name = Green_LED(0)
    Attributes:
        In Group/Port: True
        In Sync Option: AUTO
        Out Sync Option: NOSYNC
        Interrupt generated: False
        Interrupt mode: NONE
        Drive mode: CMOS_OUT
        VTrip: EITHER
        Slew: FAST
        Input Sync needed: False
        Output Sync needed: False
        SC shield enabled: False
        POR State: ANY
        LCD Mode: COMMON
        Register Mode: RegComb
        CaSense Mode: NEITHER
        Treat as pin: True
        Is OE Registered: False
        Uses Analog: False
        Can contain Digital: True
        Is SIO: False
        SIO Output Buf: NONREGULATED
        SIO Input Buf: SINGLE_ENDED
        SIO HiFreq: LOW
        SIO Hyst: DISABLED
        SIO Vtrip: MULTIPLIER_0_5
        SIO Multiplier Index: 0
        SIO RefSel: VCC_IO
        Required Capabilities: DIGITAL
        Initial Value: 0
        IO Voltage: 0
    PORT MAP (
        pa_out => Green_LED(0)__PA ,
        pad => Green_LED(0)_PAD );
    Properties:
    {
    }

[IoId=2]: 
Pin : Name = \ADC_ServoFB:Bypass(0)\
    Attributes:
        In Group/Port: True
        In Sync Option: AUTO
        Out Sync Option: AUTO
        Interrupt generated: False
        Interrupt mode: NONE
        Drive mode: HI_Z_ANALOG
        VTrip: EITHER
        Slew: FAST
        Input Sync needed: False
        Output Sync needed: False
        SC shield enabled: False
        POR State: ANY
        LCD Mode: COMMON
        Register Mode: RegComb
        CaSense Mode: NEITHER
        Treat as pin: True
        Is OE Registered: False
        Uses Analog: True
        Can contain Digital: False
        Is SIO: False
        SIO Output Buf: NONREGULATED
        SIO Input Buf: SINGLE_ENDED
        SIO HiFreq: LOW
        SIO Hyst: DISABLED
        SIO Vtrip: MULTIPLIER_0_5
        SIO Multiplier Index: 0
        SIO RefSel: VCC_IO
        Required Capabilities: ANALOG
        Initial Value: 0
        IO Voltage: 0
    PORT MAP (
        pa_out => \ADC_ServoFB:Bypass(0)\__PA ,
        analog_term => \ADC_ServoFB:Net_210\ ,
        pad => \ADC_ServoFB:Bypass(0)_PAD\ );
    Properties:
    {
    }

Port 1 contains the following IO cells:
Port 2 contains the following IO cells:
[IoId=0]: 
Pin : Name = Servo_Out(0)
    Attributes:
        In Group/Port: True
        In Sync Option: AUTO
        Out Sync Option: NOSYNC
        Interrupt generated: False
        Interrupt mode: NONE
        Drive mode: CMOS_OUT
        VTrip: EITHER
        Slew: FAST
        Input Sync needed: False
        Output Sync needed: False
        SC shield enabled: False
        POR State: ANY
        LCD Mode: COMMON
        Register Mode: RegComb
        CaSense Mode: NEITHER
        Treat as pin: True
        Is OE Registered: False
        Uses Analog: False
        Can contain Digital: True
        Is SIO: False
        SIO Output Buf: NONREGULATED
        SIO Input Buf: SINGLE_ENDED
        SIO HiFreq: LOW
        SIO Hyst: DISABLED
        SIO Vtrip: MULTIPLIER_0_5
        SIO Multiplier Index: 0
        SIO RefSel: VCC_IO
        Required Capabilities: DIGITAL, ROUTABLE
        Initial Value: 0
        IO Voltage: 0
    PORT MAP (
        pa_out => Servo_Out(0)__PA ,
        pin_input => Net_324 ,
        pad => Servo_Out(0)_PAD );
    Properties:
    {
    }

[IoId=3]: 
Pin : Name = Servo_FB(0)
    Attributes:
        In Group/Port: True
        In Sync Option: AUTO
        Out Sync Option: AUTO
        Interrupt generated: False
        Interrupt mode: NONE
        Drive mode: HI_Z_ANALOG
        VTrip: EITHER
        Slew: FAST
        Input Sync needed: False
        Output Sync needed: False
        SC shield enabled: False
        POR State: ANY
        LCD Mode: COMMON
        Register Mode: RegComb
        CaSense Mode: NEITHER
        Treat as pin: True
        Is OE Registered: False
        Uses Analog: True
        Can contain Digital: False
        Is SIO: False
        SIO Output Buf: NONREGULATED
        SIO Input Buf: SINGLE_ENDED
        SIO HiFreq: LOW
        SIO Hyst: DISABLED
        SIO Vtrip: MULTIPLIER_0_5
        SIO Multiplier Index: 0
        SIO RefSel: VCC_IO
        Required Capabilities: ANALOG
        Initial Value: 0
        IO Voltage: 0
    PORT MAP (
        pa_out => Servo_FB(0)__PA ,
        analog_term => Net_841 ,
        pad => Servo_FB(0)_PAD );
    Properties:
    {
    }

[IoId=4]: 
Pin : Name = Rot_A(0)
    Attributes:
        In Group/Port: True
        In Sync Option: NOSYNC
        Out Sync Option: AUTO
        Interrupt generated: False
        Interrupt mode: NONE
        Drive mode: HI_Z_DIGITAL
        VTrip: CMOS
        Slew: FAST
        Input Sync needed: False
        Output Sync needed: False
        SC shield enabled: False
        POR State: ANY
        LCD Mode: COMMON
        Register Mode: RegComb
        CaSense Mode: NEITHER
        Treat as pin: True
        Is OE Registered: False
        Uses Analog: False
        Can contain Digital: True
        Is SIO: False
        SIO Output Buf: NONREGULATED
        SIO Input Buf: SINGLE_ENDED
        SIO HiFreq: LOW
        SIO Hyst: DISABLED
        SIO Vtrip: MULTIPLIER_0_5
        SIO Multiplier Index: 0
        SIO RefSel: VCC_IO
        Required Capabilities: DIGITAL, ROUTABLE
        Initial Value: 0
        IO Voltage: 0
    PORT MAP (
        pa_out => Rot_A(0)__PA ,
        fb => Net_30 ,
        pad => Rot_A(0)_PAD );
    Properties:
    {
    }

[IoId=5]: 
Pin : Name = Rot_B(0)
    Attributes:
        In Group/Port: True
        In Sync Option: NOSYNC
        Out Sync Option: AUTO
        Interrupt generated: False
        Interrupt mode: NONE
        Drive mode: RES_PULL_UP
        VTrip: CMOS
        Slew: FAST
        Input Sync needed: False
        Output Sync needed: False
        SC shield enabled: False
        POR State: ANY
        LCD Mode: COMMON
        Register Mode: RegComb
        CaSense Mode: NEITHER
        Treat as pin: True
        Is OE Registered: False
        Uses Analog: False
        Can contain Digital: True
        Is SIO: False
        SIO Output Buf: NONREGULATED
        SIO Input Buf: SINGLE_ENDED
        SIO HiFreq: LOW
        SIO Hyst: DISABLED
        SIO Vtrip: MULTIPLIER_0_5
        SIO Multiplier Index: 0
        SIO RefSel: VCC_IO
        Required Capabilities: DIGITAL, ROUTABLE
        Initial Value: 1
        IO Voltage: 0
    PORT MAP (
        pa_out => Rot_B(0)__PA ,
        fb => Net_78 ,
        pad => Rot_B(0)_PAD );
    Properties:
    {
    }

[IoId=6]: 
Pin : Name = Button(0)
    Attributes:
        In Group/Port: True
        In Sync Option: NOSYNC
        Out Sync Option: AUTO
        Interrupt generated: False
        Interrupt mode: NONE
        Drive mode: RES_PULL_UP
        VTrip: CMOS
        Slew: FAST
        Input Sync needed: False
        Output Sync needed: False
        SC shield enabled: False
        POR State: ANY
        LCD Mode: COMMON
        Register Mode: RegComb
        CaSense Mode: NEITHER
        Treat as pin: True
        Is OE Registered: False
        Uses Analog: False
        Can contain Digital: True
        Is SIO: False
        SIO Output Buf: NONREGULATED
        SIO Input Buf: SINGLE_ENDED
        SIO HiFreq: LOW
        SIO Hyst: DISABLED
        SIO Vtrip: MULTIPLIER_0_5
        SIO Multiplier Index: 0
        SIO RefSel: VCC_IO
        Required Capabilities: DIGITAL, ROUTABLE
        Initial Value: 1
        IO Voltage: 0
    PORT MAP (
        pa_out => Button(0)__PA ,
        fb => Net_24 ,
        pad => Button(0)_PAD );
    Properties:
    {
    }

Port 3 contains the following IO cells:
Port 12 contains the following IO cells:
Port 15 contains the following IO cells:
ARM group 0: empty
CAN group 0: empty
Cache group 0: empty
CapSense group 0: empty
Clock group 0: 
    Clock Block @ F(Clock,0): 
    clockblockcell: Name =ClockBlock
        PORT MAP (
            imo => ClockBlock_IMO ,
            pllout => ClockBlock_PLL_OUT ,
            ilo => ClockBlock_ILO ,
            clk_100k => ClockBlock_100k ,
            clk_1k => ClockBlock_1k ,
            clk_32k => ClockBlock_32k ,
            xtal => ClockBlock_XTAL ,
            clk_32k_xtal => ClockBlock_XTAL_32KHZ ,
            clk_sync => ClockBlock_MASTER_CLK ,
            clk_bus_glb => ClockBlock_BUS_CLK ,
            clk_bus => ClockBlock_BUS_CLK_local ,
            aclk_glb_0 => \ADC_ServoFB:Net_385\ ,
            aclk_0 => \ADC_ServoFB:Net_385_local\ ,
            clk_a_dig_glb_0 => \ADC_ServoFB:Net_381\ ,
            clk_a_dig_0 => \ADC_ServoFB:Net_381_local\ ,
            dclk_glb_0 => Net_1110 ,
            dclk_0 => Net_1110_local ,
            dclk_glb_1 => Net_31 ,
            dclk_1 => Net_31_local );
        Properties:
        {
        }
Comparator group 0: empty
DFB group 0: empty
DSM group 0: empty
Decimator group 0: empty
EMIF group 0: empty
I2C group 0: empty
LCD group 0: empty
LVD group 0: empty
PICU group 0: empty
PM group 0: empty
SC group 0: empty
SPC group 0: empty
Timer group 0: empty
USB group 0: empty
VIDAC group 0: empty
OpAmp group 0: empty
CsAbuf group 0: empty
Vref group 0: 
    Vref Block @ F(Vref,3): 
    vrefcell: Name =\ADC_ServoFB:vRef_1024\
        PORT MAP (
            vout => \ADC_ServoFB:Net_233\ );
        Properties:
        {
            autoenable = 1
            guid = "89B398AD-36A8-4627-9212-707F2986319E"
            ignoresleep = 0
            name = "1.024V"
        }
LPF group 0: empty
SAR group 0: 
    SAR Block @ F(SAR,1): 
    sarcell: Name =\ADC_ServoFB:ADC_SAR\
        PORT MAP (
            vplus => Net_841 ,
            vminus => \ADC_ServoFB:Net_126\ ,
            ext_pin => \ADC_ServoFB:Net_210\ ,
            vrefhi_out => \ADC_ServoFB:Net_126\ ,
            vref => \ADC_ServoFB:Net_233\ ,
            clock => \ADC_ServoFB:Net_385\ ,
            pump_clock => \ADC_ServoFB:Net_385\ ,
            irq => \ADC_ServoFB:Net_252\ ,
            next => Net_847 ,
            data_out_udb_11 => \ADC_ServoFB:Net_207_11\ ,
            data_out_udb_10 => \ADC_ServoFB:Net_207_10\ ,
            data_out_udb_9 => \ADC_ServoFB:Net_207_9\ ,
            data_out_udb_8 => \ADC_ServoFB:Net_207_8\ ,
            data_out_udb_7 => \ADC_ServoFB:Net_207_7\ ,
            data_out_udb_6 => \ADC_ServoFB:Net_207_6\ ,
            data_out_udb_5 => \ADC_ServoFB:Net_207_5\ ,
            data_out_udb_4 => \ADC_ServoFB:Net_207_4\ ,
            data_out_udb_3 => \ADC_ServoFB:Net_207_3\ ,
            data_out_udb_2 => \ADC_ServoFB:Net_207_2\ ,
            data_out_udb_1 => \ADC_ServoFB:Net_207_1\ ,
            data_out_udb_0 => \ADC_ServoFB:Net_207_0\ ,
            eof_udb => Net_844 );
        Properties:
        {
            cy_registers = ""
        }
ANAIF group 0: empty
PHUB group 0: empty
</CYPRESSTAG>
<CYPRESSTAG name="Port Configuration Details">

------------------------------------------------------------
Port Configuration report
------------------------------------------------------------
     |     |       | Interrupt |                  |                         | 
Port | Pin | Fixed |      Type |       Drive Mode |                    Name | Connections
-----+-----+-------+-----------+------------------+-------------------------+------------------------------
   0 |   0 |     * |      NONE |         CMOS_OUT |              Red_LED(0) | 
     |   1 |     * |      NONE |         CMOS_OUT |            Green_LED(0) | 
     |   2 |       |      NONE |      HI_Z_ANALOG | \ADC_ServoFB:Bypass(0)\ | Analog(\ADC_ServoFB:Net_210\)
-----+-----+-------+-----------+------------------+-------------------------+------------------------------
   2 |   0 |     * |      NONE |         CMOS_OUT |            Servo_Out(0) | In(Net_324)
     |   3 |     * |      NONE |      HI_Z_ANALOG |             Servo_FB(0) | Analog(Net_841)
     |   4 |     * |      NONE |     HI_Z_DIGITAL |                Rot_A(0) | FB(Net_30)
     |   5 |     * |      NONE |      RES_PULL_UP |                Rot_B(0) | FB(Net_78)
     |   6 |     * |      NONE |      RES_PULL_UP |               Button(0) | FB(Net_24)
-----------------------------------------------------------------------------------------------------------
</CYPRESSTAG>
</CYPRESSTAG>
</CYPRESSTAG>
Digital component placer commit/Report: Elapsed time ==> 0s.020ms
Digital Placement phase: Elapsed time ==> 1s.528ms
</CYPRESSTAG>
<CYPRESSTAG name="Digital Routing">
"C:\Program Files (x86)\Cypress\PSoC Creator\4.4\PSoC Creator\bin/sjrouter.exe" --xml-path "C:\Program Files (x86)\Cypress\PSoC Creator\4.4\PSoC Creator\dev\psoc5/psoc5lp/route_arch-rrg.cydata" --vh2-path "drejeknappelegen_r.vh2" --pcf-path "drejeknappelegen.pco" --des-name "drejeknappelegen" --dsf-path "drejeknappelegen.dsf" --sdc-path "drejeknappelegen.sdc" --lib-path "drejeknappelegen_r.lib"
Routing successful.
Digital Routing phase: Elapsed time ==> 1s.317ms
</CYPRESSTAG>
<CYPRESSTAG name="Bitstream Generation">
Bitstream Generation phase: Elapsed time ==> 0s.182ms
</CYPRESSTAG>
<CYPRESSTAG name="Bitstream Verification">
Bitstream Verification phase: Elapsed time ==> 0s.040ms
</CYPRESSTAG>
<CYPRESSTAG name="Static timing analysis">
Timing report is in drejeknappelegen_timing.html.
Static timing analysis phase: Elapsed time ==> 0s.586ms
</CYPRESSTAG>
<CYPRESSTAG name="Data reporting">
Data reporting phase: Elapsed time ==> 0s.000ms
</CYPRESSTAG>
<CYPRESSTAG name="Database update...">
Design database save phase: Elapsed time ==> 0s.311ms
</CYPRESSTAG>
cydsfit: Elapsed time ==> 4s.583ms
</CYPRESSTAG>
Fitter phase: Elapsed time ==> 4s.584ms
API generation phase: Elapsed time ==> 1s.907ms
Dependency generation phase: Elapsed time ==> 0s.013ms
Cleanup phase: Elapsed time ==> 0s.001ms
