ARM GAS  C:\Users\Anton\AppData\Local\Temp\cczVxfRA.s 			page 1


   1              		.syntax unified
   2              		.cpu cortex-m3
   3              		.fpu softvfp
   4              		.eabi_attribute 20, 1
   5              		.eabi_attribute 21, 1
   6              		.eabi_attribute 23, 3
   7              		.eabi_attribute 24, 1
   8              		.eabi_attribute 25, 1
   9              		.eabi_attribute 26, 1
  10              		.eabi_attribute 30, 1
  11              		.eabi_attribute 34, 1
  12              		.eabi_attribute 18, 4
  13              		.thumb
  14              		.syntax unified
  15              		.file	"cymetadata.c"
  16              		.text
  17              	.Ltext0:
  18              		.cfi_sections	.debug_frame
  19              		.global	cy_metadata
  20              		.global	cy_meta_flashprotect
  21              		.global	cy_meta_wonvl
  22              		.global	cy_meta_custnvl
  23              		.global	cy_meta_configecc
  24              		.section	.cyconfigecc,"a",%progbits
  25              		.align	2
  26              		.type	cy_meta_configecc, %object
  27              		.size	cy_meta_configecc, 256
  28              	cy_meta_configecc:
  29 0000 01       		.byte	1
  30 0001 45       		.byte	69
  31 0002 00       		.byte	0
  32 0003 40       		.byte	64
  33 0004 03       		.byte	3
  34 0005 52       		.byte	82
  35 0006 00       		.byte	0
  36 0007 40       		.byte	64
  37 0008 04       		.byte	4
  38 0009 15       		.byte	21
  39 000a 01       		.byte	1
  40 000b 40       		.byte	64
  41 000c 02       		.byte	2
  42 000d 17       		.byte	23
  43 000e 01       		.byte	1
  44 000f 40       		.byte	64
  45 0010 02       		.byte	2
  46 0011 19       		.byte	25
  47 0012 01       		.byte	1
  48 0013 40       		.byte	64
  49 0014 04       		.byte	4
  50 0015 1B       		.byte	27
  51 0016 01       		.byte	1
  52 0017 40       		.byte	64
  53 0018 03       		.byte	3
  54 0019 40       		.byte	64
  55 001a 01       		.byte	1
  56 001b 40       		.byte	64
  57 001c 03       		.byte	3
ARM GAS  C:\Users\Anton\AppData\Local\Temp\cczVxfRA.s 			page 2


  58 001d 41       		.byte	65
  59 001e 01       		.byte	1
  60 001f 40       		.byte	64
  61 0020 05       		.byte	5
  62 0021 42       		.byte	66
  63 0022 01       		.byte	1
  64 0023 40       		.byte	64
  65 0024 04       		.byte	4
  66 0025 43       		.byte	67
  67 0026 01       		.byte	1
  68 0027 40       		.byte	64
  69 0028 04       		.byte	4
  70 0029 47       		.byte	71
  71 002a 01       		.byte	1
  72 002b 40       		.byte	64
  73 002c 05       		.byte	5
  74 002d 48       		.byte	72
  75 002e 01       		.byte	1
  76 002f 40       		.byte	64
  77 0030 12       		.byte	18
  78 0031 49       		.byte	73
  79 0032 01       		.byte	1
  80 0033 40       		.byte	64
  81 0034 08       		.byte	8
  82 0035 4C       		.byte	76
  83 0036 01       		.byte	1
  84 0037 40       		.byte	64
  85 0038 06       		.byte	6
  86 0039 4D       		.byte	77
  87 003a 01       		.byte	1
  88 003b 40       		.byte	64
  89 003c 02       		.byte	2
  90 003d 51       		.byte	81
  91 003e 01       		.byte	1
  92 003f 40       		.byte	64
  93 0040 7E       		.byte	126
  94 0041 02       		.byte	2
  95 0042 60       		.byte	96
  96 0043 02       		.byte	2
  97 0044 64       		.byte	100
  98 0045 03       		.byte	3
  99 0046 7C       		.byte	124
 100 0047 40       		.byte	64
 101 0048 E0       		.byte	-32
 102 0049 08       		.byte	8
 103 004a E4       		.byte	-28
 104 004b 01       		.byte	1
 105 004c EA       		.byte	-22
 106 004d 05       		.byte	5
 107 004e EE       		.byte	-18
 108 004f 08       		.byte	8
 109 0050 EA       		.byte	-22
 110 0051 02       		.byte	2
 111 0052 EE       		.byte	-18
 112 0053 0A       		.byte	10
 113 0054 EA       		.byte	-22
 114 0055 02       		.byte	2
ARM GAS  C:\Users\Anton\AppData\Local\Temp\cczVxfRA.s 			page 3


 115 0056 EE       		.byte	-18
 116 0057 0A       		.byte	10
 117 0058 E0       		.byte	-32
 118 0059 08       		.byte	8
 119 005a E4       		.byte	-28
 120 005b 01       		.byte	1
 121 005c EA       		.byte	-22
 122 005d 05       		.byte	5
 123 005e EE       		.byte	-18
 124 005f 08       		.byte	8
 125 0060 33       		.byte	51
 126 0061 81       		.byte	-127
 127 0062 36       		.byte	54
 128 0063 40       		.byte	64
 129 0064 CC       		.byte	-52
 130 0065 70       		.byte	112
 131 0066 9F       		.byte	-97
 132 0067 01       		.byte	1
 133 0068 A6       		.byte	-90
 134 0069 40       		.byte	64
 135 006a A7       		.byte	-89
 136 006b 80       		.byte	-128
 137 006c 3E       		.byte	62
 138 006d 10       		.byte	16
 139 006e 9F       		.byte	-97
 140 006f 01       		.byte	1
 141 0070 A6       		.byte	-90
 142 0071 40       		.byte	64
 143 0072 A7       		.byte	-89
 144 0073 80       		.byte	-128
 145 0074 CE       		.byte	-50
 146 0075 20       		.byte	32
 147 0076 96       		.byte	-106
 148 0077 10       		.byte	16
 149 0078 9F       		.byte	-97
 150 0079 01       		.byte	1
 151 007a A6       		.byte	-90
 152 007b 40       		.byte	64
 153 007c A7       		.byte	-89
 154 007d 80       		.byte	-128
 155 007e 08       		.byte	8
 156 007f 08       		.byte	8
 157 0080 0B       		.byte	11
 158 0081 04       		.byte	4
 159 0082 0F       		.byte	15
 160 0083 40       		.byte	64
 161 0084 C2       		.byte	-62
 162 0085 0E       		.byte	14
 163 0086 96       		.byte	-106
 164 0087 10       		.byte	16
 165 0088 AE       		.byte	-82
 166 0089 40       		.byte	64
 167 008a AF       		.byte	-81
 168 008b 81       		.byte	-127
 169 008c EA       		.byte	-22
 170 008d 40       		.byte	64
 171 008e EE       		.byte	-18
ARM GAS  C:\Users\Anton\AppData\Local\Temp\cczVxfRA.s 			page 4


 172 008f 50       		.byte	80
 173 0090 12       		.byte	18
 174 0091 20       		.byte	32
 175 0092 16       		.byte	22
 176 0093 40       		.byte	64
 177 0094 75       		.byte	117
 178 0095 02       		.byte	2
 179 0096 7B       		.byte	123
 180 0097 02       		.byte	2
 181 0098 82       		.byte	-126
 182 0099 20       		.byte	32
 183 009a 86       		.byte	-122
 184 009b 40       		.byte	64
 185 009c 99       		.byte	-103
 186 009d 02       		.byte	2
 187 009e A3       		.byte	-93
 188 009f 02       		.byte	2
 189 00a0 AA       		.byte	-86
 190 00a1 10       		.byte	16
 191 00a2 AB       		.byte	-85
 192 00a3 02       		.byte	2
 193 00a4 AD       		.byte	-83
 194 00a5 02       		.byte	2
 195 00a6 C4       		.byte	-60
 196 00a7 30       		.byte	48
 197 00a8 DC       		.byte	-36
 198 00a9 80       		.byte	-128
 199 00aa DE       		.byte	-34
 200 00ab 20       		.byte	32
 201 00ac E0       		.byte	-32
 202 00ad 10       		.byte	16
 203 00ae E4       		.byte	-28
 204 00af 80       		.byte	-128
 205 00b0 EA       		.byte	-22
 206 00b1 A0       		.byte	-96
 207 00b2 EE       		.byte	-18
 208 00b3 10       		.byte	16
 209 00b4 13       		.byte	19
 210 00b5 28       		.byte	40
 211 00b6 14       		.byte	20
 212 00b7 20       		.byte	32
 213 00b8 7B       		.byte	123
 214 00b9 10       		.byte	16
 215 00ba 7F       		.byte	127
 216 00bb 40       		.byte	64
 217 00bc AC       		.byte	-84
 218 00bd 08       		.byte	8
 219 00be AF       		.byte	-81
 220 00bf 44       		.byte	68
 221 00c0 C4       		.byte	-60
 222 00c1 0E       		.byte	14
 223 00c2 DE       		.byte	-34
 224 00c3 03       		.byte	3
 225 00c4 83       		.byte	-125
 226 00c5 10       		.byte	16
 227 00c6 87       		.byte	-121
 228 00c7 40       		.byte	64
ARM GAS  C:\Users\Anton\AppData\Local\Temp\cczVxfRA.s 			page 5


 229 00c8 97       		.byte	-105
 230 00c9 80       		.byte	-128
 231 00ca A7       		.byte	-89
 232 00cb 10       		.byte	16
 233 00cc AB       		.byte	-85
 234 00cd 28       		.byte	40
 235 00ce AC       		.byte	-84
 236 00cf 20       		.byte	32
 237 00d0 00       		.byte	0
 238 00d1 2A       		.byte	42
 239 00d2 03       		.byte	3
 240 00d3 C0       		.byte	-64
 241 00d4 03       		.byte	3
 242 00d5 00       		.byte	0
 243 00d6 00       		.byte	0
 244 00d7 00       		.byte	0
 245 00d8 03       		.byte	3
 246 00d9 00       		.byte	0
 247 00da 03       		.byte	3
 248 00db 00       		.byte	0
 249 00dc 00       		.byte	0
 250 00dd 00       		.byte	0
 251 00de 00       		.byte	0
 252 00df 00       		.byte	0
 253 00e0 40       		.byte	64
 254 00e1 00       		.byte	0
 255 00e2 00       		.byte	0
 256 00e3 00       		.byte	0
 257 00e4 00       		.byte	0
 258 00e5 00       		.byte	0
 259 00e6 00       		.byte	0
 260 00e7 00       		.byte	0
 261 00e8 C0       		.byte	-64
 262 00e9 00       		.byte	0
 263 00ea 00       		.byte	0
 264 00eb 00       		.byte	0
 265 00ec 00       		.byte	0
 266 00ed 0B       		.byte	11
 267 00ee 0B       		.byte	11
 268 00ef 00       		.byte	0
 269 00f0 00       		.byte	0
 270 00f1 00       		.byte	0
 271 00f2 00       		.byte	0
 272 00f3 00       		.byte	0
 273 00f4 08       		.byte	8
 274 00f5 00       		.byte	0
 275 00f6 00       		.byte	0
 276 00f7 0A       		.byte	10
 277 00f8 02       		.byte	2
 278 00f9 00       		.byte	0
 279 00fa 00       		.byte	0
 280 00fb 00       		.byte	0
 281 00fc 00       		.byte	0
 282 00fd 00       		.byte	0
 283 00fe 00       		.byte	0
 284 00ff 00       		.byte	0
 285              		.section	.cywolatch,"a",%progbits
ARM GAS  C:\Users\Anton\AppData\Local\Temp\cczVxfRA.s 			page 6


 286              		.align	2
 287              		.type	cy_meta_wonvl, %object
 288              		.size	cy_meta_wonvl, 4
 289              	cy_meta_wonvl:
 290 0000 BC       		.byte	-68
 291 0001 90       		.byte	-112
 292 0002 AC       		.byte	-84
 293 0003 AF       		.byte	-81
 294              		.section	.cycustnvl,"a",%progbits
 295              		.align	2
 296              		.type	cy_meta_custnvl, %object
 297              		.size	cy_meta_custnvl, 4
 298              	cy_meta_custnvl:
 299 0000 00       		.byte	0
 300 0001 00       		.byte	0
 301 0002 40       		.byte	64
 302 0003 05       		.byte	5
 303              		.section	.cymeta,"a",%progbits
 304              		.align	2
 305              		.type	cy_metadata, %object
 306              		.size	cy_metadata, 12
 307              	cy_metadata:
 308 0000 00       		.byte	0
 309 0001 01       		.byte	1
 310 0002 2E       		.byte	46
 311 0003 16       		.byte	22
 312 0004 10       		.byte	16
 313 0005 69       		.byte	105
 314 0006 00       		.byte	0
 315 0007 01       		.byte	1
 316 0008 00       		.byte	0
 317 0009 00       		.byte	0
 318 000a 00       		.byte	0
 319 000b 00       		.byte	0
 320              		.section	.cyflashprotect,"a",%progbits
 321              		.align	2
 322              		.type	cy_meta_flashprotect, %object
 323              		.size	cy_meta_flashprotect, 256
 324              	cy_meta_flashprotect:
 325 0000 00000000 		.space	256
 325      00000000 
 325      00000000 
 325      00000000 
 325      00000000 
 326              		.text
 327              	.Letext0:
 328              		.file 1 "c:\\program files (x86)\\cypress\\psoc creator\\4.4\\psoc creator\\import\\gnu\\arm\\5.4.
 329              		.file 2 "c:\\program files (x86)\\cypress\\psoc creator\\4.4\\psoc creator\\import\\gnu\\arm\\5.4.
 330              		.file 3 "Generated_Source\\PSoC5\\cymetadata.c"
 331              		.section	.debug_info,"",%progbits
 332              	.Ldebug_info0:
 333 0000 20010000 		.4byte	0x120
 334 0004 0400     		.2byte	0x4
 335 0006 00000000 		.4byte	.Ldebug_abbrev0
 336 000a 04       		.byte	0x4
 337 000b 01       		.uleb128 0x1
 338 000c A0000000 		.4byte	.LASF17
ARM GAS  C:\Users\Anton\AppData\Local\Temp\cczVxfRA.s 			page 7


 339 0010 0C       		.byte	0xc
 340 0011 FA010000 		.4byte	.LASF18
 341 0015 0A000000 		.4byte	.LASF19
 342 0019 00000000 		.4byte	.Ldebug_line0
 343 001d 02       		.uleb128 0x2
 344 001e 01       		.byte	0x1
 345 001f 06       		.byte	0x6
 346 0020 EE010000 		.4byte	.LASF0
 347 0024 03       		.uleb128 0x3
 348 0025 00000000 		.4byte	.LASF9
 349 0029 01       		.byte	0x1
 350 002a 1D       		.byte	0x1d
 351 002b 2F000000 		.4byte	0x2f
 352 002f 02       		.uleb128 0x2
 353 0030 01       		.byte	0x1
 354 0031 08       		.byte	0x8
 355 0032 92000000 		.4byte	.LASF1
 356 0036 02       		.uleb128 0x2
 357 0037 02       		.byte	0x2
 358 0038 05       		.byte	0x5
 359 0039 DB010000 		.4byte	.LASF2
 360 003d 02       		.uleb128 0x2
 361 003e 02       		.byte	0x2
 362 003f 07       		.byte	0x7
 363 0040 40010000 		.4byte	.LASF3
 364 0044 02       		.uleb128 0x2
 365 0045 04       		.byte	0x4
 366 0046 05       		.byte	0x5
 367 0047 E5010000 		.4byte	.LASF4
 368 004b 02       		.uleb128 0x2
 369 004c 04       		.byte	0x4
 370 004d 07       		.byte	0x7
 371 004e 2E010000 		.4byte	.LASF5
 372 0052 02       		.uleb128 0x2
 373 0053 08       		.byte	0x8
 374 0054 05       		.byte	0x5
 375 0055 CD010000 		.4byte	.LASF6
 376 0059 02       		.uleb128 0x2
 377 005a 08       		.byte	0x8
 378 005b 07       		.byte	0x7
 379 005c 82010000 		.4byte	.LASF7
 380 0060 04       		.uleb128 0x4
 381 0061 04       		.byte	0x4
 382 0062 05       		.byte	0x5
 383 0063 696E7400 		.ascii	"int\000"
 384 0067 02       		.uleb128 0x2
 385 0068 04       		.byte	0x4
 386 0069 07       		.byte	0x7
 387 006a 75010000 		.4byte	.LASF8
 388 006e 03       		.uleb128 0x3
 389 006f 99010000 		.4byte	.LASF10
 390 0073 02       		.byte	0x2
 391 0074 18       		.byte	0x18
 392 0075 24000000 		.4byte	0x24
 393 0079 05       		.uleb128 0x5
 394 007a 90000000 		.4byte	0x90
 395 007e 89000000 		.4byte	0x89
ARM GAS  C:\Users\Anton\AppData\Local\Temp\cczVxfRA.s 			page 8


 396 0082 06       		.uleb128 0x6
 397 0083 89000000 		.4byte	0x89
 398 0087 FF       		.byte	0xff
 399 0088 00       		.byte	0
 400 0089 02       		.uleb128 0x2
 401 008a 04       		.byte	0x4
 402 008b 07       		.byte	0x7
 403 008c C4010000 		.4byte	.LASF11
 404 0090 07       		.uleb128 0x7
 405 0091 6E000000 		.4byte	0x6e
 406 0095 08       		.uleb128 0x8
 407 0096 63010000 		.4byte	.LASF12
 408 009a 03       		.byte	0x3
 409 009b 1F       		.byte	0x1f
 410 009c A6000000 		.4byte	0xa6
 411 00a0 05       		.uleb128 0x5
 412 00a1 03       		.byte	0x3
 413 00a2 00000000 		.4byte	cy_meta_configecc
 414 00a6 07       		.uleb128 0x7
 415 00a7 79000000 		.4byte	0x79
 416 00ab 05       		.uleb128 0x5
 417 00ac 90000000 		.4byte	0x90
 418 00b0 BB000000 		.4byte	0xbb
 419 00b4 06       		.uleb128 0x6
 420 00b5 89000000 		.4byte	0x89
 421 00b9 03       		.byte	0x3
 422 00ba 00       		.byte	0
 423 00bb 08       		.uleb128 0x8
 424 00bc 53010000 		.4byte	.LASF13
 425 00c0 03       		.byte	0x3
 426 00c1 4C       		.byte	0x4c
 427 00c2 CC000000 		.4byte	0xcc
 428 00c6 05       		.uleb128 0x5
 429 00c7 03       		.byte	0x3
 430 00c8 00000000 		.4byte	cy_meta_custnvl
 431 00cc 07       		.uleb128 0x7
 432 00cd AB000000 		.4byte	0xab
 433 00d1 08       		.uleb128 0x8
 434 00d2 B6010000 		.4byte	.LASF14
 435 00d6 03       		.byte	0x3
 436 00d7 5A       		.byte	0x5a
 437 00d8 E2000000 		.4byte	0xe2
 438 00dc 05       		.uleb128 0x5
 439 00dd 03       		.byte	0x3
 440 00de 00000000 		.4byte	cy_meta_wonvl
 441 00e2 07       		.uleb128 0x7
 442 00e3 AB000000 		.4byte	0xab
 443 00e7 08       		.uleb128 0x8
 444 00e8 A1010000 		.4byte	.LASF15
 445 00ec 03       		.byte	0x3
 446 00ed 68       		.byte	0x68
 447 00ee F8000000 		.4byte	0xf8
 448 00f2 05       		.uleb128 0x5
 449 00f3 03       		.byte	0x3
 450 00f4 00000000 		.4byte	cy_meta_flashprotect
 451 00f8 07       		.uleb128 0x7
 452 00f9 79000000 		.4byte	0x79
ARM GAS  C:\Users\Anton\AppData\Local\Temp\cczVxfRA.s 			page 9


 453 00fd 05       		.uleb128 0x5
 454 00fe 90000000 		.4byte	0x90
 455 0102 0D010000 		.4byte	0x10d
 456 0106 06       		.uleb128 0x6
 457 0107 89000000 		.4byte	0x89
 458 010b 0B       		.byte	0xb
 459 010c 00       		.byte	0
 460 010d 08       		.uleb128 0x8
 461 010e 86000000 		.4byte	.LASF16
 462 0112 03       		.byte	0x3
 463 0113 95       		.byte	0x95
 464 0114 1E010000 		.4byte	0x11e
 465 0118 05       		.uleb128 0x5
 466 0119 03       		.byte	0x3
 467 011a 00000000 		.4byte	cy_metadata
 468 011e 07       		.uleb128 0x7
 469 011f FD000000 		.4byte	0xfd
 470 0123 00       		.byte	0
 471              		.section	.debug_abbrev,"",%progbits
 472              	.Ldebug_abbrev0:
 473 0000 01       		.uleb128 0x1
 474 0001 11       		.uleb128 0x11
 475 0002 01       		.byte	0x1
 476 0003 25       		.uleb128 0x25
 477 0004 0E       		.uleb128 0xe
 478 0005 13       		.uleb128 0x13
 479 0006 0B       		.uleb128 0xb
 480 0007 03       		.uleb128 0x3
 481 0008 0E       		.uleb128 0xe
 482 0009 1B       		.uleb128 0x1b
 483 000a 0E       		.uleb128 0xe
 484 000b 10       		.uleb128 0x10
 485 000c 17       		.uleb128 0x17
 486 000d 00       		.byte	0
 487 000e 00       		.byte	0
 488 000f 02       		.uleb128 0x2
 489 0010 24       		.uleb128 0x24
 490 0011 00       		.byte	0
 491 0012 0B       		.uleb128 0xb
 492 0013 0B       		.uleb128 0xb
 493 0014 3E       		.uleb128 0x3e
 494 0015 0B       		.uleb128 0xb
 495 0016 03       		.uleb128 0x3
 496 0017 0E       		.uleb128 0xe
 497 0018 00       		.byte	0
 498 0019 00       		.byte	0
 499 001a 03       		.uleb128 0x3
 500 001b 16       		.uleb128 0x16
 501 001c 00       		.byte	0
 502 001d 03       		.uleb128 0x3
 503 001e 0E       		.uleb128 0xe
 504 001f 3A       		.uleb128 0x3a
 505 0020 0B       		.uleb128 0xb
 506 0021 3B       		.uleb128 0x3b
 507 0022 0B       		.uleb128 0xb
 508 0023 49       		.uleb128 0x49
 509 0024 13       		.uleb128 0x13
ARM GAS  C:\Users\Anton\AppData\Local\Temp\cczVxfRA.s 			page 10


 510 0025 00       		.byte	0
 511 0026 00       		.byte	0
 512 0027 04       		.uleb128 0x4
 513 0028 24       		.uleb128 0x24
 514 0029 00       		.byte	0
 515 002a 0B       		.uleb128 0xb
 516 002b 0B       		.uleb128 0xb
 517 002c 3E       		.uleb128 0x3e
 518 002d 0B       		.uleb128 0xb
 519 002e 03       		.uleb128 0x3
 520 002f 08       		.uleb128 0x8
 521 0030 00       		.byte	0
 522 0031 00       		.byte	0
 523 0032 05       		.uleb128 0x5
 524 0033 01       		.uleb128 0x1
 525 0034 01       		.byte	0x1
 526 0035 49       		.uleb128 0x49
 527 0036 13       		.uleb128 0x13
 528 0037 01       		.uleb128 0x1
 529 0038 13       		.uleb128 0x13
 530 0039 00       		.byte	0
 531 003a 00       		.byte	0
 532 003b 06       		.uleb128 0x6
 533 003c 21       		.uleb128 0x21
 534 003d 00       		.byte	0
 535 003e 49       		.uleb128 0x49
 536 003f 13       		.uleb128 0x13
 537 0040 2F       		.uleb128 0x2f
 538 0041 0B       		.uleb128 0xb
 539 0042 00       		.byte	0
 540 0043 00       		.byte	0
 541 0044 07       		.uleb128 0x7
 542 0045 26       		.uleb128 0x26
 543 0046 00       		.byte	0
 544 0047 49       		.uleb128 0x49
 545 0048 13       		.uleb128 0x13
 546 0049 00       		.byte	0
 547 004a 00       		.byte	0
 548 004b 08       		.uleb128 0x8
 549 004c 34       		.uleb128 0x34
 550 004d 00       		.byte	0
 551 004e 03       		.uleb128 0x3
 552 004f 0E       		.uleb128 0xe
 553 0050 3A       		.uleb128 0x3a
 554 0051 0B       		.uleb128 0xb
 555 0052 3B       		.uleb128 0x3b
 556 0053 0B       		.uleb128 0xb
 557 0054 49       		.uleb128 0x49
 558 0055 13       		.uleb128 0x13
 559 0056 3F       		.uleb128 0x3f
 560 0057 19       		.uleb128 0x19
 561 0058 02       		.uleb128 0x2
 562 0059 18       		.uleb128 0x18
 563 005a 00       		.byte	0
 564 005b 00       		.byte	0
 565 005c 00       		.byte	0
 566              		.section	.debug_aranges,"",%progbits
ARM GAS  C:\Users\Anton\AppData\Local\Temp\cczVxfRA.s 			page 11


 567 0000 14000000 		.4byte	0x14
 568 0004 0200     		.2byte	0x2
 569 0006 00000000 		.4byte	.Ldebug_info0
 570 000a 04       		.byte	0x4
 571 000b 00       		.byte	0
 572 000c 0000     		.2byte	0
 573 000e 0000     		.2byte	0
 574 0010 00000000 		.4byte	0
 575 0014 00000000 		.4byte	0
 576              		.section	.debug_line,"",%progbits
 577              	.Ldebug_line0:
 578 0000 3D010000 		.section	.debug_str,"MS",%progbits,1
 578      02003701 
 578      00000201 
 578      FB0E0D00 
 578      01010101 
 579              	.LASF9:
 580 0000 5F5F7569 		.ascii	"__uint8_t\000"
 580      6E74385F 
 580      7400
 581              	.LASF19:
 582 000a 433A5C55 		.ascii	"C:\\Users\\Anton\\Documents\\GitHub repository\\Ele"
 582      73657273 
 582      5C416E74 
 582      6F6E5C44 
 582      6F63756D 
 583 0038 6B74726F 		.ascii	"ktroteknologi-Projekt-1\\Accelerometer koden\\Accel"
 583      74656B6E 
 583      6F6C6F67 
 583      692D5072 
 583      6F6A656B 
 584 0069 65726F6D 		.ascii	"erometer mega til psoc.cydsn\000"
 584      65746572 
 584      206D6567 
 584      61207469 
 584      6C207073 
 585              	.LASF16:
 586 0086 63795F6D 		.ascii	"cy_metadata\000"
 586      65746164 
 586      61746100 
 587              	.LASF1:
 588 0092 756E7369 		.ascii	"unsigned char\000"
 588      676E6564 
 588      20636861 
 588      7200
 589              	.LASF17:
 590 00a0 474E5520 		.ascii	"GNU C11 5.4.1 20160609 (release) [ARM/embedded-5-br"
 590      43313120 
 590      352E342E 
 590      31203230 
 590      31363036 
 591 00d3 616E6368 		.ascii	"anch revision 237715] -mcpu=cortex-m3 -mthumb -g -O"
 591      20726576 
 591      6973696F 
 591      6E203233 
 591      37373135 
 592 0106 67202D66 		.ascii	"g -ffunction-sections -ffat-lto-objects\000"
ARM GAS  C:\Users\Anton\AppData\Local\Temp\cczVxfRA.s 			page 12


 592      66756E63 
 592      74696F6E 
 592      2D736563 
 592      74696F6E 
 593              	.LASF5:
 594 012e 6C6F6E67 		.ascii	"long unsigned int\000"
 594      20756E73 
 594      69676E65 
 594      6420696E 
 594      7400
 595              	.LASF3:
 596 0140 73686F72 		.ascii	"short unsigned int\000"
 596      7420756E 
 596      7369676E 
 596      65642069 
 596      6E7400
 597              	.LASF13:
 598 0153 63795F6D 		.ascii	"cy_meta_custnvl\000"
 598      6574615F 
 598      63757374 
 598      6E766C00 
 599              	.LASF12:
 600 0163 63795F6D 		.ascii	"cy_meta_configecc\000"
 600      6574615F 
 600      636F6E66 
 600      69676563 
 600      6300
 601              	.LASF8:
 602 0175 756E7369 		.ascii	"unsigned int\000"
 602      676E6564 
 602      20696E74 
 602      00
 603              	.LASF7:
 604 0182 6C6F6E67 		.ascii	"long long unsigned int\000"
 604      206C6F6E 
 604      6720756E 
 604      7369676E 
 604      65642069 
 605              	.LASF10:
 606 0199 75696E74 		.ascii	"uint8_t\000"
 606      385F7400 
 607              	.LASF15:
 608 01a1 63795F6D 		.ascii	"cy_meta_flashprotect\000"
 608      6574615F 
 608      666C6173 
 608      6870726F 
 608      74656374 
 609              	.LASF14:
 610 01b6 63795F6D 		.ascii	"cy_meta_wonvl\000"
 610      6574615F 
 610      776F6E76 
 610      6C00
 611              	.LASF11:
 612 01c4 73697A65 		.ascii	"sizetype\000"
 612      74797065 
 612      00
 613              	.LASF6:
ARM GAS  C:\Users\Anton\AppData\Local\Temp\cczVxfRA.s 			page 13


 614 01cd 6C6F6E67 		.ascii	"long long int\000"
 614      206C6F6E 
 614      6720696E 
 614      7400
 615              	.LASF2:
 616 01db 73686F72 		.ascii	"short int\000"
 616      7420696E 
 616      7400
 617              	.LASF4:
 618 01e5 6C6F6E67 		.ascii	"long int\000"
 618      20696E74 
 618      00
 619              	.LASF0:
 620 01ee 7369676E 		.ascii	"signed char\000"
 620      65642063 
 620      68617200 
 621              	.LASF18:
 622 01fa 47656E65 		.ascii	"Generated_Source\\PSoC5\\cymetadata.c\000"
 622      72617465 
 622      645F536F 
 622      75726365 
 622      5C50536F 
 623              		.ident	"GCC: (GNU Tools for ARM Embedded Processors) 5.4.1 20160609 (release) [ARM/embedded-5-bran
