ARM GAS  C:\Users\Anton\AppData\Local\Temp\ccW4GILn.s 			page 1


   1              		.syntax unified
   2              		.cpu cortex-m3
   3              		.fpu softvfp
   4              		.eabi_attribute 20, 1
   5              		.eabi_attribute 21, 1
   6              		.eabi_attribute 23, 3
   7              		.eabi_attribute 24, 1
   8              		.eabi_attribute 25, 1
   9              		.eabi_attribute 26, 1
  10              		.eabi_attribute 30, 1
  11              		.eabi_attribute 34, 1
  12              		.eabi_attribute 18, 4
  13              		.thumb
  14              		.syntax unified
  15              		.file	"cymetadata.c"
  16              		.text
  17              	.Ltext0:
  18              		.cfi_sections	.debug_frame
  19              		.global	cy_metadata
  20              		.global	cy_meta_flashprotect
  21              		.global	cy_meta_wonvl
  22              		.global	cy_meta_custnvl
  23              		.global	cy_meta_configecc
  24              		.section	.cyconfigecc,"a",%progbits
  25              		.align	2
  26              		.type	cy_meta_configecc, %object
  27              		.size	cy_meta_configecc, 244
  28              	cy_meta_configecc:
  29 0000 01       		.byte	1
  30 0001 45       		.byte	69
  31 0002 00       		.byte	0
  32 0003 40       		.byte	64
  33 0004 03       		.byte	3
  34 0005 52       		.byte	82
  35 0006 00       		.byte	0
  36 0007 40       		.byte	64
  37 0008 04       		.byte	4
  38 0009 15       		.byte	21
  39 000a 01       		.byte	1
  40 000b 40       		.byte	64
  41 000c 02       		.byte	2
  42 000d 17       		.byte	23
  43 000e 01       		.byte	1
  44 000f 40       		.byte	64
  45 0010 02       		.byte	2
  46 0011 19       		.byte	25
  47 0012 01       		.byte	1
  48 0013 40       		.byte	64
  49 0014 04       		.byte	4
  50 0015 1B       		.byte	27
  51 0016 01       		.byte	1
  52 0017 40       		.byte	64
  53 0018 03       		.byte	3
  54 0019 40       		.byte	64
  55 001a 01       		.byte	1
  56 001b 40       		.byte	64
  57 001c 03       		.byte	3
ARM GAS  C:\Users\Anton\AppData\Local\Temp\ccW4GILn.s 			page 2


  58 001d 41       		.byte	65
  59 001e 01       		.byte	1
  60 001f 40       		.byte	64
  61 0020 05       		.byte	5
  62 0021 42       		.byte	66
  63 0022 01       		.byte	1
  64 0023 40       		.byte	64
  65 0024 04       		.byte	4
  66 0025 43       		.byte	67
  67 0026 01       		.byte	1
  68 0027 40       		.byte	64
  69 0028 04       		.byte	4
  70 0029 47       		.byte	71
  71 002a 01       		.byte	1
  72 002b 40       		.byte	64
  73 002c 05       		.byte	5
  74 002d 48       		.byte	72
  75 002e 01       		.byte	1
  76 002f 40       		.byte	64
  77 0030 12       		.byte	18
  78 0031 49       		.byte	73
  79 0032 01       		.byte	1
  80 0033 40       		.byte	64
  81 0034 08       		.byte	8
  82 0035 4C       		.byte	76
  83 0036 01       		.byte	1
  84 0037 40       		.byte	64
  85 0038 06       		.byte	6
  86 0039 4D       		.byte	77
  87 003a 01       		.byte	1
  88 003b 40       		.byte	64
  89 003c 02       		.byte	2
  90 003d 51       		.byte	81
  91 003e 01       		.byte	1
  92 003f 40       		.byte	64
  93 0040 7E       		.byte	126
  94 0041 02       		.byte	2
  95 0042 60       		.byte	96
  96 0043 02       		.byte	2
  97 0044 64       		.byte	100
  98 0045 03       		.byte	3
  99 0046 7C       		.byte	124
 100 0047 40       		.byte	64
 101 0048 E0       		.byte	-32
 102 0049 08       		.byte	8
 103 004a E4       		.byte	-28
 104 004b 01       		.byte	1
 105 004c EA       		.byte	-22
 106 004d 05       		.byte	5
 107 004e EE       		.byte	-18
 108 004f 08       		.byte	8
 109 0050 EA       		.byte	-22
 110 0051 02       		.byte	2
 111 0052 EE       		.byte	-18
 112 0053 0A       		.byte	10
 113 0054 EA       		.byte	-22
 114 0055 02       		.byte	2
ARM GAS  C:\Users\Anton\AppData\Local\Temp\ccW4GILn.s 			page 3


 115 0056 EE       		.byte	-18
 116 0057 0A       		.byte	10
 117 0058 E0       		.byte	-32
 118 0059 08       		.byte	8
 119 005a E4       		.byte	-28
 120 005b 01       		.byte	1
 121 005c EA       		.byte	-22
 122 005d 05       		.byte	5
 123 005e EE       		.byte	-18
 124 005f 08       		.byte	8
 125 0060 33       		.byte	51
 126 0061 81       		.byte	-127
 127 0062 36       		.byte	54
 128 0063 40       		.byte	64
 129 0064 CC       		.byte	-52
 130 0065 70       		.byte	112
 131 0066 9F       		.byte	-97
 132 0067 01       		.byte	1
 133 0068 A6       		.byte	-90
 134 0069 40       		.byte	64
 135 006a A7       		.byte	-89
 136 006b 80       		.byte	-128
 137 006c 3E       		.byte	62
 138 006d 10       		.byte	16
 139 006e 9F       		.byte	-97
 140 006f 01       		.byte	1
 141 0070 A6       		.byte	-90
 142 0071 40       		.byte	64
 143 0072 A7       		.byte	-89
 144 0073 80       		.byte	-128
 145 0074 CE       		.byte	-50
 146 0075 20       		.byte	32
 147 0076 96       		.byte	-106
 148 0077 10       		.byte	16
 149 0078 9F       		.byte	-97
 150 0079 01       		.byte	1
 151 007a A6       		.byte	-90
 152 007b 40       		.byte	64
 153 007c A7       		.byte	-89
 154 007d 80       		.byte	-128
 155 007e 08       		.byte	8
 156 007f 08       		.byte	8
 157 0080 0B       		.byte	11
 158 0081 04       		.byte	4
 159 0082 0F       		.byte	15
 160 0083 40       		.byte	64
 161 0084 C2       		.byte	-62
 162 0085 0E       		.byte	14
 163 0086 96       		.byte	-106
 164 0087 10       		.byte	16
 165 0088 AE       		.byte	-82
 166 0089 40       		.byte	64
 167 008a AF       		.byte	-81
 168 008b 81       		.byte	-127
 169 008c EA       		.byte	-22
 170 008d 40       		.byte	64
 171 008e EE       		.byte	-18
ARM GAS  C:\Users\Anton\AppData\Local\Temp\ccW4GILn.s 			page 4


 172 008f 50       		.byte	80
 173 0090 12       		.byte	18
 174 0091 20       		.byte	32
 175 0092 16       		.byte	22
 176 0093 40       		.byte	64
 177 0094 75       		.byte	117
 178 0095 02       		.byte	2
 179 0096 7B       		.byte	123
 180 0097 02       		.byte	2
 181 0098 82       		.byte	-126
 182 0099 20       		.byte	32
 183 009a 86       		.byte	-122
 184 009b 40       		.byte	64
 185 009c 99       		.byte	-103
 186 009d 02       		.byte	2
 187 009e A3       		.byte	-93
 188 009f 02       		.byte	2
 189 00a0 AA       		.byte	-86
 190 00a1 10       		.byte	16
 191 00a2 AB       		.byte	-85
 192 00a3 02       		.byte	2
 193 00a4 AD       		.byte	-83
 194 00a5 02       		.byte	2
 195 00a6 C4       		.byte	-60
 196 00a7 30       		.byte	48
 197 00a8 DC       		.byte	-36
 198 00a9 80       		.byte	-128
 199 00aa DE       		.byte	-34
 200 00ab 20       		.byte	32
 201 00ac E0       		.byte	-32
 202 00ad 10       		.byte	16
 203 00ae E4       		.byte	-28
 204 00af 80       		.byte	-128
 205 00b0 EA       		.byte	-22
 206 00b1 A0       		.byte	-96
 207 00b2 EE       		.byte	-18
 208 00b3 10       		.byte	16
 209 00b4 13       		.byte	19
 210 00b5 28       		.byte	40
 211 00b6 14       		.byte	20
 212 00b7 20       		.byte	32
 213 00b8 7B       		.byte	123
 214 00b9 10       		.byte	16
 215 00ba 7F       		.byte	127
 216 00bb 40       		.byte	64
 217 00bc AC       		.byte	-84
 218 00bd 08       		.byte	8
 219 00be AF       		.byte	-81
 220 00bf 44       		.byte	68
 221 00c0 C4       		.byte	-60
 222 00c1 0E       		.byte	14
 223 00c2 DE       		.byte	-34
 224 00c3 03       		.byte	3
 225 00c4 83       		.byte	-125
 226 00c5 10       		.byte	16
 227 00c6 87       		.byte	-121
 228 00c7 40       		.byte	64
ARM GAS  C:\Users\Anton\AppData\Local\Temp\ccW4GILn.s 			page 5


 229 00c8 97       		.byte	-105
 230 00c9 80       		.byte	-128
 231 00ca A7       		.byte	-89
 232 00cb 10       		.byte	16
 233 00cc AB       		.byte	-85
 234 00cd 28       		.byte	40
 235 00ce AC       		.byte	-84
 236 00cf 20       		.byte	32
 237 00d0 00       		.byte	0
 238 00d1 2A       		.byte	42
 239 00d2 03       		.byte	3
 240 00d3 C0       		.byte	-64
 241 00d4 03       		.byte	3
 242 00d5 00       		.byte	0
 243 00d6 00       		.byte	0
 244 00d7 00       		.byte	0
 245 00d8 03       		.byte	3
 246 00d9 00       		.byte	0
 247 00da 03       		.byte	3
 248 00db 00       		.byte	0
 249 00dc 00       		.byte	0
 250 00dd 00       		.byte	0
 251 00de 00       		.byte	0
 252 00df 00       		.byte	0
 253 00e0 40       		.byte	64
 254 00e1 00       		.byte	0
 255 00e2 00       		.byte	0
 256 00e3 00       		.byte	0
 257 00e4 00       		.byte	0
 258 00e5 00       		.byte	0
 259 00e6 00       		.byte	0
 260 00e7 00       		.byte	0
 261 00e8 C0       		.byte	-64
 262 00e9 00       		.byte	0
 263 00ea 00       		.byte	0
 264 00eb 00       		.byte	0
 265 00ec 00       		.byte	0
 266 00ed 0B       		.byte	11
 267 00ee 0B       		.byte	11
 268 00ef 00       		.byte	0
 269 00f0 00       		.byte	0
 270 00f1 00       		.byte	0
 271 00f2 00       		.byte	0
 272 00f3 00       		.byte	0
 273              		.section	.cywolatch,"a",%progbits
 274              		.align	2
 275              		.type	cy_meta_wonvl, %object
 276              		.size	cy_meta_wonvl, 4
 277              	cy_meta_wonvl:
 278 0000 BC       		.byte	-68
 279 0001 90       		.byte	-112
 280 0002 AC       		.byte	-84
 281 0003 AF       		.byte	-81
 282              		.section	.cycustnvl,"a",%progbits
 283              		.align	2
 284              		.type	cy_meta_custnvl, %object
 285              		.size	cy_meta_custnvl, 4
ARM GAS  C:\Users\Anton\AppData\Local\Temp\ccW4GILn.s 			page 6


 286              	cy_meta_custnvl:
 287 0000 00       		.byte	0
 288 0001 00       		.byte	0
 289 0002 40       		.byte	64
 290 0003 05       		.byte	5
 291              		.section	.cymeta,"a",%progbits
 292              		.align	2
 293              		.type	cy_metadata, %object
 294              		.size	cy_metadata, 12
 295              	cy_metadata:
 296 0000 00       		.byte	0
 297 0001 01       		.byte	1
 298 0002 2E       		.byte	46
 299 0003 16       		.byte	22
 300 0004 10       		.byte	16
 301 0005 69       		.byte	105
 302 0006 00       		.byte	0
 303 0007 01       		.byte	1
 304 0008 00       		.byte	0
 305 0009 00       		.byte	0
 306 000a 00       		.byte	0
 307 000b 00       		.byte	0
 308              		.section	.cyflashprotect,"a",%progbits
 309              		.align	2
 310              		.type	cy_meta_flashprotect, %object
 311              		.size	cy_meta_flashprotect, 256
 312              	cy_meta_flashprotect:
 313 0000 00000000 		.space	256
 313      00000000 
 313      00000000 
 313      00000000 
 313      00000000 
 314              		.text
 315              	.Letext0:
 316              		.file 1 "c:\\program files (x86)\\cypress\\psoc creator\\4.4\\psoc creator\\import\\gnu\\arm\\5.4.
 317              		.file 2 "c:\\program files (x86)\\cypress\\psoc creator\\4.4\\psoc creator\\import\\gnu\\arm\\5.4.
 318              		.file 3 "Generated_Source\\PSoC5\\cymetadata.c"
 319              		.section	.debug_info,"",%progbits
 320              	.Ldebug_info0:
 321 0000 30010000 		.4byte	0x130
 322 0004 0400     		.2byte	0x4
 323 0006 00000000 		.4byte	.Ldebug_abbrev0
 324 000a 04       		.byte	0x4
 325 000b 01       		.uleb128 0x1
 326 000c 24000000 		.4byte	.LASF17
 327 0010 0C       		.byte	0xc
 328 0011 F5010000 		.4byte	.LASF18
 329 0015 E7000000 		.4byte	.LASF19
 330 0019 00000000 		.4byte	.Ldebug_line0
 331 001d 02       		.uleb128 0x2
 332 001e 01       		.byte	0x1
 333 001f 06       		.byte	0x6
 334 0020 E9010000 		.4byte	.LASF0
 335 0024 03       		.uleb128 0x3
 336 0025 00000000 		.4byte	.LASF9
 337 0029 01       		.byte	0x1
 338 002a 1D       		.byte	0x1d
ARM GAS  C:\Users\Anton\AppData\Local\Temp\ccW4GILn.s 			page 7


 339 002b 2F000000 		.4byte	0x2f
 340 002f 02       		.uleb128 0x2
 341 0030 01       		.byte	0x1
 342 0031 08       		.byte	0x8
 343 0032 16000000 		.4byte	.LASF1
 344 0036 02       		.uleb128 0x2
 345 0037 02       		.byte	0x2
 346 0038 05       		.byte	0x5
 347 0039 D6010000 		.4byte	.LASF2
 348 003d 02       		.uleb128 0x2
 349 003e 02       		.byte	0x2
 350 003f 07       		.byte	0x7
 351 0040 C4000000 		.4byte	.LASF3
 352 0044 02       		.uleb128 0x2
 353 0045 04       		.byte	0x4
 354 0046 05       		.byte	0x5
 355 0047 E0010000 		.4byte	.LASF4
 356 004b 02       		.uleb128 0x2
 357 004c 04       		.byte	0x4
 358 004d 07       		.byte	0x7
 359 004e B2000000 		.4byte	.LASF5
 360 0052 02       		.uleb128 0x2
 361 0053 08       		.byte	0x8
 362 0054 05       		.byte	0x5
 363 0055 C8010000 		.4byte	.LASF6
 364 0059 02       		.uleb128 0x2
 365 005a 08       		.byte	0x8
 366 005b 07       		.byte	0x7
 367 005c 7D010000 		.4byte	.LASF7
 368 0060 04       		.uleb128 0x4
 369 0061 04       		.byte	0x4
 370 0062 05       		.byte	0x5
 371 0063 696E7400 		.ascii	"int\000"
 372 0067 02       		.uleb128 0x2
 373 0068 04       		.byte	0x4
 374 0069 07       		.byte	0x7
 375 006a 70010000 		.4byte	.LASF8
 376 006e 03       		.uleb128 0x3
 377 006f 94010000 		.4byte	.LASF10
 378 0073 02       		.byte	0x2
 379 0074 18       		.byte	0x18
 380 0075 24000000 		.4byte	0x24
 381 0079 05       		.uleb128 0x5
 382 007a 90000000 		.4byte	0x90
 383 007e 89000000 		.4byte	0x89
 384 0082 06       		.uleb128 0x6
 385 0083 89000000 		.4byte	0x89
 386 0087 F3       		.byte	0xf3
 387 0088 00       		.byte	0
 388 0089 02       		.uleb128 0x2
 389 008a 04       		.byte	0x4
 390 008b 07       		.byte	0x7
 391 008c BF010000 		.4byte	.LASF11
 392 0090 07       		.uleb128 0x7
 393 0091 6E000000 		.4byte	0x6e
 394 0095 08       		.uleb128 0x8
 395 0096 5E010000 		.4byte	.LASF12
ARM GAS  C:\Users\Anton\AppData\Local\Temp\ccW4GILn.s 			page 8


 396 009a 03       		.byte	0x3
 397 009b 1F       		.byte	0x1f
 398 009c A6000000 		.4byte	0xa6
 399 00a0 05       		.uleb128 0x5
 400 00a1 03       		.byte	0x3
 401 00a2 00000000 		.4byte	cy_meta_configecc
 402 00a6 07       		.uleb128 0x7
 403 00a7 79000000 		.4byte	0x79
 404 00ab 05       		.uleb128 0x5
 405 00ac 90000000 		.4byte	0x90
 406 00b0 BB000000 		.4byte	0xbb
 407 00b4 06       		.uleb128 0x6
 408 00b5 89000000 		.4byte	0x89
 409 00b9 03       		.byte	0x3
 410 00ba 00       		.byte	0
 411 00bb 08       		.uleb128 0x8
 412 00bc D7000000 		.4byte	.LASF13
 413 00c0 03       		.byte	0x3
 414 00c1 4B       		.byte	0x4b
 415 00c2 CC000000 		.4byte	0xcc
 416 00c6 05       		.uleb128 0x5
 417 00c7 03       		.byte	0x3
 418 00c8 00000000 		.4byte	cy_meta_custnvl
 419 00cc 07       		.uleb128 0x7
 420 00cd AB000000 		.4byte	0xab
 421 00d1 08       		.uleb128 0x8
 422 00d2 B1010000 		.4byte	.LASF14
 423 00d6 03       		.byte	0x3
 424 00d7 59       		.byte	0x59
 425 00d8 E2000000 		.4byte	0xe2
 426 00dc 05       		.uleb128 0x5
 427 00dd 03       		.byte	0x3
 428 00de 00000000 		.4byte	cy_meta_wonvl
 429 00e2 07       		.uleb128 0x7
 430 00e3 AB000000 		.4byte	0xab
 431 00e7 05       		.uleb128 0x5
 432 00e8 90000000 		.4byte	0x90
 433 00ec F7000000 		.4byte	0xf7
 434 00f0 06       		.uleb128 0x6
 435 00f1 89000000 		.4byte	0x89
 436 00f5 FF       		.byte	0xff
 437 00f6 00       		.byte	0
 438 00f7 08       		.uleb128 0x8
 439 00f8 9C010000 		.4byte	.LASF15
 440 00fc 03       		.byte	0x3
 441 00fd 67       		.byte	0x67
 442 00fe 08010000 		.4byte	0x108
 443 0102 05       		.uleb128 0x5
 444 0103 03       		.byte	0x3
 445 0104 00000000 		.4byte	cy_meta_flashprotect
 446 0108 07       		.uleb128 0x7
 447 0109 E7000000 		.4byte	0xe7
 448 010d 05       		.uleb128 0x5
 449 010e 90000000 		.4byte	0x90
 450 0112 1D010000 		.4byte	0x11d
 451 0116 06       		.uleb128 0x6
 452 0117 89000000 		.4byte	0x89
ARM GAS  C:\Users\Anton\AppData\Local\Temp\ccW4GILn.s 			page 9


 453 011b 0B       		.byte	0xb
 454 011c 00       		.byte	0
 455 011d 08       		.uleb128 0x8
 456 011e 0A000000 		.4byte	.LASF16
 457 0122 03       		.byte	0x3
 458 0123 94       		.byte	0x94
 459 0124 2E010000 		.4byte	0x12e
 460 0128 05       		.uleb128 0x5
 461 0129 03       		.byte	0x3
 462 012a 00000000 		.4byte	cy_metadata
 463 012e 07       		.uleb128 0x7
 464 012f 0D010000 		.4byte	0x10d
 465 0133 00       		.byte	0
 466              		.section	.debug_abbrev,"",%progbits
 467              	.Ldebug_abbrev0:
 468 0000 01       		.uleb128 0x1
 469 0001 11       		.uleb128 0x11
 470 0002 01       		.byte	0x1
 471 0003 25       		.uleb128 0x25
 472 0004 0E       		.uleb128 0xe
 473 0005 13       		.uleb128 0x13
 474 0006 0B       		.uleb128 0xb
 475 0007 03       		.uleb128 0x3
 476 0008 0E       		.uleb128 0xe
 477 0009 1B       		.uleb128 0x1b
 478 000a 0E       		.uleb128 0xe
 479 000b 10       		.uleb128 0x10
 480 000c 17       		.uleb128 0x17
 481 000d 00       		.byte	0
 482 000e 00       		.byte	0
 483 000f 02       		.uleb128 0x2
 484 0010 24       		.uleb128 0x24
 485 0011 00       		.byte	0
 486 0012 0B       		.uleb128 0xb
 487 0013 0B       		.uleb128 0xb
 488 0014 3E       		.uleb128 0x3e
 489 0015 0B       		.uleb128 0xb
 490 0016 03       		.uleb128 0x3
 491 0017 0E       		.uleb128 0xe
 492 0018 00       		.byte	0
 493 0019 00       		.byte	0
 494 001a 03       		.uleb128 0x3
 495 001b 16       		.uleb128 0x16
 496 001c 00       		.byte	0
 497 001d 03       		.uleb128 0x3
 498 001e 0E       		.uleb128 0xe
 499 001f 3A       		.uleb128 0x3a
 500 0020 0B       		.uleb128 0xb
 501 0021 3B       		.uleb128 0x3b
 502 0022 0B       		.uleb128 0xb
 503 0023 49       		.uleb128 0x49
 504 0024 13       		.uleb128 0x13
 505 0025 00       		.byte	0
 506 0026 00       		.byte	0
 507 0027 04       		.uleb128 0x4
 508 0028 24       		.uleb128 0x24
 509 0029 00       		.byte	0
ARM GAS  C:\Users\Anton\AppData\Local\Temp\ccW4GILn.s 			page 10


 510 002a 0B       		.uleb128 0xb
 511 002b 0B       		.uleb128 0xb
 512 002c 3E       		.uleb128 0x3e
 513 002d 0B       		.uleb128 0xb
 514 002e 03       		.uleb128 0x3
 515 002f 08       		.uleb128 0x8
 516 0030 00       		.byte	0
 517 0031 00       		.byte	0
 518 0032 05       		.uleb128 0x5
 519 0033 01       		.uleb128 0x1
 520 0034 01       		.byte	0x1
 521 0035 49       		.uleb128 0x49
 522 0036 13       		.uleb128 0x13
 523 0037 01       		.uleb128 0x1
 524 0038 13       		.uleb128 0x13
 525 0039 00       		.byte	0
 526 003a 00       		.byte	0
 527 003b 06       		.uleb128 0x6
 528 003c 21       		.uleb128 0x21
 529 003d 00       		.byte	0
 530 003e 49       		.uleb128 0x49
 531 003f 13       		.uleb128 0x13
 532 0040 2F       		.uleb128 0x2f
 533 0041 0B       		.uleb128 0xb
 534 0042 00       		.byte	0
 535 0043 00       		.byte	0
 536 0044 07       		.uleb128 0x7
 537 0045 26       		.uleb128 0x26
 538 0046 00       		.byte	0
 539 0047 49       		.uleb128 0x49
 540 0048 13       		.uleb128 0x13
 541 0049 00       		.byte	0
 542 004a 00       		.byte	0
 543 004b 08       		.uleb128 0x8
 544 004c 34       		.uleb128 0x34
 545 004d 00       		.byte	0
 546 004e 03       		.uleb128 0x3
 547 004f 0E       		.uleb128 0xe
 548 0050 3A       		.uleb128 0x3a
 549 0051 0B       		.uleb128 0xb
 550 0052 3B       		.uleb128 0x3b
 551 0053 0B       		.uleb128 0xb
 552 0054 49       		.uleb128 0x49
 553 0055 13       		.uleb128 0x13
 554 0056 3F       		.uleb128 0x3f
 555 0057 19       		.uleb128 0x19
 556 0058 02       		.uleb128 0x2
 557 0059 18       		.uleb128 0x18
 558 005a 00       		.byte	0
 559 005b 00       		.byte	0
 560 005c 00       		.byte	0
 561              		.section	.debug_aranges,"",%progbits
 562 0000 14000000 		.4byte	0x14
 563 0004 0200     		.2byte	0x2
 564 0006 00000000 		.4byte	.Ldebug_info0
 565 000a 04       		.byte	0x4
 566 000b 00       		.byte	0
ARM GAS  C:\Users\Anton\AppData\Local\Temp\ccW4GILn.s 			page 11


 567 000c 0000     		.2byte	0
 568 000e 0000     		.2byte	0
 569 0010 00000000 		.4byte	0
 570 0014 00000000 		.4byte	0
 571              		.section	.debug_line,"",%progbits
 572              	.Ldebug_line0:
 573 0000 3D010000 		.section	.debug_str,"MS",%progbits,1
 573      02003701 
 573      00000201 
 573      FB0E0D00 
 573      01010101 
 574              	.LASF9:
 575 0000 5F5F7569 		.ascii	"__uint8_t\000"
 575      6E74385F 
 575      7400
 576              	.LASF16:
 577 000a 63795F6D 		.ascii	"cy_metadata\000"
 577      65746164 
 577      61746100 
 578              	.LASF1:
 579 0016 756E7369 		.ascii	"unsigned char\000"
 579      676E6564 
 579      20636861 
 579      7200
 580              	.LASF17:
 581 0024 474E5520 		.ascii	"GNU C11 5.4.1 20160609 (release) [ARM/embedded-5-br"
 581      43313120 
 581      352E342E 
 581      31203230 
 581      31363036 
 582 0057 616E6368 		.ascii	"anch revision 237715] -mcpu=cortex-m3 -mthumb -g -O"
 582      20726576 
 582      6973696F 
 582      6E203233 
 582      37373135 
 583 008a 67202D66 		.ascii	"g -ffunction-sections -ffat-lto-objects\000"
 583      66756E63 
 583      74696F6E 
 583      2D736563 
 583      74696F6E 
 584              	.LASF5:
 585 00b2 6C6F6E67 		.ascii	"long unsigned int\000"
 585      20756E73 
 585      69676E65 
 585      6420696E 
 585      7400
 586              	.LASF3:
 587 00c4 73686F72 		.ascii	"short unsigned int\000"
 587      7420756E 
 587      7369676E 
 587      65642069 
 587      6E7400
 588              	.LASF13:
 589 00d7 63795F6D 		.ascii	"cy_meta_custnvl\000"
 589      6574615F 
 589      63757374 
 589      6E766C00 
ARM GAS  C:\Users\Anton\AppData\Local\Temp\ccW4GILn.s 			page 12


 590              	.LASF19:
 591 00e7 433A5C55 		.ascii	"C:\\Users\\Anton\\Documents\\GitHub repository\\Ele"
 591      73657273 
 591      5C416E74 
 591      6F6E5C44 
 591      6F63756D 
 592 0115 6B74726F 		.ascii	"ktroteknologi-Projekt-1\\Accelerometer kode\\Uart k"
 592      74656B6E 
 592      6F6C6F67 
 592      692D5072 
 592      6F6A656B 
 593 0146 6F64655C 		.ascii	"ode\\Accelerometer.cydsn\000"
 593      41636365 
 593      6C65726F 
 593      6D657465 
 593      722E6379 
 594              	.LASF12:
 595 015e 63795F6D 		.ascii	"cy_meta_configecc\000"
 595      6574615F 
 595      636F6E66 
 595      69676563 
 595      6300
 596              	.LASF8:
 597 0170 756E7369 		.ascii	"unsigned int\000"
 597      676E6564 
 597      20696E74 
 597      00
 598              	.LASF7:
 599 017d 6C6F6E67 		.ascii	"long long unsigned int\000"
 599      206C6F6E 
 599      6720756E 
 599      7369676E 
 599      65642069 
 600              	.LASF10:
 601 0194 75696E74 		.ascii	"uint8_t\000"
 601      385F7400 
 602              	.LASF15:
 603 019c 63795F6D 		.ascii	"cy_meta_flashprotect\000"
 603      6574615F 
 603      666C6173 
 603      6870726F 
 603      74656374 
 604              	.LASF14:
 605 01b1 63795F6D 		.ascii	"cy_meta_wonvl\000"
 605      6574615F 
 605      776F6E76 
 605      6C00
 606              	.LASF11:
 607 01bf 73697A65 		.ascii	"sizetype\000"
 607      74797065 
 607      00
 608              	.LASF6:
 609 01c8 6C6F6E67 		.ascii	"long long int\000"
 609      206C6F6E 
 609      6720696E 
 609      7400
 610              	.LASF2:
ARM GAS  C:\Users\Anton\AppData\Local\Temp\ccW4GILn.s 			page 13


 611 01d6 73686F72 		.ascii	"short int\000"
 611      7420696E 
 611      7400
 612              	.LASF4:
 613 01e0 6C6F6E67 		.ascii	"long int\000"
 613      20696E74 
 613      00
 614              	.LASF0:
 615 01e9 7369676E 		.ascii	"signed char\000"
 615      65642063 
 615      68617200 
 616              	.LASF18:
 617 01f5 47656E65 		.ascii	"Generated_Source\\PSoC5\\cymetadata.c\000"
 617      72617465 
 617      645F536F 
 617      75726365 
 617      5C50536F 
 618              		.ident	"GCC: (GNU Tools for ARM Embedded Processors) 5.4.1 20160609 (release) [ARM/embedded-5-bran
