ARM GAS  C:\Users\Anton\AppData\Local\Temp\ccXL6Er3.s 			page 1


   1              		.syntax unified
   2              		.cpu cortex-m3
   3              		.fpu softvfp
   4              		.eabi_attribute 20, 1
   5              		.eabi_attribute 21, 1
   6              		.eabi_attribute 23, 3
   7              		.eabi_attribute 24, 1
   8              		.eabi_attribute 25, 1
   9              		.eabi_attribute 26, 1
  10              		.eabi_attribute 30, 1
  11              		.eabi_attribute 34, 1
  12              		.eabi_attribute 18, 4
  13              		.thumb
  14              		.syntax unified
  15              		.file	"main.c"
  16              		.text
  17              	.Ltext0:
  18              		.cfi_sections	.debug_frame
  19              		.section	.text.main,"ax",%progbits
  20              		.align	2
  21              		.global	main
  22              		.thumb
  23              		.thumb_func
  24              		.type	main, %function
  25              	main:
  26              	.LFB64:
  27              		.file 1 "main.c"
   1:main.c        **** /* ========================================
   2:main.c        ****  *
   3:main.c        ****  * Copyright YOUR COMPANY, THE YEAR
   4:main.c        ****  * All Rights Reserved
   5:main.c        ****  * UNPUBLISHED, LICENSED SOFTWARE.
   6:main.c        ****  *
   7:main.c        ****  * CONFIDENTIAL AND PROPRIETARY INFORMATION
   8:main.c        ****  * WHICH IS THE PROPERTY OF your company.
   9:main.c        ****  *
  10:main.c        ****  * ========================================
  11:main.c        **** */
  12:main.c        **** #include "project.h"
  13:main.c        **** #include <stdio.h>
  14:main.c        **** 
  15:main.c        **** #define BNO_ADDR 0x4A
  16:main.c        **** #define PACKET_MAX 128
  17:main.c        **** 
  18:main.c        **** uint8 buffer[PACKET_MAX];
  19:main.c        **** 
  20:main.c        **** int main(void)
  21:main.c        **** {
  28              		.loc 1 21 0
  29              		.cfi_startproc
  30              		@ args = 0, pretend = 0, frame = 8
  31              		@ frame_needed = 0, uses_anonymous_args = 0
  32 0000 00B5     		push	{lr}
  33              		.cfi_def_cfa_offset 4
  34              		.cfi_offset 14, -4
  35 0002 83B0     		sub	sp, sp, #12
  36              		.cfi_def_cfa_offset 16
ARM GAS  C:\Users\Anton\AppData\Local\Temp\ccXL6Er3.s 			page 2


  22:main.c        ****     CyGlobalIntEnable;
  37              		.loc 1 22 0
  38              		.syntax unified
  39              	@ 22 "main.c" 1
  40 0004 62B6     		CPSIE   i
  41              	@ 0 "" 2
  23:main.c        **** 
  24:main.c        ****     I2C_1_Start();
  42              		.loc 1 24 0
  43              		.thumb
  44              		.syntax unified
  45 0006 FFF7FEFF 		bl	I2C_1_Start
  46              	.LVL0:
  25:main.c        ****     
  26:main.c        ****     USBUART_Start(0, USBUART_5V_OPERATION); // see datasheet
  47              		.loc 1 26 0
  48 000a 0121     		movs	r1, #1
  49 000c 0020     		movs	r0, #0
  50 000e FFF7FEFF 		bl	USBUART_Start
  51              	.LVL1:
  52              	.L2:
  27:main.c        ****     while(0u == USBUART_GetConfiguration()){}  // see datasheet:
  53              		.loc 1 27 0 discriminator 1
  54 0012 FFF7FEFF 		bl	USBUART_GetConfiguration
  55              	.LVL2:
  56 0016 0028     		cmp	r0, #0
  57 0018 FBD0     		beq	.L2
  28:main.c        ****     
  29:main.c        ****     CyDelay(100);
  58              		.loc 1 29 0
  59 001a 6420     		movs	r0, #100
  60 001c FFF7FEFF 		bl	CyDelay
  61              	.LVL3:
  62              	.L3:
  63              	.LBB2:
  30:main.c        ****     
  31:main.c        ****     for(;;)
  32:main.c        ****     {
  33:main.c        ****         uint8 header[4];
  34:main.c        ****         
  35:main.c        ****         if(I2C_1_MasterReadBuf(BNO_ADDR, header, 4, I2C_1_MODE_COMPLETE_XFER) == I2C_1_MSTR_NO_ERRO
  64              		.loc 1 35 0
  65 0020 0023     		movs	r3, #0
  66 0022 0422     		movs	r2, #4
  67 0024 0DEB0201 		add	r1, sp, r2
  68 0028 4A20     		movs	r0, #74
  69 002a FFF7FEFF 		bl	I2C_1_MasterReadBuf
  70              	.LVL4:
  71 002e 00BB     		cbnz	r0, .L4
  72              	.L5:
  73              	.LBB3:
  36:main.c        ****         {
  37:main.c        ****             while((I2C_1_MasterStatus() & I2C_1_MSTAT_RD_CMPLT) == 0);
  74              		.loc 1 37 0 discriminator 1
  75 0030 FFF7FEFF 		bl	I2C_1_MasterStatus
  76              	.LVL5:
  77 0034 10F0010F 		tst	r0, #1
ARM GAS  C:\Users\Anton\AppData\Local\Temp\ccXL6Er3.s 			page 3


  78 0038 FAD0     		beq	.L5
  38:main.c        **** 
  39:main.c        ****             uint16 length = header[0] | (header[1] << 8);
  79              		.loc 1 39 0
  80 003a 9DF80430 		ldrb	r3, [sp, #4]	@ zero_extendqisi2
  81 003e 9DF80520 		ldrb	r2, [sp, #5]	@ zero_extendqisi2
  82 0042 43EA0223 		orr	r3, r3, r2, lsl #8
  83              	.LVL6:
  40:main.c        ****             length &= 0x7FFF; // fjern continuation bit
  84              		.loc 1 40 0
  85 0046 C3F30E03 		ubfx	r3, r3, #0, #15
  86              	.LVL7:
  41:main.c        **** 
  42:main.c        ****             uint8 channel = header[2];
  43:main.c        ****             uint8 seq = header[3];
  44:main.c        **** 
  45:main.c        ****             if(length > PACKET_MAX) continue;
  87              		.loc 1 45 0
  88 004a 802B     		cmp	r3, #128
  89 004c E8D8     		bhi	.L3
  46:main.c        **** 
  47:main.c        ****             uint16 payload_len = length - 4;
  90              		.loc 1 47 0
  91 004e 043B     		subs	r3, r3, #4
  92              	.LVL8:
  93 0050 9AB2     		uxth	r2, r3
  94              	.LVL9:
  48:main.c        **** 
  49:main.c        ****             // læs payload
  50:main.c        ****             if(payload_len > 0)
  95              		.loc 1 50 0
  96 0052 002A     		cmp	r2, #0
  97 0054 E4D0     		beq	.L3
  51:main.c        ****             {
  52:main.c        ****                 if(I2C_1_MasterReadBuf(BNO_ADDR, buffer, payload_len, I2C_1_MODE_COMPLETE_XFER) == 
  98              		.loc 1 52 0
  99 0056 0023     		movs	r3, #0
 100              	.LVL10:
 101 0058 D2B2     		uxtb	r2, r2
 102              	.LVL11:
 103 005a 0949     		ldr	r1, .L11
 104 005c 4A20     		movs	r0, #74
 105 005e FFF7FEFF 		bl	I2C_1_MasterReadBuf
 106              	.LVL12:
 107 0062 0028     		cmp	r0, #0
 108 0064 DCD1     		bne	.L3
 109              	.L9:
  53:main.c        ****                 {
  54:main.c        ****                     while((I2C_1_MasterStatus() & I2C_1_MSTAT_RD_CMPLT) == 0);
 110              		.loc 1 54 0 discriminator 1
 111 0066 FFF7FEFF 		bl	I2C_1_MasterStatus
 112              	.LVL13:
 113 006a 10F0010F 		tst	r0, #1
 114 006e FAD0     		beq	.L9
 115 0070 D6E7     		b	.L3
 116              	.L4:
 117              	.LBE3:
ARM GAS  C:\Users\Anton\AppData\Local\Temp\ccXL6Er3.s 			page 4


  55:main.c        ****                 }
  56:main.c        ****             }
  57:main.c        ****         }
  58:main.c        ****         else
  59:main.c        ****         {
  60:main.c        ****             CyDelay(100);
 118              		.loc 1 60 0
 119 0072 6420     		movs	r0, #100
 120 0074 FFF7FEFF 		bl	CyDelay
 121              	.LVL14:
  61:main.c        ****             USBUART_PutString("Ingenting\r\n");
 122              		.loc 1 61 0
 123 0078 0248     		ldr	r0, .L11+4
 124 007a FFF7FEFF 		bl	USBUART_PutString
 125              	.LVL15:
 126 007e CFE7     		b	.L3
 127              	.L12:
 128              		.align	2
 129              	.L11:
 130 0080 00000000 		.word	buffer
 131 0084 00000000 		.word	.LC0
 132              	.LBE2:
 133              		.cfi_endproc
 134              	.LFE64:
 135              		.size	main, .-main
 136              		.comm	buffer,128,4
 137              		.section	.rodata.str1.4,"aMS",%progbits,1
 138              		.align	2
 139              	.LC0:
 140 0000 496E6765 		.ascii	"Ingenting\015\012\000"
 140      6E74696E 
 140      670D0A00 
 141              		.text
 142              	.Letext0:
 143              		.file 2 "c:\\program files (x86)\\cypress\\psoc creator\\4.4\\psoc creator\\import\\gnu\\arm\\5.4.
 144              		.file 3 "c:\\program files (x86)\\cypress\\psoc creator\\4.4\\psoc creator\\import\\gnu\\arm\\5.4.
 145              		.file 4 "Generated_Source\\PSoC5/cytypes.h"
 146              		.file 5 "Generated_Source\\PSoC5/core_cm3.h"
 147              		.file 6 "Generated_Source\\PSoC5/I2C_1.h"
 148              		.file 7 "Generated_Source\\PSoC5/CyLib.h"
 149              		.file 8 "Generated_Source\\PSoC5/USBUART_cdc.h"
 150              		.file 9 "Generated_Source\\PSoC5/USBUART.h"
 151              		.section	.debug_info,"",%progbits
 152              	.Ldebug_info0:
 153 0000 83020000 		.4byte	0x283
 154 0004 0400     		.2byte	0x4
 155 0006 00000000 		.4byte	.Ldebug_abbrev0
 156 000a 04       		.byte	0x4
 157 000b 01       		.uleb128 0x1
 158 000c 6A000000 		.4byte	.LASF31
 159 0010 0C       		.byte	0xc
 160 0011 A2010000 		.4byte	.LASF32
 161 0015 CB010000 		.4byte	.LASF33
 162 0019 00000000 		.4byte	.Ldebug_ranges0+0
 163 001d 00000000 		.4byte	0
 164 0021 00000000 		.4byte	.Ldebug_line0
 165 0025 02       		.uleb128 0x2
ARM GAS  C:\Users\Anton\AppData\Local\Temp\ccXL6Er3.s 			page 5


 166 0026 01       		.byte	0x1
 167 0027 06       		.byte	0x6
 168 0028 6A020000 		.4byte	.LASF0
 169 002c 02       		.uleb128 0x2
 170 002d 01       		.byte	0x1
 171 002e 08       		.byte	0x8
 172 002f 5C000000 		.4byte	.LASF1
 173 0033 02       		.uleb128 0x2
 174 0034 02       		.byte	0x2
 175 0035 05       		.byte	0x5
 176 0036 BA010000 		.4byte	.LASF2
 177 003a 02       		.uleb128 0x2
 178 003b 02       		.byte	0x2
 179 003c 07       		.byte	0x7
 180 003d 0A010000 		.4byte	.LASF3
 181 0041 03       		.uleb128 0x3
 182 0042 0F000000 		.4byte	.LASF9
 183 0046 02       		.byte	0x2
 184 0047 3F       		.byte	0x3f
 185 0048 4C000000 		.4byte	0x4c
 186 004c 02       		.uleb128 0x2
 187 004d 04       		.byte	0x4
 188 004e 05       		.byte	0x5
 189 004f 42020000 		.4byte	.LASF4
 190 0053 02       		.uleb128 0x2
 191 0054 04       		.byte	0x4
 192 0055 07       		.byte	0x7
 193 0056 F8000000 		.4byte	.LASF5
 194 005a 02       		.uleb128 0x2
 195 005b 08       		.byte	0x8
 196 005c 05       		.byte	0x5
 197 005d 94010000 		.4byte	.LASF6
 198 0061 02       		.uleb128 0x2
 199 0062 08       		.byte	0x8
 200 0063 07       		.byte	0x7
 201 0064 6C010000 		.4byte	.LASF7
 202 0068 04       		.uleb128 0x4
 203 0069 04       		.byte	0x4
 204 006a 05       		.byte	0x5
 205 006b 696E7400 		.ascii	"int\000"
 206 006f 02       		.uleb128 0x2
 207 0070 04       		.byte	0x4
 208 0071 07       		.byte	0x7
 209 0072 5F010000 		.4byte	.LASF8
 210 0076 03       		.uleb128 0x3
 211 0077 83010000 		.4byte	.LASF10
 212 007b 03       		.byte	0x3
 213 007c 2C       		.byte	0x2c
 214 007d 41000000 		.4byte	0x41
 215 0081 05       		.uleb128 0x5
 216 0082 2B000000 		.4byte	.LASF11
 217 0086 04       		.byte	0x4
 218 0087 E801     		.2byte	0x1e8
 219 0089 2C000000 		.4byte	0x2c
 220 008d 05       		.uleb128 0x5
 221 008e 4A010000 		.4byte	.LASF12
 222 0092 04       		.byte	0x4
ARM GAS  C:\Users\Anton\AppData\Local\Temp\ccXL6Er3.s 			page 6


 223 0093 E901     		.2byte	0x1e9
 224 0095 3A000000 		.4byte	0x3a
 225 0099 02       		.uleb128 0x2
 226 009a 04       		.byte	0x4
 227 009b 04       		.byte	0x4
 228 009c 4A000000 		.4byte	.LASF13
 229 00a0 02       		.uleb128 0x2
 230 00a1 08       		.byte	0x8
 231 00a2 04       		.byte	0x4
 232 00a3 2A010000 		.4byte	.LASF14
 233 00a7 02       		.uleb128 0x2
 234 00a8 01       		.byte	0x1
 235 00a9 08       		.byte	0x8
 236 00aa A9010000 		.4byte	.LASF15
 237 00ae 02       		.uleb128 0x2
 238 00af 08       		.byte	0x8
 239 00b0 04       		.byte	0x4
 240 00b1 5E020000 		.4byte	.LASF16
 241 00b5 02       		.uleb128 0x2
 242 00b6 04       		.byte	0x4
 243 00b7 07       		.byte	0x7
 244 00b8 8B010000 		.4byte	.LASF17
 245 00bc 06       		.uleb128 0x6
 246 00bd 81000000 		.4byte	0x81
 247 00c1 CC000000 		.4byte	0xcc
 248 00c5 07       		.uleb128 0x7
 249 00c6 B5000000 		.4byte	0xb5
 250 00ca 03       		.byte	0x3
 251 00cb 00       		.byte	0
 252 00cc 08       		.uleb128 0x8
 253 00cd 45010000 		.4byte	.LASF34
 254 00d1 01       		.byte	0x1
 255 00d2 14       		.byte	0x14
 256 00d3 68000000 		.4byte	0x68
 257 00d7 00000000 		.4byte	.LFB64
 258 00db 88000000 		.4byte	.LFE64-.LFB64
 259 00df 01       		.uleb128 0x1
 260 00e0 9C       		.byte	0x9c
 261 00e1 05020000 		.4byte	0x205
 262 00e5 09       		.uleb128 0x9
 263 00e6 20000000 		.4byte	.LBB2
 264 00ea 68000000 		.4byte	.LBE2-.LBB2
 265 00ee CA010000 		.4byte	0x1ca
 266 00f2 0A       		.uleb128 0xa
 267 00f3 00000000 		.4byte	.LASF18
 268 00f7 01       		.byte	0x1
 269 00f8 21       		.byte	0x21
 270 00f9 BC000000 		.4byte	0xbc
 271 00fd 02       		.uleb128 0x2
 272 00fe 91       		.byte	0x91
 273 00ff 74       		.sleb128 -12
 274 0100 09       		.uleb128 0x9
 275 0101 30000000 		.4byte	.LBB3
 276 0105 42000000 		.4byte	.LBE3-.LBB3
 277 0109 7E010000 		.4byte	0x17e
 278 010d 0B       		.uleb128 0xb
 279 010e 76020000 		.4byte	.LASF19
ARM GAS  C:\Users\Anton\AppData\Local\Temp\ccXL6Er3.s 			page 7


 280 0112 01       		.byte	0x1
 281 0113 27       		.byte	0x27
 282 0114 8D000000 		.4byte	0x8d
 283 0118 00000000 		.4byte	.LLST0
 284 011c 0B       		.uleb128 0xb
 285 011d 07000000 		.4byte	.LASF20
 286 0121 01       		.byte	0x1
 287 0122 2A       		.byte	0x2a
 288 0123 81000000 		.4byte	0x81
 289 0127 42000000 		.4byte	.LLST1
 290 012b 0C       		.uleb128 0xc
 291 012c 73657100 		.ascii	"seq\000"
 292 0130 01       		.byte	0x1
 293 0131 2B       		.byte	0x2b
 294 0132 81000000 		.4byte	0x81
 295 0136 56000000 		.4byte	.LLST2
 296 013a 0B       		.uleb128 0xb
 297 013b 50000000 		.4byte	.LASF21
 298 013f 01       		.byte	0x1
 299 0140 2F       		.byte	0x2f
 300 0141 8D000000 		.4byte	0x8d
 301 0145 6A000000 		.4byte	.LLST3
 302 0149 0D       		.uleb128 0xd
 303 014a 34000000 		.4byte	.LVL5
 304 014e 37020000 		.4byte	0x237
 305 0152 0E       		.uleb128 0xe
 306 0153 62000000 		.4byte	.LVL12
 307 0157 42020000 		.4byte	0x242
 308 015b 74010000 		.4byte	0x174
 309 015f 0F       		.uleb128 0xf
 310 0160 01       		.uleb128 0x1
 311 0161 50       		.byte	0x50
 312 0162 02       		.uleb128 0x2
 313 0163 08       		.byte	0x8
 314 0164 4A       		.byte	0x4a
 315 0165 0F       		.uleb128 0xf
 316 0166 01       		.uleb128 0x1
 317 0167 51       		.byte	0x51
 318 0168 05       		.uleb128 0x5
 319 0169 03       		.byte	0x3
 320 016a 00000000 		.4byte	buffer
 321 016e 0F       		.uleb128 0xf
 322 016f 01       		.uleb128 0x1
 323 0170 53       		.byte	0x53
 324 0171 01       		.uleb128 0x1
 325 0172 30       		.byte	0x30
 326 0173 00       		.byte	0
 327 0174 0D       		.uleb128 0xd
 328 0175 6A000000 		.4byte	.LVL13
 329 0179 37020000 		.4byte	0x237
 330 017d 00       		.byte	0
 331 017e 0E       		.uleb128 0xe
 332 017f 2E000000 		.4byte	.LVL4
 333 0183 42020000 		.4byte	0x242
 334 0187 A2010000 		.4byte	0x1a2
 335 018b 0F       		.uleb128 0xf
 336 018c 01       		.uleb128 0x1
ARM GAS  C:\Users\Anton\AppData\Local\Temp\ccXL6Er3.s 			page 8


 337 018d 50       		.byte	0x50
 338 018e 02       		.uleb128 0x2
 339 018f 08       		.byte	0x8
 340 0190 4A       		.byte	0x4a
 341 0191 0F       		.uleb128 0xf
 342 0192 01       		.uleb128 0x1
 343 0193 51       		.byte	0x51
 344 0194 02       		.uleb128 0x2
 345 0195 91       		.byte	0x91
 346 0196 74       		.sleb128 -12
 347 0197 0F       		.uleb128 0xf
 348 0198 01       		.uleb128 0x1
 349 0199 52       		.byte	0x52
 350 019a 01       		.uleb128 0x1
 351 019b 34       		.byte	0x34
 352 019c 0F       		.uleb128 0xf
 353 019d 01       		.uleb128 0x1
 354 019e 53       		.byte	0x53
 355 019f 01       		.uleb128 0x1
 356 01a0 30       		.byte	0x30
 357 01a1 00       		.byte	0
 358 01a2 0E       		.uleb128 0xe
 359 01a3 78000000 		.4byte	.LVL14
 360 01a7 4D020000 		.4byte	0x24d
 361 01ab B6010000 		.4byte	0x1b6
 362 01af 0F       		.uleb128 0xf
 363 01b0 01       		.uleb128 0x1
 364 01b1 50       		.byte	0x50
 365 01b2 02       		.uleb128 0x2
 366 01b3 08       		.byte	0x8
 367 01b4 64       		.byte	0x64
 368 01b5 00       		.byte	0
 369 01b6 10       		.uleb128 0x10
 370 01b7 7E000000 		.4byte	.LVL15
 371 01bb 58020000 		.4byte	0x258
 372 01bf 0F       		.uleb128 0xf
 373 01c0 01       		.uleb128 0x1
 374 01c1 50       		.byte	0x50
 375 01c2 05       		.uleb128 0x5
 376 01c3 03       		.byte	0x3
 377 01c4 00000000 		.4byte	.LC0
 378 01c8 00       		.byte	0
 379 01c9 00       		.byte	0
 380 01ca 0D       		.uleb128 0xd
 381 01cb 0A000000 		.4byte	.LVL0
 382 01cf 63020000 		.4byte	0x263
 383 01d3 0E       		.uleb128 0xe
 384 01d4 12000000 		.4byte	.LVL1
 385 01d8 6E020000 		.4byte	0x26e
 386 01dc EB010000 		.4byte	0x1eb
 387 01e0 0F       		.uleb128 0xf
 388 01e1 01       		.uleb128 0x1
 389 01e2 50       		.byte	0x50
 390 01e3 01       		.uleb128 0x1
 391 01e4 30       		.byte	0x30
 392 01e5 0F       		.uleb128 0xf
 393 01e6 01       		.uleb128 0x1
ARM GAS  C:\Users\Anton\AppData\Local\Temp\ccXL6Er3.s 			page 9


 394 01e7 51       		.byte	0x51
 395 01e8 01       		.uleb128 0x1
 396 01e9 31       		.byte	0x31
 397 01ea 00       		.byte	0
 398 01eb 0D       		.uleb128 0xd
 399 01ec 16000000 		.4byte	.LVL2
 400 01f0 7A020000 		.4byte	0x27a
 401 01f4 10       		.uleb128 0x10
 402 01f5 20000000 		.4byte	.LVL3
 403 01f9 4D020000 		.4byte	0x24d
 404 01fd 0F       		.uleb128 0xf
 405 01fe 01       		.uleb128 0x1
 406 01ff 50       		.byte	0x50
 407 0200 02       		.uleb128 0x2
 408 0201 08       		.byte	0x8
 409 0202 64       		.byte	0x64
 410 0203 00       		.byte	0
 411 0204 00       		.byte	0
 412 0205 11       		.uleb128 0x11
 413 0206 1D010000 		.4byte	.LASF22
 414 020a 05       		.byte	0x5
 415 020b 1207     		.2byte	0x712
 416 020d 11020000 		.4byte	0x211
 417 0211 12       		.uleb128 0x12
 418 0212 76000000 		.4byte	0x76
 419 0216 06       		.uleb128 0x6
 420 0217 81000000 		.4byte	0x81
 421 021b 26020000 		.4byte	0x226
 422 021f 07       		.uleb128 0x7
 423 0220 B5000000 		.4byte	0xb5
 424 0224 7F       		.byte	0x7f
 425 0225 00       		.byte	0
 426 0226 13       		.uleb128 0x13
 427 0227 C4010000 		.4byte	.LASF23
 428 022b 01       		.byte	0x1
 429 022c 12       		.byte	0x12
 430 022d 16020000 		.4byte	0x216
 431 0231 05       		.uleb128 0x5
 432 0232 03       		.byte	0x3
 433 0233 00000000 		.4byte	buffer
 434 0237 14       		.uleb128 0x14
 435 0238 4B020000 		.4byte	.LASF24
 436 023c 4B020000 		.4byte	.LASF24
 437 0240 06       		.byte	0x6
 438 0241 A3       		.byte	0xa3
 439 0242 14       		.uleb128 0x14
 440 0243 31010000 		.4byte	.LASF25
 441 0247 31010000 		.4byte	.LASF25
 442 024b 06       		.byte	0x6
 443 024c A9       		.byte	0xa9
 444 024d 14       		.uleb128 0x14
 445 024e 7D020000 		.4byte	.LASF26
 446 0252 7D020000 		.4byte	.LASF26
 447 0256 07       		.byte	0x7
 448 0257 76       		.byte	0x76
 449 0258 14       		.uleb128 0x14
 450 0259 19000000 		.4byte	.LASF27
ARM GAS  C:\Users\Anton\AppData\Local\Temp\ccXL6Er3.s 			page 10


 451 025d 19000000 		.4byte	.LASF27
 452 0261 08       		.byte	0x8
 453 0262 24       		.byte	0x24
 454 0263 14       		.uleb128 0x14
 455 0264 AE010000 		.4byte	.LASF28
 456 0268 AE010000 		.4byte	.LASF28
 457 026c 06       		.byte	0x6
 458 026d 93       		.byte	0x93
 459 026e 15       		.uleb128 0x15
 460 026f 51010000 		.4byte	.LASF29
 461 0273 51010000 		.4byte	.LASF29
 462 0277 09       		.byte	0x9
 463 0278 2A01     		.2byte	0x12a
 464 027a 15       		.uleb128 0x15
 465 027b 31000000 		.4byte	.LASF30
 466 027f 31000000 		.4byte	.LASF30
 467 0283 09       		.byte	0x9
 468 0284 2D01     		.2byte	0x12d
 469 0286 00       		.byte	0
 470              		.section	.debug_abbrev,"",%progbits
 471              	.Ldebug_abbrev0:
 472 0000 01       		.uleb128 0x1
 473 0001 11       		.uleb128 0x11
 474 0002 01       		.byte	0x1
 475 0003 25       		.uleb128 0x25
 476 0004 0E       		.uleb128 0xe
 477 0005 13       		.uleb128 0x13
 478 0006 0B       		.uleb128 0xb
 479 0007 03       		.uleb128 0x3
 480 0008 0E       		.uleb128 0xe
 481 0009 1B       		.uleb128 0x1b
 482 000a 0E       		.uleb128 0xe
 483 000b 55       		.uleb128 0x55
 484 000c 17       		.uleb128 0x17
 485 000d 11       		.uleb128 0x11
 486 000e 01       		.uleb128 0x1
 487 000f 10       		.uleb128 0x10
 488 0010 17       		.uleb128 0x17
 489 0011 00       		.byte	0
 490 0012 00       		.byte	0
 491 0013 02       		.uleb128 0x2
 492 0014 24       		.uleb128 0x24
 493 0015 00       		.byte	0
 494 0016 0B       		.uleb128 0xb
 495 0017 0B       		.uleb128 0xb
 496 0018 3E       		.uleb128 0x3e
 497 0019 0B       		.uleb128 0xb
 498 001a 03       		.uleb128 0x3
 499 001b 0E       		.uleb128 0xe
 500 001c 00       		.byte	0
 501 001d 00       		.byte	0
 502 001e 03       		.uleb128 0x3
 503 001f 16       		.uleb128 0x16
 504 0020 00       		.byte	0
 505 0021 03       		.uleb128 0x3
 506 0022 0E       		.uleb128 0xe
 507 0023 3A       		.uleb128 0x3a
ARM GAS  C:\Users\Anton\AppData\Local\Temp\ccXL6Er3.s 			page 11


 508 0024 0B       		.uleb128 0xb
 509 0025 3B       		.uleb128 0x3b
 510 0026 0B       		.uleb128 0xb
 511 0027 49       		.uleb128 0x49
 512 0028 13       		.uleb128 0x13
 513 0029 00       		.byte	0
 514 002a 00       		.byte	0
 515 002b 04       		.uleb128 0x4
 516 002c 24       		.uleb128 0x24
 517 002d 00       		.byte	0
 518 002e 0B       		.uleb128 0xb
 519 002f 0B       		.uleb128 0xb
 520 0030 3E       		.uleb128 0x3e
 521 0031 0B       		.uleb128 0xb
 522 0032 03       		.uleb128 0x3
 523 0033 08       		.uleb128 0x8
 524 0034 00       		.byte	0
 525 0035 00       		.byte	0
 526 0036 05       		.uleb128 0x5
 527 0037 16       		.uleb128 0x16
 528 0038 00       		.byte	0
 529 0039 03       		.uleb128 0x3
 530 003a 0E       		.uleb128 0xe
 531 003b 3A       		.uleb128 0x3a
 532 003c 0B       		.uleb128 0xb
 533 003d 3B       		.uleb128 0x3b
 534 003e 05       		.uleb128 0x5
 535 003f 49       		.uleb128 0x49
 536 0040 13       		.uleb128 0x13
 537 0041 00       		.byte	0
 538 0042 00       		.byte	0
 539 0043 06       		.uleb128 0x6
 540 0044 01       		.uleb128 0x1
 541 0045 01       		.byte	0x1
 542 0046 49       		.uleb128 0x49
 543 0047 13       		.uleb128 0x13
 544 0048 01       		.uleb128 0x1
 545 0049 13       		.uleb128 0x13
 546 004a 00       		.byte	0
 547 004b 00       		.byte	0
 548 004c 07       		.uleb128 0x7
 549 004d 21       		.uleb128 0x21
 550 004e 00       		.byte	0
 551 004f 49       		.uleb128 0x49
 552 0050 13       		.uleb128 0x13
 553 0051 2F       		.uleb128 0x2f
 554 0052 0B       		.uleb128 0xb
 555 0053 00       		.byte	0
 556 0054 00       		.byte	0
 557 0055 08       		.uleb128 0x8
 558 0056 2E       		.uleb128 0x2e
 559 0057 01       		.byte	0x1
 560 0058 3F       		.uleb128 0x3f
 561 0059 19       		.uleb128 0x19
 562 005a 03       		.uleb128 0x3
 563 005b 0E       		.uleb128 0xe
 564 005c 3A       		.uleb128 0x3a
ARM GAS  C:\Users\Anton\AppData\Local\Temp\ccXL6Er3.s 			page 12


 565 005d 0B       		.uleb128 0xb
 566 005e 3B       		.uleb128 0x3b
 567 005f 0B       		.uleb128 0xb
 568 0060 27       		.uleb128 0x27
 569 0061 19       		.uleb128 0x19
 570 0062 49       		.uleb128 0x49
 571 0063 13       		.uleb128 0x13
 572 0064 8701     		.uleb128 0x87
 573 0066 19       		.uleb128 0x19
 574 0067 11       		.uleb128 0x11
 575 0068 01       		.uleb128 0x1
 576 0069 12       		.uleb128 0x12
 577 006a 06       		.uleb128 0x6
 578 006b 40       		.uleb128 0x40
 579 006c 18       		.uleb128 0x18
 580 006d 9742     		.uleb128 0x2117
 581 006f 19       		.uleb128 0x19
 582 0070 01       		.uleb128 0x1
 583 0071 13       		.uleb128 0x13
 584 0072 00       		.byte	0
 585 0073 00       		.byte	0
 586 0074 09       		.uleb128 0x9
 587 0075 0B       		.uleb128 0xb
 588 0076 01       		.byte	0x1
 589 0077 11       		.uleb128 0x11
 590 0078 01       		.uleb128 0x1
 591 0079 12       		.uleb128 0x12
 592 007a 06       		.uleb128 0x6
 593 007b 01       		.uleb128 0x1
 594 007c 13       		.uleb128 0x13
 595 007d 00       		.byte	0
 596 007e 00       		.byte	0
 597 007f 0A       		.uleb128 0xa
 598 0080 34       		.uleb128 0x34
 599 0081 00       		.byte	0
 600 0082 03       		.uleb128 0x3
 601 0083 0E       		.uleb128 0xe
 602 0084 3A       		.uleb128 0x3a
 603 0085 0B       		.uleb128 0xb
 604 0086 3B       		.uleb128 0x3b
 605 0087 0B       		.uleb128 0xb
 606 0088 49       		.uleb128 0x49
 607 0089 13       		.uleb128 0x13
 608 008a 02       		.uleb128 0x2
 609 008b 18       		.uleb128 0x18
 610 008c 00       		.byte	0
 611 008d 00       		.byte	0
 612 008e 0B       		.uleb128 0xb
 613 008f 34       		.uleb128 0x34
 614 0090 00       		.byte	0
 615 0091 03       		.uleb128 0x3
 616 0092 0E       		.uleb128 0xe
 617 0093 3A       		.uleb128 0x3a
 618 0094 0B       		.uleb128 0xb
 619 0095 3B       		.uleb128 0x3b
 620 0096 0B       		.uleb128 0xb
 621 0097 49       		.uleb128 0x49
ARM GAS  C:\Users\Anton\AppData\Local\Temp\ccXL6Er3.s 			page 13


 622 0098 13       		.uleb128 0x13
 623 0099 02       		.uleb128 0x2
 624 009a 17       		.uleb128 0x17
 625 009b 00       		.byte	0
 626 009c 00       		.byte	0
 627 009d 0C       		.uleb128 0xc
 628 009e 34       		.uleb128 0x34
 629 009f 00       		.byte	0
 630 00a0 03       		.uleb128 0x3
 631 00a1 08       		.uleb128 0x8
 632 00a2 3A       		.uleb128 0x3a
 633 00a3 0B       		.uleb128 0xb
 634 00a4 3B       		.uleb128 0x3b
 635 00a5 0B       		.uleb128 0xb
 636 00a6 49       		.uleb128 0x49
 637 00a7 13       		.uleb128 0x13
 638 00a8 02       		.uleb128 0x2
 639 00a9 17       		.uleb128 0x17
 640 00aa 00       		.byte	0
 641 00ab 00       		.byte	0
 642 00ac 0D       		.uleb128 0xd
 643 00ad 898201   		.uleb128 0x4109
 644 00b0 00       		.byte	0
 645 00b1 11       		.uleb128 0x11
 646 00b2 01       		.uleb128 0x1
 647 00b3 31       		.uleb128 0x31
 648 00b4 13       		.uleb128 0x13
 649 00b5 00       		.byte	0
 650 00b6 00       		.byte	0
 651 00b7 0E       		.uleb128 0xe
 652 00b8 898201   		.uleb128 0x4109
 653 00bb 01       		.byte	0x1
 654 00bc 11       		.uleb128 0x11
 655 00bd 01       		.uleb128 0x1
 656 00be 31       		.uleb128 0x31
 657 00bf 13       		.uleb128 0x13
 658 00c0 01       		.uleb128 0x1
 659 00c1 13       		.uleb128 0x13
 660 00c2 00       		.byte	0
 661 00c3 00       		.byte	0
 662 00c4 0F       		.uleb128 0xf
 663 00c5 8A8201   		.uleb128 0x410a
 664 00c8 00       		.byte	0
 665 00c9 02       		.uleb128 0x2
 666 00ca 18       		.uleb128 0x18
 667 00cb 9142     		.uleb128 0x2111
 668 00cd 18       		.uleb128 0x18
 669 00ce 00       		.byte	0
 670 00cf 00       		.byte	0
 671 00d0 10       		.uleb128 0x10
 672 00d1 898201   		.uleb128 0x4109
 673 00d4 01       		.byte	0x1
 674 00d5 11       		.uleb128 0x11
 675 00d6 01       		.uleb128 0x1
 676 00d7 31       		.uleb128 0x31
 677 00d8 13       		.uleb128 0x13
 678 00d9 00       		.byte	0
ARM GAS  C:\Users\Anton\AppData\Local\Temp\ccXL6Er3.s 			page 14


 679 00da 00       		.byte	0
 680 00db 11       		.uleb128 0x11
 681 00dc 34       		.uleb128 0x34
 682 00dd 00       		.byte	0
 683 00de 03       		.uleb128 0x3
 684 00df 0E       		.uleb128 0xe
 685 00e0 3A       		.uleb128 0x3a
 686 00e1 0B       		.uleb128 0xb
 687 00e2 3B       		.uleb128 0x3b
 688 00e3 05       		.uleb128 0x5
 689 00e4 49       		.uleb128 0x49
 690 00e5 13       		.uleb128 0x13
 691 00e6 3F       		.uleb128 0x3f
 692 00e7 19       		.uleb128 0x19
 693 00e8 3C       		.uleb128 0x3c
 694 00e9 19       		.uleb128 0x19
 695 00ea 00       		.byte	0
 696 00eb 00       		.byte	0
 697 00ec 12       		.uleb128 0x12
 698 00ed 35       		.uleb128 0x35
 699 00ee 00       		.byte	0
 700 00ef 49       		.uleb128 0x49
 701 00f0 13       		.uleb128 0x13
 702 00f1 00       		.byte	0
 703 00f2 00       		.byte	0
 704 00f3 13       		.uleb128 0x13
 705 00f4 34       		.uleb128 0x34
 706 00f5 00       		.byte	0
 707 00f6 03       		.uleb128 0x3
 708 00f7 0E       		.uleb128 0xe
 709 00f8 3A       		.uleb128 0x3a
 710 00f9 0B       		.uleb128 0xb
 711 00fa 3B       		.uleb128 0x3b
 712 00fb 0B       		.uleb128 0xb
 713 00fc 49       		.uleb128 0x49
 714 00fd 13       		.uleb128 0x13
 715 00fe 3F       		.uleb128 0x3f
 716 00ff 19       		.uleb128 0x19
 717 0100 02       		.uleb128 0x2
 718 0101 18       		.uleb128 0x18
 719 0102 00       		.byte	0
 720 0103 00       		.byte	0
 721 0104 14       		.uleb128 0x14
 722 0105 2E       		.uleb128 0x2e
 723 0106 00       		.byte	0
 724 0107 3F       		.uleb128 0x3f
 725 0108 19       		.uleb128 0x19
 726 0109 3C       		.uleb128 0x3c
 727 010a 19       		.uleb128 0x19
 728 010b 6E       		.uleb128 0x6e
 729 010c 0E       		.uleb128 0xe
 730 010d 03       		.uleb128 0x3
 731 010e 0E       		.uleb128 0xe
 732 010f 3A       		.uleb128 0x3a
 733 0110 0B       		.uleb128 0xb
 734 0111 3B       		.uleb128 0x3b
 735 0112 0B       		.uleb128 0xb
ARM GAS  C:\Users\Anton\AppData\Local\Temp\ccXL6Er3.s 			page 15


 736 0113 00       		.byte	0
 737 0114 00       		.byte	0
 738 0115 15       		.uleb128 0x15
 739 0116 2E       		.uleb128 0x2e
 740 0117 00       		.byte	0
 741 0118 3F       		.uleb128 0x3f
 742 0119 19       		.uleb128 0x19
 743 011a 3C       		.uleb128 0x3c
 744 011b 19       		.uleb128 0x19
 745 011c 6E       		.uleb128 0x6e
 746 011d 0E       		.uleb128 0xe
 747 011e 03       		.uleb128 0x3
 748 011f 0E       		.uleb128 0xe
 749 0120 3A       		.uleb128 0x3a
 750 0121 0B       		.uleb128 0xb
 751 0122 3B       		.uleb128 0x3b
 752 0123 05       		.uleb128 0x5
 753 0124 00       		.byte	0
 754 0125 00       		.byte	0
 755 0126 00       		.byte	0
 756              		.section	.debug_loc,"",%progbits
 757              	.Ldebug_loc0:
 758              	.LLST0:
 759 0000 46000000 		.4byte	.LVL6
 760 0004 50000000 		.4byte	.LVL8
 761 0008 0100     		.2byte	0x1
 762 000a 53       		.byte	0x53
 763 000b 50000000 		.4byte	.LVL8
 764 000f 58000000 		.4byte	.LVL10
 765 0013 0300     		.2byte	0x3
 766 0015 73       		.byte	0x73
 767 0016 04       		.sleb128 4
 768 0017 9F       		.byte	0x9f
 769 0018 58000000 		.4byte	.LVL10
 770 001c 61000000 		.4byte	.LVL12-1
 771 0020 1800     		.2byte	0x18
 772 0022 91       		.byte	0x91
 773 0023 75       		.sleb128 -11
 774 0024 94       		.byte	0x94
 775 0025 01       		.byte	0x1
 776 0026 08       		.byte	0x8
 777 0027 FF       		.byte	0xff
 778 0028 1A       		.byte	0x1a
 779 0029 38       		.byte	0x38
 780 002a 24       		.byte	0x24
 781 002b 91       		.byte	0x91
 782 002c 74       		.sleb128 -12
 783 002d 94       		.byte	0x94
 784 002e 01       		.byte	0x1
 785 002f 08       		.byte	0x8
 786 0030 FF       		.byte	0xff
 787 0031 1A       		.byte	0x1a
 788 0032 21       		.byte	0x21
 789 0033 09       		.byte	0x9
 790 0034 F5       		.byte	0xf5
 791 0035 24       		.byte	0x24
 792 0036 09       		.byte	0x9
ARM GAS  C:\Users\Anton\AppData\Local\Temp\ccXL6Er3.s 			page 16


 793 0037 F5       		.byte	0xf5
 794 0038 25       		.byte	0x25
 795 0039 9F       		.byte	0x9f
 796 003a 00000000 		.4byte	0
 797 003e 00000000 		.4byte	0
 798              	.LLST1:
 799 0042 4A000000 		.4byte	.LVL7
 800 0046 61000000 		.4byte	.LVL12-1
 801 004a 0200     		.2byte	0x2
 802 004c 91       		.byte	0x91
 803 004d 76       		.sleb128 -10
 804 004e 00000000 		.4byte	0
 805 0052 00000000 		.4byte	0
 806              	.LLST2:
 807 0056 4A000000 		.4byte	.LVL7
 808 005a 61000000 		.4byte	.LVL12-1
 809 005e 0200     		.2byte	0x2
 810 0060 91       		.byte	0x91
 811 0061 77       		.sleb128 -9
 812 0062 00000000 		.4byte	0
 813 0066 00000000 		.4byte	0
 814              	.LLST3:
 815 006a 52000000 		.4byte	.LVL9
 816 006e 5A000000 		.4byte	.LVL11
 817 0072 0100     		.2byte	0x1
 818 0074 52       		.byte	0x52
 819 0075 5A000000 		.4byte	.LVL11
 820 0079 61000000 		.4byte	.LVL12-1
 821 007d 1A00     		.2byte	0x1a
 822 007f 91       		.byte	0x91
 823 0080 75       		.sleb128 -11
 824 0081 94       		.byte	0x94
 825 0082 01       		.byte	0x1
 826 0083 08       		.byte	0x8
 827 0084 FF       		.byte	0xff
 828 0085 1A       		.byte	0x1a
 829 0086 38       		.byte	0x38
 830 0087 24       		.byte	0x24
 831 0088 91       		.byte	0x91
 832 0089 74       		.sleb128 -12
 833 008a 94       		.byte	0x94
 834 008b 01       		.byte	0x1
 835 008c 08       		.byte	0x8
 836 008d FF       		.byte	0xff
 837 008e 1A       		.byte	0x1a
 838 008f 21       		.byte	0x21
 839 0090 09       		.byte	0x9
 840 0091 F5       		.byte	0xf5
 841 0092 24       		.byte	0x24
 842 0093 09       		.byte	0x9
 843 0094 F5       		.byte	0xf5
 844 0095 25       		.byte	0x25
 845 0096 34       		.byte	0x34
 846 0097 1C       		.byte	0x1c
 847 0098 9F       		.byte	0x9f
 848 0099 00000000 		.4byte	0
 849 009d 00000000 		.4byte	0
ARM GAS  C:\Users\Anton\AppData\Local\Temp\ccXL6Er3.s 			page 17


 850              		.section	.debug_aranges,"",%progbits
 851 0000 1C000000 		.4byte	0x1c
 852 0004 0200     		.2byte	0x2
 853 0006 00000000 		.4byte	.Ldebug_info0
 854 000a 04       		.byte	0x4
 855 000b 00       		.byte	0
 856 000c 0000     		.2byte	0
 857 000e 0000     		.2byte	0
 858 0010 00000000 		.4byte	.LFB64
 859 0014 88000000 		.4byte	.LFE64-.LFB64
 860 0018 00000000 		.4byte	0
 861 001c 00000000 		.4byte	0
 862              		.section	.debug_ranges,"",%progbits
 863              	.Ldebug_ranges0:
 864 0000 00000000 		.4byte	.LFB64
 865 0004 88000000 		.4byte	.LFE64
 866 0008 00000000 		.4byte	0
 867 000c 00000000 		.4byte	0
 868              		.section	.debug_line,"",%progbits
 869              	.Ldebug_line0:
 870 0000 B1010000 		.section	.debug_str,"MS",%progbits,1
 870      02008001 
 870      00000201 
 870      FB0E0D00 
 870      01010101 
 871              	.LASF18:
 872 0000 68656164 		.ascii	"header\000"
 872      657200
 873              	.LASF20:
 874 0007 6368616E 		.ascii	"channel\000"
 874      6E656C00 
 875              	.LASF9:
 876 000f 5F5F696E 		.ascii	"__int32_t\000"
 876      7433325F 
 876      7400
 877              	.LASF27:
 878 0019 55534255 		.ascii	"USBUART_PutString\000"
 878      4152545F 
 878      50757453 
 878      7472696E 
 878      6700
 879              	.LASF11:
 880 002b 75696E74 		.ascii	"uint8\000"
 880      3800
 881              	.LASF30:
 882 0031 55534255 		.ascii	"USBUART_GetConfiguration\000"
 882      4152545F 
 882      47657443 
 882      6F6E6669 
 882      67757261 
 883              	.LASF13:
 884 004a 666C6F61 		.ascii	"float\000"
 884      7400
 885              	.LASF21:
 886 0050 7061796C 		.ascii	"payload_len\000"
 886      6F61645F 
 886      6C656E00 
ARM GAS  C:\Users\Anton\AppData\Local\Temp\ccXL6Er3.s 			page 18


 887              	.LASF1:
 888 005c 756E7369 		.ascii	"unsigned char\000"
 888      676E6564 
 888      20636861 
 888      7200
 889              	.LASF31:
 890 006a 474E5520 		.ascii	"GNU C11 5.4.1 20160609 (release) [ARM/embedded-5-br"
 890      43313120 
 890      352E342E 
 890      31203230 
 890      31363036 
 891 009d 616E6368 		.ascii	"anch revision 237715] -mcpu=cortex-m3 -mthumb -g -O"
 891      20726576 
 891      6973696F 
 891      6E203233 
 891      37373135 
 892 00d0 67202D66 		.ascii	"g -ffunction-sections -ffat-lto-objects\000"
 892      66756E63 
 892      74696F6E 
 892      2D736563 
 892      74696F6E 
 893              	.LASF5:
 894 00f8 6C6F6E67 		.ascii	"long unsigned int\000"
 894      20756E73 
 894      69676E65 
 894      6420696E 
 894      7400
 895              	.LASF3:
 896 010a 73686F72 		.ascii	"short unsigned int\000"
 896      7420756E 
 896      7369676E 
 896      65642069 
 896      6E7400
 897              	.LASF22:
 898 011d 49544D5F 		.ascii	"ITM_RxBuffer\000"
 898      52784275 
 898      66666572 
 898      00
 899              	.LASF14:
 900 012a 646F7562 		.ascii	"double\000"
 900      6C6500
 901              	.LASF25:
 902 0131 4932435F 		.ascii	"I2C_1_MasterReadBuf\000"
 902      315F4D61 
 902      73746572 
 902      52656164 
 902      42756600 
 903              	.LASF34:
 904 0145 6D61696E 		.ascii	"main\000"
 904      00
 905              	.LASF12:
 906 014a 75696E74 		.ascii	"uint16\000"
 906      313600
 907              	.LASF29:
 908 0151 55534255 		.ascii	"USBUART_Start\000"
 908      4152545F 
 908      53746172 
ARM GAS  C:\Users\Anton\AppData\Local\Temp\ccXL6Er3.s 			page 19


 908      7400
 909              	.LASF8:
 910 015f 756E7369 		.ascii	"unsigned int\000"
 910      676E6564 
 910      20696E74 
 910      00
 911              	.LASF7:
 912 016c 6C6F6E67 		.ascii	"long long unsigned int\000"
 912      206C6F6E 
 912      6720756E 
 912      7369676E 
 912      65642069 
 913              	.LASF10:
 914 0183 696E7433 		.ascii	"int32_t\000"
 914      325F7400 
 915              	.LASF17:
 916 018b 73697A65 		.ascii	"sizetype\000"
 916      74797065 
 916      00
 917              	.LASF6:
 918 0194 6C6F6E67 		.ascii	"long long int\000"
 918      206C6F6E 
 918      6720696E 
 918      7400
 919              	.LASF32:
 920 01a2 6D61696E 		.ascii	"main.c\000"
 920      2E6300
 921              	.LASF15:
 922 01a9 63686172 		.ascii	"char\000"
 922      00
 923              	.LASF28:
 924 01ae 4932435F 		.ascii	"I2C_1_Start\000"
 924      315F5374 
 924      61727400 
 925              	.LASF2:
 926 01ba 73686F72 		.ascii	"short int\000"
 926      7420696E 
 926      7400
 927              	.LASF23:
 928 01c4 62756666 		.ascii	"buffer\000"
 928      657200
 929              	.LASF33:
 930 01cb 433A5C55 		.ascii	"C:\\Users\\Anton\\Documents\\GitHub repository\\Ele"
 930      73657273 
 930      5C416E74 
 930      6F6E5C44 
 930      6F63756D 
 931 01f9 6B74726F 		.ascii	"ktroteknologi-Projekt-1\\Accelerometer kode\\Uart k"
 931      74656B6E 
 931      6F6C6F67 
 931      692D5072 
 931      6F6A656B 
 932 022a 6F64655C 		.ascii	"ode\\Accelerometer.cydsn\000"
 932      41636365 
 932      6C65726F 
 932      6D657465 
 932      722E6379 
ARM GAS  C:\Users\Anton\AppData\Local\Temp\ccXL6Er3.s 			page 20


 933              	.LASF4:
 934 0242 6C6F6E67 		.ascii	"long int\000"
 934      20696E74 
 934      00
 935              	.LASF24:
 936 024b 4932435F 		.ascii	"I2C_1_MasterStatus\000"
 936      315F4D61 
 936      73746572 
 936      53746174 
 936      757300
 937              	.LASF16:
 938 025e 6C6F6E67 		.ascii	"long double\000"
 938      20646F75 
 938      626C6500 
 939              	.LASF0:
 940 026a 7369676E 		.ascii	"signed char\000"
 940      65642063 
 940      68617200 
 941              	.LASF19:
 942 0276 6C656E67 		.ascii	"length\000"
 942      746800
 943              	.LASF26:
 944 027d 43794465 		.ascii	"CyDelay\000"
 944      6C617900 
 945              		.ident	"GCC: (GNU Tools for ARM Embedded Processors) 5.4.1 20160609 (release) [ARM/embedded-5-bran
