ARM GAS  C:\Users\ke\AppData\Local\Temp\ccDfnaE0.s 			page 1


   1              		.syntax unified
   2              		.cpu cortex-m3
   3              		.fpu softvfp
   4              		.eabi_attribute 20, 1
   5              		.eabi_attribute 21, 1
   6              		.eabi_attribute 23, 3
   7              		.eabi_attribute 24, 1
   8              		.eabi_attribute 25, 1
   9              		.eabi_attribute 26, 1
  10              		.eabi_attribute 30, 1
  11              		.eabi_attribute 34, 1
  12              		.eabi_attribute 18, 4
  13              		.thumb
  14              		.syntax unified
  15              		.file	"accel.c"
  16              		.text
  17              	.Ltext0:
  18              		.cfi_sections	.debug_frame
  19              		.section	.text.Accel_Init,"ax",%progbits
  20              		.align	2
  21              		.global	Accel_Init
  22              		.thumb
  23              		.thumb_func
  24              		.type	Accel_Init, %function
  25              	Accel_Init:
  26              	.LFB0:
  27              		.file 1 "accel.c"
   1:accel.c       **** #include "accel.h"
   2:accel.c       **** void Accel_Init(void){}
  28              		.loc 1 2 0
  29              		.cfi_startproc
  30              		@ args = 0, pretend = 0, frame = 0
  31              		@ frame_needed = 0, uses_anonymous_args = 0
  32              		@ link register save eliminated.
  33 0000 7047     		bx	lr
  34              		.cfi_endproc
  35              	.LFE0:
  36              		.size	Accel_Init, .-Accel_Init
  37 0002 00BF     		.section	.text.Accel_MovementDetected,"ax",%progbits
  38              		.align	2
  39              		.global	Accel_MovementDetected
  40              		.thumb
  41              		.thumb_func
  42              		.type	Accel_MovementDetected, %function
  43              	Accel_MovementDetected:
  44              	.LFB1:
   3:accel.c       **** uint8_t Accel_MovementDetected(void){ return 0; }
  45              		.loc 1 3 0
  46              		.cfi_startproc
  47              		@ args = 0, pretend = 0, frame = 0
  48              		@ frame_needed = 0, uses_anonymous_args = 0
  49              		@ link register save eliminated.
  50              		.loc 1 3 0
  51 0000 0020     		movs	r0, #0
  52 0002 7047     		bx	lr
  53              		.cfi_endproc
  54              	.LFE1:
ARM GAS  C:\Users\ke\AppData\Local\Temp\ccDfnaE0.s 			page 2


  55              		.size	Accel_MovementDetected, .-Accel_MovementDetected
  56              		.text
  57              	.Letext0:
  58              		.file 2 "c:\\program files (x86)\\cypress\\psoc creator\\4.4\\psoc creator\\import\\gnu\\arm\\5.4.
  59              		.file 3 "c:\\program files (x86)\\cypress\\psoc creator\\4.4\\psoc creator\\import\\gnu\\arm\\5.4.
  60              		.section	.debug_info,"",%progbits
  61              	.Ldebug_info0:
  62 0000 A4000000 		.4byte	0xa4
  63 0004 0400     		.2byte	0x4
  64 0006 00000000 		.4byte	.Ldebug_abbrev0
  65 000a 04       		.byte	0x4
  66 000b 01       		.uleb128 0x1
  67 000c 76000000 		.4byte	.LASF11
  68 0010 0C       		.byte	0xc
  69 0011 0A000000 		.4byte	.LASF12
  70 0015 1D000000 		.4byte	.LASF13
  71 0019 00000000 		.4byte	.Ldebug_ranges0+0
  72 001d 00000000 		.4byte	0
  73 0021 00000000 		.4byte	.Ldebug_line0
  74 0025 02       		.uleb128 0x2
  75 0026 01       		.byte	0x1
  76 0027 06       		.byte	0x6
  77 0028 9B010000 		.4byte	.LASF0
  78 002c 03       		.uleb128 0x3
  79 002d 00000000 		.4byte	.LASF9
  80 0031 02       		.byte	0x2
  81 0032 1D       		.byte	0x1d
  82 0033 37000000 		.4byte	0x37
  83 0037 02       		.uleb128 0x2
  84 0038 01       		.byte	0x1
  85 0039 08       		.byte	0x8
  86 003a 29010000 		.4byte	.LASF1
  87 003e 02       		.uleb128 0x2
  88 003f 02       		.byte	0x2
  89 0040 05       		.byte	0x5
  90 0041 88010000 		.4byte	.LASF2
  91 0045 02       		.uleb128 0x2
  92 0046 02       		.byte	0x2
  93 0047 07       		.byte	0x7
  94 0048 16010000 		.4byte	.LASF3
  95 004c 02       		.uleb128 0x2
  96 004d 04       		.byte	0x4
  97 004e 05       		.byte	0x5
  98 004f 92010000 		.4byte	.LASF4
  99 0053 02       		.uleb128 0x2
 100 0054 04       		.byte	0x4
 101 0055 07       		.byte	0x7
 102 0056 04010000 		.4byte	.LASF5
 103 005a 02       		.uleb128 0x2
 104 005b 08       		.byte	0x8
 105 005c 05       		.byte	0x5
 106 005d 63010000 		.4byte	.LASF6
 107 0061 02       		.uleb128 0x2
 108 0062 08       		.byte	0x8
 109 0063 07       		.byte	0x7
 110 0064 44010000 		.4byte	.LASF7
 111 0068 04       		.uleb128 0x4
ARM GAS  C:\Users\ke\AppData\Local\Temp\ccDfnaE0.s 			page 3


 112 0069 04       		.byte	0x4
 113 006a 05       		.byte	0x5
 114 006b 696E7400 		.ascii	"int\000"
 115 006f 02       		.uleb128 0x2
 116 0070 04       		.byte	0x4
 117 0071 07       		.byte	0x7
 118 0072 37010000 		.4byte	.LASF8
 119 0076 03       		.uleb128 0x3
 120 0077 5B010000 		.4byte	.LASF10
 121 007b 03       		.byte	0x3
 122 007c 18       		.byte	0x18
 123 007d 2C000000 		.4byte	0x2c
 124 0081 05       		.uleb128 0x5
 125 0082 12000000 		.4byte	.LASF14
 126 0086 01       		.byte	0x1
 127 0087 02       		.byte	0x2
 128 0088 00000000 		.4byte	.LFB0
 129 008c 02000000 		.4byte	.LFE0-.LFB0
 130 0090 01       		.uleb128 0x1
 131 0091 9C       		.byte	0x9c
 132 0092 06       		.uleb128 0x6
 133 0093 71010000 		.4byte	.LASF15
 134 0097 01       		.byte	0x1
 135 0098 03       		.byte	0x3
 136 0099 76000000 		.4byte	0x76
 137 009d 00000000 		.4byte	.LFB1
 138 00a1 04000000 		.4byte	.LFE1-.LFB1
 139 00a5 01       		.uleb128 0x1
 140 00a6 9C       		.byte	0x9c
 141 00a7 00       		.byte	0
 142              		.section	.debug_abbrev,"",%progbits
 143              	.Ldebug_abbrev0:
 144 0000 01       		.uleb128 0x1
 145 0001 11       		.uleb128 0x11
 146 0002 01       		.byte	0x1
 147 0003 25       		.uleb128 0x25
 148 0004 0E       		.uleb128 0xe
 149 0005 13       		.uleb128 0x13
 150 0006 0B       		.uleb128 0xb
 151 0007 03       		.uleb128 0x3
 152 0008 0E       		.uleb128 0xe
 153 0009 1B       		.uleb128 0x1b
 154 000a 0E       		.uleb128 0xe
 155 000b 55       		.uleb128 0x55
 156 000c 17       		.uleb128 0x17
 157 000d 11       		.uleb128 0x11
 158 000e 01       		.uleb128 0x1
 159 000f 10       		.uleb128 0x10
 160 0010 17       		.uleb128 0x17
 161 0011 00       		.byte	0
 162 0012 00       		.byte	0
 163 0013 02       		.uleb128 0x2
 164 0014 24       		.uleb128 0x24
 165 0015 00       		.byte	0
 166 0016 0B       		.uleb128 0xb
 167 0017 0B       		.uleb128 0xb
 168 0018 3E       		.uleb128 0x3e
ARM GAS  C:\Users\ke\AppData\Local\Temp\ccDfnaE0.s 			page 4


 169 0019 0B       		.uleb128 0xb
 170 001a 03       		.uleb128 0x3
 171 001b 0E       		.uleb128 0xe
 172 001c 00       		.byte	0
 173 001d 00       		.byte	0
 174 001e 03       		.uleb128 0x3
 175 001f 16       		.uleb128 0x16
 176 0020 00       		.byte	0
 177 0021 03       		.uleb128 0x3
 178 0022 0E       		.uleb128 0xe
 179 0023 3A       		.uleb128 0x3a
 180 0024 0B       		.uleb128 0xb
 181 0025 3B       		.uleb128 0x3b
 182 0026 0B       		.uleb128 0xb
 183 0027 49       		.uleb128 0x49
 184 0028 13       		.uleb128 0x13
 185 0029 00       		.byte	0
 186 002a 00       		.byte	0
 187 002b 04       		.uleb128 0x4
 188 002c 24       		.uleb128 0x24
 189 002d 00       		.byte	0
 190 002e 0B       		.uleb128 0xb
 191 002f 0B       		.uleb128 0xb
 192 0030 3E       		.uleb128 0x3e
 193 0031 0B       		.uleb128 0xb
 194 0032 03       		.uleb128 0x3
 195 0033 08       		.uleb128 0x8
 196 0034 00       		.byte	0
 197 0035 00       		.byte	0
 198 0036 05       		.uleb128 0x5
 199 0037 2E       		.uleb128 0x2e
 200 0038 00       		.byte	0
 201 0039 3F       		.uleb128 0x3f
 202 003a 19       		.uleb128 0x19
 203 003b 03       		.uleb128 0x3
 204 003c 0E       		.uleb128 0xe
 205 003d 3A       		.uleb128 0x3a
 206 003e 0B       		.uleb128 0xb
 207 003f 3B       		.uleb128 0x3b
 208 0040 0B       		.uleb128 0xb
 209 0041 27       		.uleb128 0x27
 210 0042 19       		.uleb128 0x19
 211 0043 11       		.uleb128 0x11
 212 0044 01       		.uleb128 0x1
 213 0045 12       		.uleb128 0x12
 214 0046 06       		.uleb128 0x6
 215 0047 40       		.uleb128 0x40
 216 0048 18       		.uleb128 0x18
 217 0049 9742     		.uleb128 0x2117
 218 004b 19       		.uleb128 0x19
 219 004c 00       		.byte	0
 220 004d 00       		.byte	0
 221 004e 06       		.uleb128 0x6
 222 004f 2E       		.uleb128 0x2e
 223 0050 00       		.byte	0
 224 0051 3F       		.uleb128 0x3f
 225 0052 19       		.uleb128 0x19
ARM GAS  C:\Users\ke\AppData\Local\Temp\ccDfnaE0.s 			page 5


 226 0053 03       		.uleb128 0x3
 227 0054 0E       		.uleb128 0xe
 228 0055 3A       		.uleb128 0x3a
 229 0056 0B       		.uleb128 0xb
 230 0057 3B       		.uleb128 0x3b
 231 0058 0B       		.uleb128 0xb
 232 0059 27       		.uleb128 0x27
 233 005a 19       		.uleb128 0x19
 234 005b 49       		.uleb128 0x49
 235 005c 13       		.uleb128 0x13
 236 005d 11       		.uleb128 0x11
 237 005e 01       		.uleb128 0x1
 238 005f 12       		.uleb128 0x12
 239 0060 06       		.uleb128 0x6
 240 0061 40       		.uleb128 0x40
 241 0062 18       		.uleb128 0x18
 242 0063 9742     		.uleb128 0x2117
 243 0065 19       		.uleb128 0x19
 244 0066 00       		.byte	0
 245 0067 00       		.byte	0
 246 0068 00       		.byte	0
 247              		.section	.debug_aranges,"",%progbits
 248 0000 24000000 		.4byte	0x24
 249 0004 0200     		.2byte	0x2
 250 0006 00000000 		.4byte	.Ldebug_info0
 251 000a 04       		.byte	0x4
 252 000b 00       		.byte	0
 253 000c 0000     		.2byte	0
 254 000e 0000     		.2byte	0
 255 0010 00000000 		.4byte	.LFB0
 256 0014 02000000 		.4byte	.LFE0-.LFB0
 257 0018 00000000 		.4byte	.LFB1
 258 001c 04000000 		.4byte	.LFE1-.LFB1
 259 0020 00000000 		.4byte	0
 260 0024 00000000 		.4byte	0
 261              		.section	.debug_ranges,"",%progbits
 262              	.Ldebug_ranges0:
 263 0000 00000000 		.4byte	.LFB0
 264 0004 02000000 		.4byte	.LFE0
 265 0008 00000000 		.4byte	.LFB1
 266 000c 04000000 		.4byte	.LFE1
 267 0010 00000000 		.4byte	0
 268 0014 00000000 		.4byte	0
 269              		.section	.debug_line,"",%progbits
 270              	.Ldebug_line0:
 271 0000 3C010000 		.section	.debug_str,"MS",%progbits,1
 271      02001B01 
 271      00000201 
 271      FB0E0D00 
 271      01010101 
 272              	.LASF9:
 273 0000 5F5F7569 		.ascii	"__uint8_t\000"
 273      6E74385F 
 273      7400
 274              	.LASF12:
 275 000a 61636365 		.ascii	"accel.c\000"
 275      6C2E6300 
ARM GAS  C:\Users\ke\AppData\Local\Temp\ccDfnaE0.s 			page 6


 276              	.LASF14:
 277 0012 41636365 		.ascii	"Accel_Init\000"
 277      6C5F496E 
 277      697400
 278              	.LASF13:
 279 001d 433A5C55 		.ascii	"C:\\Users\\ke\\Gitfis\\Elektroteknologi-Projekt-1\\"
 279      73657273 
 279      5C6B655C 
 279      47697466 
 279      69735C45 
 280 004b 55495C64 		.ascii	"UI\\drejeknap - Kopi\\drejeknappelegen.cydsn\000"
 280      72656A65 
 280      6B6E6170 
 280      202D204B 
 280      6F70695C 
 281              	.LASF11:
 282 0076 474E5520 		.ascii	"GNU C11 5.4.1 20160609 (release) [ARM/embedded-5-br"
 282      43313120 
 282      352E342E 
 282      31203230 
 282      31363036 
 283 00a9 616E6368 		.ascii	"anch revision 237715] -mcpu=cortex-m3 -mthumb -g -O"
 283      20726576 
 283      6973696F 
 283      6E203233 
 283      37373135 
 284 00dc 67202D66 		.ascii	"g -ffunction-sections -ffat-lto-objects\000"
 284      66756E63 
 284      74696F6E 
 284      2D736563 
 284      74696F6E 
 285              	.LASF5:
 286 0104 6C6F6E67 		.ascii	"long unsigned int\000"
 286      20756E73 
 286      69676E65 
 286      6420696E 
 286      7400
 287              	.LASF3:
 288 0116 73686F72 		.ascii	"short unsigned int\000"
 288      7420756E 
 288      7369676E 
 288      65642069 
 288      6E7400
 289              	.LASF1:
 290 0129 756E7369 		.ascii	"unsigned char\000"
 290      676E6564 
 290      20636861 
 290      7200
 291              	.LASF8:
 292 0137 756E7369 		.ascii	"unsigned int\000"
 292      676E6564 
 292      20696E74 
 292      00
 293              	.LASF7:
 294 0144 6C6F6E67 		.ascii	"long long unsigned int\000"
 294      206C6F6E 
 294      6720756E 
ARM GAS  C:\Users\ke\AppData\Local\Temp\ccDfnaE0.s 			page 7


 294      7369676E 
 294      65642069 
 295              	.LASF10:
 296 015b 75696E74 		.ascii	"uint8_t\000"
 296      385F7400 
 297              	.LASF6:
 298 0163 6C6F6E67 		.ascii	"long long int\000"
 298      206C6F6E 
 298      6720696E 
 298      7400
 299              	.LASF15:
 300 0171 41636365 		.ascii	"Accel_MovementDetected\000"
 300      6C5F4D6F 
 300      76656D65 
 300      6E744465 
 300      74656374 
 301              	.LASF2:
 302 0188 73686F72 		.ascii	"short int\000"
 302      7420696E 
 302      7400
 303              	.LASF4:
 304 0192 6C6F6E67 		.ascii	"long int\000"
 304      20696E74 
 304      00
 305              	.LASF0:
 306 019b 7369676E 		.ascii	"signed char\000"
 306      65642063 
 306      68617200 
 307              		.ident	"GCC: (GNU Tools for ARM Embedded Processors) 5.4.1 20160609 (release) [ARM/embedded-5-bran
