ARM GAS  C:\Users\ke\AppData\Local\Temp\ccaZul86.s 			page 1


   1              		.syntax unified
   2              		.cpu cortex-m3
   3              		.fpu softvfp
   4              		.eabi_attribute 20, 1
   5              		.eabi_attribute 21, 1
   6              		.eabi_attribute 23, 3
   7              		.eabi_attribute 24, 1
   8              		.eabi_attribute 25, 1
   9              		.eabi_attribute 26, 1
  10              		.eabi_attribute 30, 1
  11              		.eabi_attribute 34, 1
  12              		.eabi_attribute 18, 4
  13              		.thumb
  14              		.syntax unified
  15              		.file	"cymetadata.c"
  16              		.text
  17              	.Ltext0:
  18              		.cfi_sections	.debug_frame
  19              		.global	cy_metadata
  20              		.global	cy_meta_flashprotect
  21              		.global	cy_meta_wonvl
  22              		.global	cy_meta_custnvl
  23              		.global	cy_meta_configecc
  24              		.section	.cyconfigecc,"a",%progbits
  25              		.align	2
  26              		.type	cy_meta_configecc, %object
  27              		.size	cy_meta_configecc, 428
  28              	cy_meta_configecc:
  29 0000 01       		.byte	1
  30 0001 52       		.byte	82
  31 0002 00       		.byte	0
  32 0003 40       		.byte	64
  33 0004 01       		.byte	1
  34 0005 64       		.byte	100
  35 0006 00       		.byte	0
  36 0007 40       		.byte	64
  37 0008 02       		.byte	2
  38 0009 05       		.byte	5
  39 000a 01       		.byte	1
  40 000b 40       		.byte	64
  41 000c 04       		.byte	4
  42 000d 0B       		.byte	11
  43 000e 01       		.byte	1
  44 000f 40       		.byte	64
  45 0010 18       		.byte	24
  46 0011 0C       		.byte	12
  47 0012 01       		.byte	1
  48 0013 40       		.byte	64
  49 0014 14       		.byte	20
  50 0015 0D       		.byte	13
  51 0016 01       		.byte	1
  52 0017 40       		.byte	64
  53 0018 27       		.byte	39
  54 0019 0E       		.byte	14
  55 001a 01       		.byte	1
  56 001b 40       		.byte	64
  57 001c 19       		.byte	25
ARM GAS  C:\Users\ke\AppData\Local\Temp\ccaZul86.s 			page 2


  58 001d 0F       		.byte	15
  59 001e 01       		.byte	1
  60 001f 40       		.byte	64
  61 0020 01       		.byte	1
  62 0021 15       		.byte	21
  63 0022 01       		.byte	1
  64 0023 40       		.byte	64
  65 0024 01       		.byte	1
  66 0025 1B       		.byte	27
  67 0026 01       		.byte	1
  68 0027 40       		.byte	64
  69 0028 03       		.byte	3
  70 0029 40       		.byte	64
  71 002a 01       		.byte	1
  72 002b 40       		.byte	64
  73 002c 03       		.byte	3
  74 002d 41       		.byte	65
  75 002e 01       		.byte	1
  76 002f 40       		.byte	64
  77 0030 05       		.byte	5
  78 0031 42       		.byte	66
  79 0032 01       		.byte	1
  80 0033 40       		.byte	64
  81 0034 01       		.byte	1
  82 0035 43       		.byte	67
  83 0036 01       		.byte	1
  84 0037 40       		.byte	64
  85 0038 01       		.byte	1
  86 0039 44       		.byte	68
  87 003a 01       		.byte	1
  88 003b 40       		.byte	64
  89 003c 08       		.byte	8
  90 003d 45       		.byte	69
  91 003e 01       		.byte	1
  92 003f 40       		.byte	64
  93 0040 03       		.byte	3
  94 0041 46       		.byte	70
  95 0042 01       		.byte	1
  96 0043 40       		.byte	64
  97 0044 01       		.byte	1
  98 0045 48       		.byte	72
  99 0046 01       		.byte	1
 100 0047 40       		.byte	64
 101 0048 02       		.byte	2
 102 0049 49       		.byte	73
 103 004a 01       		.byte	1
 104 004b 40       		.byte	64
 105 004c 02       		.byte	2
 106 004d 4C       		.byte	76
 107 004e 01       		.byte	1
 108 004f 40       		.byte	64
 109 0050 01       		.byte	1
 110 0051 4D       		.byte	77
 111 0052 01       		.byte	1
 112 0053 40       		.byte	64
 113 0054 02       		.byte	2
 114 0055 50       		.byte	80
ARM GAS  C:\Users\ke\AppData\Local\Temp\ccaZul86.s 			page 3


 115 0056 01       		.byte	1
 116 0057 40       		.byte	64
 117 0058 01       		.byte	1
 118 0059 51       		.byte	81
 119 005a 01       		.byte	1
 120 005b 40       		.byte	64
 121 005c 11       		.byte	17
 122 005d 01       		.byte	1
 123 005e 8E       		.byte	-114
 124 005f 0D       		.byte	13
 125 0060 EA       		.byte	-22
 126 0061 02       		.byte	2
 127 0062 EE       		.byte	-18
 128 0063 01       		.byte	1
 129 0064 AA       		.byte	-86
 130 0065 40       		.byte	64
 131 0066 AE       		.byte	-82
 132 0067 04       		.byte	4
 133 0068 B0       		.byte	-80
 134 0069 10       		.byte	16
 135 006a B4       		.byte	-76
 136 006b 02       		.byte	2
 137 006c 26       		.byte	38
 138 006d 01       		.byte	1
 139 006e 30       		.byte	48
 140 006f 01       		.byte	1
 141 0070 58       		.byte	88
 142 0071 04       		.byte	4
 143 0072 5B       		.byte	91
 144 0073 04       		.byte	4
 145 0074 5C       		.byte	92
 146 0075 01       		.byte	1
 147 0076 5F       		.byte	95
 148 0077 01       		.byte	1
 149 0078 86       		.byte	-122
 150 0079 04       		.byte	4
 151 007a 8C       		.byte	-116
 152 007b 01       		.byte	1
 153 007c 8E       		.byte	-114
 154 007d 02       		.byte	2
 155 007e 90       		.byte	-112
 156 007f 08       		.byte	8
 157 0080 96       		.byte	-106
 158 0081 01       		.byte	1
 159 0082 9E       		.byte	-98
 160 0083 08       		.byte	8
 161 0084 9F       		.byte	-97
 162 0085 01       		.byte	1
 163 0086 AF       		.byte	-81
 164 0087 02       		.byte	2
 165 0088 B0       		.byte	-80
 166 0089 01       		.byte	1
 167 008a B1       		.byte	-79
 168 008b 01       		.byte	1
 169 008c B2       		.byte	-78
 170 008d 02       		.byte	2
 171 008e B4       		.byte	-76
ARM GAS  C:\Users\ke\AppData\Local\Temp\ccaZul86.s 			page 4


 172 008f 08       		.byte	8
 173 0090 B6       		.byte	-74
 174 0091 04       		.byte	4
 175 0092 B7       		.byte	-73
 176 0093 02       		.byte	2
 177 0094 D8       		.byte	-40
 178 0095 04       		.byte	4
 179 0096 D9       		.byte	-39
 180 0097 04       		.byte	4
 181 0098 DC       		.byte	-36
 182 0099 11       		.byte	17
 183 009a DF       		.byte	-33
 184 009b 01       		.byte	1
 185 009c 01       		.byte	1
 186 009d 80       		.byte	-128
 187 009e 02       		.byte	2
 188 009f 10       		.byte	16
 189 00a0 09       		.byte	9
 190 00a1 82       		.byte	-126
 191 00a2 0A       		.byte	10
 192 00a3 10       		.byte	16
 193 00a4 14       		.byte	20
 194 00a5 10       		.byte	16
 195 00a6 19       		.byte	25
 196 00a7 80       		.byte	-128
 197 00a8 1A       		.byte	26
 198 00a9 94       		.byte	-108
 199 00aa 1E       		.byte	30
 200 00ab 80       		.byte	-128
 201 00ac 21       		.byte	33
 202 00ad 82       		.byte	-126
 203 00ae 28       		.byte	40
 204 00af 02       		.byte	2
 205 00b0 31       		.byte	49
 206 00b1 80       		.byte	-128
 207 00b2 5E       		.byte	94
 208 00b3 80       		.byte	-128
 209 00b4 86       		.byte	-122
 210 00b5 10       		.byte	16
 211 00b6 C0       		.byte	-64
 212 00b7 05       		.byte	5
 213 00b8 C2       		.byte	-62
 214 00b9 0D       		.byte	13
 215 00ba C4       		.byte	-60
 216 00bb 20       		.byte	32
 217 00bc CA       		.byte	-54
 218 00bd 08       		.byte	8
 219 00be CC       		.byte	-52
 220 00bf 08       		.byte	8
 221 00c0 D6       		.byte	-42
 222 00c1 10       		.byte	16
 223 00c2 E2       		.byte	-30
 224 00c3 02       		.byte	2
 225 00c4 03       		.byte	3
 226 00c5 01       		.byte	1
 227 00c6 12       		.byte	18
 228 00c7 08       		.byte	8
ARM GAS  C:\Users\ke\AppData\Local\Temp\ccaZul86.s 			page 5


 229 00c8 1A       		.byte	26
 230 00c9 04       		.byte	4
 231 00ca 1C       		.byte	28
 232 00cb 01       		.byte	1
 233 00cc 26       		.byte	38
 234 00cd 07       		.byte	7
 235 00ce 2B       		.byte	43
 236 00cf 01       		.byte	1
 237 00d0 30       		.byte	48
 238 00d1 01       		.byte	1
 239 00d2 32       		.byte	50
 240 00d3 04       		.byte	4
 241 00d4 33       		.byte	51
 242 00d5 01       		.byte	1
 243 00d6 34       		.byte	52
 244 00d7 08       		.byte	8
 245 00d8 36       		.byte	54
 246 00d9 02       		.byte	2
 247 00da 3F       		.byte	63
 248 00db 04       		.byte	4
 249 00dc 40       		.byte	64
 250 00dd 60       		.byte	96
 251 00de 41       		.byte	65
 252 00df 04       		.byte	4
 253 00e0 45       		.byte	69
 254 00e1 D1       		.byte	-47
 255 00e2 47       		.byte	71
 256 00e3 20       		.byte	32
 257 00e4 48       		.byte	72
 258 00e5 23       		.byte	35
 259 00e6 49       		.byte	73
 260 00e7 FF       		.byte	-1
 261 00e8 4A       		.byte	74
 262 00e9 FF       		.byte	-1
 263 00ea 4B       		.byte	75
 264 00eb FF       		.byte	-1
 265 00ec 4D       		.byte	77
 266 00ed A0       		.byte	-96
 267 00ee 4F       		.byte	79
 268 00ef 04       		.byte	4
 269 00f0 50       		.byte	80
 270 00f1 18       		.byte	24
 271 00f2 52       		.byte	82
 272 00f3 80       		.byte	-128
 273 00f4 54       		.byte	84
 274 00f5 05       		.byte	5
 275 00f6 58       		.byte	88
 276 00f7 04       		.byte	4
 277 00f8 59       		.byte	89
 278 00f9 04       		.byte	4
 279 00fa 5A       		.byte	90
 280 00fb 04       		.byte	4
 281 00fc 5B       		.byte	91
 282 00fd 04       		.byte	4
 283 00fe 5F       		.byte	95
 284 00ff 01       		.byte	1
 285 0100 60       		.byte	96
ARM GAS  C:\Users\ke\AppData\Local\Temp\ccaZul86.s 			page 6


 286 0101 40       		.byte	64
 287 0102 62       		.byte	98
 288 0103 C0       		.byte	-64
 289 0104 64       		.byte	100
 290 0105 40       		.byte	64
 291 0106 65       		.byte	101
 292 0107 40       		.byte	64
 293 0108 66       		.byte	102
 294 0109 C0       		.byte	-64
 295 010a 68       		.byte	104
 296 010b C0       		.byte	-64
 297 010c 6A       		.byte	106
 298 010d C0       		.byte	-64
 299 010e 6C       		.byte	108
 300 010f C0       		.byte	-64
 301 0110 6E       		.byte	110
 302 0111 C0       		.byte	-64
 303 0112 09       		.byte	9
 304 0113 02       		.byte	2
 305 0114 0A       		.byte	10
 306 0115 05       		.byte	5
 307 0116 10       		.byte	16
 308 0117 20       		.byte	32
 309 0118 19       		.byte	25
 310 0119 28       		.byte	40
 311 011a 1A       		.byte	26
 312 011b 45       		.byte	69
 313 011c 22       		.byte	34
 314 011d 04       		.byte	4
 315 011e 29       		.byte	41
 316 011f 20       		.byte	32
 317 0120 38       		.byte	56
 318 0121 02       		.byte	2
 319 0122 41       		.byte	65
 320 0123 01       		.byte	1
 321 0124 48       		.byte	72
 322 0125 20       		.byte	32
 323 0126 49       		.byte	73
 324 0127 21       		.byte	33
 325 0128 50       		.byte	80
 326 0129 01       		.byte	1
 327 012a 51       		.byte	81
 328 012b 01       		.byte	1
 329 012c 59       		.byte	89
 330 012d 01       		.byte	1
 331 012e 5A       		.byte	90
 332 012f 48       		.byte	72
 333 0130 71       		.byte	113
 334 0131 02       		.byte	2
 335 0132 81       		.byte	-127
 336 0133 08       		.byte	8
 337 0134 C2       		.byte	-62
 338 0135 0B       		.byte	11
 339 0136 C4       		.byte	-60
 340 0137 04       		.byte	4
 341 0138 CA       		.byte	-54
 342 0139 04       		.byte	4
ARM GAS  C:\Users\ke\AppData\Local\Temp\ccaZul86.s 			page 7


 343 013a CE       		.byte	-50
 344 013b 01       		.byte	1
 345 013c D0       		.byte	-48
 346 013d 01       		.byte	1
 347 013e D2       		.byte	-46
 348 013f 04       		.byte	4
 349 0140 D6       		.byte	-42
 350 0141 0B       		.byte	11
 351 0142 E4       		.byte	-28
 352 0143 04       		.byte	4
 353 0144 EE       		.byte	-18
 354 0145 08       		.byte	8
 355 0146 EE       		.byte	-18
 356 0147 08       		.byte	8
 357 0148 33       		.byte	51
 358 0149 21       		.byte	33
 359 014a 35       		.byte	53
 360 014b 20       		.byte	32
 361 014c CC       		.byte	-52
 362 014d 70       		.byte	112
 363 014e 9D       		.byte	-99
 364 014f 20       		.byte	32
 365 0150 9F       		.byte	-97
 366 0151 01       		.byte	1
 367 0152 A7       		.byte	-89
 368 0153 20       		.byte	32
 369 0154 A7       		.byte	-89
 370 0155 20       		.byte	32
 371 0156 A9       		.byte	-87
 372 0157 20       		.byte	32
 373 0158 AF       		.byte	-81
 374 0159 01       		.byte	1
 375 015a EA       		.byte	-22
 376 015b 40       		.byte	64
 377 015c EE       		.byte	-18
 378 015d 80       		.byte	-128
 379 015e A7       		.byte	-89
 380 015f 20       		.byte	32
 381 0160 83       		.byte	-125
 382 0161 01       		.byte	1
 383 0162 09       		.byte	9
 384 0163 01       		.byte	1
 385 0164 0A       		.byte	10
 386 0165 04       		.byte	4
 387 0166 0D       		.byte	13
 388 0167 01       		.byte	1
 389 0168 53       		.byte	83
 390 0169 01       		.byte	1
 391 016a 86       		.byte	-122
 392 016b 04       		.byte	4
 393 016c 93       		.byte	-109
 394 016d 02       		.byte	2
 395 016e C2       		.byte	-62
 396 016f 0E       		.byte	14
 397 0170 D4       		.byte	-44
 398 0171 01       		.byte	1
 399 0172 B1       		.byte	-79
ARM GAS  C:\Users\ke\AppData\Local\Temp\ccaZul86.s 			page 8


 400 0173 01       		.byte	1
 401 0174 B5       		.byte	-75
 402 0175 01       		.byte	1
 403 0176 EA       		.byte	-22
 404 0177 0C       		.byte	12
 405 0178 A7       		.byte	-89
 406 0179 20       		.byte	32
 407 017a AF       		.byte	-81
 408 017b 20       		.byte	32
 409 017c EE       		.byte	-18
 410 017d 10       		.byte	16
 411 017e 1F       		.byte	31
 412 017f 80       		.byte	-128
 413 0180 C6       		.byte	-58
 414 0181 01       		.byte	1
 415 0182 AF       		.byte	-81
 416 0183 80       		.byte	-128
 417 0184 00       		.byte	0
 418 0185 03       		.byte	3
 419 0186 0E       		.byte	14
 420 0187 03       		.byte	3
 421 0188 00       		.byte	0
 422 0189 3F       		.byte	63
 423 018a 00       		.byte	0
 424 018b 00       		.byte	0
 425 018c 00       		.byte	0
 426 018d 03       		.byte	3
 427 018e 03       		.byte	3
 428 018f 00       		.byte	0
 429 0190 00       		.byte	0
 430 0191 00       		.byte	0
 431 0192 04       		.byte	4
 432 0193 00       		.byte	0
 433 0194 00       		.byte	0
 434 0195 0B       		.byte	11
 435 0196 0B       		.byte	11
 436 0197 00       		.byte	0
 437 0198 00       		.byte	0
 438 0199 00       		.byte	0
 439 019a 00       		.byte	0
 440 019b 00       		.byte	0
 441 019c 60       		.byte	96
 442 019d 00       		.byte	0
 443 019e 10       		.byte	16
 444 019f 61       		.byte	97
 445 01a0 01       		.byte	1
 446 01a1 00       		.byte	0
 447 01a2 01       		.byte	1
 448 01a3 00       		.byte	0
 449 01a4 08       		.byte	8
 450 01a5 00       		.byte	0
 451 01a6 00       		.byte	0
 452 01a7 00       		.byte	0
 453 01a8 01       		.byte	1
 454 01a9 00       		.byte	0
 455 01aa 18       		.byte	24
 456 01ab 01       		.byte	1
ARM GAS  C:\Users\ke\AppData\Local\Temp\ccaZul86.s 			page 9


 457              		.section	.cywolatch,"a",%progbits
 458              		.align	2
 459              		.type	cy_meta_wonvl, %object
 460              		.size	cy_meta_wonvl, 4
 461              	cy_meta_wonvl:
 462 0000 BC       		.byte	-68
 463 0001 90       		.byte	-112
 464 0002 AC       		.byte	-84
 465 0003 AF       		.byte	-81
 466              		.section	.cycustnvl,"a",%progbits
 467              		.align	2
 468              		.type	cy_meta_custnvl, %object
 469              		.size	cy_meta_custnvl, 4
 470              	cy_meta_custnvl:
 471 0000 00       		.byte	0
 472 0001 00       		.byte	0
 473 0002 40       		.byte	64
 474 0003 05       		.byte	5
 475              		.section	.cymeta,"a",%progbits
 476              		.align	2
 477              		.type	cy_metadata, %object
 478              		.size	cy_metadata, 12
 479              	cy_metadata:
 480 0000 00       		.byte	0
 481 0001 01       		.byte	1
 482 0002 2E       		.byte	46
 483 0003 16       		.byte	22
 484 0004 10       		.byte	16
 485 0005 69       		.byte	105
 486 0006 00       		.byte	0
 487 0007 01       		.byte	1
 488 0008 00       		.byte	0
 489 0009 00       		.byte	0
 490 000a 00       		.byte	0
 491 000b 00       		.byte	0
 492              		.section	.cyflashprotect,"a",%progbits
 493              		.align	2
 494              		.type	cy_meta_flashprotect, %object
 495              		.size	cy_meta_flashprotect, 256
 496              	cy_meta_flashprotect:
 497 0000 00000000 		.space	256
 497      00000000 
 497      00000000 
 497      00000000 
 497      00000000 
 498              		.text
 499              	.Letext0:
 500              		.file 1 "c:\\program files (x86)\\cypress\\psoc creator\\4.4\\psoc creator\\import\\gnu\\arm\\5.4.
 501              		.file 2 "c:\\program files (x86)\\cypress\\psoc creator\\4.4\\psoc creator\\import\\gnu\\arm\\5.4.
 502              		.file 3 "Generated_Source\\PSoC5\\cymetadata.c"
 503              		.section	.debug_info,"",%progbits
 504              	.Ldebug_info0:
 505 0000 31010000 		.4byte	0x131
 506 0004 0400     		.2byte	0x4
 507 0006 00000000 		.4byte	.Ldebug_abbrev0
 508 000a 04       		.byte	0x4
 509 000b 01       		.uleb128 0x1
ARM GAS  C:\Users\ke\AppData\Local\Temp\ccaZul86.s 			page 10


 510 000c 6F000000 		.4byte	.LASF17
 511 0010 0C       		.byte	0xc
 512 0011 D7010000 		.4byte	.LASF18
 513 0015 16000000 		.4byte	.LASF19
 514 0019 00000000 		.4byte	.Ldebug_line0
 515 001d 02       		.uleb128 0x2
 516 001e 01       		.byte	0x1
 517 001f 06       		.byte	0x6
 518 0020 CB010000 		.4byte	.LASF0
 519 0024 03       		.uleb128 0x3
 520 0025 00000000 		.4byte	.LASF9
 521 0029 01       		.byte	0x1
 522 002a 1D       		.byte	0x1d
 523 002b 2F000000 		.4byte	0x2f
 524 002f 02       		.uleb128 0x2
 525 0030 01       		.byte	0x1
 526 0031 08       		.byte	0x8
 527 0032 22010000 		.4byte	.LASF1
 528 0036 02       		.uleb128 0x2
 529 0037 02       		.byte	0x2
 530 0038 05       		.byte	0x5
 531 0039 B8010000 		.4byte	.LASF2
 532 003d 02       		.uleb128 0x2
 533 003e 02       		.byte	0x2
 534 003f 07       		.byte	0x7
 535 0040 0F010000 		.4byte	.LASF3
 536 0044 02       		.uleb128 0x2
 537 0045 04       		.byte	0x4
 538 0046 05       		.byte	0x5
 539 0047 C2010000 		.4byte	.LASF4
 540 004b 02       		.uleb128 0x2
 541 004c 04       		.byte	0x4
 542 004d 07       		.byte	0x7
 543 004e FD000000 		.4byte	.LASF5
 544 0052 02       		.uleb128 0x2
 545 0053 08       		.byte	0x8
 546 0054 05       		.byte	0x5
 547 0055 AA010000 		.4byte	.LASF6
 548 0059 02       		.uleb128 0x2
 549 005a 08       		.byte	0x8
 550 005b 07       		.byte	0x7
 551 005c 5F010000 		.4byte	.LASF7
 552 0060 04       		.uleb128 0x4
 553 0061 04       		.byte	0x4
 554 0062 05       		.byte	0x5
 555 0063 696E7400 		.ascii	"int\000"
 556 0067 02       		.uleb128 0x2
 557 0068 04       		.byte	0x4
 558 0069 07       		.byte	0x7
 559 006a 52010000 		.4byte	.LASF8
 560 006e 03       		.uleb128 0x3
 561 006f 76010000 		.4byte	.LASF10
 562 0073 02       		.byte	0x2
 563 0074 18       		.byte	0x18
 564 0075 24000000 		.4byte	0x24
 565 0079 05       		.uleb128 0x5
 566 007a 91000000 		.4byte	0x91
ARM GAS  C:\Users\ke\AppData\Local\Temp\ccaZul86.s 			page 11


 567 007e 8A000000 		.4byte	0x8a
 568 0082 06       		.uleb128 0x6
 569 0083 8A000000 		.4byte	0x8a
 570 0087 AB01     		.2byte	0x1ab
 571 0089 00       		.byte	0
 572 008a 02       		.uleb128 0x2
 573 008b 04       		.byte	0x4
 574 008c 07       		.byte	0x7
 575 008d A1010000 		.4byte	.LASF11
 576 0091 07       		.uleb128 0x7
 577 0092 6E000000 		.4byte	0x6e
 578 0096 08       		.uleb128 0x8
 579 0097 40010000 		.4byte	.LASF12
 580 009b 03       		.byte	0x3
 581 009c 1F       		.byte	0x1f
 582 009d A7000000 		.4byte	0xa7
 583 00a1 05       		.uleb128 0x5
 584 00a2 03       		.byte	0x3
 585 00a3 00000000 		.4byte	cy_meta_configecc
 586 00a7 07       		.uleb128 0x7
 587 00a8 79000000 		.4byte	0x79
 588 00ac 05       		.uleb128 0x5
 589 00ad 91000000 		.4byte	0x91
 590 00b1 BC000000 		.4byte	0xbc
 591 00b5 09       		.uleb128 0x9
 592 00b6 8A000000 		.4byte	0x8a
 593 00ba 03       		.byte	0x3
 594 00bb 00       		.byte	0
 595 00bc 08       		.uleb128 0x8
 596 00bd 30010000 		.4byte	.LASF13
 597 00c1 03       		.byte	0x3
 598 00c2 62       		.byte	0x62
 599 00c3 CD000000 		.4byte	0xcd
 600 00c7 05       		.uleb128 0x5
 601 00c8 03       		.byte	0x3
 602 00c9 00000000 		.4byte	cy_meta_custnvl
 603 00cd 07       		.uleb128 0x7
 604 00ce AC000000 		.4byte	0xac
 605 00d2 08       		.uleb128 0x8
 606 00d3 93010000 		.4byte	.LASF14
 607 00d7 03       		.byte	0x3
 608 00d8 70       		.byte	0x70
 609 00d9 E3000000 		.4byte	0xe3
 610 00dd 05       		.uleb128 0x5
 611 00de 03       		.byte	0x3
 612 00df 00000000 		.4byte	cy_meta_wonvl
 613 00e3 07       		.uleb128 0x7
 614 00e4 AC000000 		.4byte	0xac
 615 00e8 05       		.uleb128 0x5
 616 00e9 91000000 		.4byte	0x91
 617 00ed F8000000 		.4byte	0xf8
 618 00f1 09       		.uleb128 0x9
 619 00f2 8A000000 		.4byte	0x8a
 620 00f6 FF       		.byte	0xff
 621 00f7 00       		.byte	0
 622 00f8 08       		.uleb128 0x8
 623 00f9 7E010000 		.4byte	.LASF15
ARM GAS  C:\Users\ke\AppData\Local\Temp\ccaZul86.s 			page 12


 624 00fd 03       		.byte	0x3
 625 00fe 7E       		.byte	0x7e
 626 00ff 09010000 		.4byte	0x109
 627 0103 05       		.uleb128 0x5
 628 0104 03       		.byte	0x3
 629 0105 00000000 		.4byte	cy_meta_flashprotect
 630 0109 07       		.uleb128 0x7
 631 010a E8000000 		.4byte	0xe8
 632 010e 05       		.uleb128 0x5
 633 010f 91000000 		.4byte	0x91
 634 0113 1E010000 		.4byte	0x11e
 635 0117 09       		.uleb128 0x9
 636 0118 8A000000 		.4byte	0x8a
 637 011c 0B       		.byte	0xb
 638 011d 00       		.byte	0
 639 011e 08       		.uleb128 0x8
 640 011f 0A000000 		.4byte	.LASF16
 641 0123 03       		.byte	0x3
 642 0124 AB       		.byte	0xab
 643 0125 2F010000 		.4byte	0x12f
 644 0129 05       		.uleb128 0x5
 645 012a 03       		.byte	0x3
 646 012b 00000000 		.4byte	cy_metadata
 647 012f 07       		.uleb128 0x7
 648 0130 0E010000 		.4byte	0x10e
 649 0134 00       		.byte	0
 650              		.section	.debug_abbrev,"",%progbits
 651              	.Ldebug_abbrev0:
 652 0000 01       		.uleb128 0x1
 653 0001 11       		.uleb128 0x11
 654 0002 01       		.byte	0x1
 655 0003 25       		.uleb128 0x25
 656 0004 0E       		.uleb128 0xe
 657 0005 13       		.uleb128 0x13
 658 0006 0B       		.uleb128 0xb
 659 0007 03       		.uleb128 0x3
 660 0008 0E       		.uleb128 0xe
 661 0009 1B       		.uleb128 0x1b
 662 000a 0E       		.uleb128 0xe
 663 000b 10       		.uleb128 0x10
 664 000c 17       		.uleb128 0x17
 665 000d 00       		.byte	0
 666 000e 00       		.byte	0
 667 000f 02       		.uleb128 0x2
 668 0010 24       		.uleb128 0x24
 669 0011 00       		.byte	0
 670 0012 0B       		.uleb128 0xb
 671 0013 0B       		.uleb128 0xb
 672 0014 3E       		.uleb128 0x3e
 673 0015 0B       		.uleb128 0xb
 674 0016 03       		.uleb128 0x3
 675 0017 0E       		.uleb128 0xe
 676 0018 00       		.byte	0
 677 0019 00       		.byte	0
 678 001a 03       		.uleb128 0x3
 679 001b 16       		.uleb128 0x16
 680 001c 00       		.byte	0
ARM GAS  C:\Users\ke\AppData\Local\Temp\ccaZul86.s 			page 13


 681 001d 03       		.uleb128 0x3
 682 001e 0E       		.uleb128 0xe
 683 001f 3A       		.uleb128 0x3a
 684 0020 0B       		.uleb128 0xb
 685 0021 3B       		.uleb128 0x3b
 686 0022 0B       		.uleb128 0xb
 687 0023 49       		.uleb128 0x49
 688 0024 13       		.uleb128 0x13
 689 0025 00       		.byte	0
 690 0026 00       		.byte	0
 691 0027 04       		.uleb128 0x4
 692 0028 24       		.uleb128 0x24
 693 0029 00       		.byte	0
 694 002a 0B       		.uleb128 0xb
 695 002b 0B       		.uleb128 0xb
 696 002c 3E       		.uleb128 0x3e
 697 002d 0B       		.uleb128 0xb
 698 002e 03       		.uleb128 0x3
 699 002f 08       		.uleb128 0x8
 700 0030 00       		.byte	0
 701 0031 00       		.byte	0
 702 0032 05       		.uleb128 0x5
 703 0033 01       		.uleb128 0x1
 704 0034 01       		.byte	0x1
 705 0035 49       		.uleb128 0x49
 706 0036 13       		.uleb128 0x13
 707 0037 01       		.uleb128 0x1
 708 0038 13       		.uleb128 0x13
 709 0039 00       		.byte	0
 710 003a 00       		.byte	0
 711 003b 06       		.uleb128 0x6
 712 003c 21       		.uleb128 0x21
 713 003d 00       		.byte	0
 714 003e 49       		.uleb128 0x49
 715 003f 13       		.uleb128 0x13
 716 0040 2F       		.uleb128 0x2f
 717 0041 05       		.uleb128 0x5
 718 0042 00       		.byte	0
 719 0043 00       		.byte	0
 720 0044 07       		.uleb128 0x7
 721 0045 26       		.uleb128 0x26
 722 0046 00       		.byte	0
 723 0047 49       		.uleb128 0x49
 724 0048 13       		.uleb128 0x13
 725 0049 00       		.byte	0
 726 004a 00       		.byte	0
 727 004b 08       		.uleb128 0x8
 728 004c 34       		.uleb128 0x34
 729 004d 00       		.byte	0
 730 004e 03       		.uleb128 0x3
 731 004f 0E       		.uleb128 0xe
 732 0050 3A       		.uleb128 0x3a
 733 0051 0B       		.uleb128 0xb
 734 0052 3B       		.uleb128 0x3b
 735 0053 0B       		.uleb128 0xb
 736 0054 49       		.uleb128 0x49
 737 0055 13       		.uleb128 0x13
ARM GAS  C:\Users\ke\AppData\Local\Temp\ccaZul86.s 			page 14


 738 0056 3F       		.uleb128 0x3f
 739 0057 19       		.uleb128 0x19
 740 0058 02       		.uleb128 0x2
 741 0059 18       		.uleb128 0x18
 742 005a 00       		.byte	0
 743 005b 00       		.byte	0
 744 005c 09       		.uleb128 0x9
 745 005d 21       		.uleb128 0x21
 746 005e 00       		.byte	0
 747 005f 49       		.uleb128 0x49
 748 0060 13       		.uleb128 0x13
 749 0061 2F       		.uleb128 0x2f
 750 0062 0B       		.uleb128 0xb
 751 0063 00       		.byte	0
 752 0064 00       		.byte	0
 753 0065 00       		.byte	0
 754              		.section	.debug_aranges,"",%progbits
 755 0000 14000000 		.4byte	0x14
 756 0004 0200     		.2byte	0x2
 757 0006 00000000 		.4byte	.Ldebug_info0
 758 000a 04       		.byte	0x4
 759 000b 00       		.byte	0
 760 000c 0000     		.2byte	0
 761 000e 0000     		.2byte	0
 762 0010 00000000 		.4byte	0
 763 0014 00000000 		.4byte	0
 764              		.section	.debug_line,"",%progbits
 765              	.Ldebug_line0:
 766 0000 3D010000 		.section	.debug_str,"MS",%progbits,1
 766      02003701 
 766      00000201 
 766      FB0E0D00 
 766      01010101 
 767              	.LASF9:
 768 0000 5F5F7569 		.ascii	"__uint8_t\000"
 768      6E74385F 
 768      7400
 769              	.LASF16:
 770 000a 63795F6D 		.ascii	"cy_metadata\000"
 770      65746164 
 770      61746100 
 771              	.LASF19:
 772 0016 433A5C55 		.ascii	"C:\\Users\\ke\\Gitfis\\Elektroteknologi-Projekt-1\\"
 772      73657273 
 772      5C6B655C 
 772      47697466 
 772      69735C45 
 773 0044 55495C64 		.ascii	"UI\\drejeknap - Kopi\\drejeknappelegen.cydsn\000"
 773      72656A65 
 773      6B6E6170 
 773      202D204B 
 773      6F70695C 
 774              	.LASF17:
 775 006f 474E5520 		.ascii	"GNU C11 5.4.1 20160609 (release) [ARM/embedded-5-br"
 775      43313120 
 775      352E342E 
 775      31203230 
ARM GAS  C:\Users\ke\AppData\Local\Temp\ccaZul86.s 			page 15


 775      31363036 
 776 00a2 616E6368 		.ascii	"anch revision 237715] -mcpu=cortex-m3 -mthumb -g -O"
 776      20726576 
 776      6973696F 
 776      6E203233 
 776      37373135 
 777 00d5 67202D66 		.ascii	"g -ffunction-sections -ffat-lto-objects\000"
 777      66756E63 
 777      74696F6E 
 777      2D736563 
 777      74696F6E 
 778              	.LASF5:
 779 00fd 6C6F6E67 		.ascii	"long unsigned int\000"
 779      20756E73 
 779      69676E65 
 779      6420696E 
 779      7400
 780              	.LASF3:
 781 010f 73686F72 		.ascii	"short unsigned int\000"
 781      7420756E 
 781      7369676E 
 781      65642069 
 781      6E7400
 782              	.LASF1:
 783 0122 756E7369 		.ascii	"unsigned char\000"
 783      676E6564 
 783      20636861 
 783      7200
 784              	.LASF13:
 785 0130 63795F6D 		.ascii	"cy_meta_custnvl\000"
 785      6574615F 
 785      63757374 
 785      6E766C00 
 786              	.LASF12:
 787 0140 63795F6D 		.ascii	"cy_meta_configecc\000"
 787      6574615F 
 787      636F6E66 
 787      69676563 
 787      6300
 788              	.LASF8:
 789 0152 756E7369 		.ascii	"unsigned int\000"
 789      676E6564 
 789      20696E74 
 789      00
 790              	.LASF7:
 791 015f 6C6F6E67 		.ascii	"long long unsigned int\000"
 791      206C6F6E 
 791      6720756E 
 791      7369676E 
 791      65642069 
 792              	.LASF10:
 793 0176 75696E74 		.ascii	"uint8_t\000"
 793      385F7400 
 794              	.LASF15:
 795 017e 63795F6D 		.ascii	"cy_meta_flashprotect\000"
 795      6574615F 
 795      666C6173 
ARM GAS  C:\Users\ke\AppData\Local\Temp\ccaZul86.s 			page 16


 795      6870726F 
 795      74656374 
 796              	.LASF14:
 797 0193 63795F6D 		.ascii	"cy_meta_wonvl\000"
 797      6574615F 
 797      776F6E76 
 797      6C00
 798              	.LASF11:
 799 01a1 73697A65 		.ascii	"sizetype\000"
 799      74797065 
 799      00
 800              	.LASF6:
 801 01aa 6C6F6E67 		.ascii	"long long int\000"
 801      206C6F6E 
 801      6720696E 
 801      7400
 802              	.LASF2:
 803 01b8 73686F72 		.ascii	"short int\000"
 803      7420696E 
 803      7400
 804              	.LASF4:
 805 01c2 6C6F6E67 		.ascii	"long int\000"
 805      20696E74 
 805      00
 806              	.LASF0:
 807 01cb 7369676E 		.ascii	"signed char\000"
 807      65642063 
 807      68617200 
 808              	.LASF18:
 809 01d7 47656E65 		.ascii	"Generated_Source\\PSoC5\\cymetadata.c\000"
 809      72617465 
 809      645F536F 
 809      75726365 
 809      5C50536F 
 810              		.ident	"GCC: (GNU Tools for ARM Embedded Processors) 5.4.1 20160609 (release) [ARM/embedded-5-bran
