Archive member included to satisfy reference by file (symbol)

.\CortexM3\ARM_GCC_541\Debug\drejeknappelegen.a(isr_Rot.o)
                              .\CortexM3\ARM_GCC_541\Debug\rotary.o (isr_Rot_StartEx)
.\CortexM3\ARM_GCC_541\Debug\drejeknappelegen.a(Green_LED.o)
                              .\CortexM3\ARM_GCC_541\Debug\keypad.o (Green_LED_Write)
.\CortexM3\ARM_GCC_541\Debug\drejeknappelegen.a(Status_Rot_B.o)
                              .\CortexM3\ARM_GCC_541\Debug\rotary.o (Status_Rot_B_Read)
.\CortexM3\ARM_GCC_541\Debug\drejeknappelegen.a(CyLib.o)
                              .\CortexM3\ARM_GCC_541\Debug\Cm3Start.o (CyHalt)
.\CortexM3\ARM_GCC_541\Debug\drejeknappelegen.a(cyPm.o)
                              .\CortexM3\ARM_GCC_541\Debug\drejeknappelegen.a(CyLib.o) (CyPmReadStatus)
.\CortexM3\ARM_GCC_541\Debug\drejeknappelegen.a(isr_Button.o)
                              .\CortexM3\ARM_GCC_541\Debug\keypad.o (isr_Button_StartEx)
.\CortexM3\ARM_GCC_541\Debug\drejeknappelegen.a(PWM_Servo.o)
                              .\CortexM3\ARM_GCC_541\Debug\servo.o (PWM_Servo_WriteCompare)
.\CortexM3\ARM_GCC_541\Debug\drejeknappelegen.a(CyBootAsmGnu.o)
                              .\CortexM3\ARM_GCC_541\Debug\cyfitter_cfg.o (CyDelayCycles)
.\CortexM3\ARM_GCC_541\Debug\drejeknappelegen.a(CyFlash.o)
                              .\CortexM3\ARM_GCC_541\Debug\drejeknappelegen.a(cyPm.o) (CyFlash_SetWaitCycles)
.\CortexM3\ARM_GCC_541\Debug\drejeknappelegen.a(CySpc.o)
                              .\CortexM3\ARM_GCC_541\Debug\drejeknappelegen.a(CyFlash.o) (CySpcStart)
c:/program files (x86)/cypress/psoc creator/4.4/psoc creator/import/gnu/arm/5.4.1/bin/../lib/gcc/arm-none-eabi/5.4.1/../../../../arm-none-eabi/lib/armv7-m\libg_nano.a(lib_a-errno.o)
                              .\CortexM3\ARM_GCC_541\Debug\Cm3Start.o (__errno)
c:/program files (x86)/cypress/psoc creator/4.4/psoc creator/import/gnu/arm/5.4.1/bin/../lib/gcc/arm-none-eabi/5.4.1/../../../../arm-none-eabi/lib/armv7-m\libg_nano.a(lib_a-exit.o)
                              c:/program files (x86)/cypress/psoc creator/4.4/psoc creator/import/gnu/arm/5.4.1/bin/../lib/gcc/arm-none-eabi/5.4.1/../../../../arm-none-eabi/lib/armv7-m/crt0.o (exit)
c:/program files (x86)/cypress/psoc creator/4.4/psoc creator/import/gnu/arm/5.4.1/bin/../lib/gcc/arm-none-eabi/5.4.1/../../../../arm-none-eabi/lib/armv7-m\libg_nano.a(lib_a-impure.o)
                              c:/program files (x86)/cypress/psoc creator/4.4/psoc creator/import/gnu/arm/5.4.1/bin/../lib/gcc/arm-none-eabi/5.4.1/../../../../arm-none-eabi/lib/armv7-m\libg_nano.a(lib_a-exit.o) (_global_impure_ptr)
c:/program files (x86)/cypress/psoc creator/4.4/psoc creator/import/gnu/arm/5.4.1/bin/../lib/gcc/arm-none-eabi/5.4.1/../../../../arm-none-eabi/lib/armv7-m\libg_nano.a(lib_a-init.o)
                              c:/program files (x86)/cypress/psoc creator/4.4/psoc creator/import/gnu/arm/5.4.1/bin/../lib/gcc/arm-none-eabi/5.4.1/../../../../arm-none-eabi/lib/armv7-m/crt0.o (__libc_init_array)
c:/program files (x86)/cypress/psoc creator/4.4/psoc creator/import/gnu/arm/5.4.1/bin/../lib/gcc/arm-none-eabi/5.4.1/../../../../arm-none-eabi/lib/armv7-m\libg_nano.a(lib_a-memcpy-stub.o)
                              .\CortexM3\ARM_GCC_541\Debug\cyfitter_cfg.o (memcpy)
c:/program files (x86)/cypress/psoc creator/4.4/psoc creator/import/gnu/arm/5.4.1/bin/../lib/gcc/arm-none-eabi/5.4.1/../../../../arm-none-eabi/lib/armv7-m\libg_nano.a(lib_a-memset.o)
                              c:/program files (x86)/cypress/psoc creator/4.4/psoc creator/import/gnu/arm/5.4.1/bin/../lib/gcc/arm-none-eabi/5.4.1/../../../../arm-none-eabi/lib/armv7-m/crt0.o (memset)

Allocating common symbols
Common symbol       size              file

dieTemperature      0x2               .\CortexM3\ARM_GCC_541\Debug\drejeknappelegen.a(CyFlash.o)

Discarded input sections

 .text          0x00000000        0x0 c:/program files (x86)/cypress/psoc creator/4.4/psoc creator/import/gnu/arm/5.4.1/bin/../lib/gcc/arm-none-eabi/5.4.1/armv7-m/crti.o
 .data          0x00000000        0x0 c:/program files (x86)/cypress/psoc creator/4.4/psoc creator/import/gnu/arm/5.4.1/bin/../lib/gcc/arm-none-eabi/5.4.1/armv7-m/crti.o
 .bss           0x00000000        0x0 c:/program files (x86)/cypress/psoc creator/4.4/psoc creator/import/gnu/arm/5.4.1/bin/../lib/gcc/arm-none-eabi/5.4.1/armv7-m/crti.o
 .data          0x00000000        0x4 c:/program files (x86)/cypress/psoc creator/4.4/psoc creator/import/gnu/arm/5.4.1/bin/../lib/gcc/arm-none-eabi/5.4.1/armv7-m/crtbegin.o
 .text          0x00000000       0x74 c:/program files (x86)/cypress/psoc creator/4.4/psoc creator/import/gnu/arm/5.4.1/bin/../lib/gcc/arm-none-eabi/5.4.1/../../../../arm-none-eabi/lib/armv7-m/crt0.o
 .data          0x00000000        0x0 c:/program files (x86)/cypress/psoc creator/4.4/psoc creator/import/gnu/arm/5.4.1/bin/../lib/gcc/arm-none-eabi/5.4.1/../../../../arm-none-eabi/lib/armv7-m/crt0.o
 .bss           0x00000000        0x0 c:/program files (x86)/cypress/psoc creator/4.4/psoc creator/import/gnu/arm/5.4.1/bin/../lib/gcc/arm-none-eabi/5.4.1/../../../../arm-none-eabi/lib/armv7-m/crt0.o
 .ARM.extab     0x00000000        0x0 c:/program files (x86)/cypress/psoc creator/4.4/psoc creator/import/gnu/arm/5.4.1/bin/../lib/gcc/arm-none-eabi/5.4.1/../../../../arm-none-eabi/lib/armv7-m/crt0.o
 .ARM.exidx     0x00000000        0x8 c:/program files (x86)/cypress/psoc creator/4.4/psoc creator/import/gnu/arm/5.4.1/bin/../lib/gcc/arm-none-eabi/5.4.1/../../../../arm-none-eabi/lib/armv7-m/crt0.o
 .text          0x00000000        0x0 .\CortexM3\ARM_GCC_541\Debug\accel.o
 .data          0x00000000        0x0 .\CortexM3\ARM_GCC_541\Debug\accel.o
 .bss           0x00000000        0x0 .\CortexM3\ARM_GCC_541\Debug\accel.o
 .text          0x00000000        0x0 .\CortexM3\ARM_GCC_541\Debug\alarm.o
 .data          0x00000000        0x0 .\CortexM3\ARM_GCC_541\Debug\alarm.o
 .text          0x00000000        0x0 .\CortexM3\ARM_GCC_541\Debug\keypad.o
 .data          0x00000000        0x0 .\CortexM3\ARM_GCC_541\Debug\keypad.o
 .text          0x00000000        0x0 .\CortexM3\ARM_GCC_541\Debug\lock.o
 .data          0x00000000        0x0 .\CortexM3\ARM_GCC_541\Debug\lock.o
 .bss           0x00000000        0x0 .\CortexM3\ARM_GCC_541\Debug\lock.o
 .text          0x00000000        0x0 .\CortexM3\ARM_GCC_541\Debug\main.o
 .data          0x00000000        0x0 .\CortexM3\ARM_GCC_541\Debug\main.o
 .bss           0x00000000        0x0 .\CortexM3\ARM_GCC_541\Debug\main.o
 .text          0x00000000        0x0 .\CortexM3\ARM_GCC_541\Debug\rotary.o
 .data          0x00000000        0x0 .\CortexM3\ARM_GCC_541\Debug\rotary.o
 .text          0x00000000        0x0 .\CortexM3\ARM_GCC_541\Debug\servo.o
 .data          0x00000000        0x0 .\CortexM3\ARM_GCC_541\Debug\servo.o
 .bss           0x00000000        0x0 .\CortexM3\ARM_GCC_541\Debug\servo.o
 .text.Servo_Close
                0x00000000       0x14 .\CortexM3\ARM_GCC_541\Debug\servo.o
 .text          0x00000000        0x0 .\CortexM3\ARM_GCC_541\Debug\cyfitter_cfg.o
 .data          0x00000000        0x0 .\CortexM3\ARM_GCC_541\Debug\cyfitter_cfg.o
 .bss           0x00000000        0x0 .\CortexM3\ARM_GCC_541\Debug\cyfitter_cfg.o
 .text.SetAnalogRoutingPumps
                0x00000000       0x1c .\CortexM3\ARM_GCC_541\Debug\cyfitter_cfg.o
 .text          0x00000000        0x0 .\CortexM3\ARM_GCC_541\Debug\cymetadata.o
 .data          0x00000000        0x0 .\CortexM3\ARM_GCC_541\Debug\cymetadata.o
 .bss           0x00000000        0x0 .\CortexM3\ARM_GCC_541\Debug\cymetadata.o
 .text          0x00000000        0x0 .\CortexM3\ARM_GCC_541\Debug\Cm3Start.o
 .data          0x00000000        0x4 .\CortexM3\ARM_GCC_541\Debug\Cm3Start.o
 .bss           0x00000000        0x0 .\CortexM3\ARM_GCC_541\Debug\Cm3Start.o
 .text._exit    0x00000000        0xc .\CortexM3\ARM_GCC_541\Debug\Cm3Start.o
 .text._sbrk    0x00000000       0x30 .\CortexM3\ARM_GCC_541\Debug\Cm3Start.o
 .text          0x00000000        0x0 .\CortexM3\ARM_GCC_541\Debug\drejeknappelegen.a(isr_Rot.o)
 .data          0x00000000        0x0 .\CortexM3\ARM_GCC_541\Debug\drejeknappelegen.a(isr_Rot.o)
 .bss           0x00000000        0x0 .\CortexM3\ARM_GCC_541\Debug\drejeknappelegen.a(isr_Rot.o)
 .text.isr_Rot_Interrupt
                0x00000000        0x4 .\CortexM3\ARM_GCC_541\Debug\drejeknappelegen.a(isr_Rot.o)
 .text.isr_Rot_GetVector
                0x00000000        0xc .\CortexM3\ARM_GCC_541\Debug\drejeknappelegen.a(isr_Rot.o)
 .text.isr_Rot_GetPriority
                0x00000000        0xc .\CortexM3\ARM_GCC_541\Debug\drejeknappelegen.a(isr_Rot.o)
 .text.isr_Rot_GetState
                0x00000000       0x18 .\CortexM3\ARM_GCC_541\Debug\drejeknappelegen.a(isr_Rot.o)
 .text.isr_Rot_Start
                0x00000000       0x1c .\CortexM3\ARM_GCC_541\Debug\drejeknappelegen.a(isr_Rot.o)
 .text.isr_Rot_Stop
                0x00000000       0x14 .\CortexM3\ARM_GCC_541\Debug\drejeknappelegen.a(isr_Rot.o)
 .text.isr_Rot_SetPending
                0x00000000        0xc .\CortexM3\ARM_GCC_541\Debug\drejeknappelegen.a(isr_Rot.o)
 .text.isr_Rot_ClearPending
                0x00000000        0xc .\CortexM3\ARM_GCC_541\Debug\drejeknappelegen.a(isr_Rot.o)
 .text          0x00000000        0x0 .\CortexM3\ARM_GCC_541\Debug\drejeknappelegen.a(Green_LED.o)
 .data          0x00000000        0x0 .\CortexM3\ARM_GCC_541\Debug\drejeknappelegen.a(Green_LED.o)
 .bss           0x00000000        0x0 .\CortexM3\ARM_GCC_541\Debug\drejeknappelegen.a(Green_LED.o)
 .text.Green_LED_SetDriveMode
                0x00000000       0x18 .\CortexM3\ARM_GCC_541\Debug\drejeknappelegen.a(Green_LED.o)
 .text.Green_LED_Read
                0x00000000       0x10 .\CortexM3\ARM_GCC_541\Debug\drejeknappelegen.a(Green_LED.o)
 .text.Green_LED_ReadDataReg
                0x00000000       0x10 .\CortexM3\ARM_GCC_541\Debug\drejeknappelegen.a(Green_LED.o)
 .text          0x00000000        0x0 .\CortexM3\ARM_GCC_541\Debug\drejeknappelegen.a(Status_Rot_B.o)
 .data          0x00000000        0x0 .\CortexM3\ARM_GCC_541\Debug\drejeknappelegen.a(Status_Rot_B.o)
 .bss           0x00000000        0x0 .\CortexM3\ARM_GCC_541\Debug\drejeknappelegen.a(Status_Rot_B.o)
 .text.Status_Rot_B_InterruptEnable
                0x00000000       0x1c .\CortexM3\ARM_GCC_541\Debug\drejeknappelegen.a(Status_Rot_B.o)
 .text.Status_Rot_B_InterruptDisable
                0x00000000       0x1c .\CortexM3\ARM_GCC_541\Debug\drejeknappelegen.a(Status_Rot_B.o)
 .text.Status_Rot_B_WriteMask
                0x00000000        0xc .\CortexM3\ARM_GCC_541\Debug\drejeknappelegen.a(Status_Rot_B.o)
 .text.Status_Rot_B_ReadMask
                0x00000000        0xc .\CortexM3\ARM_GCC_541\Debug\drejeknappelegen.a(Status_Rot_B.o)
 .text          0x00000000        0x0 .\CortexM3\ARM_GCC_541\Debug\drejeknappelegen.a(CyLib.o)
 .bss           0x00000000       0x1c .\CortexM3\ARM_GCC_541\Debug\drejeknappelegen.a(CyLib.o)
 .text.CyUSB_PowerOnCheck
                0x00000000       0x48 .\CortexM3\ARM_GCC_541\Debug\drejeknappelegen.a(CyLib.o)
 .text.CyBusClk_Internal_SetDivider
                0x00000000       0x48 .\CortexM3\ARM_GCC_541\Debug\drejeknappelegen.a(CyLib.o)
 .text.CyPLL_OUT_Stop
                0x00000000       0x10 .\CortexM3\ARM_GCC_541\Debug\drejeknappelegen.a(CyLib.o)
 .text.CyIMO_Stop
                0x00000000       0x1c .\CortexM3\ARM_GCC_541\Debug\drejeknappelegen.a(CyLib.o)
 .text.CyIMO_EnableDoubler
                0x00000000       0x10 .\CortexM3\ARM_GCC_541\Debug\drejeknappelegen.a(CyLib.o)
 .text.CyIMO_DisableDoubler
                0x00000000       0x10 .\CortexM3\ARM_GCC_541\Debug\drejeknappelegen.a(CyLib.o)
 .text.CyMasterClk_SetSource
                0x00000000       0x18 .\CortexM3\ARM_GCC_541\Debug\drejeknappelegen.a(CyLib.o)
 .text.CyMasterClk_SetDivider
                0x00000000        0xc .\CortexM3\ARM_GCC_541\Debug\drejeknappelegen.a(CyLib.o)
 .text.CyBusClk_SetDivider
                0x00000000       0x70 .\CortexM3\ARM_GCC_541\Debug\drejeknappelegen.a(CyLib.o)
 .text.CyUsbClk_SetSource
                0x00000000       0x18 .\CortexM3\ARM_GCC_541\Debug\drejeknappelegen.a(CyLib.o)
 .text.CyILO_Start1K
                0x00000000       0x10 .\CortexM3\ARM_GCC_541\Debug\drejeknappelegen.a(CyLib.o)
 .text.CyILO_Stop1K
                0x00000000       0x10 .\CortexM3\ARM_GCC_541\Debug\drejeknappelegen.a(CyLib.o)
 .text.CyILO_Start100K
                0x00000000       0x10 .\CortexM3\ARM_GCC_541\Debug\drejeknappelegen.a(CyLib.o)
 .text.CyILO_Stop100K
                0x00000000       0x10 .\CortexM3\ARM_GCC_541\Debug\drejeknappelegen.a(CyLib.o)
 .text.CyPLL_OUT_Start
                0x00000000       0x78 .\CortexM3\ARM_GCC_541\Debug\drejeknappelegen.a(CyLib.o)
 .text.CyIMO_Start
                0x00000000       0x60 .\CortexM3\ARM_GCC_541\Debug\drejeknappelegen.a(CyLib.o)
 .text.CyILO_Enable33K
                0x00000000       0x10 .\CortexM3\ARM_GCC_541\Debug\drejeknappelegen.a(CyLib.o)
 .text.CyILO_Disable33K
                0x00000000       0x10 .\CortexM3\ARM_GCC_541\Debug\drejeknappelegen.a(CyLib.o)
 .text.CyILO_SetSource
                0x00000000       0x18 .\CortexM3\ARM_GCC_541\Debug\drejeknappelegen.a(CyLib.o)
 .text.CyILO_SetPowerMode
                0x00000000       0x24 .\CortexM3\ARM_GCC_541\Debug\drejeknappelegen.a(CyLib.o)
 .text.CyXTAL_32KHZ_Stop
                0x00000000       0x30 .\CortexM3\ARM_GCC_541\Debug\drejeknappelegen.a(CyLib.o)
 .text.CyXTAL_32KHZ_ReadStatus
                0x00000000       0x10 .\CortexM3\ARM_GCC_541\Debug\drejeknappelegen.a(CyLib.o)
 .text.CyXTAL_Start
                0x00000000       0xac .\CortexM3\ARM_GCC_541\Debug\drejeknappelegen.a(CyLib.o)
 .text.CyXTAL_Stop
                0x00000000       0x10 .\CortexM3\ARM_GCC_541\Debug\drejeknappelegen.a(CyLib.o)
 .text.CyXTAL_EnableErrStatus
                0x00000000       0x10 .\CortexM3\ARM_GCC_541\Debug\drejeknappelegen.a(CyLib.o)
 .text.CyXTAL_DisableErrStatus
                0x00000000       0x10 .\CortexM3\ARM_GCC_541\Debug\drejeknappelegen.a(CyLib.o)
 .text.CyXTAL_ReadStatus
                0x00000000       0x18 .\CortexM3\ARM_GCC_541\Debug\drejeknappelegen.a(CyLib.o)
 .text.CyXTAL_EnableFaultRecovery
                0x00000000       0x10 .\CortexM3\ARM_GCC_541\Debug\drejeknappelegen.a(CyLib.o)
 .text.CyXTAL_DisableFaultRecovery
                0x00000000       0x10 .\CortexM3\ARM_GCC_541\Debug\drejeknappelegen.a(CyLib.o)
 .text.CyXTAL_SetStartup
                0x00000000       0x18 .\CortexM3\ARM_GCC_541\Debug\drejeknappelegen.a(CyLib.o)
 .text.CyXTAL_SetFbVoltage
                0x00000000       0x18 .\CortexM3\ARM_GCC_541\Debug\drejeknappelegen.a(CyLib.o)
 .text.CyXTAL_SetWdVoltage
                0x00000000       0x18 .\CortexM3\ARM_GCC_541\Debug\drejeknappelegen.a(CyLib.o)
 .text.CyHalt   0x00000000        0x4 .\CortexM3\ARM_GCC_541\Debug\drejeknappelegen.a(CyLib.o)
 .text.CyPLL_OUT_SetPQ
                0x00000000       0x60 .\CortexM3\ARM_GCC_541\Debug\drejeknappelegen.a(CyLib.o)
 .text.CyPLL_OUT_SetSource
                0x00000000       0x34 .\CortexM3\ARM_GCC_541\Debug\drejeknappelegen.a(CyLib.o)
 .text.CyIMO_SetTrimValue
                0x00000000       0xcc .\CortexM3\ARM_GCC_541\Debug\drejeknappelegen.a(CyLib.o)
 .text.CyIMO_SetFreq
                0x00000000       0xf4 .\CortexM3\ARM_GCC_541\Debug\drejeknappelegen.a(CyLib.o)
 .text.CyIMO_SetSource
                0x00000000       0x58 .\CortexM3\ARM_GCC_541\Debug\drejeknappelegen.a(CyLib.o)
 .text.CySoftwareReset
                0x00000000       0x10 .\CortexM3\ARM_GCC_541\Debug\drejeknappelegen.a(CyLib.o)
 .text.CyXTAL_32KHZ_SetPowerMode
                0x00000000       0x84 .\CortexM3\ARM_GCC_541\Debug\drejeknappelegen.a(CyLib.o)
 .text.CyXTAL_32KHZ_Start
                0x00000000       0x74 .\CortexM3\ARM_GCC_541\Debug\drejeknappelegen.a(CyLib.o)
 .text.CyDelayFreq
                0x00000000       0x4c .\CortexM3\ARM_GCC_541\Debug\drejeknappelegen.a(CyLib.o)
 .text.CyWdtStart
                0x00000000       0x40 .\CortexM3\ARM_GCC_541\Debug\drejeknappelegen.a(CyLib.o)
 .text.CyWdtClear
                0x00000000        0xc .\CortexM3\ARM_GCC_541\Debug\drejeknappelegen.a(CyLib.o)
 .text.CyVdStickyStatus
                0x00000000       0x2c .\CortexM3\ARM_GCC_541\Debug\drejeknappelegen.a(CyLib.o)
 .text.CyVdLvDigitEnable
                0x00000000       0x84 .\CortexM3\ARM_GCC_541\Debug\drejeknappelegen.a(CyLib.o)
 .text.CyVdLvAnalogEnable
                0x00000000       0x80 .\CortexM3\ARM_GCC_541\Debug\drejeknappelegen.a(CyLib.o)
 .text.CyVdLvDigitDisable
                0x00000000       0x30 .\CortexM3\ARM_GCC_541\Debug\drejeknappelegen.a(CyLib.o)
 .text.CyVdLvAnalogDisable
                0x00000000       0x28 .\CortexM3\ARM_GCC_541\Debug\drejeknappelegen.a(CyLib.o)
 .text.CyVdHvAnalogEnable
                0x00000000       0x54 .\CortexM3\ARM_GCC_541\Debug\drejeknappelegen.a(CyLib.o)
 .text.CyVdHvAnalogDisable
                0x00000000       0x20 .\CortexM3\ARM_GCC_541\Debug\drejeknappelegen.a(CyLib.o)
 .text.CyVdRealTimeStatus
                0x00000000       0x1c .\CortexM3\ARM_GCC_541\Debug\drejeknappelegen.a(CyLib.o)
 .text.CyDisableInts
                0x00000000       0x1c .\CortexM3\ARM_GCC_541\Debug\drejeknappelegen.a(CyLib.o)
 .text.CyEnableInts
                0x00000000       0x18 .\CortexM3\ARM_GCC_541\Debug\drejeknappelegen.a(CyLib.o)
 .text.CyFlushCache
                0x00000000       0x44 .\CortexM3\ARM_GCC_541\Debug\drejeknappelegen.a(CyLib.o)
 .text.CyIntSetSysVector
                0x00000000       0x28 .\CortexM3\ARM_GCC_541\Debug\drejeknappelegen.a(CyLib.o)
 .text.CyIntGetSysVector
                0x00000000       0x20 .\CortexM3\ARM_GCC_541\Debug\drejeknappelegen.a(CyLib.o)
 .text.CyIntSetVector
                0x00000000       0x28 .\CortexM3\ARM_GCC_541\Debug\drejeknappelegen.a(CyLib.o)
 .text.CyIntGetVector
                0x00000000       0x24 .\CortexM3\ARM_GCC_541\Debug\drejeknappelegen.a(CyLib.o)
 .text.CyIntSetPriority
                0x00000000       0x30 .\CortexM3\ARM_GCC_541\Debug\drejeknappelegen.a(CyLib.o)
 .text.CyIntGetPriority
                0x00000000       0x20 .\CortexM3\ARM_GCC_541\Debug\drejeknappelegen.a(CyLib.o)
 .text.CyIntGetState
                0x00000000       0x24 .\CortexM3\ARM_GCC_541\Debug\drejeknappelegen.a(CyLib.o)
 .text.CySysTickStop
                0x00000000       0x10 .\CortexM3\ARM_GCC_541\Debug\drejeknappelegen.a(CyLib.o)
 .text.CySysTickEnableInterrupt
                0x00000000       0x10 .\CortexM3\ARM_GCC_541\Debug\drejeknappelegen.a(CyLib.o)
 .text.CySysTickEnable
                0x00000000       0x18 .\CortexM3\ARM_GCC_541\Debug\drejeknappelegen.a(CyLib.o)
 .text.CySysTickDisableInterrupt
                0x00000000       0x10 .\CortexM3\ARM_GCC_541\Debug\drejeknappelegen.a(CyLib.o)
 .text.CySysTickSetReload
                0x00000000       0x10 .\CortexM3\ARM_GCC_541\Debug\drejeknappelegen.a(CyLib.o)
 .text.CySysTickGetReload
                0x00000000       0x10 .\CortexM3\ARM_GCC_541\Debug\drejeknappelegen.a(CyLib.o)
 .text.CySysTickGetValue
                0x00000000       0x10 .\CortexM3\ARM_GCC_541\Debug\drejeknappelegen.a(CyLib.o)
 .text.CySysTickSetClockSource
                0x00000000       0x20 .\CortexM3\ARM_GCC_541\Debug\drejeknappelegen.a(CyLib.o)
 .text.CySysTickGetClockSource
                0x00000000       0x10 .\CortexM3\ARM_GCC_541\Debug\drejeknappelegen.a(CyLib.o)
 .text.CySysTickGetCountFlag
                0x00000000       0x10 .\CortexM3\ARM_GCC_541\Debug\drejeknappelegen.a(CyLib.o)
 .text.CySysTickServiceCallbacks
                0x00000000       0x28 .\CortexM3\ARM_GCC_541\Debug\drejeknappelegen.a(CyLib.o)
 .text.CySysTickClear
                0x00000000        0xc .\CortexM3\ARM_GCC_541\Debug\drejeknappelegen.a(CyLib.o)
 .text.CySysTickInit
                0x00000000       0x58 .\CortexM3\ARM_GCC_541\Debug\drejeknappelegen.a(CyLib.o)
 .text.CySysTickStart
                0x00000000       0x1c .\CortexM3\ARM_GCC_541\Debug\drejeknappelegen.a(CyLib.o)
 .text.CySysTickSetCallback
                0x00000000       0x10 .\CortexM3\ARM_GCC_541\Debug\drejeknappelegen.a(CyLib.o)
 .text.CySysTickGetCallback
                0x00000000       0x10 .\CortexM3\ARM_GCC_541\Debug\drejeknappelegen.a(CyLib.o)
 .text.CyGetUniqueId
                0x00000000       0x70 .\CortexM3\ARM_GCC_541\Debug\drejeknappelegen.a(CyLib.o)
 .text          0x00000000        0x0 .\CortexM3\ARM_GCC_541\Debug\drejeknappelegen.a(cyPm.o)
 .data          0x00000000        0x0 .\CortexM3\ARM_GCC_541\Debug\drejeknappelegen.a(cyPm.o)
 .bss           0x00000000       0x43 .\CortexM3\ARM_GCC_541\Debug\drejeknappelegen.a(cyPm.o)
 .text.CyPmHibSlpSaveSet
                0x00000000      0x1dc .\CortexM3\ARM_GCC_541\Debug\drejeknappelegen.a(cyPm.o)
 .text.CyPmHibSlpRestore
                0x00000000       0xd8 .\CortexM3\ARM_GCC_541\Debug\drejeknappelegen.a(cyPm.o)
 .text.CyPmHviLviSaveDisable
                0x00000000       0xa0 .\CortexM3\ARM_GCC_541\Debug\drejeknappelegen.a(cyPm.o)
 .text.CyPmHibSaveSet
                0x00000000       0x98 .\CortexM3\ARM_GCC_541\Debug\drejeknappelegen.a(cyPm.o)
 .text.CyPmHviLviRestore
                0x00000000       0x48 .\CortexM3\ARM_GCC_541\Debug\drejeknappelegen.a(cyPm.o)
 .text.CyPmHibRestore
                0x00000000       0x60 .\CortexM3\ARM_GCC_541\Debug\drejeknappelegen.a(cyPm.o)
 .text.CyPmSaveClocks
                0x00000000      0x218 .\CortexM3\ARM_GCC_541\Debug\drejeknappelegen.a(cyPm.o)
 .text.CyPmRestoreClocks
                0x00000000      0x24c .\CortexM3\ARM_GCC_541\Debug\drejeknappelegen.a(cyPm.o)
 .text.CyPmAltAct
                0x00000000       0x6c .\CortexM3\ARM_GCC_541\Debug\drejeknappelegen.a(cyPm.o)
 .text.CyPmSleep
                0x00000000       0xf4 .\CortexM3\ARM_GCC_541\Debug\drejeknappelegen.a(cyPm.o)
 .text.CyPmHibernateEx
                0x00000000       0xf4 .\CortexM3\ARM_GCC_541\Debug\drejeknappelegen.a(cyPm.o)
 .text.CyPmHibernate
                0x00000000        0xc .\CortexM3\ARM_GCC_541\Debug\drejeknappelegen.a(cyPm.o)
 .text.CyPmReadStatus
                0x00000000       0x30 .\CortexM3\ARM_GCC_541\Debug\drejeknappelegen.a(cyPm.o)
 .text.CyPmCtwSetInterval
                0x00000000       0x5c .\CortexM3\ARM_GCC_541\Debug\drejeknappelegen.a(cyPm.o)
 .text.CyPmOppsSet
                0x00000000       0x2c .\CortexM3\ARM_GCC_541\Debug\drejeknappelegen.a(cyPm.o)
 .text.CyPmFtwSetInterval
                0x00000000       0x5c .\CortexM3\ARM_GCC_541\Debug\drejeknappelegen.a(cyPm.o)
 .rodata        0x00000000        0xf .\CortexM3\ARM_GCC_541\Debug\drejeknappelegen.a(cyPm.o)
 .text          0x00000000        0x0 .\CortexM3\ARM_GCC_541\Debug\drejeknappelegen.a(isr_Button.o)
 .data          0x00000000        0x0 .\CortexM3\ARM_GCC_541\Debug\drejeknappelegen.a(isr_Button.o)
 .bss           0x00000000        0x0 .\CortexM3\ARM_GCC_541\Debug\drejeknappelegen.a(isr_Button.o)
 .text.isr_Button_Interrupt
                0x00000000        0x4 .\CortexM3\ARM_GCC_541\Debug\drejeknappelegen.a(isr_Button.o)
 .text.isr_Button_GetVector
                0x00000000        0xc .\CortexM3\ARM_GCC_541\Debug\drejeknappelegen.a(isr_Button.o)
 .text.isr_Button_GetPriority
                0x00000000        0xc .\CortexM3\ARM_GCC_541\Debug\drejeknappelegen.a(isr_Button.o)
 .text.isr_Button_GetState
                0x00000000       0x18 .\CortexM3\ARM_GCC_541\Debug\drejeknappelegen.a(isr_Button.o)
 .text.isr_Button_Start
                0x00000000       0x1c .\CortexM3\ARM_GCC_541\Debug\drejeknappelegen.a(isr_Button.o)
 .text.isr_Button_Stop
                0x00000000       0x14 .\CortexM3\ARM_GCC_541\Debug\drejeknappelegen.a(isr_Button.o)
 .text.isr_Button_SetPending
                0x00000000        0xc .\CortexM3\ARM_GCC_541\Debug\drejeknappelegen.a(isr_Button.o)
 .text.isr_Button_ClearPending
                0x00000000        0xc .\CortexM3\ARM_GCC_541\Debug\drejeknappelegen.a(isr_Button.o)
 .text          0x00000000        0x0 .\CortexM3\ARM_GCC_541\Debug\drejeknappelegen.a(PWM_Servo.o)
 .data          0x00000000        0x0 .\CortexM3\ARM_GCC_541\Debug\drejeknappelegen.a(PWM_Servo.o)
 .text.PWM_Servo_Stop
                0x00000000       0x10 .\CortexM3\ARM_GCC_541\Debug\drejeknappelegen.a(PWM_Servo.o)
 .text.PWM_Servo_ReadCounter
                0x00000000       0x14 .\CortexM3\ARM_GCC_541\Debug\drejeknappelegen.a(PWM_Servo.o)
 .text.PWM_Servo_ReadControlRegister
                0x00000000        0xc .\CortexM3\ARM_GCC_541\Debug\drejeknappelegen.a(PWM_Servo.o)
 .text.PWM_Servo_WriteControlRegister
                0x00000000        0xc .\CortexM3\ARM_GCC_541\Debug\drejeknappelegen.a(PWM_Servo.o)
 .text.PWM_Servo_ReadCompare
                0x00000000        0xc .\CortexM3\ARM_GCC_541\Debug\drejeknappelegen.a(PWM_Servo.o)
 .text.PWM_Servo_ReadPeriod
                0x00000000        0xc .\CortexM3\ARM_GCC_541\Debug\drejeknappelegen.a(PWM_Servo.o)
 .data          0x00000000        0x0 .\CortexM3\ARM_GCC_541\Debug\drejeknappelegen.a(CyBootAsmGnu.o)
 .bss           0x00000000        0x0 .\CortexM3\ARM_GCC_541\Debug\drejeknappelegen.a(CyBootAsmGnu.o)
 .text          0x00000000        0x0 .\CortexM3\ARM_GCC_541\Debug\drejeknappelegen.a(CyFlash.o)
 .data          0x00000000        0x0 .\CortexM3\ARM_GCC_541\Debug\drejeknappelegen.a(CyFlash.o)
 .bss           0x00000000        0x0 .\CortexM3\ARM_GCC_541\Debug\drejeknappelegen.a(CyFlash.o)
 .text.CySetTempInt
                0x00000000       0x60 .\CortexM3\ARM_GCC_541\Debug\drejeknappelegen.a(CyFlash.o)
 .text.CyFlash_Start
                0x00000000       0x54 .\CortexM3\ARM_GCC_541\Debug\drejeknappelegen.a(CyFlash.o)
 .text.CyFlash_Stop
                0x00000000       0x24 .\CortexM3\ARM_GCC_541\Debug\drejeknappelegen.a(CyFlash.o)
 .text.CyFlash_EraseRow
                0x00000000       0x78 .\CortexM3\ARM_GCC_541\Debug\drejeknappelegen.a(CyFlash.o)
 .text.CyFlashGetSpcAlgorithm
                0x00000000       0x4c .\CortexM3\ARM_GCC_541\Debug\drejeknappelegen.a(CyFlash.o)
 .text.CySetTemp
                0x00000000       0x14 .\CortexM3\ARM_GCC_541\Debug\drejeknappelegen.a(CyFlash.o)
 .text.CySetFlashEEBuffer
                0x00000000       0x20 .\CortexM3\ARM_GCC_541\Debug\drejeknappelegen.a(CyFlash.o)
 .text.CyWriteRowFull
                0x00000000       0xf8 .\CortexM3\ARM_GCC_541\Debug\drejeknappelegen.a(CyFlash.o)
 .text.CyWriteRowData
                0x00000000       0x14 .\CortexM3\ARM_GCC_541\Debug\drejeknappelegen.a(CyFlash.o)
 .text.CyFlash_SetWaitCycles
                0x00000000       0x7c .\CortexM3\ARM_GCC_541\Debug\drejeknappelegen.a(CyFlash.o)
 .text.CyEEPROM_Start
                0x00000000       0x54 .\CortexM3\ARM_GCC_541\Debug\drejeknappelegen.a(CyFlash.o)
 .text.CyEEPROM_Stop
                0x00000000       0x24 .\CortexM3\ARM_GCC_541\Debug\drejeknappelegen.a(CyFlash.o)
 .text.CyEEPROM_ReadReserve
                0x00000000       0x1c .\CortexM3\ARM_GCC_541\Debug\drejeknappelegen.a(CyFlash.o)
 .text.CyEEPROM_ReadRelease
                0x00000000       0x10 .\CortexM3\ARM_GCC_541\Debug\drejeknappelegen.a(CyFlash.o)
 COMMON         0x00000000        0x2 .\CortexM3\ARM_GCC_541\Debug\drejeknappelegen.a(CyFlash.o)
 .text          0x00000000        0x0 .\CortexM3\ARM_GCC_541\Debug\drejeknappelegen.a(CySpc.o)
 .data          0x00000000        0x0 .\CortexM3\ARM_GCC_541\Debug\drejeknappelegen.a(CySpc.o)
 .bss           0x00000000        0x8 .\CortexM3\ARM_GCC_541\Debug\drejeknappelegen.a(CySpc.o)
 .text.CySpcStart
                0x00000000       0x24 .\CortexM3\ARM_GCC_541\Debug\drejeknappelegen.a(CySpc.o)
 .text.CySpcStop
                0x00000000       0x24 .\CortexM3\ARM_GCC_541\Debug\drejeknappelegen.a(CySpc.o)
 .text.CySpcReadData
                0x00000000       0x34 .\CortexM3\ARM_GCC_541\Debug\drejeknappelegen.a(CySpc.o)
 .text.CySpcLoadMultiByte
                0x00000000       0x78 .\CortexM3\ARM_GCC_541\Debug\drejeknappelegen.a(CySpc.o)
 .text.CySpcLoadRow
                0x00000000       0x50 .\CortexM3\ARM_GCC_541\Debug\drejeknappelegen.a(CySpc.o)
 .text.CySpcLoadRowFull
                0x00000000       0x80 .\CortexM3\ARM_GCC_541\Debug\drejeknappelegen.a(CySpc.o)
 .text.CySpcWriteRow
                0x00000000       0x4c .\CortexM3\ARM_GCC_541\Debug\drejeknappelegen.a(CySpc.o)
 .text.CySpcEraseSector
                0x00000000       0x3c .\CortexM3\ARM_GCC_541\Debug\drejeknappelegen.a(CySpc.o)
 .text.CySpcEraseRow
                0x00000000       0x4c .\CortexM3\ARM_GCC_541\Debug\drejeknappelegen.a(CySpc.o)
 .text.CySpcGetTemp
                0x00000000       0x3c .\CortexM3\ARM_GCC_541\Debug\drejeknappelegen.a(CySpc.o)
 .text.CySpcLock
                0x00000000       0x4c .\CortexM3\ARM_GCC_541\Debug\drejeknappelegen.a(CySpc.o)
 .text.CySpcUnlock
                0x00000000       0x38 .\CortexM3\ARM_GCC_541\Debug\drejeknappelegen.a(CySpc.o)
 .text.CySpcGetAlgorithm
                0x00000000       0x28 .\CortexM3\ARM_GCC_541\Debug\drejeknappelegen.a(CySpc.o)
 .text          0x00000000        0x0 c:/program files (x86)/cypress/psoc creator/4.4/psoc creator/import/gnu/arm/5.4.1/bin/../lib/gcc/arm-none-eabi/5.4.1/../../../../arm-none-eabi/lib/armv7-m\libg_nano.a(lib_a-errno.o)
 .data          0x00000000        0x0 c:/program files (x86)/cypress/psoc creator/4.4/psoc creator/import/gnu/arm/5.4.1/bin/../lib/gcc/arm-none-eabi/5.4.1/../../../../arm-none-eabi/lib/armv7-m\libg_nano.a(lib_a-errno.o)
 .bss           0x00000000        0x0 c:/program files (x86)/cypress/psoc creator/4.4/psoc creator/import/gnu/arm/5.4.1/bin/../lib/gcc/arm-none-eabi/5.4.1/../../../../arm-none-eabi/lib/armv7-m\libg_nano.a(lib_a-errno.o)
 .text          0x00000000        0x0 c:/program files (x86)/cypress/psoc creator/4.4/psoc creator/import/gnu/arm/5.4.1/bin/../lib/gcc/arm-none-eabi/5.4.1/../../../../arm-none-eabi/lib/armv7-m\libg_nano.a(lib_a-exit.o)
 .data          0x00000000        0x0 c:/program files (x86)/cypress/psoc creator/4.4/psoc creator/import/gnu/arm/5.4.1/bin/../lib/gcc/arm-none-eabi/5.4.1/../../../../arm-none-eabi/lib/armv7-m\libg_nano.a(lib_a-exit.o)
 .bss           0x00000000        0x0 c:/program files (x86)/cypress/psoc creator/4.4/psoc creator/import/gnu/arm/5.4.1/bin/../lib/gcc/arm-none-eabi/5.4.1/../../../../arm-none-eabi/lib/armv7-m\libg_nano.a(lib_a-exit.o)
 .text.exit     0x00000000       0x28 c:/program files (x86)/cypress/psoc creator/4.4/psoc creator/import/gnu/arm/5.4.1/bin/../lib/gcc/arm-none-eabi/5.4.1/../../../../arm-none-eabi/lib/armv7-m\libg_nano.a(lib_a-exit.o)
 .text          0x00000000        0x0 c:/program files (x86)/cypress/psoc creator/4.4/psoc creator/import/gnu/arm/5.4.1/bin/../lib/gcc/arm-none-eabi/5.4.1/../../../../arm-none-eabi/lib/armv7-m\libg_nano.a(lib_a-impure.o)
 .data          0x00000000        0x0 c:/program files (x86)/cypress/psoc creator/4.4/psoc creator/import/gnu/arm/5.4.1/bin/../lib/gcc/arm-none-eabi/5.4.1/../../../../arm-none-eabi/lib/armv7-m\libg_nano.a(lib_a-impure.o)
 .bss           0x00000000        0x0 c:/program files (x86)/cypress/psoc creator/4.4/psoc creator/import/gnu/arm/5.4.1/bin/../lib/gcc/arm-none-eabi/5.4.1/../../../../arm-none-eabi/lib/armv7-m\libg_nano.a(lib_a-impure.o)
 .rodata._global_impure_ptr
                0x00000000        0x4 c:/program files (x86)/cypress/psoc creator/4.4/psoc creator/import/gnu/arm/5.4.1/bin/../lib/gcc/arm-none-eabi/5.4.1/../../../../arm-none-eabi/lib/armv7-m\libg_nano.a(lib_a-impure.o)
 .text          0x00000000        0x0 c:/program files (x86)/cypress/psoc creator/4.4/psoc creator/import/gnu/arm/5.4.1/bin/../lib/gcc/arm-none-eabi/5.4.1/../../../../arm-none-eabi/lib/armv7-m\libg_nano.a(lib_a-init.o)
 .data          0x00000000        0x0 c:/program files (x86)/cypress/psoc creator/4.4/psoc creator/import/gnu/arm/5.4.1/bin/../lib/gcc/arm-none-eabi/5.4.1/../../../../arm-none-eabi/lib/armv7-m\libg_nano.a(lib_a-init.o)
 .bss           0x00000000        0x0 c:/program files (x86)/cypress/psoc creator/4.4/psoc creator/import/gnu/arm/5.4.1/bin/../lib/gcc/arm-none-eabi/5.4.1/../../../../arm-none-eabi/lib/armv7-m\libg_nano.a(lib_a-init.o)
 .text          0x00000000        0x0 c:/program files (x86)/cypress/psoc creator/4.4/psoc creator/import/gnu/arm/5.4.1/bin/../lib/gcc/arm-none-eabi/5.4.1/../../../../arm-none-eabi/lib/armv7-m\libg_nano.a(lib_a-memcpy-stub.o)
 .data          0x00000000        0x0 c:/program files (x86)/cypress/psoc creator/4.4/psoc creator/import/gnu/arm/5.4.1/bin/../lib/gcc/arm-none-eabi/5.4.1/../../../../arm-none-eabi/lib/armv7-m\libg_nano.a(lib_a-memcpy-stub.o)
 .bss           0x00000000        0x0 c:/program files (x86)/cypress/psoc creator/4.4/psoc creator/import/gnu/arm/5.4.1/bin/../lib/gcc/arm-none-eabi/5.4.1/../../../../arm-none-eabi/lib/armv7-m\libg_nano.a(lib_a-memcpy-stub.o)
 .text          0x00000000        0x0 c:/program files (x86)/cypress/psoc creator/4.4/psoc creator/import/gnu/arm/5.4.1/bin/../lib/gcc/arm-none-eabi/5.4.1/../../../../arm-none-eabi/lib/armv7-m\libg_nano.a(lib_a-memset.o)
 .data          0x00000000        0x0 c:/program files (x86)/cypress/psoc creator/4.4/psoc creator/import/gnu/arm/5.4.1/bin/../lib/gcc/arm-none-eabi/5.4.1/../../../../arm-none-eabi/lib/armv7-m\libg_nano.a(lib_a-memset.o)
 .bss           0x00000000        0x0 c:/program files (x86)/cypress/psoc creator/4.4/psoc creator/import/gnu/arm/5.4.1/bin/../lib/gcc/arm-none-eabi/5.4.1/../../../../arm-none-eabi/lib/armv7-m\libg_nano.a(lib_a-memset.o)
 .text          0x00000000        0x0 c:/program files (x86)/cypress/psoc creator/4.4/psoc creator/import/gnu/arm/5.4.1/bin/../lib/gcc/arm-none-eabi/5.4.1/armv7-m/crtend.o
 .data          0x00000000        0x0 c:/program files (x86)/cypress/psoc creator/4.4/psoc creator/import/gnu/arm/5.4.1/bin/../lib/gcc/arm-none-eabi/5.4.1/armv7-m/crtend.o
 .bss           0x00000000        0x0 c:/program files (x86)/cypress/psoc creator/4.4/psoc creator/import/gnu/arm/5.4.1/bin/../lib/gcc/arm-none-eabi/5.4.1/armv7-m/crtend.o
 .text          0x00000000        0x0 c:/program files (x86)/cypress/psoc creator/4.4/psoc creator/import/gnu/arm/5.4.1/bin/../lib/gcc/arm-none-eabi/5.4.1/armv7-m/crtn.o
 .data          0x00000000        0x0 c:/program files (x86)/cypress/psoc creator/4.4/psoc creator/import/gnu/arm/5.4.1/bin/../lib/gcc/arm-none-eabi/5.4.1/armv7-m/crtn.o
 .bss           0x00000000        0x0 c:/program files (x86)/cypress/psoc creator/4.4/psoc creator/import/gnu/arm/5.4.1/bin/../lib/gcc/arm-none-eabi/5.4.1/armv7-m/crtn.o

Memory Configuration

Name             Origin             Length             Attributes
rom              0x00000000         0x00040000         xr
ram              0x1fff8000         0x00010000         xrw
*default*        0x00000000         0xffffffff

Linker script and memory map

LOAD c:/program files (x86)/cypress/psoc creator/4.4/psoc creator/import/gnu/arm/5.4.1/bin/../lib/gcc/arm-none-eabi/5.4.1/armv7-m/crti.o
LOAD c:/program files (x86)/cypress/psoc creator/4.4/psoc creator/import/gnu/arm/5.4.1/bin/../lib/gcc/arm-none-eabi/5.4.1/armv7-m/crtbegin.o
LOAD c:/program files (x86)/cypress/psoc creator/4.4/psoc creator/import/gnu/arm/5.4.1/bin/../lib/gcc/arm-none-eabi/5.4.1/../../../../arm-none-eabi/lib/armv7-m/crt0.o
START GROUP
LOAD .\CortexM3\ARM_GCC_541\Debug\accel.o
LOAD .\CortexM3\ARM_GCC_541\Debug\alarm.o
LOAD .\CortexM3\ARM_GCC_541\Debug\keypad.o
LOAD .\CortexM3\ARM_GCC_541\Debug\lock.o
LOAD .\CortexM3\ARM_GCC_541\Debug\main.o
LOAD .\CortexM3\ARM_GCC_541\Debug\rotary.o
LOAD .\CortexM3\ARM_GCC_541\Debug\servo.o
LOAD .\CortexM3\ARM_GCC_541\Debug\cyfitter_cfg.o
LOAD .\CortexM3\ARM_GCC_541\Debug\cymetadata.o
LOAD .\CortexM3\ARM_GCC_541\Debug\Cm3Start.o
LOAD .\CortexM3\ARM_GCC_541\Debug\drejeknappelegen.a
LOAD C:\Program Files (x86)\Cypress\PSoC Creator\4.4\PSoC Creator\psoc\content\cycomponentlibrary\CyComponentLibrary.cylib\CortexM3\ARM_GCC_541\Debug\CyComponentLibrary.a
END GROUP
START GROUP
LOAD c:/program files (x86)/cypress/psoc creator/4.4/psoc creator/import/gnu/arm/5.4.1/bin/../lib/gcc/arm-none-eabi/5.4.1/armv7-m\libgcc.a
LOAD c:/program files (x86)/cypress/psoc creator/4.4/psoc creator/import/gnu/arm/5.4.1/bin/../lib/gcc/arm-none-eabi/5.4.1/../../../../arm-none-eabi/lib/armv7-m\libg_nano.a
LOAD c:/program files (x86)/cypress/psoc creator/4.4/psoc creator/import/gnu/arm/5.4.1/bin/../lib/gcc/arm-none-eabi/5.4.1/../../../../arm-none-eabi/lib/armv7-m\libc_nano.a
END GROUP
START GROUP
LOAD c:/program files (x86)/cypress/psoc creator/4.4/psoc creator/import/gnu/arm/5.4.1/bin/../lib/gcc/arm-none-eabi/5.4.1/armv7-m\libgcc.a
LOAD c:/program files (x86)/cypress/psoc creator/4.4/psoc creator/import/gnu/arm/5.4.1/bin/../lib/gcc/arm-none-eabi/5.4.1/../../../../arm-none-eabi/lib/armv7-m\libc_nano.a
END GROUP
LOAD c:/program files (x86)/cypress/psoc creator/4.4/psoc creator/import/gnu/arm/5.4.1/bin/../lib/gcc/arm-none-eabi/5.4.1/armv7-m/crtend.o
LOAD c:/program files (x86)/cypress/psoc creator/4.4/psoc creator/import/gnu/arm/5.4.1/bin/../lib/gcc/arm-none-eabi/5.4.1/armv7-m/crtn.o
START GROUP
LOAD c:/program files (x86)/cypress/psoc creator/4.4/psoc creator/import/gnu/arm/5.4.1/bin/../lib/gcc/arm-none-eabi/5.4.1/armv7-m\libgcc.a
LOAD c:/program files (x86)/cypress/psoc creator/4.4/psoc creator/import/gnu/arm/5.4.1/bin/../lib/gcc/arm-none-eabi/5.4.1/../../../../arm-none-eabi/lib/armv7-m\libc.a
LOAD c:/program files (x86)/cypress/psoc creator/4.4/psoc creator/import/gnu/arm/5.4.1/bin/../lib/gcc/arm-none-eabi/5.4.1/../../../../arm-none-eabi/lib/armv7-m\libnosys.a
END GROUP
                0x00000000                CY_APPL_ORIGIN = 0x0
                0x00000100                CY_FLASH_ROW_SIZE = 0x100
                0x00000020                CY_ECC_ROW_SIZE = 0x20
                0x00000000                CY_EE_IN_BTLDR = 0x0
                0x00000000                CY_APPL_LOADABLE = 0x0
                0x00000800                CY_EE_SIZE = 0x800
                0x00000001                CY_APPL_NUM = 0x1
                0x00000001                CY_APPL_MAX = 0x1
                0x00000040                CY_METADATA_SIZE = 0x40
                0x00000000                CY_APPL_LOADABLE = 0x0
                0x00000000                CY_CHECKSUM_EXCLUDE_SIZE = ALIGN (0x0, CY_FLASH_ROW_SIZE)
                [!provide]                PROVIDE (__cy_heap_start, _end)
                0x00000001                PROVIDE (__cy_region_num, ((__cy_regions_end - __cy_regions) / 0x10))
                0x20008000                PROVIDE (__cy_stack, (ORIGIN (ram) + LENGTH (ram)))
                [!provide]                PROVIDE (__cy_heap_end, (__cy_stack - 0x800))

.cybootloader   0x00000000        0x0
 *(.cybootloader)
                0x00000000                appl1_start = CY_APPL_ORIGIN?CY_APPL_ORIGIN:ALIGN (CY_FLASH_ROW_SIZE)
                0x0001ff00                appl2_start = (appl1_start + ALIGN ((((LENGTH (rom) - appl1_start) - (0x2 * CY_FLASH_ROW_SIZE)) / 0x2), CY_FLASH_ROW_SIZE))
                0x00000000                appl_start = (CY_APPL_NUM == 0x1)?appl1_start:appl2_start
                0x00000000                ecc_offset = ((appl_start / CY_FLASH_ROW_SIZE) * CY_ECC_ROW_SIZE)
                0x00000000                ee_offset = (CY_APPL_LOADABLE && ! (CY_EE_IN_BTLDR))?((CY_EE_SIZE / CY_APPL_MAX) * (CY_APPL_NUM - 0x1)):0x0
                0x00000800                ee_size = (CY_APPL_LOADABLE && ! (CY_EE_IN_BTLDR))?(CY_EE_SIZE / CY_APPL_MAX):CY_EE_SIZE
                [!provide]                PROVIDE (CY_ECC_OFFSET, ecc_offset)

.text           0x00000000      0x836
 CREATE_OBJECT_SYMBOLS
                0x00000000                PROVIDE (__cy_interrupt_vector, RomVectors)
 *(.romvectors)
 .romvectors    0x00000000       0x10 .\CortexM3\ARM_GCC_541\Debug\Cm3Start.o
                0x00000000                RomVectors
                0x00000001                ASSERT ((. != __cy_interrupt_vector), No interrupt vector)
                0x00000001                ASSERT (CY_APPL_ORIGIN?(SIZEOF (.cybootloader) <= CY_APPL_ORIGIN):0x1, Wrong image location)
                0x00000010                PROVIDE (__cy_reset, Reset)
 *(.text.Reset)
 .text.Reset    0x00000010       0x18 .\CortexM3\ARM_GCC_541\Debug\Cm3Start.o
                0x00000010                Reset
                0x00000001                ASSERT ((. != __cy_reset), No reset code)
 *(.dma_init)
                0x00000001                ASSERT ((((appl_start + .) <= 0x10000) || 0x1), DMA Init must be within the first 64k of flash)
 *(.text .text.* .gnu.linkonce.t.*)
 .text          0x00000028       0x5c c:/program files (x86)/cypress/psoc creator/4.4/psoc creator/import/gnu/arm/5.4.1/bin/../lib/gcc/arm-none-eabi/5.4.1/armv7-m/crtbegin.o
 .text.Accel_Init
                0x00000084        0x4 .\CortexM3\ARM_GCC_541\Debug\accel.o
                0x00000084                Accel_Init
 .text.Accel_MovementDetected
                0x00000088        0x4 .\CortexM3\ARM_GCC_541\Debug\accel.o
                0x00000088                Accel_MovementDetected
 .text.Alarm_Trigger
                0x0000008c        0xc .\CortexM3\ARM_GCC_541\Debug\alarm.o
                0x0000008c                Alarm_Trigger
 .text.Alarm_Stop
                0x00000098        0xc .\CortexM3\ARM_GCC_541\Debug\alarm.o
                0x00000098                Alarm_Stop
 .text.Alarm_IsActive
                0x000000a4        0xc .\CortexM3\ARM_GCC_541\Debug\alarm.o
                0x000000a4                Alarm_IsActive
 .text.isr_Button
                0x000000b0       0x24 .\CortexM3\ARM_GCC_541\Debug\keypad.o
                0x000000b0                isr_Button
 .text.ShowDigit
                0x000000d4       0x34 .\CortexM3\ARM_GCC_541\Debug\keypad.o
 .text.Keypad_Init
                0x00000108       0x14 .\CortexM3\ARM_GCC_541\Debug\keypad.o
                0x00000108                Keypad_Init
 .text.Keypad_Update
                0x0000011c       0x38 .\CortexM3\ARM_GCC_541\Debug\keypad.o
                0x0000011c                Keypad_Update
 .text.Keypad_IsComplete
                0x00000154       0x14 .\CortexM3\ARM_GCC_541\Debug\keypad.o
                0x00000154                Keypad_IsComplete
 .text.Keypad_GetCode
                0x00000168        0xc .\CortexM3\ARM_GCC_541\Debug\keypad.o
                0x00000168                Keypad_GetCode
 .text.Keypad_Reset
                0x00000174       0x10 .\CortexM3\ARM_GCC_541\Debug\keypad.o
                0x00000174                Keypad_Reset
 .text.Lock_Handle
                0x00000184       0x24 .\CortexM3\ARM_GCC_541\Debug\lock.o
                0x00000184                Lock_Handle
 .text.main     0x000001a8       0x40 .\CortexM3\ARM_GCC_541\Debug\main.o
                0x000001a8                main
 .text.isr_Rot  0x000001e8       0x2c .\CortexM3\ARM_GCC_541\Debug\rotary.o
                0x000001e8                isr_Rot
 .text.Rotary_Init
                0x00000214       0x10 .\CortexM3\ARM_GCC_541\Debug\rotary.o
                0x00000214                Rotary_Init
 .text.Rotary_GetDelta
                0x00000224       0x10 .\CortexM3\ARM_GCC_541\Debug\rotary.o
                0x00000224                Rotary_GetDelta
 .text.Servo_Init
                0x00000234        0x8 .\CortexM3\ARM_GCC_541\Debug\servo.o
                0x00000234                Servo_Init
 .text.Servo_Open
                0x0000023c       0x14 .\CortexM3\ARM_GCC_541\Debug\servo.o
                0x0000023c                Servo_Open
 .text.CyClockStartupError
                0x00000250        0x4 .\CortexM3\ARM_GCC_541\Debug\cyfitter_cfg.o
 .text.cfg_write_bytes32
                0x00000254       0x34 .\CortexM3\ARM_GCC_541\Debug\cyfitter_cfg.o
 .text.CYMEMZERO
                0x00000288        0xc .\CortexM3\ARM_GCC_541\Debug\cyfitter_cfg.o
 .text.AnalogSetDefault
                0x00000294       0x74 .\CortexM3\ARM_GCC_541\Debug\cyfitter_cfg.o
 .text.CYCONFIGCPY
                0x00000308        0x8 .\CortexM3\ARM_GCC_541\Debug\cyfitter_cfg.o
 .text.ClockSetup
                0x00000310       0xf4 .\CortexM3\ARM_GCC_541\Debug\cyfitter_cfg.o
 .text.cyfitter_cfg
                0x00000404       0xf0 .\CortexM3\ARM_GCC_541\Debug\cyfitter_cfg.o
                0x00000404                cyfitter_cfg
 .text.IntDefaultHandler
                0x000004f4       0x10 .\CortexM3\ARM_GCC_541\Debug\Cm3Start.o
                0x000004f4                IntDefaultHandler
 .text.Start_c  0x00000504       0x4c .\CortexM3\ARM_GCC_541\Debug\Cm3Start.o
                0x00000504                Start_c
 .text.initialize_psoc
                0x00000550       0x68 .\CortexM3\ARM_GCC_541\Debug\Cm3Start.o
                0x00000550                initialize_psoc
 .text.isr_Rot_SetVector
                0x000005b8        0xc .\CortexM3\ARM_GCC_541\Debug\drejeknappelegen.a(isr_Rot.o)
                0x000005b8                isr_Rot_SetVector
 .text.isr_Rot_SetPriority
                0x000005c4       0x10 .\CortexM3\ARM_GCC_541\Debug\drejeknappelegen.a(isr_Rot.o)
                0x000005c4                isr_Rot_SetPriority
 .text.isr_Rot_Enable
                0x000005d4        0xc .\CortexM3\ARM_GCC_541\Debug\drejeknappelegen.a(isr_Rot.o)
                0x000005d4                isr_Rot_Enable
 .text.isr_Rot_Disable
                0x000005e0        0xc .\CortexM3\ARM_GCC_541\Debug\drejeknappelegen.a(isr_Rot.o)
                0x000005e0                isr_Rot_Disable
 .text.isr_Rot_StartEx
                0x000005ec       0x1c .\CortexM3\ARM_GCC_541\Debug\drejeknappelegen.a(isr_Rot.o)
                0x000005ec                isr_Rot_StartEx
 .text.Green_LED_Write
                0x00000608       0x18 .\CortexM3\ARM_GCC_541\Debug\drejeknappelegen.a(Green_LED.o)
                0x00000608                Green_LED_Write
 .text.Status_Rot_B_Read
                0x00000620        0xc .\CortexM3\ARM_GCC_541\Debug\drejeknappelegen.a(Status_Rot_B.o)
                0x00000620                Status_Rot_B_Read
 .text.CyDelay  0x0000062c       0x2c .\CortexM3\ARM_GCC_541\Debug\drejeknappelegen.a(CyLib.o)
                0x0000062c                CyDelay
 .text.CyDelayUs
                0x00000658       0x14 .\CortexM3\ARM_GCC_541\Debug\drejeknappelegen.a(CyLib.o)
                0x00000658                CyDelayUs
 .text.isr_Button_SetVector
                0x0000066c        0xc .\CortexM3\ARM_GCC_541\Debug\drejeknappelegen.a(isr_Button.o)
                0x0000066c                isr_Button_SetVector
 .text.isr_Button_SetPriority
                0x00000678       0x10 .\CortexM3\ARM_GCC_541\Debug\drejeknappelegen.a(isr_Button.o)
                0x00000678                isr_Button_SetPriority
 .text.isr_Button_Enable
                0x00000688        0xc .\CortexM3\ARM_GCC_541\Debug\drejeknappelegen.a(isr_Button.o)
                0x00000688                isr_Button_Enable
 .text.isr_Button_Disable
                0x00000694        0xc .\CortexM3\ARM_GCC_541\Debug\drejeknappelegen.a(isr_Button.o)
                0x00000694                isr_Button_Disable
 .text.isr_Button_StartEx
                0x000006a0       0x1c .\CortexM3\ARM_GCC_541\Debug\drejeknappelegen.a(isr_Button.o)
                0x000006a0                isr_Button_StartEx
 .text.PWM_Servo_Enable
                0x000006bc       0x10 .\CortexM3\ARM_GCC_541\Debug\drejeknappelegen.a(PWM_Servo.o)
                0x000006bc                PWM_Servo_Enable
 .text.PWM_Servo_WriteCounter
                0x000006cc        0xc .\CortexM3\ARM_GCC_541\Debug\drejeknappelegen.a(PWM_Servo.o)
                0x000006cc                PWM_Servo_WriteCounter
 .text.PWM_Servo_WritePeriod
                0x000006d8        0xc .\CortexM3\ARM_GCC_541\Debug\drejeknappelegen.a(PWM_Servo.o)
                0x000006d8                PWM_Servo_WritePeriod
 .text.PWM_Servo_WriteCompare
                0x000006e4        0xc .\CortexM3\ARM_GCC_541\Debug\drejeknappelegen.a(PWM_Servo.o)
                0x000006e4                PWM_Servo_WriteCompare
 .text.PWM_Servo_SetInterruptMode
                0x000006f0        0xc .\CortexM3\ARM_GCC_541\Debug\drejeknappelegen.a(PWM_Servo.o)
                0x000006f0                PWM_Servo_SetInterruptMode
 .text.PWM_Servo_ReadStatusRegister
                0x000006fc        0xc .\CortexM3\ARM_GCC_541\Debug\drejeknappelegen.a(PWM_Servo.o)
                0x000006fc                PWM_Servo_ReadStatusRegister
 .text.PWM_Servo_ReadCapture
                0x00000708        0xc .\CortexM3\ARM_GCC_541\Debug\drejeknappelegen.a(PWM_Servo.o)
                0x00000708                PWM_Servo_ReadCapture
 .text.PWM_Servo_ClearFIFO
                0x00000714       0x14 .\CortexM3\ARM_GCC_541\Debug\drejeknappelegen.a(PWM_Servo.o)
                0x00000714                PWM_Servo_ClearFIFO
 .text.PWM_Servo_Init
                0x00000728       0x50 .\CortexM3\ARM_GCC_541\Debug\drejeknappelegen.a(PWM_Servo.o)
                0x00000728                PWM_Servo_Init
 .text.PWM_Servo_Start
                0x00000778       0x1c .\CortexM3\ARM_GCC_541\Debug\drejeknappelegen.a(PWM_Servo.o)
                0x00000778                PWM_Servo_Start
 *fill*         0x00000794        0x4 
 .text          0x00000798       0x20 .\CortexM3\ARM_GCC_541\Debug\drejeknappelegen.a(CyBootAsmGnu.o)
                0x00000798                CyDelayCycles
                0x000007a8                CyEnterCriticalSection
                0x000007b0                CyExitCriticalSection
 .text.__errno  0x000007b8        0xc c:/program files (x86)/cypress/psoc creator/4.4/psoc creator/import/gnu/arm/5.4.1/bin/../lib/gcc/arm-none-eabi/5.4.1/../../../../arm-none-eabi/lib/armv7-m\libg_nano.a(lib_a-errno.o)
                0x000007b8                __errno
 .text.__libc_init_array
                0x000007c4       0x4c c:/program files (x86)/cypress/psoc creator/4.4/psoc creator/import/gnu/arm/5.4.1/bin/../lib/gcc/arm-none-eabi/5.4.1/../../../../arm-none-eabi/lib/armv7-m\libg_nano.a(lib_a-init.o)
                0x000007c4                __libc_init_array
 .text.memcpy   0x00000810       0x16 c:/program files (x86)/cypress/psoc creator/4.4/psoc creator/import/gnu/arm/5.4.1/bin/../lib/gcc/arm-none-eabi/5.4.1/../../../../arm-none-eabi/lib/armv7-m\libg_nano.a(lib_a-memcpy-stub.o)
                0x00000810                memcpy
 .text.memset   0x00000826       0x10 c:/program files (x86)/cypress/psoc creator/4.4/psoc creator/import/gnu/arm/5.4.1/bin/../lib/gcc/arm-none-eabi/5.4.1/../../../../arm-none-eabi/lib/armv7-m\libg_nano.a(lib_a-memset.o)
                0x00000826                memset
 *(.plt)
 *(.gnu.warning)
 *(.glue_7t)
 .glue_7t       0x00000836        0x0 linker stubs
 *(.glue_7)
 .glue_7        0x00000836        0x0 linker stubs
 *(.vfp11_veneer)
 .vfp11_veneer  0x00000836        0x0 linker stubs
 *(.bootloader)
 *(.ARM.extab* .gnu.linkonce.armextab.*)
 *(.gcc_except_table)

.v4_bx          0x00000838        0x0
 .v4_bx         0x00000838        0x0 linker stubs

.iplt           0x00000838        0x0
 .iplt          0x00000838        0x0 c:/program files (x86)/cypress/psoc creator/4.4/psoc creator/import/gnu/arm/5.4.1/bin/../lib/gcc/arm-none-eabi/5.4.1/armv7-m/crtbegin.o

.eh_frame_hdr
 *(.eh_frame_hdr)

.eh_frame       0x00000838        0x4
 *(.eh_frame)
 .eh_frame      0x00000838        0x0 c:/program files (x86)/cypress/psoc creator/4.4/psoc creator/import/gnu/arm/5.4.1/bin/../lib/gcc/arm-none-eabi/5.4.1/armv7-m/crtbegin.o
 .eh_frame      0x00000838        0x4 c:/program files (x86)/cypress/psoc creator/4.4/psoc creator/import/gnu/arm/5.4.1/bin/../lib/gcc/arm-none-eabi/5.4.1/armv7-m/crtend.o
                [!provide]                PROVIDE (__exidx_start, .)

.ARM.exidx
 *(.ARM.exidx* .gnu.linkonce.armexidx.*)
                0x0000083c                __exidx_end = .

.rodata         0x0000083c       0x6c
 *(.rodata .rodata.* .gnu.linkonce.r.*)
 .rodata        0x0000083c       0x30 .\CortexM3\ARM_GCC_541\Debug\cyfitter_cfg.o
 .rodata.str1.1
                0x0000086c        0x2 c:/program files (x86)/cypress/psoc creator/4.4/psoc creator/import/gnu/arm/5.4.1/bin/../lib/gcc/arm-none-eabi/5.4.1/../../../../arm-none-eabi/lib/armv7-m\libg_nano.a(lib_a-impure.o)
                0x00000870                . = ALIGN (0x4)
 *fill*         0x0000086e        0x2 
 *(.init)
 .init          0x00000870        0x4 c:/program files (x86)/cypress/psoc creator/4.4/psoc creator/import/gnu/arm/5.4.1/bin/../lib/gcc/arm-none-eabi/5.4.1/armv7-m/crti.o
                0x00000870                _init
 .init          0x00000874        0x8 c:/program files (x86)/cypress/psoc creator/4.4/psoc creator/import/gnu/arm/5.4.1/bin/../lib/gcc/arm-none-eabi/5.4.1/armv7-m/crtn.o
                0x0000087c                . = ALIGN (0x4)
                0x0000087c                __preinit_array_start = .
 *(.preinit_array)
                0x0000087c                __preinit_array_end = .
                0x0000087c                . = ALIGN (0x4)
                0x0000087c                __init_array_start = .
 *(SORT(.init_array.*))
 *(.init_array)
 .init_array    0x0000087c        0x4 c:/program files (x86)/cypress/psoc creator/4.4/psoc creator/import/gnu/arm/5.4.1/bin/../lib/gcc/arm-none-eabi/5.4.1/armv7-m/crtbegin.o
 .init_array    0x00000880        0x4 .\CortexM3\ARM_GCC_541\Debug\Cm3Start.o
                0x00000884                __init_array_end = .
                0x00000884                . = ALIGN (0x4)
 *(.fini)
 .fini          0x00000884        0x4 c:/program files (x86)/cypress/psoc creator/4.4/psoc creator/import/gnu/arm/5.4.1/bin/../lib/gcc/arm-none-eabi/5.4.1/armv7-m/crti.o
                0x00000884                _fini
 .fini          0x00000888        0x8 c:/program files (x86)/cypress/psoc creator/4.4/psoc creator/import/gnu/arm/5.4.1/bin/../lib/gcc/arm-none-eabi/5.4.1/armv7-m/crtn.o
                0x00000890                . = ALIGN (0x4)
                0x00000890                __fini_array_start = .
 *(.fini_array)
 .fini_array    0x00000890        0x4 c:/program files (x86)/cypress/psoc creator/4.4/psoc creator/import/gnu/arm/5.4.1/bin/../lib/gcc/arm-none-eabi/5.4.1/armv7-m/crtbegin.o
 *(SORT(.fini_array.*))
                0x00000894                __fini_array_end = .
                0x00000894                . = ALIGN (0x4)
 *crtbegin.o(.ctors)
 *(EXCLUDE_FILE(*crtend.o) .ctors)
 *(SORT(.ctors.*))
 *crtend.o(.ctors)
                0x00000894                . = ALIGN (0x4)
 *crtbegin.o(.dtors)
 *(EXCLUDE_FILE(*crtend.o) .dtors)
 *(SORT(.dtors.*))
 *crtend.o(.dtors)
                0x00000894                . = ALIGN (0x4)
                0x00000894                __cy_regions = .
                0x00000894        0x4 LONG 0x8a8 __cy_region_init_ram
                0x00000898        0x4 LONG 0x1fff80c8 __cy_region_start_data
                0x0000089c        0x4 LONG 0x78 __cy_region_init_size_ram
                0x000008a0        0x4 LONG 0x30 __cy_region_zero_size_ram
                0x000008a4                __cy_regions_end = .
                0x000008a8                . = ALIGN (0x8)
 *fill*         0x000008a4        0x4 
                0x000008a8                _etext = .

.cy_checksum_exclude
                0x000008a8        0x0
 *(.cy_checksum_exclude)

.ramvectors     0x1fff8000       0xc0
                0x1fff8000                __cy_region_start_ram = .
 *(.ramvectors)
 .ramvectors    0x1fff8000       0xc0 .\CortexM3\ARM_GCC_541\Debug\Cm3Start.o
                0x1fff8000                CyRamVectors

.noinit         0x1fff80c0        0x1
 *(.noinit)
 .noinit        0x1fff80c0        0x1 .\CortexM3\ARM_GCC_541\Debug\drejeknappelegen.a(CyLib.o)
                0x1fff80c0                CyResetStatus

.data           0x1fff80c8       0x78 load address 0x000008a8
                0x1fff80c8                __cy_region_start_data = .
 *(.jcr)
 .jcr           0x1fff80c8        0x0 c:/program files (x86)/cypress/psoc creator/4.4/psoc creator/import/gnu/arm/5.4.1/bin/../lib/gcc/arm-none-eabi/5.4.1/armv7-m/crtbegin.o
 .jcr           0x1fff80c8        0x4 c:/program files (x86)/cypress/psoc creator/4.4/psoc creator/import/gnu/arm/5.4.1/bin/../lib/gcc/arm-none-eabi/5.4.1/armv7-m/crtend.o
 *(.got.plt)
 *(.got)
 *(.shdata)
 *(.data .data.* .gnu.linkonce.d.*)
 .data          0x1fff80cc       0x10 .\CortexM3\ARM_GCC_541\Debug\drejeknappelegen.a(CyLib.o)
                0x1fff80cc                cydelay_32k_ms
                0x1fff80d0                cydelay_freq_khz
                0x1fff80d4                cydelay_freq_mhz
                0x1fff80d8                cydelay_freq_hz
 .data.impure_data
                0x1fff80dc       0x60 c:/program files (x86)/cypress/psoc creator/4.4/psoc creator/import/gnu/arm/5.4.1/bin/../lib/gcc/arm-none-eabi/5.4.1/../../../../arm-none-eabi/lib/armv7-m\libg_nano.a(lib_a-impure.o)
 .data._impure_ptr
                0x1fff813c        0x4 c:/program files (x86)/cypress/psoc creator/4.4/psoc creator/import/gnu/arm/5.4.1/bin/../lib/gcc/arm-none-eabi/5.4.1/../../../../arm-none-eabi/lib/armv7-m\libg_nano.a(lib_a-impure.o)
                0x1fff813c                _impure_ptr
                0x1fff8140                . = ALIGN (0x8)
 *(.ram)
                0x1fff8140                _edata = .

.igot.plt       0x1fff8140        0x0 load address 0x00000920
 .igot.plt      0x1fff8140        0x0 c:/program files (x86)/cypress/psoc creator/4.4/psoc creator/import/gnu/arm/5.4.1/bin/../lib/gcc/arm-none-eabi/5.4.1/armv7-m/crtbegin.o

.bss            0x1fff8140       0x30 load address 0x00000920
                0x1fff8140                PROVIDE (__bss_start__, .)
 *(.shbss)
 *(.bss .bss.* .gnu.linkonce.b.*)
 .bss           0x1fff8140       0x1c c:/program files (x86)/cypress/psoc creator/4.4/psoc creator/import/gnu/arm/5.4.1/bin/../lib/gcc/arm-none-eabi/5.4.1/armv7-m/crtbegin.o
 .bss           0x1fff815c        0x1 .\CortexM3\ARM_GCC_541\Debug\alarm.o
 *fill*         0x1fff815d        0x3 
 .bss           0x1fff8160        0x9 .\CortexM3\ARM_GCC_541\Debug\keypad.o
 .bss           0x1fff8169        0x1 .\CortexM3\ARM_GCC_541\Debug\rotary.o
 .bss           0x1fff816a        0x1 .\CortexM3\ARM_GCC_541\Debug\drejeknappelegen.a(PWM_Servo.o)
                0x1fff816a                PWM_Servo_initVar
 *(COMMON)
                0x1fff8170                . = ALIGN (0x8)
 *fill*         0x1fff816b        0x5 
 *(.ram.b)
                0x1fff8170                _end = .
                0x1fff8170                __end = .
                0x1fff8170                PROVIDE (end, .)
                0x1fff8170                PROVIDE (__bss_end__, .)
                0x000008a8                __cy_region_init_ram = LOADADDR (.data)
                0x00000078                __cy_region_init_size_ram = (_edata - ADDR (.data))
                0x00000030                __cy_region_zero_size_ram = (_end - _edata)

.heap           0x1fff8170       0x80 load address 0x00000920
                0x1fff8170                . = _end
                0x1fff81f0                . = (. + 0x80)
 *fill*         0x1fff8170       0x80 
                0x1fff81f0                __cy_heap_limit = .

.stack          0x20007800      0x800
                0x20007800                __cy_stack_limit = .
                0x20008000                . = (. + 0x800)
 *fill*         0x20007800      0x800 
                0x00000001                ASSERT ((__cy_stack_limit >= __cy_heap_limit), region RAM overflowed with stack)
                0x00000000                cy_checksum_exclude_size = (CY_APPL_LOADABLE == 0x1)?SIZEOF (.cy_checksum_exclude):0x0
                0x00000001                ASSERT ((cy_checksum_exclude_size <= CY_CHECKSUM_EXCLUDE_SIZE), CY_BOOT: Section .cy_checksum_exclude size exceedes specified limit.)

.cyloadermeta
 *(.cyloadermeta)

.cyloadablemeta
 *(.cyloadablemeta)

.cyconfigecc    0x80000000      0x1ac
 *(.cyconfigecc)
 .cyconfigecc   0x80000000      0x1ac .\CortexM3\ARM_GCC_541\Debug\cymetadata.o
                0x80000000                cy_meta_configecc

.cycustnvl      0x90000000        0x4
 *(.cycustnvl)
 .cycustnvl     0x90000000        0x4 .\CortexM3\ARM_GCC_541\Debug\cymetadata.o
                0x90000000                cy_meta_custnvl

.cywolatch      0x90100000        0x4
 *(.cywolatch)
 .cywolatch     0x90100000        0x4 .\CortexM3\ARM_GCC_541\Debug\cymetadata.o
                0x90100000                cy_meta_wonvl

.cyeeprom       0x90200000        0x0
 *(.cyeeprom)
                0x00000001                ASSERT ((. <= ((0x90200000 + ee_offset) + ee_size)), .cyeeprom data will not fit in EEPROM)

.cyflashprotect
                0x90400000      0x100
 *(.cyflashprotect)
 .cyflashprotect
                0x90400000      0x100 .\CortexM3\ARM_GCC_541\Debug\cymetadata.o
                0x90400000                cy_meta_flashprotect

.cymeta         0x90500000        0xc
 *(.cymeta)
 .cymeta        0x90500000        0xc .\CortexM3\ARM_GCC_541\Debug\cymetadata.o
                0x90500000                cy_metadata

.rel.dyn        0x00000920        0x0 load address 0x9050000c
 .rel.iplt      0x00000920        0x0 c:/program files (x86)/cypress/psoc creator/4.4/psoc creator/import/gnu/arm/5.4.1/bin/../lib/gcc/arm-none-eabi/5.4.1/armv7-m/crtbegin.o

.stab
 *(.stab)

.stabstr
 *(.stabstr)

.debug
 *(.debug)

.line
 *(.line)

.debug_srcinfo
 *(.debug_srcinfo)

.debug_sfnames
 *(.debug_sfnames)

.debug_aranges  0x00000000      0x870
 *(.debug_aranges)
 .debug_aranges
                0x00000000       0x28 .\CortexM3\ARM_GCC_541\Debug\accel.o
 .debug_aranges
                0x00000028       0x30 .\CortexM3\ARM_GCC_541\Debug\alarm.o
 .debug_aranges
                0x00000058       0x50 .\CortexM3\ARM_GCC_541\Debug\keypad.o
 .debug_aranges
                0x000000a8       0x20 .\CortexM3\ARM_GCC_541\Debug\lock.o
 .debug_aranges
                0x000000c8       0x20 .\CortexM3\ARM_GCC_541\Debug\main.o
 .debug_aranges
                0x000000e8       0x30 .\CortexM3\ARM_GCC_541\Debug\rotary.o
 .debug_aranges
                0x00000118       0x30 .\CortexM3\ARM_GCC_541\Debug\servo.o
 .debug_aranges
                0x00000148       0x58 .\CortexM3\ARM_GCC_541\Debug\cyfitter_cfg.o
 .debug_aranges
                0x000001a0       0x18 .\CortexM3\ARM_GCC_541\Debug\cymetadata.o
 .debug_aranges
                0x000001b8       0x48 .\CortexM3\ARM_GCC_541\Debug\Cm3Start.o
 .debug_aranges
                0x00000200       0x80 .\CortexM3\ARM_GCC_541\Debug\drejeknappelegen.a(isr_Rot.o)
 .debug_aranges
                0x00000280       0x38 .\CortexM3\ARM_GCC_541\Debug\drejeknappelegen.a(Green_LED.o)
 .debug_aranges
                0x000002b8       0x40 .\CortexM3\ARM_GCC_541\Debug\drejeknappelegen.a(Status_Rot_B.o)
 .debug_aranges
                0x000002f8      0x2a0 .\CortexM3\ARM_GCC_541\Debug\drejeknappelegen.a(CyLib.o)
 .debug_aranges
                0x00000598       0x98 .\CortexM3\ARM_GCC_541\Debug\drejeknappelegen.a(cyPm.o)
 .debug_aranges
                0x00000630       0x80 .\CortexM3\ARM_GCC_541\Debug\drejeknappelegen.a(isr_Button.o)
 .debug_aranges
                0x000006b0       0x98 .\CortexM3\ARM_GCC_541\Debug\drejeknappelegen.a(PWM_Servo.o)
 .debug_aranges
                0x00000748       0x20 .\CortexM3\ARM_GCC_541\Debug\drejeknappelegen.a(CyBootAsmGnu.o)
 .debug_aranges
                0x00000768       0x88 .\CortexM3\ARM_GCC_541\Debug\drejeknappelegen.a(CyFlash.o)
 .debug_aranges
                0x000007f0       0x80 .\CortexM3\ARM_GCC_541\Debug\drejeknappelegen.a(CySpc.o)

.debug_pubnames
 *(.debug_pubnames)

.debug_info     0x00000000     0x4954
 *(.debug_info .gnu.linkonce.wi.*)
 .debug_info    0x00000000       0xa8 .\CortexM3\ARM_GCC_541\Debug\accel.o
 .debug_info    0x000000a8       0xca .\CortexM3\ARM_GCC_541\Debug\alarm.o
 .debug_info    0x00000172      0x2b2 .\CortexM3\ARM_GCC_541\Debug\keypad.o
 .debug_info    0x00000424      0x105 .\CortexM3\ARM_GCC_541\Debug\lock.o
 .debug_info    0x00000529      0x1c0 .\CortexM3\ARM_GCC_541\Debug\main.o
 .debug_info    0x000006e9      0x165 .\CortexM3\ARM_GCC_541\Debug\rotary.o
 .debug_info    0x0000084e      0x198 .\CortexM3\ARM_GCC_541\Debug\servo.o
 .debug_info    0x000009e6      0x528 .\CortexM3\ARM_GCC_541\Debug\cyfitter_cfg.o
 .debug_info    0x00000f0e      0x135 .\CortexM3\ARM_GCC_541\Debug\cymetadata.o
 .debug_info    0x00001043      0x3bb .\CortexM3\ARM_GCC_541\Debug\Cm3Start.o
 .debug_info    0x000013fe      0x2d2 .\CortexM3\ARM_GCC_541\Debug\drejeknappelegen.a(isr_Rot.o)
 .debug_info    0x000016d0      0x11f .\CortexM3\ARM_GCC_541\Debug\drejeknappelegen.a(Green_LED.o)
 .debug_info    0x000017ef      0x17d .\CortexM3\ARM_GCC_541\Debug\drejeknappelegen.a(Status_Rot_B.o)
 .debug_info    0x0000196c     0x1374 .\CortexM3\ARM_GCC_541\Debug\drejeknappelegen.a(CyLib.o)
 .debug_info    0x00002ce0      0xa2a .\CortexM3\ARM_GCC_541\Debug\drejeknappelegen.a(cyPm.o)
 .debug_info    0x0000370a      0x2d2 .\CortexM3\ARM_GCC_541\Debug\drejeknappelegen.a(isr_Button.o)
 .debug_info    0x000039dc      0x334 .\CortexM3\ARM_GCC_541\Debug\drejeknappelegen.a(PWM_Servo.o)
 .debug_info    0x00003d10       0xa7 .\CortexM3\ARM_GCC_541\Debug\drejeknappelegen.a(CyBootAsmGnu.o)
 .debug_info    0x00003db7      0x64d .\CortexM3\ARM_GCC_541\Debug\drejeknappelegen.a(CyFlash.o)
 .debug_info    0x00004404      0x550 .\CortexM3\ARM_GCC_541\Debug\drejeknappelegen.a(CySpc.o)

.debug_abbrev   0x00000000     0x15d9
 *(.debug_abbrev)
 .debug_abbrev  0x00000000       0x69 .\CortexM3\ARM_GCC_541\Debug\accel.o
 .debug_abbrev  0x00000069       0x78 .\CortexM3\ARM_GCC_541\Debug\alarm.o
 .debug_abbrev  0x000000e1      0x138 .\CortexM3\ARM_GCC_541\Debug\keypad.o
 .debug_abbrev  0x00000219       0x94 .\CortexM3\ARM_GCC_541\Debug\lock.o
 .debug_abbrev  0x000002ad       0x8a .\CortexM3\ARM_GCC_541\Debug\main.o
 .debug_abbrev  0x00000337       0xd6 .\CortexM3\ARM_GCC_541\Debug\rotary.o
 .debug_abbrev  0x0000040d       0xdd .\CortexM3\ARM_GCC_541\Debug\servo.o
 .debug_abbrev  0x000004ea      0x1fe .\CortexM3\ARM_GCC_541\Debug\cyfitter_cfg.o
 .debug_abbrev  0x000006e8       0x66 .\CortexM3\ARM_GCC_541\Debug\cymetadata.o
 .debug_abbrev  0x0000074e      0x1e8 .\CortexM3\ARM_GCC_541\Debug\Cm3Start.o
 .debug_abbrev  0x00000936      0x173 .\CortexM3\ARM_GCC_541\Debug\drejeknappelegen.a(isr_Rot.o)
 .debug_abbrev  0x00000aa9       0x90 .\CortexM3\ARM_GCC_541\Debug\drejeknappelegen.a(Green_LED.o)
 .debug_abbrev  0x00000b39       0xac .\CortexM3\ARM_GCC_541\Debug\drejeknappelegen.a(Status_Rot_B.o)
 .debug_abbrev  0x00000be5      0x254 .\CortexM3\ARM_GCC_541\Debug\drejeknappelegen.a(CyLib.o)
 .debug_abbrev  0x00000e39      0x1ab .\CortexM3\ARM_GCC_541\Debug\drejeknappelegen.a(cyPm.o)
 .debug_abbrev  0x00000fe4      0x173 .\CortexM3\ARM_GCC_541\Debug\drejeknappelegen.a(isr_Button.o)
 .debug_abbrev  0x00001157      0x133 .\CortexM3\ARM_GCC_541\Debug\drejeknappelegen.a(PWM_Servo.o)
 .debug_abbrev  0x0000128a       0x14 .\CortexM3\ARM_GCC_541\Debug\drejeknappelegen.a(CyBootAsmGnu.o)
 .debug_abbrev  0x0000129e      0x1a7 .\CortexM3\ARM_GCC_541\Debug\drejeknappelegen.a(CyFlash.o)
 .debug_abbrev  0x00001445      0x194 .\CortexM3\ARM_GCC_541\Debug\drejeknappelegen.a(CySpc.o)

.debug_line     0x00000000     0x25ea
 *(.debug_line)
 .debug_line    0x00000000      0x140 .\CortexM3\ARM_GCC_541\Debug\accel.o
 .debug_line    0x00000140      0x151 .\CortexM3\ARM_GCC_541\Debug\alarm.o
 .debug_line    0x00000291      0x222 .\CortexM3\ARM_GCC_541\Debug\keypad.o
 .debug_line    0x000004b3      0x156 .\CortexM3\ARM_GCC_541\Debug\lock.o
 .debug_line    0x00000609      0x19f .\CortexM3\ARM_GCC_541\Debug\main.o
 .debug_line    0x000007a8      0x1a2 .\CortexM3\ARM_GCC_541\Debug\rotary.o
 .debug_line    0x0000094a      0x1a3 .\CortexM3\ARM_GCC_541\Debug\servo.o
 .debug_line    0x00000aed      0x1ea .\CortexM3\ARM_GCC_541\Debug\cyfitter_cfg.o
 .debug_line    0x00000cd7      0x141 .\CortexM3\ARM_GCC_541\Debug\cymetadata.o
 .debug_line    0x00000e18      0x234 .\CortexM3\ARM_GCC_541\Debug\Cm3Start.o
 .debug_line    0x0000104c      0x134 .\CortexM3\ARM_GCC_541\Debug\drejeknappelegen.a(isr_Rot.o)
 .debug_line    0x00001180       0x96 .\CortexM3\ARM_GCC_541\Debug\drejeknappelegen.a(Green_LED.o)
 .debug_line    0x00001216       0xb7 .\CortexM3\ARM_GCC_541\Debug\drejeknappelegen.a(Status_Rot_B.o)
 .debug_line    0x000012cd      0x816 .\CortexM3\ARM_GCC_541\Debug\drejeknappelegen.a(CyLib.o)
 .debug_line    0x00001ae3      0x367 .\CortexM3\ARM_GCC_541\Debug\drejeknappelegen.a(cyPm.o)
 .debug_line    0x00001e4a      0x137 .\CortexM3\ARM_GCC_541\Debug\drejeknappelegen.a(isr_Button.o)
 .debug_line    0x00001f81      0x189 .\CortexM3\ARM_GCC_541\Debug\drejeknappelegen.a(PWM_Servo.o)
 .debug_line    0x0000210a       0x66 .\CortexM3\ARM_GCC_541\Debug\drejeknappelegen.a(CyBootAsmGnu.o)
 .debug_line    0x00002170      0x21a .\CortexM3\ARM_GCC_541\Debug\drejeknappelegen.a(CyFlash.o)
 .debug_line    0x0000238a      0x260 .\CortexM3\ARM_GCC_541\Debug\drejeknappelegen.a(CySpc.o)

.debug_frame    0x00000000     0x14e4
 *(.debug_frame)
 .debug_frame   0x00000000       0x30 .\CortexM3\ARM_GCC_541\Debug\accel.o
 .debug_frame   0x00000030       0x40 .\CortexM3\ARM_GCC_541\Debug\alarm.o
 .debug_frame   0x00000070       0xa8 .\CortexM3\ARM_GCC_541\Debug\keypad.o
 .debug_frame   0x00000118       0x2c .\CortexM3\ARM_GCC_541\Debug\lock.o
 .debug_frame   0x00000144       0x2c .\CortexM3\ARM_GCC_541\Debug\main.o
 .debug_frame   0x00000170       0x58 .\CortexM3\ARM_GCC_541\Debug\rotary.o
 .debug_frame   0x000001c8       0x64 .\CortexM3\ARM_GCC_541\Debug\servo.o
 .debug_frame   0x0000022c       0xfc .\CortexM3\ARM_GCC_541\Debug\cyfitter_cfg.o
 .debug_frame   0x00000328       0xb8 .\CortexM3\ARM_GCC_541\Debug\Cm3Start.o
 .debug_frame   0x000003e0      0x104 .\CortexM3\ARM_GCC_541\Debug\drejeknappelegen.a(isr_Rot.o)
 .debug_frame   0x000004e4       0x50 .\CortexM3\ARM_GCC_541\Debug\drejeknappelegen.a(Green_LED.o)
 .debug_frame   0x00000534       0x78 .\CortexM3\ARM_GCC_541\Debug\drejeknappelegen.a(Status_Rot_B.o)
 .debug_frame   0x000005ac      0x738 .\CortexM3\ARM_GCC_541\Debug\drejeknappelegen.a(CyLib.o)
 .debug_frame   0x00000ce4      0x1f8 .\CortexM3\ARM_GCC_541\Debug\drejeknappelegen.a(cyPm.o)
 .debug_frame   0x00000edc      0x104 .\CortexM3\ARM_GCC_541\Debug\drejeknappelegen.a(isr_Button.o)
 .debug_frame   0x00000fe0      0x134 .\CortexM3\ARM_GCC_541\Debug\drejeknappelegen.a(PWM_Servo.o)
 .debug_frame   0x00001114      0x194 .\CortexM3\ARM_GCC_541\Debug\drejeknappelegen.a(CyFlash.o)
 .debug_frame   0x000012a8      0x180 .\CortexM3\ARM_GCC_541\Debug\drejeknappelegen.a(CySpc.o)
 .debug_frame   0x00001428       0x20 c:/program files (x86)/cypress/psoc creator/4.4/psoc creator/import/gnu/arm/5.4.1/bin/../lib/gcc/arm-none-eabi/5.4.1/../../../../arm-none-eabi/lib/armv7-m\libg_nano.a(lib_a-errno.o)
 .debug_frame   0x00001448       0x28 c:/program files (x86)/cypress/psoc creator/4.4/psoc creator/import/gnu/arm/5.4.1/bin/../lib/gcc/arm-none-eabi/5.4.1/../../../../arm-none-eabi/lib/armv7-m\libg_nano.a(lib_a-exit.o)
 .debug_frame   0x00001470       0x2c c:/program files (x86)/cypress/psoc creator/4.4/psoc creator/import/gnu/arm/5.4.1/bin/../lib/gcc/arm-none-eabi/5.4.1/../../../../arm-none-eabi/lib/armv7-m\libg_nano.a(lib_a-init.o)
 .debug_frame   0x0000149c       0x28 c:/program files (x86)/cypress/psoc creator/4.4/psoc creator/import/gnu/arm/5.4.1/bin/../lib/gcc/arm-none-eabi/5.4.1/../../../../arm-none-eabi/lib/armv7-m\libg_nano.a(lib_a-memcpy-stub.o)
 .debug_frame   0x000014c4       0x20 c:/program files (x86)/cypress/psoc creator/4.4/psoc creator/import/gnu/arm/5.4.1/bin/../lib/gcc/arm-none-eabi/5.4.1/../../../../arm-none-eabi/lib/armv7-m\libg_nano.a(lib_a-memset.o)

.debug_str      0x00000000     0x1971
 *(.debug_str)
 .debug_str     0x00000000      0x16b .\CortexM3\ARM_GCC_541\Debug\accel.o
                                0x1a7 (size before relaxing)
 .debug_str     0x0000016b       0x37 .\CortexM3\ARM_GCC_541\Debug\alarm.o
                                0x1b4 (size before relaxing)
 .debug_str     0x000001a2      0x101 .\CortexM3\ARM_GCC_541\Debug\keypad.o
                                0x2a0 (size before relaxing)
 .debug_str     0x000002a3       0x33 .\CortexM3\ARM_GCC_541\Debug\lock.o
                                0x1d0 (size before relaxing)
 .debug_str     0x000002d6        0xc .\CortexM3\ARM_GCC_541\Debug\main.o
                                0x266 (size before relaxing)
 .debug_str     0x000002e2       0x42 .\CortexM3\ARM_GCC_541\Debug\rotary.o
                                0x216 (size before relaxing)
 .debug_str     0x00000324       0x4a .\CortexM3\ARM_GCC_541\Debug\servo.o
                                0x22e (size before relaxing)
 .debug_str     0x0000036e      0x185 .\CortexM3\ARM_GCC_541\Debug\cyfitter_cfg.o
                                0x330 (size before relaxing)
 .debug_str     0x000004f3       0x75 .\CortexM3\ARM_GCC_541\Debug\cymetadata.o
                                0x1fb (size before relaxing)
 .debug_str     0x00000568      0x144 .\CortexM3\ARM_GCC_541\Debug\Cm3Start.o
                                0x321 (size before relaxing)
 .debug_str     0x000006ac      0x10a .\CortexM3\ARM_GCC_541\Debug\drejeknappelegen.a(isr_Rot.o)
                                0x2d9 (size before relaxing)
 .debug_str     0x000007b6       0x6f .\CortexM3\ARM_GCC_541\Debug\drejeknappelegen.a(Green_LED.o)
                                0x20d (size before relaxing)
 .debug_str     0x00000825       0xc0 .\CortexM3\ARM_GCC_541\Debug\drejeknappelegen.a(Status_Rot_B.o)
                                0x27e (size before relaxing)
 .debug_str     0x000008e5      0x7e4 .\CortexM3\ARM_GCC_541\Debug\drejeknappelegen.a(CyLib.o)
                                0xa5e (size before relaxing)
 .debug_str     0x000010c9      0x365 .\CortexM3\ARM_GCC_541\Debug\drejeknappelegen.a(cyPm.o)
                                0x74a (size before relaxing)
 .debug_str     0x0000142e      0x119 .\CortexM3\ARM_GCC_541\Debug\drejeknappelegen.a(isr_Button.o)
                                0x303 (size before relaxing)
 .debug_str     0x00001547      0x1c3 .\CortexM3\ARM_GCC_541\Debug\drejeknappelegen.a(PWM_Servo.o)
                                0x3b4 (size before relaxing)
 .debug_str     0x0000170a      0x1bb .\CortexM3\ARM_GCC_541\Debug\drejeknappelegen.a(CyFlash.o)
                                0x3d7 (size before relaxing)
 .debug_str     0x000018c5       0xac .\CortexM3\ARM_GCC_541\Debug\drejeknappelegen.a(CySpc.o)
                                0x34f (size before relaxing)

.debug_loc      0x00000000     0x1bbf
 *(.debug_loc)
 .debug_loc     0x00000000       0x5e .\CortexM3\ARM_GCC_541\Debug\keypad.o
 .debug_loc     0x0000005e       0x3a .\CortexM3\ARM_GCC_541\Debug\lock.o
 .debug_loc     0x00000098      0x1fd .\CortexM3\ARM_GCC_541\Debug\cyfitter_cfg.o
 .debug_loc     0x00000295      0x144 .\CortexM3\ARM_GCC_541\Debug\Cm3Start.o
 .debug_loc     0x000003d9       0x56 .\CortexM3\ARM_GCC_541\Debug\drejeknappelegen.a(isr_Rot.o)
 .debug_loc     0x0000042f       0x42 .\CortexM3\ARM_GCC_541\Debug\drejeknappelegen.a(Green_LED.o)
 .debug_loc     0x00000471       0x26 .\CortexM3\ARM_GCC_541\Debug\drejeknappelegen.a(Status_Rot_B.o)
 .debug_loc     0x00000497      0xa11 .\CortexM3\ARM_GCC_541\Debug\drejeknappelegen.a(CyLib.o)
 .debug_loc     0x00000ea8      0x1e4 .\CortexM3\ARM_GCC_541\Debug\drejeknappelegen.a(cyPm.o)
 .debug_loc     0x0000108c       0x56 .\CortexM3\ARM_GCC_541\Debug\drejeknappelegen.a(isr_Button.o)
 .debug_loc     0x000010e2       0x26 .\CortexM3\ARM_GCC_541\Debug\drejeknappelegen.a(PWM_Servo.o)
 .debug_loc     0x00001108      0x3b2 .\CortexM3\ARM_GCC_541\Debug\drejeknappelegen.a(CyFlash.o)
 .debug_loc     0x000014ba      0x705 .\CortexM3\ARM_GCC_541\Debug\drejeknappelegen.a(CySpc.o)

.debug_macinfo
 *(.debug_macinfo)

.debug_ranges   0x00000000      0x718
 *(.debug_ranges)
 .debug_ranges  0x00000000       0x18 .\CortexM3\ARM_GCC_541\Debug\accel.o
 .debug_ranges  0x00000018       0x20 .\CortexM3\ARM_GCC_541\Debug\alarm.o
 .debug_ranges  0x00000038       0x40 .\CortexM3\ARM_GCC_541\Debug\keypad.o
 .debug_ranges  0x00000078       0x10 .\CortexM3\ARM_GCC_541\Debug\lock.o
 .debug_ranges  0x00000088       0x10 .\CortexM3\ARM_GCC_541\Debug\main.o
 .debug_ranges  0x00000098       0x20 .\CortexM3\ARM_GCC_541\Debug\rotary.o
 .debug_ranges  0x000000b8       0x20 .\CortexM3\ARM_GCC_541\Debug\servo.o
 .debug_ranges  0x000000d8       0x48 .\CortexM3\ARM_GCC_541\Debug\cyfitter_cfg.o
 .debug_ranges  0x00000120       0x38 .\CortexM3\ARM_GCC_541\Debug\Cm3Start.o
 .debug_ranges  0x00000158       0x70 .\CortexM3\ARM_GCC_541\Debug\drejeknappelegen.a(isr_Rot.o)
 .debug_ranges  0x000001c8       0x28 .\CortexM3\ARM_GCC_541\Debug\drejeknappelegen.a(Green_LED.o)
 .debug_ranges  0x000001f0       0x30 .\CortexM3\ARM_GCC_541\Debug\drejeknappelegen.a(Status_Rot_B.o)
 .debug_ranges  0x00000220      0x290 .\CortexM3\ARM_GCC_541\Debug\drejeknappelegen.a(CyLib.o)
 .debug_ranges  0x000004b0       0x88 .\CortexM3\ARM_GCC_541\Debug\drejeknappelegen.a(cyPm.o)
 .debug_ranges  0x00000538       0x70 .\CortexM3\ARM_GCC_541\Debug\drejeknappelegen.a(isr_Button.o)
 .debug_ranges  0x000005a8       0x88 .\CortexM3\ARM_GCC_541\Debug\drejeknappelegen.a(PWM_Servo.o)
 .debug_ranges  0x00000630       0x78 .\CortexM3\ARM_GCC_541\Debug\drejeknappelegen.a(CyFlash.o)
 .debug_ranges  0x000006a8       0x70 .\CortexM3\ARM_GCC_541\Debug\drejeknappelegen.a(CySpc.o)

.comment        0x00000000       0x6e
 .comment       0x00000000       0x6e .\CortexM3\ARM_GCC_541\Debug\accel.o
                                 0x6f (size before relaxing)
 .comment       0x0000006e       0x6f .\CortexM3\ARM_GCC_541\Debug\alarm.o
 .comment       0x0000006e       0x6f .\CortexM3\ARM_GCC_541\Debug\keypad.o
 .comment       0x0000006e       0x6f .\CortexM3\ARM_GCC_541\Debug\lock.o
 .comment       0x0000006e       0x6f .\CortexM3\ARM_GCC_541\Debug\main.o
 .comment       0x0000006e       0x6f .\CortexM3\ARM_GCC_541\Debug\rotary.o
 .comment       0x0000006e       0x6f .\CortexM3\ARM_GCC_541\Debug\servo.o
 .comment       0x0000006e       0x6f .\CortexM3\ARM_GCC_541\Debug\cyfitter_cfg.o
 .comment       0x0000006e       0x6f .\CortexM3\ARM_GCC_541\Debug\cymetadata.o
 .comment       0x0000006e       0x6f .\CortexM3\ARM_GCC_541\Debug\Cm3Start.o
 .comment       0x0000006e       0x6f .\CortexM3\ARM_GCC_541\Debug\drejeknappelegen.a(isr_Rot.o)
 .comment       0x0000006e       0x6f .\CortexM3\ARM_GCC_541\Debug\drejeknappelegen.a(Green_LED.o)
 .comment       0x0000006e       0x6f .\CortexM3\ARM_GCC_541\Debug\drejeknappelegen.a(Status_Rot_B.o)
 .comment       0x0000006e       0x6f .\CortexM3\ARM_GCC_541\Debug\drejeknappelegen.a(CyLib.o)
 .comment       0x0000006e       0x6f .\CortexM3\ARM_GCC_541\Debug\drejeknappelegen.a(cyPm.o)
 .comment       0x0000006e       0x6f .\CortexM3\ARM_GCC_541\Debug\drejeknappelegen.a(isr_Button.o)
 .comment       0x0000006e       0x6f .\CortexM3\ARM_GCC_541\Debug\drejeknappelegen.a(PWM_Servo.o)
 .comment       0x0000006e       0x6f .\CortexM3\ARM_GCC_541\Debug\drejeknappelegen.a(CyFlash.o)
 .comment       0x0000006e       0x6f .\CortexM3\ARM_GCC_541\Debug\drejeknappelegen.a(CySpc.o)

.debug_weaknames
 *(.debug_weaknames)

.debug_funcnames
 *(.debug_funcnames)

.debug_typenames
 *(.debug_typenames)

.debug_varnames
 *(.debug_varnames)

.note.gnu.arm.ident
 *(.note.gnu.arm.ident)

.ARM.attributes
                0x00000000       0x29
 *(.ARM.attributes)
 .ARM.attributes
                0x00000000       0x1d c:/program files (x86)/cypress/psoc creator/4.4/psoc creator/import/gnu/arm/5.4.1/bin/../lib/gcc/arm-none-eabi/5.4.1/armv7-m/crti.o
 .ARM.attributes
                0x0000001d       0x2d c:/program files (x86)/cypress/psoc creator/4.4/psoc creator/import/gnu/arm/5.4.1/bin/../lib/gcc/arm-none-eabi/5.4.1/armv7-m/crtbegin.o
 .ARM.attributes
                0x0000004a       0x1b c:/program files (x86)/cypress/psoc creator/4.4/psoc creator/import/gnu/arm/5.4.1/bin/../lib/gcc/arm-none-eabi/5.4.1/../../../../arm-none-eabi/lib/armv7-m/crt0.o
 .ARM.attributes
                0x00000065       0x33 .\CortexM3\ARM_GCC_541\Debug\accel.o
 .ARM.attributes
                0x00000098       0x33 .\CortexM3\ARM_GCC_541\Debug\alarm.o
 .ARM.attributes
                0x000000cb       0x33 .\CortexM3\ARM_GCC_541\Debug\keypad.o
 .ARM.attributes
                0x000000fe       0x33 .\CortexM3\ARM_GCC_541\Debug\lock.o
 .ARM.attributes
                0x00000131       0x33 .\CortexM3\ARM_GCC_541\Debug\main.o
 .ARM.attributes
                0x00000164       0x33 .\CortexM3\ARM_GCC_541\Debug\rotary.o
 .ARM.attributes
                0x00000197       0x33 .\CortexM3\ARM_GCC_541\Debug\servo.o
 .ARM.attributes
                0x000001ca       0x33 .\CortexM3\ARM_GCC_541\Debug\cyfitter_cfg.o
 .ARM.attributes
                0x000001fd       0x33 .\CortexM3\ARM_GCC_541\Debug\cymetadata.o
 .ARM.attributes
                0x00000230       0x33 .\CortexM3\ARM_GCC_541\Debug\Cm3Start.o
 .ARM.attributes
                0x00000263       0x33 .\CortexM3\ARM_GCC_541\Debug\drejeknappelegen.a(isr_Rot.o)
 .ARM.attributes
                0x00000296       0x33 .\CortexM3\ARM_GCC_541\Debug\drejeknappelegen.a(Green_LED.o)
 .ARM.attributes
                0x000002c9       0x33 .\CortexM3\ARM_GCC_541\Debug\drejeknappelegen.a(Status_Rot_B.o)
 .ARM.attributes
                0x000002fc       0x33 .\CortexM3\ARM_GCC_541\Debug\drejeknappelegen.a(CyLib.o)
 .ARM.attributes
                0x0000032f       0x33 .\CortexM3\ARM_GCC_541\Debug\drejeknappelegen.a(cyPm.o)
 .ARM.attributes
                0x00000362       0x33 .\CortexM3\ARM_GCC_541\Debug\drejeknappelegen.a(isr_Button.o)
 .ARM.attributes
                0x00000395       0x33 .\CortexM3\ARM_GCC_541\Debug\drejeknappelegen.a(PWM_Servo.o)
 .ARM.attributes
                0x000003c8       0x21 .\CortexM3\ARM_GCC_541\Debug\drejeknappelegen.a(CyBootAsmGnu.o)
 .ARM.attributes
                0x000003e9       0x33 .\CortexM3\ARM_GCC_541\Debug\drejeknappelegen.a(CyFlash.o)
 .ARM.attributes
                0x0000041c       0x33 .\CortexM3\ARM_GCC_541\Debug\drejeknappelegen.a(CySpc.o)
 .ARM.attributes
                0x0000044f       0x2d c:/program files (x86)/cypress/psoc creator/4.4/psoc creator/import/gnu/arm/5.4.1/bin/../lib/gcc/arm-none-eabi/5.4.1/../../../../arm-none-eabi/lib/armv7-m\libg_nano.a(lib_a-errno.o)
 .ARM.attributes
                0x0000047c       0x2d c:/program files (x86)/cypress/psoc creator/4.4/psoc creator/import/gnu/arm/5.4.1/bin/../lib/gcc/arm-none-eabi/5.4.1/../../../../arm-none-eabi/lib/armv7-m\libg_nano.a(lib_a-exit.o)
 .ARM.attributes
                0x000004a9       0x2d c:/program files (x86)/cypress/psoc creator/4.4/psoc creator/import/gnu/arm/5.4.1/bin/../lib/gcc/arm-none-eabi/5.4.1/../../../../arm-none-eabi/lib/armv7-m\libg_nano.a(lib_a-impure.o)
 .ARM.attributes
                0x000004d6       0x2d c:/program files (x86)/cypress/psoc creator/4.4/psoc creator/import/gnu/arm/5.4.1/bin/../lib/gcc/arm-none-eabi/5.4.1/../../../../arm-none-eabi/lib/armv7-m\libg_nano.a(lib_a-init.o)
 .ARM.attributes
                0x00000503       0x2d c:/program files (x86)/cypress/psoc creator/4.4/psoc creator/import/gnu/arm/5.4.1/bin/../lib/gcc/arm-none-eabi/5.4.1/../../../../arm-none-eabi/lib/armv7-m\libg_nano.a(lib_a-memcpy-stub.o)
 .ARM.attributes
                0x00000530       0x2d c:/program files (x86)/cypress/psoc creator/4.4/psoc creator/import/gnu/arm/5.4.1/bin/../lib/gcc/arm-none-eabi/5.4.1/../../../../arm-none-eabi/lib/armv7-m\libg_nano.a(lib_a-memset.o)
 .ARM.attributes
                0x0000055d       0x2d c:/program files (x86)/cypress/psoc creator/4.4/psoc creator/import/gnu/arm/5.4.1/bin/../lib/gcc/arm-none-eabi/5.4.1/armv7-m/crtend.o
 .ARM.attributes
                0x0000058a       0x1d c:/program files (x86)/cypress/psoc creator/4.4/psoc creator/import/gnu/arm/5.4.1/bin/../lib/gcc/arm-none-eabi/5.4.1/armv7-m/crtn.o

/DISCARD/
 *(.note.GNU-stack)
OUTPUT(C:\Users\ke\Gitfis\Elektroteknologi-Projekt-1\UI\drejeknap - Kopi\drejeknappelegen.cydsn\CortexM3\ARM_GCC_541\Debug\drejeknappelegen.elf elf32-littlearm)
