ARM GAS  C:\Users\ke\AppData\Local\Temp\ccV0UKsU.s 			page 1


   1              		.syntax unified
   2              		.cpu cortex-m3
   3              		.fpu softvfp
   4              		.eabi_attribute 20, 1
   5              		.eabi_attribute 21, 1
   6              		.eabi_attribute 23, 3
   7              		.eabi_attribute 24, 1
   8              		.eabi_attribute 25, 1
   9              		.eabi_attribute 26, 1
  10              		.eabi_attribute 30, 1
  11              		.eabi_attribute 34, 1
  12              		.eabi_attribute 18, 4
  13              		.thumb
  14              		.syntax unified
  15              		.file	"lock.c"
  16              		.text
  17              	.Ltext0:
  18              		.cfi_sections	.debug_frame
  19              		.section	.text.Lock_Handle,"ax",%progbits
  20              		.align	2
  21              		.global	Lock_Handle
  22              		.thumb
  23              		.thumb_func
  24              		.type	Lock_Handle, %function
  25              	Lock_Handle:
  26              	.LFB0:
  27              		.file 1 "lock.c"
   1:lock.c        **** #include "lock.h"
   2:lock.c        **** #include "servo.h"
   3:lock.c        **** #include "alarm.h"
   4:lock.c        **** #define PASSWORD 1234
   5:lock.c        **** void Lock_Handle(uint32_t code)
   6:lock.c        **** {
  28              		.loc 1 6 0
  29              		.cfi_startproc
  30              		@ args = 0, pretend = 0, frame = 0
  31              		@ frame_needed = 0, uses_anonymous_args = 0
  32              	.LVL0:
  33 0000 08B5     		push	{r3, lr}
  34              		.cfi_def_cfa_offset 8
  35              		.cfi_offset 3, -8
  36              		.cfi_offset 14, -4
   7:lock.c        ****     if(code == PASSWORD)
  37              		.loc 1 7 0
  38 0002 40F2D243 		movw	r3, #1234
  39 0006 9842     		cmp	r0, r3
  40 0008 08D1     		bne	.L2
   8:lock.c        ****     {
   9:lock.c        ****         if(Servo_Open()==SERVO_OK) Alarm_Stop(); else Alarm_Trigger();
  41              		.loc 1 9 0
  42 000a FFF7FEFF 		bl	Servo_Open
  43              	.LVL1:
  44 000e 10B9     		cbnz	r0, .L3
  45              		.loc 1 9 0 is_stmt 0 discriminator 1
  46 0010 FFF7FEFF 		bl	Alarm_Stop
  47              	.LVL2:
  48 0014 08BD     		pop	{r3, pc}
ARM GAS  C:\Users\ke\AppData\Local\Temp\ccV0UKsU.s 			page 2


  49              	.L3:
  50              		.loc 1 9 0 discriminator 2
  51 0016 FFF7FEFF 		bl	Alarm_Trigger
  52              	.LVL3:
  53 001a 08BD     		pop	{r3, pc}
  54              	.LVL4:
  55              	.L2:
  10:lock.c        ****     }
  11:lock.c        ****     else Alarm_Trigger();
  56              		.loc 1 11 0 is_stmt 1
  57 001c FFF7FEFF 		bl	Alarm_Trigger
  58              	.LVL5:
  59 0020 08BD     		pop	{r3, pc}
  60              		.cfi_endproc
  61              	.LFE0:
  62              		.size	Lock_Handle, .-Lock_Handle
  63 0022 00BF     		.text
  64              	.Letext0:
  65              		.file 2 "c:\\program files (x86)\\cypress\\psoc creator\\4.4\\psoc creator\\import\\gnu\\arm\\5.4.
  66              		.file 3 "c:\\program files (x86)\\cypress\\psoc creator\\4.4\\psoc creator\\import\\gnu\\arm\\5.4.
  67              		.file 4 "servo.h"
  68              		.file 5 "alarm.h"
  69              		.section	.debug_info,"",%progbits
  70              	.Ldebug_info0:
  71 0000 01010000 		.4byte	0x101
  72 0004 0400     		.2byte	0x4
  73 0006 00000000 		.4byte	.Ldebug_abbrev0
  74 000a 04       		.byte	0x4
  75 000b 01       		.uleb128 0x1
  76 000c 70000000 		.4byte	.LASF16
  77 0010 0C       		.byte	0xc
  78 0011 31010000 		.4byte	.LASF17
  79 0015 17000000 		.4byte	.LASF18
  80 0019 00000000 		.4byte	.Ldebug_ranges0+0
  81 001d 00000000 		.4byte	0
  82 0021 00000000 		.4byte	.Ldebug_line0
  83 0025 02       		.uleb128 0x2
  84 0026 01       		.byte	0x1
  85 0027 06       		.byte	0x6
  86 0028 C4010000 		.4byte	.LASF0
  87 002c 02       		.uleb128 0x2
  88 002d 01       		.byte	0x1
  89 002e 08       		.byte	0x8
  90 002f 23010000 		.4byte	.LASF1
  91 0033 02       		.uleb128 0x2
  92 0034 02       		.byte	0x2
  93 0035 05       		.byte	0x5
  94 0036 9F010000 		.4byte	.LASF2
  95 003a 02       		.uleb128 0x2
  96 003b 02       		.byte	0x2
  97 003c 07       		.byte	0x7
  98 003d 10010000 		.4byte	.LASF3
  99 0041 02       		.uleb128 0x2
 100 0042 04       		.byte	0x4
 101 0043 05       		.byte	0x5
 102 0044 B2010000 		.4byte	.LASF4
 103 0048 03       		.uleb128 0x3
ARM GAS  C:\Users\ke\AppData\Local\Temp\ccV0UKsU.s 			page 3


 104 0049 38010000 		.4byte	.LASF9
 105 004d 02       		.byte	0x2
 106 004e 41       		.byte	0x41
 107 004f 53000000 		.4byte	0x53
 108 0053 02       		.uleb128 0x2
 109 0054 04       		.byte	0x4
 110 0055 07       		.byte	0x7
 111 0056 FE000000 		.4byte	.LASF5
 112 005a 02       		.uleb128 0x2
 113 005b 08       		.byte	0x8
 114 005c 05       		.byte	0x5
 115 005d 78010000 		.4byte	.LASF6
 116 0061 02       		.uleb128 0x2
 117 0062 08       		.byte	0x8
 118 0063 07       		.byte	0x7
 119 0064 55010000 		.4byte	.LASF7
 120 0068 04       		.uleb128 0x4
 121 0069 04       		.byte	0x4
 122 006a 05       		.byte	0x5
 123 006b 696E7400 		.ascii	"int\000"
 124 006f 02       		.uleb128 0x2
 125 0070 04       		.byte	0x4
 126 0071 07       		.byte	0x7
 127 0072 48010000 		.4byte	.LASF8
 128 0076 03       		.uleb128 0x3
 129 0077 A9010000 		.4byte	.LASF10
 130 007b 03       		.byte	0x3
 131 007c 30       		.byte	0x30
 132 007d 48000000 		.4byte	0x48
 133 0081 05       		.uleb128 0x5
 134 0082 01       		.byte	0x1
 135 0083 2C000000 		.4byte	0x2c
 136 0087 04       		.byte	0x4
 137 0088 04       		.byte	0x4
 138 0089 9A000000 		.4byte	0x9a
 139 008d 06       		.uleb128 0x6
 140 008e BB010000 		.4byte	.LASF11
 141 0092 00       		.byte	0
 142 0093 06       		.uleb128 0x6
 143 0094 6C010000 		.4byte	.LASF12
 144 0098 01       		.byte	0x1
 145 0099 00       		.byte	0
 146 009a 07       		.uleb128 0x7
 147 009b 0B000000 		.4byte	.LASF19
 148 009f 01       		.byte	0x1
 149 00a0 05       		.byte	0x5
 150 00a1 00000000 		.4byte	.LFB0
 151 00a5 22000000 		.4byte	.LFE0-.LFB0
 152 00a9 01       		.uleb128 0x1
 153 00aa 9C       		.byte	0x9c
 154 00ab E3000000 		.4byte	0xe3
 155 00af 08       		.uleb128 0x8
 156 00b0 43010000 		.4byte	.LASF20
 157 00b4 01       		.byte	0x1
 158 00b5 05       		.byte	0x5
 159 00b6 76000000 		.4byte	0x76
 160 00ba 00000000 		.4byte	.LLST0
ARM GAS  C:\Users\ke\AppData\Local\Temp\ccV0UKsU.s 			page 4


 161 00be 09       		.uleb128 0x9
 162 00bf 0E000000 		.4byte	.LVL1
 163 00c3 E3000000 		.4byte	0xe3
 164 00c7 09       		.uleb128 0x9
 165 00c8 14000000 		.4byte	.LVL2
 166 00cc EE000000 		.4byte	0xee
 167 00d0 09       		.uleb128 0x9
 168 00d1 1A000000 		.4byte	.LVL3
 169 00d5 F9000000 		.4byte	0xf9
 170 00d9 09       		.uleb128 0x9
 171 00da 20000000 		.4byte	.LVL5
 172 00de F9000000 		.4byte	0xf9
 173 00e2 00       		.byte	0
 174 00e3 0A       		.uleb128 0xa
 175 00e4 00000000 		.4byte	.LASF13
 176 00e8 00000000 		.4byte	.LASF13
 177 00ec 04       		.byte	0x4
 178 00ed 06       		.byte	0x6
 179 00ee 0A       		.uleb128 0xa
 180 00ef 86010000 		.4byte	.LASF14
 181 00f3 86010000 		.4byte	.LASF14
 182 00f7 05       		.byte	0x5
 183 00f8 05       		.byte	0x5
 184 00f9 0A       		.uleb128 0xa
 185 00fa 91010000 		.4byte	.LASF15
 186 00fe 91010000 		.4byte	.LASF15
 187 0102 05       		.byte	0x5
 188 0103 04       		.byte	0x4
 189 0104 00       		.byte	0
 190              		.section	.debug_abbrev,"",%progbits
 191              	.Ldebug_abbrev0:
 192 0000 01       		.uleb128 0x1
 193 0001 11       		.uleb128 0x11
 194 0002 01       		.byte	0x1
 195 0003 25       		.uleb128 0x25
 196 0004 0E       		.uleb128 0xe
 197 0005 13       		.uleb128 0x13
 198 0006 0B       		.uleb128 0xb
 199 0007 03       		.uleb128 0x3
 200 0008 0E       		.uleb128 0xe
 201 0009 1B       		.uleb128 0x1b
 202 000a 0E       		.uleb128 0xe
 203 000b 55       		.uleb128 0x55
 204 000c 17       		.uleb128 0x17
 205 000d 11       		.uleb128 0x11
 206 000e 01       		.uleb128 0x1
 207 000f 10       		.uleb128 0x10
 208 0010 17       		.uleb128 0x17
 209 0011 00       		.byte	0
 210 0012 00       		.byte	0
 211 0013 02       		.uleb128 0x2
 212 0014 24       		.uleb128 0x24
 213 0015 00       		.byte	0
 214 0016 0B       		.uleb128 0xb
 215 0017 0B       		.uleb128 0xb
 216 0018 3E       		.uleb128 0x3e
 217 0019 0B       		.uleb128 0xb
ARM GAS  C:\Users\ke\AppData\Local\Temp\ccV0UKsU.s 			page 5


 218 001a 03       		.uleb128 0x3
 219 001b 0E       		.uleb128 0xe
 220 001c 00       		.byte	0
 221 001d 00       		.byte	0
 222 001e 03       		.uleb128 0x3
 223 001f 16       		.uleb128 0x16
 224 0020 00       		.byte	0
 225 0021 03       		.uleb128 0x3
 226 0022 0E       		.uleb128 0xe
 227 0023 3A       		.uleb128 0x3a
 228 0024 0B       		.uleb128 0xb
 229 0025 3B       		.uleb128 0x3b
 230 0026 0B       		.uleb128 0xb
 231 0027 49       		.uleb128 0x49
 232 0028 13       		.uleb128 0x13
 233 0029 00       		.byte	0
 234 002a 00       		.byte	0
 235 002b 04       		.uleb128 0x4
 236 002c 24       		.uleb128 0x24
 237 002d 00       		.byte	0
 238 002e 0B       		.uleb128 0xb
 239 002f 0B       		.uleb128 0xb
 240 0030 3E       		.uleb128 0x3e
 241 0031 0B       		.uleb128 0xb
 242 0032 03       		.uleb128 0x3
 243 0033 08       		.uleb128 0x8
 244 0034 00       		.byte	0
 245 0035 00       		.byte	0
 246 0036 05       		.uleb128 0x5
 247 0037 04       		.uleb128 0x4
 248 0038 01       		.byte	0x1
 249 0039 0B       		.uleb128 0xb
 250 003a 0B       		.uleb128 0xb
 251 003b 49       		.uleb128 0x49
 252 003c 13       		.uleb128 0x13
 253 003d 3A       		.uleb128 0x3a
 254 003e 0B       		.uleb128 0xb
 255 003f 3B       		.uleb128 0x3b
 256 0040 0B       		.uleb128 0xb
 257 0041 01       		.uleb128 0x1
 258 0042 13       		.uleb128 0x13
 259 0043 00       		.byte	0
 260 0044 00       		.byte	0
 261 0045 06       		.uleb128 0x6
 262 0046 28       		.uleb128 0x28
 263 0047 00       		.byte	0
 264 0048 03       		.uleb128 0x3
 265 0049 0E       		.uleb128 0xe
 266 004a 1C       		.uleb128 0x1c
 267 004b 0B       		.uleb128 0xb
 268 004c 00       		.byte	0
 269 004d 00       		.byte	0
 270 004e 07       		.uleb128 0x7
 271 004f 2E       		.uleb128 0x2e
 272 0050 01       		.byte	0x1
 273 0051 3F       		.uleb128 0x3f
 274 0052 19       		.uleb128 0x19
ARM GAS  C:\Users\ke\AppData\Local\Temp\ccV0UKsU.s 			page 6


 275 0053 03       		.uleb128 0x3
 276 0054 0E       		.uleb128 0xe
 277 0055 3A       		.uleb128 0x3a
 278 0056 0B       		.uleb128 0xb
 279 0057 3B       		.uleb128 0x3b
 280 0058 0B       		.uleb128 0xb
 281 0059 27       		.uleb128 0x27
 282 005a 19       		.uleb128 0x19
 283 005b 11       		.uleb128 0x11
 284 005c 01       		.uleb128 0x1
 285 005d 12       		.uleb128 0x12
 286 005e 06       		.uleb128 0x6
 287 005f 40       		.uleb128 0x40
 288 0060 18       		.uleb128 0x18
 289 0061 9742     		.uleb128 0x2117
 290 0063 19       		.uleb128 0x19
 291 0064 01       		.uleb128 0x1
 292 0065 13       		.uleb128 0x13
 293 0066 00       		.byte	0
 294 0067 00       		.byte	0
 295 0068 08       		.uleb128 0x8
 296 0069 05       		.uleb128 0x5
 297 006a 00       		.byte	0
 298 006b 03       		.uleb128 0x3
 299 006c 0E       		.uleb128 0xe
 300 006d 3A       		.uleb128 0x3a
 301 006e 0B       		.uleb128 0xb
 302 006f 3B       		.uleb128 0x3b
 303 0070 0B       		.uleb128 0xb
 304 0071 49       		.uleb128 0x49
 305 0072 13       		.uleb128 0x13
 306 0073 02       		.uleb128 0x2
 307 0074 17       		.uleb128 0x17
 308 0075 00       		.byte	0
 309 0076 00       		.byte	0
 310 0077 09       		.uleb128 0x9
 311 0078 898201   		.uleb128 0x4109
 312 007b 00       		.byte	0
 313 007c 11       		.uleb128 0x11
 314 007d 01       		.uleb128 0x1
 315 007e 31       		.uleb128 0x31
 316 007f 13       		.uleb128 0x13
 317 0080 00       		.byte	0
 318 0081 00       		.byte	0
 319 0082 0A       		.uleb128 0xa
 320 0083 2E       		.uleb128 0x2e
 321 0084 00       		.byte	0
 322 0085 3F       		.uleb128 0x3f
 323 0086 19       		.uleb128 0x19
 324 0087 3C       		.uleb128 0x3c
 325 0088 19       		.uleb128 0x19
 326 0089 6E       		.uleb128 0x6e
 327 008a 0E       		.uleb128 0xe
 328 008b 03       		.uleb128 0x3
 329 008c 0E       		.uleb128 0xe
 330 008d 3A       		.uleb128 0x3a
 331 008e 0B       		.uleb128 0xb
ARM GAS  C:\Users\ke\AppData\Local\Temp\ccV0UKsU.s 			page 7


 332 008f 3B       		.uleb128 0x3b
 333 0090 0B       		.uleb128 0xb
 334 0091 00       		.byte	0
 335 0092 00       		.byte	0
 336 0093 00       		.byte	0
 337              		.section	.debug_loc,"",%progbits
 338              	.Ldebug_loc0:
 339              	.LLST0:
 340 0000 00000000 		.4byte	.LVL0
 341 0004 0D000000 		.4byte	.LVL1-1
 342 0008 0100     		.2byte	0x1
 343 000a 50       		.byte	0x50
 344 000b 0D000000 		.4byte	.LVL1-1
 345 000f 1C000000 		.4byte	.LVL4
 346 0013 0400     		.2byte	0x4
 347 0015 F3       		.byte	0xf3
 348 0016 01       		.uleb128 0x1
 349 0017 50       		.byte	0x50
 350 0018 9F       		.byte	0x9f
 351 0019 1C000000 		.4byte	.LVL4
 352 001d 1F000000 		.4byte	.LVL5-1
 353 0021 0100     		.2byte	0x1
 354 0023 50       		.byte	0x50
 355 0024 1F000000 		.4byte	.LVL5-1
 356 0028 22000000 		.4byte	.LFE0
 357 002c 0400     		.2byte	0x4
 358 002e F3       		.byte	0xf3
 359 002f 01       		.uleb128 0x1
 360 0030 50       		.byte	0x50
 361 0031 9F       		.byte	0x9f
 362 0032 00000000 		.4byte	0
 363 0036 00000000 		.4byte	0
 364              		.section	.debug_aranges,"",%progbits
 365 0000 1C000000 		.4byte	0x1c
 366 0004 0200     		.2byte	0x2
 367 0006 00000000 		.4byte	.Ldebug_info0
 368 000a 04       		.byte	0x4
 369 000b 00       		.byte	0
 370 000c 0000     		.2byte	0
 371 000e 0000     		.2byte	0
 372 0010 00000000 		.4byte	.LFB0
 373 0014 22000000 		.4byte	.LFE0-.LFB0
 374 0018 00000000 		.4byte	0
 375 001c 00000000 		.4byte	0
 376              		.section	.debug_ranges,"",%progbits
 377              	.Ldebug_ranges0:
 378 0000 00000000 		.4byte	.LFB0
 379 0004 22000000 		.4byte	.LFE0
 380 0008 00000000 		.4byte	0
 381 000c 00000000 		.4byte	0
 382              		.section	.debug_line,"",%progbits
 383              	.Ldebug_line0:
 384 0000 52010000 		.section	.debug_str,"MS",%progbits,1
 384      02003001 
 384      00000201 
 384      FB0E0D00 
 384      01010101 
ARM GAS  C:\Users\ke\AppData\Local\Temp\ccV0UKsU.s 			page 8


 385              	.LASF13:
 386 0000 53657276 		.ascii	"Servo_Open\000"
 386      6F5F4F70 
 386      656E00
 387              	.LASF19:
 388 000b 4C6F636B 		.ascii	"Lock_Handle\000"
 388      5F48616E 
 388      646C6500 
 389              	.LASF18:
 390 0017 433A5C55 		.ascii	"C:\\Users\\ke\\Gitfis\\Elektroteknologi-Projekt-1\\"
 390      73657273 
 390      5C6B655C 
 390      47697466 
 390      69735C45 
 391 0045 55495C64 		.ascii	"UI\\drejeknap - Kopi\\drejeknappelegen.cydsn\000"
 391      72656A65 
 391      6B6E6170 
 391      202D204B 
 391      6F70695C 
 392              	.LASF16:
 393 0070 474E5520 		.ascii	"GNU C11 5.4.1 20160609 (release) [ARM/embedded-5-br"
 393      43313120 
 393      352E342E 
 393      31203230 
 393      31363036 
 394 00a3 616E6368 		.ascii	"anch revision 237715] -mcpu=cortex-m3 -mthumb -g -O"
 394      20726576 
 394      6973696F 
 394      6E203233 
 394      37373135 
 395 00d6 67202D66 		.ascii	"g -ffunction-sections -ffat-lto-objects\000"
 395      66756E63 
 395      74696F6E 
 395      2D736563 
 395      74696F6E 
 396              	.LASF5:
 397 00fe 6C6F6E67 		.ascii	"long unsigned int\000"
 397      20756E73 
 397      69676E65 
 397      6420696E 
 397      7400
 398              	.LASF3:
 399 0110 73686F72 		.ascii	"short unsigned int\000"
 399      7420756E 
 399      7369676E 
 399      65642069 
 399      6E7400
 400              	.LASF1:
 401 0123 756E7369 		.ascii	"unsigned char\000"
 401      676E6564 
 401      20636861 
 401      7200
 402              	.LASF17:
 403 0131 6C6F636B 		.ascii	"lock.c\000"
 403      2E6300
 404              	.LASF9:
 405 0138 5F5F7569 		.ascii	"__uint32_t\000"
ARM GAS  C:\Users\ke\AppData\Local\Temp\ccV0UKsU.s 			page 9


 405      6E743332 
 405      5F7400
 406              	.LASF20:
 407 0143 636F6465 		.ascii	"code\000"
 407      00
 408              	.LASF8:
 409 0148 756E7369 		.ascii	"unsigned int\000"
 409      676E6564 
 409      20696E74 
 409      00
 410              	.LASF7:
 411 0155 6C6F6E67 		.ascii	"long long unsigned int\000"
 411      206C6F6E 
 411      6720756E 
 411      7369676E 
 411      65642069 
 412              	.LASF12:
 413 016c 53455256 		.ascii	"SERVO_ERROR\000"
 413      4F5F4552 
 413      524F5200 
 414              	.LASF6:
 415 0178 6C6F6E67 		.ascii	"long long int\000"
 415      206C6F6E 
 415      6720696E 
 415      7400
 416              	.LASF14:
 417 0186 416C6172 		.ascii	"Alarm_Stop\000"
 417      6D5F5374 
 417      6F7000
 418              	.LASF15:
 419 0191 416C6172 		.ascii	"Alarm_Trigger\000"
 419      6D5F5472 
 419      69676765 
 419      7200
 420              	.LASF2:
 421 019f 73686F72 		.ascii	"short int\000"
 421      7420696E 
 421      7400
 422              	.LASF10:
 423 01a9 75696E74 		.ascii	"uint32_t\000"
 423      33325F74 
 423      00
 424              	.LASF4:
 425 01b2 6C6F6E67 		.ascii	"long int\000"
 425      20696E74 
 425      00
 426              	.LASF11:
 427 01bb 53455256 		.ascii	"SERVO_OK\000"
 427      4F5F4F4B 
 427      00
 428              	.LASF0:
 429 01c4 7369676E 		.ascii	"signed char\000"
 429      65642063 
 429      68617200 
 430              		.ident	"GCC: (GNU Tools for ARM Embedded Processors) 5.4.1 20160609 (release) [ARM/embedded-5-bran
