ARM GAS  C:\Users\ke\AppData\Local\Temp\ccbMUk0Z.s 			page 1


   1              		.syntax unified
   2              		.cpu cortex-m3
   3              		.fpu softvfp
   4              		.eabi_attribute 20, 1
   5              		.eabi_attribute 21, 1
   6              		.eabi_attribute 23, 3
   7              		.eabi_attribute 24, 1
   8              		.eabi_attribute 25, 1
   9              		.eabi_attribute 26, 1
  10              		.eabi_attribute 30, 1
  11              		.eabi_attribute 34, 1
  12              		.eabi_attribute 18, 4
  13              		.thumb
  14              		.syntax unified
  15              		.file	"main.c"
  16              		.text
  17              	.Ltext0:
  18              		.cfi_sections	.debug_frame
  19              		.section	.text.main,"ax",%progbits
  20              		.align	2
  21              		.global	main
  22              		.thumb
  23              		.thumb_func
  24              		.type	main, %function
  25              	main:
  26              	.LFB63:
  27              		.file 1 "main.c"
   1:main.c        **** #include "project.h"
   2:main.c        **** #include "keypad.h"
   3:main.c        **** #include "lock.h"
   4:main.c        **** #include "alarm.h"
   5:main.c        **** #include "accel.h"
   6:main.c        **** #include "servo.h"
   7:main.c        **** int main(void)
   8:main.c        **** {
  28              		.loc 1 8 0
  29              		.cfi_startproc
  30              		@ Volatile: function does not return.
  31              		@ args = 0, pretend = 0, frame = 0
  32              		@ frame_needed = 0, uses_anonymous_args = 0
  33 0000 08B5     		push	{r3, lr}
  34              		.cfi_def_cfa_offset 8
  35              		.cfi_offset 3, -8
  36              		.cfi_offset 14, -4
   9:main.c        ****     CyGlobalIntEnable;
  37              		.loc 1 9 0
  38              		.syntax unified
  39              	@ 9 "main.c" 1
  40 0002 62B6     		CPSIE   i
  41              	@ 0 "" 2
  10:main.c        ****     Servo_Init();
  42              		.loc 1 10 0
  43              		.thumb
  44              		.syntax unified
  45 0004 FFF7FEFF 		bl	Servo_Init
  46              	.LVL0:
  11:main.c        ****     Alarm_Stop();
ARM GAS  C:\Users\ke\AppData\Local\Temp\ccbMUk0Z.s 			page 2


  47              		.loc 1 11 0
  48 0008 FFF7FEFF 		bl	Alarm_Stop
  49              	.LVL1:
  12:main.c        ****     Accel_Init();
  50              		.loc 1 12 0
  51 000c FFF7FEFF 		bl	Accel_Init
  52              	.LVL2:
  13:main.c        ****     Keypad_Init();
  53              		.loc 1 13 0
  54 0010 FFF7FEFF 		bl	Keypad_Init
  55              	.LVL3:
  56              	.L3:
  14:main.c        ****     for(;;)
  15:main.c        ****     {
  16:main.c        ****         Keypad_Update();
  57              		.loc 1 16 0
  58 0014 FFF7FEFF 		bl	Keypad_Update
  59              	.LVL4:
  17:main.c        ****         if(Keypad_IsComplete())
  60              		.loc 1 17 0
  61 0018 FFF7FEFF 		bl	Keypad_IsComplete
  62              	.LVL5:
  63 001c 28B1     		cbz	r0, .L2
  18:main.c        ****         {
  19:main.c        ****             Lock_Handle(Keypad_GetCode());
  64              		.loc 1 19 0
  65 001e FFF7FEFF 		bl	Keypad_GetCode
  66              	.LVL6:
  67 0022 FFF7FEFF 		bl	Lock_Handle
  68              	.LVL7:
  20:main.c        ****             Keypad_Reset();
  69              		.loc 1 20 0
  70 0026 FFF7FEFF 		bl	Keypad_Reset
  71              	.LVL8:
  72              	.L2:
  21:main.c        ****         }
  22:main.c        ****         if(Alarm_IsActive() && Accel_MovementDetected())
  73              		.loc 1 22 0
  74 002a FFF7FEFF 		bl	Alarm_IsActive
  75              	.LVL9:
  76 002e 0028     		cmp	r0, #0
  77 0030 F0D0     		beq	.L3
  78              		.loc 1 22 0 is_stmt 0 discriminator 1
  79 0032 FFF7FEFF 		bl	Accel_MovementDetected
  80              	.LVL10:
  81 0036 0028     		cmp	r0, #0
  82 0038 ECD0     		beq	.L3
  23:main.c        ****         {
  24:main.c        ****             Alarm_Trigger();
  83              		.loc 1 24 0 is_stmt 1
  84 003a FFF7FEFF 		bl	Alarm_Trigger
  85              	.LVL11:
  86 003e E9E7     		b	.L3
  87              		.cfi_endproc
  88              	.LFE63:
  89              		.size	main, .-main
  90              		.text
ARM GAS  C:\Users\ke\AppData\Local\Temp\ccbMUk0Z.s 			page 3


  91              	.Letext0:
  92              		.file 2 "c:\\program files (x86)\\cypress\\psoc creator\\4.4\\psoc creator\\import\\gnu\\arm\\5.4.
  93              		.file 3 "c:\\program files (x86)\\cypress\\psoc creator\\4.4\\psoc creator\\import\\gnu\\arm\\5.4.
  94              		.file 4 "servo.h"
  95              		.file 5 "alarm.h"
  96              		.file 6 "accel.h"
  97              		.file 7 "keypad.h"
  98              		.file 8 "lock.h"
  99              		.file 9 "Generated_Source\\PSoC5/core_cm3.h"
 100              		.section	.debug_info,"",%progbits
 101              	.Ldebug_info0:
 102 0000 BC010000 		.4byte	0x1bc
 103 0004 0400     		.2byte	0x4
 104 0006 00000000 		.4byte	.Ldebug_abbrev0
 105 000a 04       		.byte	0x4
 106 000b 01       		.uleb128 0x1
 107 000c C0000000 		.4byte	.LASF28
 108 0010 0C       		.byte	0xc
 109 0011 09020000 		.4byte	.LASF29
 110 0015 67000000 		.4byte	.LASF30
 111 0019 00000000 		.4byte	.Ldebug_ranges0+0
 112 001d 00000000 		.4byte	0
 113 0021 00000000 		.4byte	.Ldebug_line0
 114 0025 02       		.uleb128 0x2
 115 0026 01       		.byte	0x1
 116 0027 06       		.byte	0x6
 117 0028 4D020000 		.4byte	.LASF0
 118 002c 02       		.uleb128 0x2
 119 002d 01       		.byte	0x1
 120 002e 08       		.byte	0x8
 121 002f 8E010000 		.4byte	.LASF1
 122 0033 02       		.uleb128 0x2
 123 0034 02       		.byte	0x2
 124 0035 05       		.byte	0x5
 125 0036 23020000 		.4byte	.LASF2
 126 003a 02       		.uleb128 0x2
 127 003b 02       		.byte	0x2
 128 003c 07       		.byte	0x7
 129 003d 60010000 		.4byte	.LASF3
 130 0041 03       		.uleb128 0x3
 131 0042 1D000000 		.4byte	.LASF9
 132 0046 02       		.byte	0x2
 133 0047 3F       		.byte	0x3f
 134 0048 4C000000 		.4byte	0x4c
 135 004c 02       		.uleb128 0x2
 136 004d 04       		.byte	0x4
 137 004e 05       		.byte	0x5
 138 004f 2D020000 		.4byte	.LASF4
 139 0053 02       		.uleb128 0x2
 140 0054 04       		.byte	0x4
 141 0055 07       		.byte	0x7
 142 0056 4E010000 		.4byte	.LASF5
 143 005a 02       		.uleb128 0x2
 144 005b 08       		.byte	0x8
 145 005c 05       		.byte	0x5
 146 005d FB010000 		.4byte	.LASF6
 147 0061 02       		.uleb128 0x2
ARM GAS  C:\Users\ke\AppData\Local\Temp\ccbMUk0Z.s 			page 4


 148 0062 08       		.byte	0x8
 149 0063 07       		.byte	0x7
 150 0064 C4010000 		.4byte	.LASF7
 151 0068 04       		.uleb128 0x4
 152 0069 04       		.byte	0x4
 153 006a 05       		.byte	0x5
 154 006b 696E7400 		.ascii	"int\000"
 155 006f 02       		.uleb128 0x2
 156 0070 04       		.byte	0x4
 157 0071 07       		.byte	0x7
 158 0072 B7010000 		.4byte	.LASF8
 159 0076 03       		.uleb128 0x3
 160 0077 EA010000 		.4byte	.LASF10
 161 007b 03       		.byte	0x3
 162 007c 2C       		.byte	0x2c
 163 007d 41000000 		.4byte	0x41
 164 0081 02       		.uleb128 0x2
 165 0082 04       		.byte	0x4
 166 0083 04       		.byte	0x4
 167 0084 61000000 		.4byte	.LASF11
 168 0088 02       		.uleb128 0x2
 169 0089 08       		.byte	0x8
 170 008a 04       		.byte	0x4
 171 008b 9C010000 		.4byte	.LASF12
 172 008f 02       		.uleb128 0x2
 173 0090 01       		.byte	0x1
 174 0091 08       		.byte	0x8
 175 0092 10020000 		.4byte	.LASF13
 176 0096 02       		.uleb128 0x2
 177 0097 08       		.byte	0x8
 178 0098 04       		.byte	0x4
 179 0099 36020000 		.4byte	.LASF14
 180 009d 02       		.uleb128 0x2
 181 009e 04       		.byte	0x4
 182 009f 07       		.byte	0x7
 183 00a0 F2010000 		.4byte	.LASF15
 184 00a4 05       		.uleb128 0x5
 185 00a5 A3010000 		.4byte	.LASF31
 186 00a9 01       		.byte	0x1
 187 00aa 07       		.byte	0x7
 188 00ab 68000000 		.4byte	0x68
 189 00af 00000000 		.4byte	.LFB63
 190 00b3 40000000 		.4byte	.LFE63-.LFB63
 191 00b7 01       		.uleb128 0x1
 192 00b8 9C       		.byte	0x9c
 193 00b9 2A010000 		.4byte	0x12a
 194 00bd 06       		.uleb128 0x6
 195 00be 08000000 		.4byte	.LVL0
 196 00c2 3B010000 		.4byte	0x13b
 197 00c6 06       		.uleb128 0x6
 198 00c7 0C000000 		.4byte	.LVL1
 199 00cb 46010000 		.4byte	0x146
 200 00cf 06       		.uleb128 0x6
 201 00d0 10000000 		.4byte	.LVL2
 202 00d4 51010000 		.4byte	0x151
 203 00d8 06       		.uleb128 0x6
 204 00d9 14000000 		.4byte	.LVL3
ARM GAS  C:\Users\ke\AppData\Local\Temp\ccbMUk0Z.s 			page 5


 205 00dd 5C010000 		.4byte	0x15c
 206 00e1 06       		.uleb128 0x6
 207 00e2 18000000 		.4byte	.LVL4
 208 00e6 67010000 		.4byte	0x167
 209 00ea 06       		.uleb128 0x6
 210 00eb 1C000000 		.4byte	.LVL5
 211 00ef 72010000 		.4byte	0x172
 212 00f3 06       		.uleb128 0x6
 213 00f4 22000000 		.4byte	.LVL6
 214 00f8 7D010000 		.4byte	0x17d
 215 00fc 06       		.uleb128 0x6
 216 00fd 26000000 		.4byte	.LVL7
 217 0101 88010000 		.4byte	0x188
 218 0105 06       		.uleb128 0x6
 219 0106 2A000000 		.4byte	.LVL8
 220 010a 93010000 		.4byte	0x193
 221 010e 06       		.uleb128 0x6
 222 010f 2E000000 		.4byte	.LVL9
 223 0113 9E010000 		.4byte	0x19e
 224 0117 06       		.uleb128 0x6
 225 0118 36000000 		.4byte	.LVL10
 226 011c A9010000 		.4byte	0x1a9
 227 0120 06       		.uleb128 0x6
 228 0121 3E000000 		.4byte	.LVL11
 229 0125 B4010000 		.4byte	0x1b4
 230 0129 00       		.byte	0
 231 012a 07       		.uleb128 0x7
 232 012b 81010000 		.4byte	.LASF32
 233 012f 09       		.byte	0x9
 234 0130 1207     		.2byte	0x712
 235 0132 36010000 		.4byte	0x136
 236 0136 08       		.uleb128 0x8
 237 0137 76000000 		.4byte	0x76
 238 013b 09       		.uleb128 0x9
 239 013c 12000000 		.4byte	.LASF16
 240 0140 12000000 		.4byte	.LASF16
 241 0144 04       		.byte	0x4
 242 0145 05       		.byte	0x5
 243 0146 09       		.uleb128 0x9
 244 0147 42020000 		.4byte	.LASF17
 245 014b 42020000 		.4byte	.LASF17
 246 014f 05       		.byte	0x5
 247 0150 05       		.byte	0x5
 248 0151 09       		.uleb128 0x9
 249 0152 33000000 		.4byte	.LASF18
 250 0156 33000000 		.4byte	.LASF18
 251 015a 06       		.byte	0x6
 252 015b 04       		.byte	0x4
 253 015c 09       		.uleb128 0x9
 254 015d 27000000 		.4byte	.LASF19
 255 0161 27000000 		.4byte	.LASF19
 256 0165 07       		.byte	0x7
 257 0166 04       		.byte	0x4
 258 0167 09       		.uleb128 0x9
 259 0168 73010000 		.4byte	.LASF20
 260 016c 73010000 		.4byte	.LASF20
 261 0170 07       		.byte	0x7
ARM GAS  C:\Users\ke\AppData\Local\Temp\ccbMUk0Z.s 			page 6


 262 0171 05       		.byte	0x5
 263 0172 09       		.uleb128 0x9
 264 0173 00000000 		.4byte	.LASF21
 265 0177 00000000 		.4byte	.LASF21
 266 017b 07       		.byte	0x7
 267 017c 06       		.byte	0x6
 268 017d 09       		.uleb128 0x9
 269 017e A8010000 		.4byte	.LASF22
 270 0182 A8010000 		.4byte	.LASF22
 271 0186 07       		.byte	0x7
 272 0187 07       		.byte	0x7
 273 0188 09       		.uleb128 0x9
 274 0189 55000000 		.4byte	.LASF23
 275 018d 55000000 		.4byte	.LASF23
 276 0191 08       		.byte	0x8
 277 0192 04       		.byte	0x4
 278 0193 09       		.uleb128 0x9
 279 0194 59020000 		.4byte	.LASF24
 280 0198 59020000 		.4byte	.LASF24
 281 019c 07       		.byte	0x7
 282 019d 08       		.byte	0x8
 283 019e 09       		.uleb128 0x9
 284 019f DB010000 		.4byte	.LASF25
 285 01a3 DB010000 		.4byte	.LASF25
 286 01a7 05       		.byte	0x5
 287 01a8 06       		.byte	0x6
 288 01a9 09       		.uleb128 0x9
 289 01aa 3E000000 		.4byte	.LASF26
 290 01ae 3E000000 		.4byte	.LASF26
 291 01b2 06       		.byte	0x6
 292 01b3 05       		.byte	0x5
 293 01b4 09       		.uleb128 0x9
 294 01b5 15020000 		.4byte	.LASF27
 295 01b9 15020000 		.4byte	.LASF27
 296 01bd 05       		.byte	0x5
 297 01be 04       		.byte	0x4
 298 01bf 00       		.byte	0
 299              		.section	.debug_abbrev,"",%progbits
 300              	.Ldebug_abbrev0:
 301 0000 01       		.uleb128 0x1
 302 0001 11       		.uleb128 0x11
 303 0002 01       		.byte	0x1
 304 0003 25       		.uleb128 0x25
 305 0004 0E       		.uleb128 0xe
 306 0005 13       		.uleb128 0x13
 307 0006 0B       		.uleb128 0xb
 308 0007 03       		.uleb128 0x3
 309 0008 0E       		.uleb128 0xe
 310 0009 1B       		.uleb128 0x1b
 311 000a 0E       		.uleb128 0xe
 312 000b 55       		.uleb128 0x55
 313 000c 17       		.uleb128 0x17
 314 000d 11       		.uleb128 0x11
 315 000e 01       		.uleb128 0x1
 316 000f 10       		.uleb128 0x10
 317 0010 17       		.uleb128 0x17
 318 0011 00       		.byte	0
ARM GAS  C:\Users\ke\AppData\Local\Temp\ccbMUk0Z.s 			page 7


 319 0012 00       		.byte	0
 320 0013 02       		.uleb128 0x2
 321 0014 24       		.uleb128 0x24
 322 0015 00       		.byte	0
 323 0016 0B       		.uleb128 0xb
 324 0017 0B       		.uleb128 0xb
 325 0018 3E       		.uleb128 0x3e
 326 0019 0B       		.uleb128 0xb
 327 001a 03       		.uleb128 0x3
 328 001b 0E       		.uleb128 0xe
 329 001c 00       		.byte	0
 330 001d 00       		.byte	0
 331 001e 03       		.uleb128 0x3
 332 001f 16       		.uleb128 0x16
 333 0020 00       		.byte	0
 334 0021 03       		.uleb128 0x3
 335 0022 0E       		.uleb128 0xe
 336 0023 3A       		.uleb128 0x3a
 337 0024 0B       		.uleb128 0xb
 338 0025 3B       		.uleb128 0x3b
 339 0026 0B       		.uleb128 0xb
 340 0027 49       		.uleb128 0x49
 341 0028 13       		.uleb128 0x13
 342 0029 00       		.byte	0
 343 002a 00       		.byte	0
 344 002b 04       		.uleb128 0x4
 345 002c 24       		.uleb128 0x24
 346 002d 00       		.byte	0
 347 002e 0B       		.uleb128 0xb
 348 002f 0B       		.uleb128 0xb
 349 0030 3E       		.uleb128 0x3e
 350 0031 0B       		.uleb128 0xb
 351 0032 03       		.uleb128 0x3
 352 0033 08       		.uleb128 0x8
 353 0034 00       		.byte	0
 354 0035 00       		.byte	0
 355 0036 05       		.uleb128 0x5
 356 0037 2E       		.uleb128 0x2e
 357 0038 01       		.byte	0x1
 358 0039 3F       		.uleb128 0x3f
 359 003a 19       		.uleb128 0x19
 360 003b 03       		.uleb128 0x3
 361 003c 0E       		.uleb128 0xe
 362 003d 3A       		.uleb128 0x3a
 363 003e 0B       		.uleb128 0xb
 364 003f 3B       		.uleb128 0x3b
 365 0040 0B       		.uleb128 0xb
 366 0041 27       		.uleb128 0x27
 367 0042 19       		.uleb128 0x19
 368 0043 49       		.uleb128 0x49
 369 0044 13       		.uleb128 0x13
 370 0045 8701     		.uleb128 0x87
 371 0047 19       		.uleb128 0x19
 372 0048 11       		.uleb128 0x11
 373 0049 01       		.uleb128 0x1
 374 004a 12       		.uleb128 0x12
 375 004b 06       		.uleb128 0x6
ARM GAS  C:\Users\ke\AppData\Local\Temp\ccbMUk0Z.s 			page 8


 376 004c 40       		.uleb128 0x40
 377 004d 18       		.uleb128 0x18
 378 004e 9742     		.uleb128 0x2117
 379 0050 19       		.uleb128 0x19
 380 0051 01       		.uleb128 0x1
 381 0052 13       		.uleb128 0x13
 382 0053 00       		.byte	0
 383 0054 00       		.byte	0
 384 0055 06       		.uleb128 0x6
 385 0056 898201   		.uleb128 0x4109
 386 0059 00       		.byte	0
 387 005a 11       		.uleb128 0x11
 388 005b 01       		.uleb128 0x1
 389 005c 31       		.uleb128 0x31
 390 005d 13       		.uleb128 0x13
 391 005e 00       		.byte	0
 392 005f 00       		.byte	0
 393 0060 07       		.uleb128 0x7
 394 0061 34       		.uleb128 0x34
 395 0062 00       		.byte	0
 396 0063 03       		.uleb128 0x3
 397 0064 0E       		.uleb128 0xe
 398 0065 3A       		.uleb128 0x3a
 399 0066 0B       		.uleb128 0xb
 400 0067 3B       		.uleb128 0x3b
 401 0068 05       		.uleb128 0x5
 402 0069 49       		.uleb128 0x49
 403 006a 13       		.uleb128 0x13
 404 006b 3F       		.uleb128 0x3f
 405 006c 19       		.uleb128 0x19
 406 006d 3C       		.uleb128 0x3c
 407 006e 19       		.uleb128 0x19
 408 006f 00       		.byte	0
 409 0070 00       		.byte	0
 410 0071 08       		.uleb128 0x8
 411 0072 35       		.uleb128 0x35
 412 0073 00       		.byte	0
 413 0074 49       		.uleb128 0x49
 414 0075 13       		.uleb128 0x13
 415 0076 00       		.byte	0
 416 0077 00       		.byte	0
 417 0078 09       		.uleb128 0x9
 418 0079 2E       		.uleb128 0x2e
 419 007a 00       		.byte	0
 420 007b 3F       		.uleb128 0x3f
 421 007c 19       		.uleb128 0x19
 422 007d 3C       		.uleb128 0x3c
 423 007e 19       		.uleb128 0x19
 424 007f 6E       		.uleb128 0x6e
 425 0080 0E       		.uleb128 0xe
 426 0081 03       		.uleb128 0x3
 427 0082 0E       		.uleb128 0xe
 428 0083 3A       		.uleb128 0x3a
 429 0084 0B       		.uleb128 0xb
 430 0085 3B       		.uleb128 0x3b
 431 0086 0B       		.uleb128 0xb
 432 0087 00       		.byte	0
ARM GAS  C:\Users\ke\AppData\Local\Temp\ccbMUk0Z.s 			page 9


 433 0088 00       		.byte	0
 434 0089 00       		.byte	0
 435              		.section	.debug_aranges,"",%progbits
 436 0000 1C000000 		.4byte	0x1c
 437 0004 0200     		.2byte	0x2
 438 0006 00000000 		.4byte	.Ldebug_info0
 439 000a 04       		.byte	0x4
 440 000b 00       		.byte	0
 441 000c 0000     		.2byte	0
 442 000e 0000     		.2byte	0
 443 0010 00000000 		.4byte	.LFB63
 444 0014 40000000 		.4byte	.LFE63-.LFB63
 445 0018 00000000 		.4byte	0
 446 001c 00000000 		.4byte	0
 447              		.section	.debug_ranges,"",%progbits
 448              	.Ldebug_ranges0:
 449 0000 00000000 		.4byte	.LFB63
 450 0004 40000000 		.4byte	.LFE63
 451 0008 00000000 		.4byte	0
 452 000c 00000000 		.4byte	0
 453              		.section	.debug_line,"",%progbits
 454              	.Ldebug_line0:
 455 0000 9B010000 		.section	.debug_str,"MS",%progbits,1
 455      02007601 
 455      00000201 
 455      FB0E0D00 
 455      01010101 
 456              	.LASF21:
 457 0000 4B657970 		.ascii	"Keypad_IsComplete\000"
 457      61645F49 
 457      73436F6D 
 457      706C6574 
 457      6500
 458              	.LASF16:
 459 0012 53657276 		.ascii	"Servo_Init\000"
 459      6F5F496E 
 459      697400
 460              	.LASF9:
 461 001d 5F5F696E 		.ascii	"__int32_t\000"
 461      7433325F 
 461      7400
 462              	.LASF19:
 463 0027 4B657970 		.ascii	"Keypad_Init\000"
 463      61645F49 
 463      6E697400 
 464              	.LASF18:
 465 0033 41636365 		.ascii	"Accel_Init\000"
 465      6C5F496E 
 465      697400
 466              	.LASF26:
 467 003e 41636365 		.ascii	"Accel_MovementDetected\000"
 467      6C5F4D6F 
 467      76656D65 
 467      6E744465 
 467      74656374 
 468              	.LASF23:
 469 0055 4C6F636B 		.ascii	"Lock_Handle\000"
ARM GAS  C:\Users\ke\AppData\Local\Temp\ccbMUk0Z.s 			page 10


 469      5F48616E 
 469      646C6500 
 470              	.LASF11:
 471 0061 666C6F61 		.ascii	"float\000"
 471      7400
 472              	.LASF30:
 473 0067 433A5C55 		.ascii	"C:\\Users\\ke\\Gitfis\\Elektroteknologi-Projekt-1\\"
 473      73657273 
 473      5C6B655C 
 473      47697466 
 473      69735C45 
 474 0095 55495C64 		.ascii	"UI\\drejeknap - Kopi\\drejeknappelegen.cydsn\000"
 474      72656A65 
 474      6B6E6170 
 474      202D204B 
 474      6F70695C 
 475              	.LASF28:
 476 00c0 474E5520 		.ascii	"GNU C11 5.4.1 20160609 (release) [ARM/embedded-5-br"
 476      43313120 
 476      352E342E 
 476      31203230 
 476      31363036 
 477 00f3 616E6368 		.ascii	"anch revision 237715] -mcpu=cortex-m3 -mthumb -g -O"
 477      20726576 
 477      6973696F 
 477      6E203233 
 477      37373135 
 478 0126 67202D66 		.ascii	"g -ffunction-sections -ffat-lto-objects\000"
 478      66756E63 
 478      74696F6E 
 478      2D736563 
 478      74696F6E 
 479              	.LASF5:
 480 014e 6C6F6E67 		.ascii	"long unsigned int\000"
 480      20756E73 
 480      69676E65 
 480      6420696E 
 480      7400
 481              	.LASF3:
 482 0160 73686F72 		.ascii	"short unsigned int\000"
 482      7420756E 
 482      7369676E 
 482      65642069 
 482      6E7400
 483              	.LASF20:
 484 0173 4B657970 		.ascii	"Keypad_Update\000"
 484      61645F55 
 484      70646174 
 484      6500
 485              	.LASF32:
 486 0181 49544D5F 		.ascii	"ITM_RxBuffer\000"
 486      52784275 
 486      66666572 
 486      00
 487              	.LASF1:
 488 018e 756E7369 		.ascii	"unsigned char\000"
 488      676E6564 
ARM GAS  C:\Users\ke\AppData\Local\Temp\ccbMUk0Z.s 			page 11


 488      20636861 
 488      7200
 489              	.LASF12:
 490 019c 646F7562 		.ascii	"double\000"
 490      6C6500
 491              	.LASF31:
 492 01a3 6D61696E 		.ascii	"main\000"
 492      00
 493              	.LASF22:
 494 01a8 4B657970 		.ascii	"Keypad_GetCode\000"
 494      61645F47 
 494      6574436F 
 494      646500
 495              	.LASF8:
 496 01b7 756E7369 		.ascii	"unsigned int\000"
 496      676E6564 
 496      20696E74 
 496      00
 497              	.LASF7:
 498 01c4 6C6F6E67 		.ascii	"long long unsigned int\000"
 498      206C6F6E 
 498      6720756E 
 498      7369676E 
 498      65642069 
 499              	.LASF25:
 500 01db 416C6172 		.ascii	"Alarm_IsActive\000"
 500      6D5F4973 
 500      41637469 
 500      766500
 501              	.LASF10:
 502 01ea 696E7433 		.ascii	"int32_t\000"
 502      325F7400 
 503              	.LASF15:
 504 01f2 73697A65 		.ascii	"sizetype\000"
 504      74797065 
 504      00
 505              	.LASF6:
 506 01fb 6C6F6E67 		.ascii	"long long int\000"
 506      206C6F6E 
 506      6720696E 
 506      7400
 507              	.LASF29:
 508 0209 6D61696E 		.ascii	"main.c\000"
 508      2E6300
 509              	.LASF13:
 510 0210 63686172 		.ascii	"char\000"
 510      00
 511              	.LASF27:
 512 0215 416C6172 		.ascii	"Alarm_Trigger\000"
 512      6D5F5472 
 512      69676765 
 512      7200
 513              	.LASF2:
 514 0223 73686F72 		.ascii	"short int\000"
 514      7420696E 
 514      7400
 515              	.LASF4:
ARM GAS  C:\Users\ke\AppData\Local\Temp\ccbMUk0Z.s 			page 12


 516 022d 6C6F6E67 		.ascii	"long int\000"
 516      20696E74 
 516      00
 517              	.LASF14:
 518 0236 6C6F6E67 		.ascii	"long double\000"
 518      20646F75 
 518      626C6500 
 519              	.LASF17:
 520 0242 416C6172 		.ascii	"Alarm_Stop\000"
 520      6D5F5374 
 520      6F7000
 521              	.LASF0:
 522 024d 7369676E 		.ascii	"signed char\000"
 522      65642063 
 522      68617200 
 523              	.LASF24:
 524 0259 4B657970 		.ascii	"Keypad_Reset\000"
 524      61645F52 
 524      65736574 
 524      00
 525              		.ident	"GCC: (GNU Tools for ARM Embedded Processors) 5.4.1 20160609 (release) [ARM/embedded-5-bran
