ARM GAS  C:\Users\Anton\AppData\Local\Temp\cc7Ioyoo.s 			page 1


   1              		.syntax unified
   2              		.cpu cortex-m3
   3              		.fpu softvfp
   4              		.eabi_attribute 20, 1
   5              		.eabi_attribute 21, 1
   6              		.eabi_attribute 23, 3
   7              		.eabi_attribute 24, 1
   8              		.eabi_attribute 25, 1
   9              		.eabi_attribute 26, 1
  10              		.eabi_attribute 30, 1
  11              		.eabi_attribute 34, 1
  12              		.eabi_attribute 18, 4
  13              		.thumb
  14              		.syntax unified
  15              		.file	"cymetadata.c"
  16              		.text
  17              	.Ltext0:
  18              		.cfi_sections	.debug_frame
  19              		.global	cy_metadata
  20              		.global	cy_meta_flashprotect
  21              		.global	cy_meta_wonvl
  22              		.global	cy_meta_custnvl
  23              		.global	cy_meta_configecc
  24              		.section	.cyconfigecc,"a",%progbits
  25              		.align	2
  26              		.type	cy_meta_configecc, %object
  27              		.size	cy_meta_configecc, 288
  28              	cy_meta_configecc:
  29 0000 01       		.byte	1
  30 0001 52       		.byte	82
  31 0002 00       		.byte	0
  32 0003 40       		.byte	64
  33 0004 01       		.byte	1
  34 0005 64       		.byte	100
  35 0006 00       		.byte	0
  36 0007 40       		.byte	64
  37 0008 01       		.byte	1
  38 0009 05       		.byte	5
  39 000a 01       		.byte	1
  40 000b 40       		.byte	64
  41 000c 01       		.byte	1
  42 000d 09       		.byte	9
  43 000e 01       		.byte	1
  44 000f 40       		.byte	64
  45 0010 04       		.byte	4
  46 0011 0B       		.byte	11
  47 0012 01       		.byte	1
  48 0013 40       		.byte	64
  49 0014 32       		.byte	50
  50 0015 0C       		.byte	12
  51 0016 01       		.byte	1
  52 0017 40       		.byte	64
  53 0018 1D       		.byte	29
  54 0019 0D       		.byte	13
  55 001a 01       		.byte	1
  56 001b 40       		.byte	64
  57 001c 01       		.byte	1
ARM GAS  C:\Users\Anton\AppData\Local\Temp\cc7Ioyoo.s 			page 2


  58 001d 17       		.byte	23
  59 001e 01       		.byte	1
  60 001f 40       		.byte	64
  61 0020 02       		.byte	2
  62 0021 19       		.byte	25
  63 0022 01       		.byte	1
  64 0023 40       		.byte	64
  65 0024 02       		.byte	2
  66 0025 42       		.byte	66
  67 0026 01       		.byte	1
  68 0027 40       		.byte	64
  69 0028 01       		.byte	1
  70 0029 43       		.byte	67
  71 002a 01       		.byte	1
  72 002b 40       		.byte	64
  73 002c 02       		.byte	2
  74 002d 45       		.byte	69
  75 002e 01       		.byte	1
  76 002f 40       		.byte	64
  77 0030 02       		.byte	2
  78 0031 46       		.byte	70
  79 0032 01       		.byte	1
  80 0033 40       		.byte	64
  81 0034 06       		.byte	6
  82 0035 48       		.byte	72
  83 0036 01       		.byte	1
  84 0037 40       		.byte	64
  85 0038 02       		.byte	2
  86 0039 50       		.byte	80
  87 003a 01       		.byte	1
  88 003b 40       		.byte	64
  89 003c 10       		.byte	16
  90 003d 01       		.byte	1
  91 003e 8C       		.byte	-116
  92 003f 0D       		.byte	13
  93 0040 E8       		.byte	-24
  94 0041 10       		.byte	16
  95 0042 9E       		.byte	-98
  96 0043 80       		.byte	-128
  97 0044 9E       		.byte	-98
  98 0045 80       		.byte	-128
  99 0046 B5       		.byte	-75
 100 0047 04       		.byte	4
 101 0048 B7       		.byte	-73
 102 0049 01       		.byte	1
 103 004a E8       		.byte	-24
 104 004b 10       		.byte	16
 105 004c 02       		.byte	2
 106 004d 02       		.byte	2
 107 004e 03       		.byte	3
 108 004f 03       		.byte	3
 109 0050 06       		.byte	6
 110 0051 01       		.byte	1
 111 0052 0C       		.byte	12
 112 0053 01       		.byte	1
 113 0054 0E       		.byte	14
 114 0055 02       		.byte	2
ARM GAS  C:\Users\Anton\AppData\Local\Temp\cc7Ioyoo.s 			page 3


 115 0056 16       		.byte	22
 116 0057 14       		.byte	20
 117 0058 19       		.byte	25
 118 0059 02       		.byte	2
 119 005a 1A       		.byte	26
 120 005b 10       		.byte	16
 121 005c 1E       		.byte	30
 122 005d 04       		.byte	4
 123 005e 22       		.byte	34
 124 005f 08       		.byte	8
 125 0060 2E       		.byte	46
 126 0061 03       		.byte	3
 127 0062 30       		.byte	48
 128 0063 03       		.byte	3
 129 0064 31       		.byte	49
 130 0065 02       		.byte	2
 131 0066 32       		.byte	50
 132 0067 08       		.byte	8
 133 0068 33       		.byte	51
 134 0069 01       		.byte	1
 135 006a 34       		.byte	52
 136 006b 10       		.byte	16
 137 006c 36       		.byte	54
 138 006d 04       		.byte	4
 139 006e 3E       		.byte	62
 140 006f 11       		.byte	17
 141 0070 40       		.byte	64
 142 0071 30       		.byte	48
 143 0072 41       		.byte	65
 144 0073 06       		.byte	6
 145 0074 45       		.byte	69
 146 0075 D2       		.byte	-46
 147 0076 46       		.byte	70
 148 0077 20       		.byte	32
 149 0078 47       		.byte	71
 150 0079 10       		.byte	16
 151 007a 48       		.byte	72
 152 007b 2B       		.byte	43
 153 007c 49       		.byte	73
 154 007d FF       		.byte	-1
 155 007e 4A       		.byte	74
 156 007f FF       		.byte	-1
 157 0080 4B       		.byte	75
 158 0081 FF       		.byte	-1
 159 0082 4D       		.byte	77
 160 0083 A0       		.byte	-96
 161 0084 4F       		.byte	79
 162 0085 04       		.byte	4
 163 0086 50       		.byte	80
 164 0087 18       		.byte	24
 165 0088 52       		.byte	82
 166 0089 80       		.byte	-128
 167 008a 54       		.byte	84
 168 008b 05       		.byte	5
 169 008c 58       		.byte	88
 170 008d 04       		.byte	4
 171 008e 59       		.byte	89
ARM GAS  C:\Users\Anton\AppData\Local\Temp\cc7Ioyoo.s 			page 4


 172 008f 04       		.byte	4
 173 0090 5A       		.byte	90
 174 0091 04       		.byte	4
 175 0092 5B       		.byte	91
 176 0093 04       		.byte	4
 177 0094 5C       		.byte	92
 178 0095 22       		.byte	34
 179 0096 5D       		.byte	93
 180 0097 22       		.byte	34
 181 0098 5F       		.byte	95
 182 0099 01       		.byte	1
 183 009a 60       		.byte	96
 184 009b 40       		.byte	64
 185 009c 62       		.byte	98
 186 009d C0       		.byte	-64
 187 009e 64       		.byte	100
 188 009f 40       		.byte	64
 189 00a0 65       		.byte	101
 190 00a1 40       		.byte	64
 191 00a2 66       		.byte	102
 192 00a3 C0       		.byte	-64
 193 00a4 68       		.byte	104
 194 00a5 C0       		.byte	-64
 195 00a6 6A       		.byte	106
 196 00a7 C0       		.byte	-64
 197 00a8 6C       		.byte	108
 198 00a9 C0       		.byte	-64
 199 00aa 6E       		.byte	110
 200 00ab C0       		.byte	-64
 201 00ac DB       		.byte	-37
 202 00ad 04       		.byte	4
 203 00ae DF       		.byte	-33
 204 00af 01       		.byte	1
 205 00b0 05       		.byte	5
 206 00b1 44       		.byte	68
 207 00b2 06       		.byte	6
 208 00b3 80       		.byte	-128
 209 00b4 0E       		.byte	14
 210 00b5 20       		.byte	32
 211 00b6 0F       		.byte	15
 212 00b7 0A       		.byte	10
 213 00b8 15       		.byte	21
 214 00b9 80       		.byte	-128
 215 00ba 16       		.byte	22
 216 00bb 40       		.byte	64
 217 00bc 1D       		.byte	29
 218 00bd 48       		.byte	72
 219 00be 1E       		.byte	30
 220 00bf 28       		.byte	40
 221 00c0 1F       		.byte	31
 222 00c1 01       		.byte	1
 223 00c2 24       		.byte	36
 224 00c3 40       		.byte	64
 225 00c4 27       		.byte	39
 226 00c5 20       		.byte	32
 227 00c6 37       		.byte	55
 228 00c7 20       		.byte	32
ARM GAS  C:\Users\Anton\AppData\Local\Temp\cc7Ioyoo.s 			page 5


 229 00c8 3F       		.byte	63
 230 00c9 02       		.byte	2
 231 00ca 45       		.byte	69
 232 00cb 08       		.byte	8
 233 00cc 4F       		.byte	79
 234 00cd 29       		.byte	41
 235 00ce 57       		.byte	87
 236 00cf 11       		.byte	17
 237 00d0 5C       		.byte	92
 238 00d1 40       		.byte	64
 239 00d2 5E       		.byte	94
 240 00d3 08       		.byte	8
 241 00d4 5F       		.byte	95
 242 00d5 01       		.byte	1
 243 00d6 69       		.byte	105
 244 00d7 80       		.byte	-128
 245 00d8 76       		.byte	118
 246 00d9 40       		.byte	64
 247 00da C0       		.byte	-64
 248 00db B0       		.byte	-80
 249 00dc C2       		.byte	-62
 250 00dd E0       		.byte	-32
 251 00de C4       		.byte	-60
 252 00df 90       		.byte	-112
 253 00e0 CC       		.byte	-52
 254 00e1 20       		.byte	32
 255 00e2 CE       		.byte	-50
 256 00e3 80       		.byte	-128
 257 00e4 D0       		.byte	-48
 258 00e5 40       		.byte	64
 259 00e6 D2       		.byte	-46
 260 00e7 20       		.byte	32
 261 00e8 D6       		.byte	-42
 262 00e9 D0       		.byte	-48
 263 00ea E0       		.byte	-32
 264 00eb 02       		.byte	2
 265 00ec 86       		.byte	-122
 266 00ed 80       		.byte	-128
 267 00ee 9E       		.byte	-98
 268 00ef 80       		.byte	-128
 269 00f0 A5       		.byte	-91
 270 00f1 80       		.byte	-128
 271 00f2 B5       		.byte	-75
 272 00f3 80       		.byte	-128
 273 00f4 A5       		.byte	-91
 274 00f5 80       		.byte	-128
 275 00f6 57       		.byte	87
 276 00f7 04       		.byte	4
 277 00f8 D4       		.byte	-44
 278 00f9 02       		.byte	2
 279 00fa B7       		.byte	-73
 280 00fb 04       		.byte	4
 281 00fc E8       		.byte	-24
 282 00fd 02       		.byte	2
 283 00fe 23       		.byte	35
 284 00ff 20       		.byte	32
 285 0100 25       		.byte	37
ARM GAS  C:\Users\Anton\AppData\Local\Temp\cc7Ioyoo.s 			page 6


 286 0101 80       		.byte	-128
 287 0102 87       		.byte	-121
 288 0103 20       		.byte	32
 289 0104 A5       		.byte	-91
 290 0105 80       		.byte	-128
 291 0106 C8       		.byte	-56
 292 0107 60       		.byte	96
 293 0108 E0       		.byte	-32
 294 0109 40       		.byte	64
 295 010a 00       		.byte	0
 296 010b 04       		.byte	4
 297 010c 0E       		.byte	14
 298 010d 04       		.byte	4
 299 010e 00       		.byte	0
 300 010f 00       		.byte	0
 301 0110 00       		.byte	0
 302 0111 0B       		.byte	11
 303 0112 0B       		.byte	11
 304 0113 00       		.byte	0
 305 0114 00       		.byte	0
 306 0115 00       		.byte	0
 307 0116 00       		.byte	0
 308 0117 00       		.byte	0
 309 0118 00       		.byte	0
 310 0119 01       		.byte	1
 311 011a 01       		.byte	1
 312 011b 00       		.byte	0
 313 011c 01       		.byte	1
 314 011d 00       		.byte	0
 315 011e 00       		.byte	0
 316 011f 00       		.byte	0
 317              		.section	.cywolatch,"a",%progbits
 318              		.align	2
 319              		.type	cy_meta_wonvl, %object
 320              		.size	cy_meta_wonvl, 4
 321              	cy_meta_wonvl:
 322 0000 BC       		.byte	-68
 323 0001 90       		.byte	-112
 324 0002 AC       		.byte	-84
 325 0003 AF       		.byte	-81
 326              		.section	.cycustnvl,"a",%progbits
 327              		.align	2
 328              		.type	cy_meta_custnvl, %object
 329              		.size	cy_meta_custnvl, 4
 330              	cy_meta_custnvl:
 331 0000 00       		.byte	0
 332 0001 00       		.byte	0
 333 0002 40       		.byte	64
 334 0003 05       		.byte	5
 335              		.section	.cymeta,"a",%progbits
 336              		.align	2
 337              		.type	cy_metadata, %object
 338              		.size	cy_metadata, 12
 339              	cy_metadata:
 340 0000 00       		.byte	0
 341 0001 01       		.byte	1
 342 0002 2E       		.byte	46
ARM GAS  C:\Users\Anton\AppData\Local\Temp\cc7Ioyoo.s 			page 7


 343 0003 16       		.byte	22
 344 0004 10       		.byte	16
 345 0005 69       		.byte	105
 346 0006 00       		.byte	0
 347 0007 01       		.byte	1
 348 0008 00       		.byte	0
 349 0009 00       		.byte	0
 350 000a 00       		.byte	0
 351 000b 00       		.byte	0
 352              		.section	.cyflashprotect,"a",%progbits
 353              		.align	2
 354              		.type	cy_meta_flashprotect, %object
 355              		.size	cy_meta_flashprotect, 256
 356              	cy_meta_flashprotect:
 357 0000 00000000 		.space	256
 357      00000000 
 357      00000000 
 357      00000000 
 357      00000000 
 358              		.text
 359              	.Letext0:
 360              		.file 1 "c:\\program files (x86)\\cypress\\psoc creator\\4.4\\psoc creator\\import\\gnu\\arm\\5.4.
 361              		.file 2 "c:\\program files (x86)\\cypress\\psoc creator\\4.4\\psoc creator\\import\\gnu\\arm\\5.4.
 362              		.file 3 "Generated_Source\\PSoC5\\cymetadata.c"
 363              		.section	.debug_info,"",%progbits
 364              	.Ldebug_info0:
 365 0000 31010000 		.4byte	0x131
 366 0004 0400     		.2byte	0x4
 367 0006 00000000 		.4byte	.Ldebug_abbrev0
 368 000a 04       		.byte	0x4
 369 000b 01       		.uleb128 0x1
 370 000c 24000000 		.4byte	.LASF17
 371 0010 0C       		.byte	0xc
 372 0011 E1010000 		.4byte	.LASF18
 373 0015 48010000 		.4byte	.LASF19
 374 0019 00000000 		.4byte	.Ldebug_line0
 375 001d 02       		.uleb128 0x2
 376 001e 01       		.byte	0x1
 377 001f 06       		.byte	0x6
 378 0020 D5010000 		.4byte	.LASF0
 379 0024 03       		.uleb128 0x3
 380 0025 00000000 		.4byte	.LASF9
 381 0029 01       		.byte	0x1
 382 002a 1D       		.byte	0x1d
 383 002b 2F000000 		.4byte	0x2f
 384 002f 02       		.uleb128 0x2
 385 0030 01       		.byte	0x1
 386 0031 08       		.byte	0x8
 387 0032 16000000 		.4byte	.LASF1
 388 0036 02       		.uleb128 0x2
 389 0037 02       		.byte	0x2
 390 0038 05       		.byte	0x5
 391 0039 C2010000 		.4byte	.LASF2
 392 003d 02       		.uleb128 0x2
 393 003e 02       		.byte	0x2
 394 003f 07       		.byte	0x7
 395 0040 C4000000 		.4byte	.LASF3
ARM GAS  C:\Users\Anton\AppData\Local\Temp\cc7Ioyoo.s 			page 8


 396 0044 02       		.uleb128 0x2
 397 0045 04       		.byte	0x4
 398 0046 05       		.byte	0x5
 399 0047 CC010000 		.4byte	.LASF4
 400 004b 02       		.uleb128 0x2
 401 004c 04       		.byte	0x4
 402 004d 07       		.byte	0x7
 403 004e B2000000 		.4byte	.LASF5
 404 0052 02       		.uleb128 0x2
 405 0053 08       		.byte	0x8
 406 0054 05       		.byte	0x5
 407 0055 B4010000 		.4byte	.LASF6
 408 0059 02       		.uleb128 0x2
 409 005a 08       		.byte	0x8
 410 005b 07       		.byte	0x7
 411 005c 06010000 		.4byte	.LASF7
 412 0060 04       		.uleb128 0x4
 413 0061 04       		.byte	0x4
 414 0062 05       		.byte	0x5
 415 0063 696E7400 		.ascii	"int\000"
 416 0067 02       		.uleb128 0x2
 417 0068 04       		.byte	0x4
 418 0069 07       		.byte	0x7
 419 006a F9000000 		.4byte	.LASF8
 420 006e 03       		.uleb128 0x3
 421 006f 1D010000 		.4byte	.LASF10
 422 0073 02       		.byte	0x2
 423 0074 18       		.byte	0x18
 424 0075 24000000 		.4byte	0x24
 425 0079 05       		.uleb128 0x5
 426 007a 91000000 		.4byte	0x91
 427 007e 8A000000 		.4byte	0x8a
 428 0082 06       		.uleb128 0x6
 429 0083 8A000000 		.4byte	0x8a
 430 0087 1F01     		.2byte	0x11f
 431 0089 00       		.byte	0
 432 008a 02       		.uleb128 0x2
 433 008b 04       		.byte	0x4
 434 008c 07       		.byte	0x7
 435 008d AB010000 		.4byte	.LASF11
 436 0091 07       		.uleb128 0x7
 437 0092 6E000000 		.4byte	0x6e
 438 0096 08       		.uleb128 0x8
 439 0097 E7000000 		.4byte	.LASF12
 440 009b 03       		.byte	0x3
 441 009c 1F       		.byte	0x1f
 442 009d A7000000 		.4byte	0xa7
 443 00a1 05       		.uleb128 0x5
 444 00a2 03       		.byte	0x3
 445 00a3 00000000 		.4byte	cy_meta_configecc
 446 00a7 07       		.uleb128 0x7
 447 00a8 79000000 		.4byte	0x79
 448 00ac 05       		.uleb128 0x5
 449 00ad 91000000 		.4byte	0x91
 450 00b1 BC000000 		.4byte	0xbc
 451 00b5 09       		.uleb128 0x9
 452 00b6 8A000000 		.4byte	0x8a
ARM GAS  C:\Users\Anton\AppData\Local\Temp\cc7Ioyoo.s 			page 9


 453 00ba 03       		.byte	0x3
 454 00bb 00       		.byte	0
 455 00bc 08       		.uleb128 0x8
 456 00bd D7000000 		.4byte	.LASF13
 457 00c1 03       		.byte	0x3
 458 00c2 50       		.byte	0x50
 459 00c3 CD000000 		.4byte	0xcd
 460 00c7 05       		.uleb128 0x5
 461 00c8 03       		.byte	0x3
 462 00c9 00000000 		.4byte	cy_meta_custnvl
 463 00cd 07       		.uleb128 0x7
 464 00ce AC000000 		.4byte	0xac
 465 00d2 08       		.uleb128 0x8
 466 00d3 3A010000 		.4byte	.LASF14
 467 00d7 03       		.byte	0x3
 468 00d8 5E       		.byte	0x5e
 469 00d9 E3000000 		.4byte	0xe3
 470 00dd 05       		.uleb128 0x5
 471 00de 03       		.byte	0x3
 472 00df 00000000 		.4byte	cy_meta_wonvl
 473 00e3 07       		.uleb128 0x7
 474 00e4 AC000000 		.4byte	0xac
 475 00e8 05       		.uleb128 0x5
 476 00e9 91000000 		.4byte	0x91
 477 00ed F8000000 		.4byte	0xf8
 478 00f1 09       		.uleb128 0x9
 479 00f2 8A000000 		.4byte	0x8a
 480 00f6 FF       		.byte	0xff
 481 00f7 00       		.byte	0
 482 00f8 08       		.uleb128 0x8
 483 00f9 25010000 		.4byte	.LASF15
 484 00fd 03       		.byte	0x3
 485 00fe 6C       		.byte	0x6c
 486 00ff 09010000 		.4byte	0x109
 487 0103 05       		.uleb128 0x5
 488 0104 03       		.byte	0x3
 489 0105 00000000 		.4byte	cy_meta_flashprotect
 490 0109 07       		.uleb128 0x7
 491 010a E8000000 		.4byte	0xe8
 492 010e 05       		.uleb128 0x5
 493 010f 91000000 		.4byte	0x91
 494 0113 1E010000 		.4byte	0x11e
 495 0117 09       		.uleb128 0x9
 496 0118 8A000000 		.4byte	0x8a
 497 011c 0B       		.byte	0xb
 498 011d 00       		.byte	0
 499 011e 08       		.uleb128 0x8
 500 011f 0A000000 		.4byte	.LASF16
 501 0123 03       		.byte	0x3
 502 0124 99       		.byte	0x99
 503 0125 2F010000 		.4byte	0x12f
 504 0129 05       		.uleb128 0x5
 505 012a 03       		.byte	0x3
 506 012b 00000000 		.4byte	cy_metadata
 507 012f 07       		.uleb128 0x7
 508 0130 0E010000 		.4byte	0x10e
 509 0134 00       		.byte	0
ARM GAS  C:\Users\Anton\AppData\Local\Temp\cc7Ioyoo.s 			page 10


 510              		.section	.debug_abbrev,"",%progbits
 511              	.Ldebug_abbrev0:
 512 0000 01       		.uleb128 0x1
 513 0001 11       		.uleb128 0x11
 514 0002 01       		.byte	0x1
 515 0003 25       		.uleb128 0x25
 516 0004 0E       		.uleb128 0xe
 517 0005 13       		.uleb128 0x13
 518 0006 0B       		.uleb128 0xb
 519 0007 03       		.uleb128 0x3
 520 0008 0E       		.uleb128 0xe
 521 0009 1B       		.uleb128 0x1b
 522 000a 0E       		.uleb128 0xe
 523 000b 10       		.uleb128 0x10
 524 000c 17       		.uleb128 0x17
 525 000d 00       		.byte	0
 526 000e 00       		.byte	0
 527 000f 02       		.uleb128 0x2
 528 0010 24       		.uleb128 0x24
 529 0011 00       		.byte	0
 530 0012 0B       		.uleb128 0xb
 531 0013 0B       		.uleb128 0xb
 532 0014 3E       		.uleb128 0x3e
 533 0015 0B       		.uleb128 0xb
 534 0016 03       		.uleb128 0x3
 535 0017 0E       		.uleb128 0xe
 536 0018 00       		.byte	0
 537 0019 00       		.byte	0
 538 001a 03       		.uleb128 0x3
 539 001b 16       		.uleb128 0x16
 540 001c 00       		.byte	0
 541 001d 03       		.uleb128 0x3
 542 001e 0E       		.uleb128 0xe
 543 001f 3A       		.uleb128 0x3a
 544 0020 0B       		.uleb128 0xb
 545 0021 3B       		.uleb128 0x3b
 546 0022 0B       		.uleb128 0xb
 547 0023 49       		.uleb128 0x49
 548 0024 13       		.uleb128 0x13
 549 0025 00       		.byte	0
 550 0026 00       		.byte	0
 551 0027 04       		.uleb128 0x4
 552 0028 24       		.uleb128 0x24
 553 0029 00       		.byte	0
 554 002a 0B       		.uleb128 0xb
 555 002b 0B       		.uleb128 0xb
 556 002c 3E       		.uleb128 0x3e
 557 002d 0B       		.uleb128 0xb
 558 002e 03       		.uleb128 0x3
 559 002f 08       		.uleb128 0x8
 560 0030 00       		.byte	0
 561 0031 00       		.byte	0
 562 0032 05       		.uleb128 0x5
 563 0033 01       		.uleb128 0x1
 564 0034 01       		.byte	0x1
 565 0035 49       		.uleb128 0x49
 566 0036 13       		.uleb128 0x13
ARM GAS  C:\Users\Anton\AppData\Local\Temp\cc7Ioyoo.s 			page 11


 567 0037 01       		.uleb128 0x1
 568 0038 13       		.uleb128 0x13
 569 0039 00       		.byte	0
 570 003a 00       		.byte	0
 571 003b 06       		.uleb128 0x6
 572 003c 21       		.uleb128 0x21
 573 003d 00       		.byte	0
 574 003e 49       		.uleb128 0x49
 575 003f 13       		.uleb128 0x13
 576 0040 2F       		.uleb128 0x2f
 577 0041 05       		.uleb128 0x5
 578 0042 00       		.byte	0
 579 0043 00       		.byte	0
 580 0044 07       		.uleb128 0x7
 581 0045 26       		.uleb128 0x26
 582 0046 00       		.byte	0
 583 0047 49       		.uleb128 0x49
 584 0048 13       		.uleb128 0x13
 585 0049 00       		.byte	0
 586 004a 00       		.byte	0
 587 004b 08       		.uleb128 0x8
 588 004c 34       		.uleb128 0x34
 589 004d 00       		.byte	0
 590 004e 03       		.uleb128 0x3
 591 004f 0E       		.uleb128 0xe
 592 0050 3A       		.uleb128 0x3a
 593 0051 0B       		.uleb128 0xb
 594 0052 3B       		.uleb128 0x3b
 595 0053 0B       		.uleb128 0xb
 596 0054 49       		.uleb128 0x49
 597 0055 13       		.uleb128 0x13
 598 0056 3F       		.uleb128 0x3f
 599 0057 19       		.uleb128 0x19
 600 0058 02       		.uleb128 0x2
 601 0059 18       		.uleb128 0x18
 602 005a 00       		.byte	0
 603 005b 00       		.byte	0
 604 005c 09       		.uleb128 0x9
 605 005d 21       		.uleb128 0x21
 606 005e 00       		.byte	0
 607 005f 49       		.uleb128 0x49
 608 0060 13       		.uleb128 0x13
 609 0061 2F       		.uleb128 0x2f
 610 0062 0B       		.uleb128 0xb
 611 0063 00       		.byte	0
 612 0064 00       		.byte	0
 613 0065 00       		.byte	0
 614              		.section	.debug_aranges,"",%progbits
 615 0000 14000000 		.4byte	0x14
 616 0004 0200     		.2byte	0x2
 617 0006 00000000 		.4byte	.Ldebug_info0
 618 000a 04       		.byte	0x4
 619 000b 00       		.byte	0
 620 000c 0000     		.2byte	0
 621 000e 0000     		.2byte	0
 622 0010 00000000 		.4byte	0
 623 0014 00000000 		.4byte	0
ARM GAS  C:\Users\Anton\AppData\Local\Temp\cc7Ioyoo.s 			page 12


 624              		.section	.debug_line,"",%progbits
 625              	.Ldebug_line0:
 626 0000 3D010000 		.section	.debug_str,"MS",%progbits,1
 626      02003701 
 626      00000201 
 626      FB0E0D00 
 626      01010101 
 627              	.LASF9:
 628 0000 5F5F7569 		.ascii	"__uint8_t\000"
 628      6E74385F 
 628      7400
 629              	.LASF16:
 630 000a 63795F6D 		.ascii	"cy_metadata\000"
 630      65746164 
 630      61746100 
 631              	.LASF1:
 632 0016 756E7369 		.ascii	"unsigned char\000"
 632      676E6564 
 632      20636861 
 632      7200
 633              	.LASF17:
 634 0024 474E5520 		.ascii	"GNU C11 5.4.1 20160609 (release) [ARM/embedded-5-br"
 634      43313120 
 634      352E342E 
 634      31203230 
 634      31363036 
 635 0057 616E6368 		.ascii	"anch revision 237715] -mcpu=cortex-m3 -mthumb -g -O"
 635      20726576 
 635      6973696F 
 635      6E203233 
 635      37373135 
 636 008a 67202D66 		.ascii	"g -ffunction-sections -ffat-lto-objects\000"
 636      66756E63 
 636      74696F6E 
 636      2D736563 
 636      74696F6E 
 637              	.LASF5:
 638 00b2 6C6F6E67 		.ascii	"long unsigned int\000"
 638      20756E73 
 638      69676E65 
 638      6420696E 
 638      7400
 639              	.LASF3:
 640 00c4 73686F72 		.ascii	"short unsigned int\000"
 640      7420756E 
 640      7369676E 
 640      65642069 
 640      6E7400
 641              	.LASF13:
 642 00d7 63795F6D 		.ascii	"cy_meta_custnvl\000"
 642      6574615F 
 642      63757374 
 642      6E766C00 
 643              	.LASF12:
 644 00e7 63795F6D 		.ascii	"cy_meta_configecc\000"
 644      6574615F 
 644      636F6E66 
ARM GAS  C:\Users\Anton\AppData\Local\Temp\cc7Ioyoo.s 			page 13


 644      69676563 
 644      6300
 645              	.LASF8:
 646 00f9 756E7369 		.ascii	"unsigned int\000"
 646      676E6564 
 646      20696E74 
 646      00
 647              	.LASF7:
 648 0106 6C6F6E67 		.ascii	"long long unsigned int\000"
 648      206C6F6E 
 648      6720756E 
 648      7369676E 
 648      65642069 
 649              	.LASF10:
 650 011d 75696E74 		.ascii	"uint8_t\000"
 650      385F7400 
 651              	.LASF15:
 652 0125 63795F6D 		.ascii	"cy_meta_flashprotect\000"
 652      6574615F 
 652      666C6173 
 652      6870726F 
 652      74656374 
 653              	.LASF14:
 654 013a 63795F6D 		.ascii	"cy_meta_wonvl\000"
 654      6574615F 
 654      776F6E76 
 654      6C00
 655              	.LASF19:
 656 0148 433A5C55 		.ascii	"C:\\Users\\Anton\\Documents\\GitHub repository\\Ele"
 656      73657273 
 656      5C416E74 
 656      6F6E5C44 
 656      6F63756D 
 657 0176 6B74726F 		.ascii	"ktroteknologi-Projekt-1\\Buzzer\\Code for buzzer.cy"
 657      74656B6E 
 657      6F6C6F67 
 657      692D5072 
 657      6F6A656B 
 658 01a7 64736E00 		.ascii	"dsn\000"
 659              	.LASF11:
 660 01ab 73697A65 		.ascii	"sizetype\000"
 660      74797065 
 660      00
 661              	.LASF6:
 662 01b4 6C6F6E67 		.ascii	"long long int\000"
 662      206C6F6E 
 662      6720696E 
 662      7400
 663              	.LASF2:
 664 01c2 73686F72 		.ascii	"short int\000"
 664      7420696E 
 664      7400
 665              	.LASF4:
 666 01cc 6C6F6E67 		.ascii	"long int\000"
 666      20696E74 
 666      00
 667              	.LASF0:
ARM GAS  C:\Users\Anton\AppData\Local\Temp\cc7Ioyoo.s 			page 14


 668 01d5 7369676E 		.ascii	"signed char\000"
 668      65642063 
 668      68617200 
 669              	.LASF18:
 670 01e1 47656E65 		.ascii	"Generated_Source\\PSoC5\\cymetadata.c\000"
 670      72617465 
 670      645F536F 
 670      75726365 
 670      5C50536F 
 671              		.ident	"GCC: (GNU Tools for ARM Embedded Processors) 5.4.1 20160609 (release) [ARM/embedded-5-bran
