ARM GAS  C:\Users\Anton\AppData\Local\Temp\ccTcI4qU.s 			page 1


   1              		.syntax unified
   2              		.cpu cortex-m3
   3              		.fpu softvfp
   4              		.eabi_attribute 20, 1
   5              		.eabi_attribute 21, 1
   6              		.eabi_attribute 23, 3
   7              		.eabi_attribute 24, 1
   8              		.eabi_attribute 25, 1
   9              		.eabi_attribute 26, 1
  10              		.eabi_attribute 30, 1
  11              		.eabi_attribute 34, 1
  12              		.eabi_attribute 18, 4
  13              		.thumb
  14              		.syntax unified
  15              		.file	"main.c"
  16              		.text
  17              	.Ltext0:
  18              		.cfi_sections	.debug_frame
  19              		.section	.text.main,"ax",%progbits
  20              		.align	2
  21              		.global	main
  22              		.thumb
  23              		.thumb_func
  24              		.type	main, %function
  25              	main:
  26              	.LFB63:
  27              		.file 1 "main.c"
   1:main.c        **** /* ========================================
   2:main.c        ****  *
   3:main.c        ****  * Copyright YOUR COMPANY, THE YEAR
   4:main.c        ****  * All Rights Reserved
   5:main.c        ****  * UNPUBLISHED, LICENSED SOFTWARE.
   6:main.c        ****  *
   7:main.c        ****  * CONFIDENTIAL AND PROPRIETARY INFORMATION
   8:main.c        ****  * WHICH IS THE PROPERTY OF your company.
   9:main.c        ****  *
  10:main.c        ****  * ========================================
  11:main.c        **** */
  12:main.c        **** #include "project.h"
  13:main.c        **** 
  14:main.c        **** 
  15:main.c        **** 
  16:main.c        **** //Clock_1_Start();
  17:main.c        **** //Clock_2_Start();
  18:main.c        **** //Clock_3_Start();
  19:main.c        **** 
  20:main.c        **** //AlarmSekvens_Start();
  21:main.c        **** 
  22:main.c        **** 
  23:main.c        **** int main(void)
  24:main.c        **** {
  28              		.loc 1 24 0
  29              		.cfi_startproc
  30              		@ Volatile: function does not return.
  31              		@ args = 0, pretend = 0, frame = 0
  32              		@ frame_needed = 0, uses_anonymous_args = 0
  33 0000 08B5     		push	{r3, lr}
ARM GAS  C:\Users\Anton\AppData\Local\Temp\ccTcI4qU.s 			page 2


  34              		.cfi_def_cfa_offset 8
  35              		.cfi_offset 3, -8
  36              		.cfi_offset 14, -4
  25:main.c        ****     CyGlobalIntEnable; /* Enable global interrupts. */
  37              		.loc 1 25 0
  38              		.syntax unified
  39              	@ 25 "main.c" 1
  40 0002 62B6     		CPSIE   i
  41              	@ 0 "" 2
  26:main.c        ****     PWM_Start();
  42              		.loc 1 26 0
  43              		.thumb
  44              		.syntax unified
  45 0004 FFF7FEFF 		bl	PWM_Start
  46              	.LVL0:
  27:main.c        ****     PWM_WriteCompare(127);
  47              		.loc 1 27 0
  48 0008 7F20     		movs	r0, #127
  49 000a FFF7FEFF 		bl	PWM_WriteCompare
  50              	.LVL1:
  51              	.L2:
  28:main.c        ****     /* Place your initialization/startup code here (e.g. MyInst_Start()) */
  29:main.c        **** 
  30:main.c        ****     for(;;)
  31:main.c        ****     {
  32:main.c        ****         Alarm_Write(0x01);
  52              		.loc 1 32 0 discriminator 1
  53 000e 0120     		movs	r0, #1
  54 0010 FFF7FEFF 		bl	Alarm_Write
  55              	.LVL2:
  33:main.c        **** 
  34:main.c        ****         CyDelay(1000);
  56              		.loc 1 34 0 discriminator 1
  57 0014 4FF47A70 		mov	r0, #1000
  58 0018 FFF7FEFF 		bl	CyDelay
  59              	.LVL3:
  35:main.c        ****         Alarm_Write(0x00);
  60              		.loc 1 35 0 discriminator 1
  61 001c 0020     		movs	r0, #0
  62 001e FFF7FEFF 		bl	Alarm_Write
  63              	.LVL4:
  36:main.c        **** 
  37:main.c        ****         CyDelay(1000);
  64              		.loc 1 37 0 discriminator 1
  65 0022 4FF47A70 		mov	r0, #1000
  66 0026 FFF7FEFF 		bl	CyDelay
  67              	.LVL5:
  68 002a F0E7     		b	.L2
  69              		.cfi_endproc
  70              	.LFE63:
  71              		.size	main, .-main
  72              		.text
  73              	.Letext0:
  74              		.file 2 "c:\\program files (x86)\\cypress\\psoc creator\\4.4\\psoc creator\\import\\gnu\\arm\\5.4.
  75              		.file 3 "c:\\program files (x86)\\cypress\\psoc creator\\4.4\\psoc creator\\import\\gnu\\arm\\5.4.
  76              		.file 4 "Generated_Source\\PSoC5/PWM.h"
  77              		.file 5 "Generated_Source\\PSoC5/Alarm.h"
ARM GAS  C:\Users\Anton\AppData\Local\Temp\ccTcI4qU.s 			page 3


  78              		.file 6 "Generated_Source\\PSoC5/CyLib.h"
  79              		.file 7 "Generated_Source\\PSoC5/core_cm3.h"
  80              		.section	.debug_info,"",%progbits
  81              	.Ldebug_info0:
  82 0000 61010000 		.4byte	0x161
  83 0004 0400     		.2byte	0x4
  84 0006 00000000 		.4byte	.Ldebug_abbrev0
  85 000a 04       		.byte	0x4
  86 000b 01       		.uleb128 0x1
  87 000c 3A000000 		.4byte	.LASF20
  88 0010 0C       		.byte	0xc
  89 0011 2E000000 		.4byte	.LASF21
  90 0015 6F010000 		.4byte	.LASF22
  91 0019 00000000 		.4byte	.Ldebug_ranges0+0
  92 001d 00000000 		.4byte	0
  93 0021 00000000 		.4byte	.Ldebug_line0
  94 0025 02       		.uleb128 0x2
  95 0026 01       		.byte	0x1
  96 0027 06       		.byte	0x6
  97 0028 43010000 		.4byte	.LASF0
  98 002c 02       		.uleb128 0x2
  99 002d 01       		.byte	0x1
 100 002e 08       		.byte	0x8
 101 002f 13010000 		.4byte	.LASF1
 102 0033 02       		.uleb128 0x2
 103 0034 02       		.byte	0x2
 104 0035 05       		.byte	0x5
 105 0036 D2010000 		.4byte	.LASF2
 106 003a 02       		.uleb128 0x2
 107 003b 02       		.byte	0x2
 108 003c 07       		.byte	0x7
 109 003d 0E000000 		.4byte	.LASF3
 110 0041 03       		.uleb128 0x3
 111 0042 5B010000 		.4byte	.LASF9
 112 0046 02       		.byte	0x2
 113 0047 3F       		.byte	0x3f
 114 0048 4C000000 		.4byte	0x4c
 115 004c 02       		.uleb128 0x2
 116 004d 04       		.byte	0x4
 117 004e 05       		.byte	0x5
 118 004f 26010000 		.4byte	.LASF4
 119 0053 02       		.uleb128 0x2
 120 0054 04       		.byte	0x4
 121 0055 07       		.byte	0x7
 122 0056 D8000000 		.4byte	.LASF5
 123 005a 02       		.uleb128 0x2
 124 005b 08       		.byte	0x8
 125 005c 05       		.byte	0x5
 126 005d 00000000 		.4byte	.LASF6
 127 0061 02       		.uleb128 0x2
 128 0062 08       		.byte	0x8
 129 0063 07       		.byte	0x7
 130 0064 EA000000 		.4byte	.LASF7
 131 0068 04       		.uleb128 0x4
 132 0069 04       		.byte	0x4
 133 006a 05       		.byte	0x5
 134 006b 696E7400 		.ascii	"int\000"
ARM GAS  C:\Users\Anton\AppData\Local\Temp\ccTcI4qU.s 			page 4


 135 006f 02       		.uleb128 0x2
 136 0070 04       		.byte	0x4
 137 0071 07       		.byte	0x7
 138 0072 21000000 		.4byte	.LASF8
 139 0076 03       		.uleb128 0x3
 140 0077 D0000000 		.4byte	.LASF10
 141 007b 03       		.byte	0x3
 142 007c 2C       		.byte	0x2c
 143 007d 41000000 		.4byte	0x41
 144 0081 02       		.uleb128 0x2
 145 0082 04       		.byte	0x4
 146 0083 04       		.byte	0x4
 147 0084 01010000 		.4byte	.LASF11
 148 0088 02       		.uleb128 0x2
 149 0089 08       		.byte	0x8
 150 008a 04       		.byte	0x4
 151 008b 2F010000 		.4byte	.LASF12
 152 008f 02       		.uleb128 0x2
 153 0090 01       		.byte	0x1
 154 0091 08       		.byte	0x8
 155 0092 21010000 		.4byte	.LASF13
 156 0096 02       		.uleb128 0x2
 157 0097 08       		.byte	0x8
 158 0098 04       		.byte	0x4
 159 0099 4F010000 		.4byte	.LASF14
 160 009d 02       		.uleb128 0x2
 161 009e 04       		.byte	0x4
 162 009f 07       		.byte	0x7
 163 00a0 ED010000 		.4byte	.LASF15
 164 00a4 05       		.uleb128 0x5
 165 00a5 35000000 		.4byte	.LASF23
 166 00a9 01       		.byte	0x1
 167 00aa 17       		.byte	0x17
 168 00ab 68000000 		.4byte	0x68
 169 00af 00000000 		.4byte	.LFB63
 170 00b3 2C000000 		.4byte	.LFE63-.LFB63
 171 00b7 01       		.uleb128 0x1
 172 00b8 9C       		.byte	0x9c
 173 00b9 27010000 		.4byte	0x127
 174 00bd 06       		.uleb128 0x6
 175 00be 08000000 		.4byte	.LVL0
 176 00c2 38010000 		.4byte	0x138
 177 00c6 07       		.uleb128 0x7
 178 00c7 0E000000 		.4byte	.LVL1
 179 00cb 43010000 		.4byte	0x143
 180 00cf DA000000 		.4byte	0xda
 181 00d3 08       		.uleb128 0x8
 182 00d4 01       		.uleb128 0x1
 183 00d5 50       		.byte	0x50
 184 00d6 02       		.uleb128 0x2
 185 00d7 08       		.byte	0x8
 186 00d8 7F       		.byte	0x7f
 187 00d9 00       		.byte	0
 188 00da 07       		.uleb128 0x7
 189 00db 14000000 		.4byte	.LVL2
 190 00df 4E010000 		.4byte	0x14e
 191 00e3 ED000000 		.4byte	0xed
ARM GAS  C:\Users\Anton\AppData\Local\Temp\ccTcI4qU.s 			page 5


 192 00e7 08       		.uleb128 0x8
 193 00e8 01       		.uleb128 0x1
 194 00e9 50       		.byte	0x50
 195 00ea 01       		.uleb128 0x1
 196 00eb 31       		.byte	0x31
 197 00ec 00       		.byte	0
 198 00ed 07       		.uleb128 0x7
 199 00ee 1C000000 		.4byte	.LVL3
 200 00f2 59010000 		.4byte	0x159
 201 00f6 02010000 		.4byte	0x102
 202 00fa 08       		.uleb128 0x8
 203 00fb 01       		.uleb128 0x1
 204 00fc 50       		.byte	0x50
 205 00fd 03       		.uleb128 0x3
 206 00fe 0A       		.byte	0xa
 207 00ff E803     		.2byte	0x3e8
 208 0101 00       		.byte	0
 209 0102 07       		.uleb128 0x7
 210 0103 22000000 		.4byte	.LVL4
 211 0107 4E010000 		.4byte	0x14e
 212 010b 15010000 		.4byte	0x115
 213 010f 08       		.uleb128 0x8
 214 0110 01       		.uleb128 0x1
 215 0111 50       		.byte	0x50
 216 0112 01       		.uleb128 0x1
 217 0113 30       		.byte	0x30
 218 0114 00       		.byte	0
 219 0115 09       		.uleb128 0x9
 220 0116 2A000000 		.4byte	.LVL5
 221 011a 59010000 		.4byte	0x159
 222 011e 08       		.uleb128 0x8
 223 011f 01       		.uleb128 0x1
 224 0120 50       		.byte	0x50
 225 0121 03       		.uleb128 0x3
 226 0122 0A       		.byte	0xa
 227 0123 E803     		.2byte	0x3e8
 228 0125 00       		.byte	0
 229 0126 00       		.byte	0
 230 0127 0A       		.uleb128 0xa
 231 0128 36010000 		.4byte	.LASF24
 232 012c 07       		.byte	0x7
 233 012d 1207     		.2byte	0x712
 234 012f 33010000 		.4byte	0x133
 235 0133 0B       		.uleb128 0xb
 236 0134 76000000 		.4byte	0x76
 237 0138 0C       		.uleb128 0xc
 238 0139 65010000 		.4byte	.LASF16
 239 013d 65010000 		.4byte	.LASF16
 240 0141 04       		.byte	0x4
 241 0142 92       		.byte	0x92
 242 0143 0C       		.uleb128 0xc
 243 0144 DC010000 		.4byte	.LASF17
 244 0148 DC010000 		.4byte	.LASF17
 245 014c 04       		.byte	0x4
 246 014d C3       		.byte	0xc3
 247 014e 0C       		.uleb128 0xc
 248 014f 07010000 		.4byte	.LASF18
ARM GAS  C:\Users\Anton\AppData\Local\Temp\ccTcI4qU.s 			page 6


 249 0153 07010000 		.4byte	.LASF18
 250 0157 05       		.byte	0x5
 251 0158 2F       		.byte	0x2f
 252 0159 0C       		.uleb128 0xc
 253 015a C8000000 		.4byte	.LASF19
 254 015e C8000000 		.4byte	.LASF19
 255 0162 06       		.byte	0x6
 256 0163 76       		.byte	0x76
 257 0164 00       		.byte	0
 258              		.section	.debug_abbrev,"",%progbits
 259              	.Ldebug_abbrev0:
 260 0000 01       		.uleb128 0x1
 261 0001 11       		.uleb128 0x11
 262 0002 01       		.byte	0x1
 263 0003 25       		.uleb128 0x25
 264 0004 0E       		.uleb128 0xe
 265 0005 13       		.uleb128 0x13
 266 0006 0B       		.uleb128 0xb
 267 0007 03       		.uleb128 0x3
 268 0008 0E       		.uleb128 0xe
 269 0009 1B       		.uleb128 0x1b
 270 000a 0E       		.uleb128 0xe
 271 000b 55       		.uleb128 0x55
 272 000c 17       		.uleb128 0x17
 273 000d 11       		.uleb128 0x11
 274 000e 01       		.uleb128 0x1
 275 000f 10       		.uleb128 0x10
 276 0010 17       		.uleb128 0x17
 277 0011 00       		.byte	0
 278 0012 00       		.byte	0
 279 0013 02       		.uleb128 0x2
 280 0014 24       		.uleb128 0x24
 281 0015 00       		.byte	0
 282 0016 0B       		.uleb128 0xb
 283 0017 0B       		.uleb128 0xb
 284 0018 3E       		.uleb128 0x3e
 285 0019 0B       		.uleb128 0xb
 286 001a 03       		.uleb128 0x3
 287 001b 0E       		.uleb128 0xe
 288 001c 00       		.byte	0
 289 001d 00       		.byte	0
 290 001e 03       		.uleb128 0x3
 291 001f 16       		.uleb128 0x16
 292 0020 00       		.byte	0
 293 0021 03       		.uleb128 0x3
 294 0022 0E       		.uleb128 0xe
 295 0023 3A       		.uleb128 0x3a
 296 0024 0B       		.uleb128 0xb
 297 0025 3B       		.uleb128 0x3b
 298 0026 0B       		.uleb128 0xb
 299 0027 49       		.uleb128 0x49
 300 0028 13       		.uleb128 0x13
 301 0029 00       		.byte	0
 302 002a 00       		.byte	0
 303 002b 04       		.uleb128 0x4
 304 002c 24       		.uleb128 0x24
 305 002d 00       		.byte	0
ARM GAS  C:\Users\Anton\AppData\Local\Temp\ccTcI4qU.s 			page 7


 306 002e 0B       		.uleb128 0xb
 307 002f 0B       		.uleb128 0xb
 308 0030 3E       		.uleb128 0x3e
 309 0031 0B       		.uleb128 0xb
 310 0032 03       		.uleb128 0x3
 311 0033 08       		.uleb128 0x8
 312 0034 00       		.byte	0
 313 0035 00       		.byte	0
 314 0036 05       		.uleb128 0x5
 315 0037 2E       		.uleb128 0x2e
 316 0038 01       		.byte	0x1
 317 0039 3F       		.uleb128 0x3f
 318 003a 19       		.uleb128 0x19
 319 003b 03       		.uleb128 0x3
 320 003c 0E       		.uleb128 0xe
 321 003d 3A       		.uleb128 0x3a
 322 003e 0B       		.uleb128 0xb
 323 003f 3B       		.uleb128 0x3b
 324 0040 0B       		.uleb128 0xb
 325 0041 27       		.uleb128 0x27
 326 0042 19       		.uleb128 0x19
 327 0043 49       		.uleb128 0x49
 328 0044 13       		.uleb128 0x13
 329 0045 8701     		.uleb128 0x87
 330 0047 19       		.uleb128 0x19
 331 0048 11       		.uleb128 0x11
 332 0049 01       		.uleb128 0x1
 333 004a 12       		.uleb128 0x12
 334 004b 06       		.uleb128 0x6
 335 004c 40       		.uleb128 0x40
 336 004d 18       		.uleb128 0x18
 337 004e 9742     		.uleb128 0x2117
 338 0050 19       		.uleb128 0x19
 339 0051 01       		.uleb128 0x1
 340 0052 13       		.uleb128 0x13
 341 0053 00       		.byte	0
 342 0054 00       		.byte	0
 343 0055 06       		.uleb128 0x6
 344 0056 898201   		.uleb128 0x4109
 345 0059 00       		.byte	0
 346 005a 11       		.uleb128 0x11
 347 005b 01       		.uleb128 0x1
 348 005c 31       		.uleb128 0x31
 349 005d 13       		.uleb128 0x13
 350 005e 00       		.byte	0
 351 005f 00       		.byte	0
 352 0060 07       		.uleb128 0x7
 353 0061 898201   		.uleb128 0x4109
 354 0064 01       		.byte	0x1
 355 0065 11       		.uleb128 0x11
 356 0066 01       		.uleb128 0x1
 357 0067 31       		.uleb128 0x31
 358 0068 13       		.uleb128 0x13
 359 0069 01       		.uleb128 0x1
 360 006a 13       		.uleb128 0x13
 361 006b 00       		.byte	0
 362 006c 00       		.byte	0
ARM GAS  C:\Users\Anton\AppData\Local\Temp\ccTcI4qU.s 			page 8


 363 006d 08       		.uleb128 0x8
 364 006e 8A8201   		.uleb128 0x410a
 365 0071 00       		.byte	0
 366 0072 02       		.uleb128 0x2
 367 0073 18       		.uleb128 0x18
 368 0074 9142     		.uleb128 0x2111
 369 0076 18       		.uleb128 0x18
 370 0077 00       		.byte	0
 371 0078 00       		.byte	0
 372 0079 09       		.uleb128 0x9
 373 007a 898201   		.uleb128 0x4109
 374 007d 01       		.byte	0x1
 375 007e 11       		.uleb128 0x11
 376 007f 01       		.uleb128 0x1
 377 0080 31       		.uleb128 0x31
 378 0081 13       		.uleb128 0x13
 379 0082 00       		.byte	0
 380 0083 00       		.byte	0
 381 0084 0A       		.uleb128 0xa
 382 0085 34       		.uleb128 0x34
 383 0086 00       		.byte	0
 384 0087 03       		.uleb128 0x3
 385 0088 0E       		.uleb128 0xe
 386 0089 3A       		.uleb128 0x3a
 387 008a 0B       		.uleb128 0xb
 388 008b 3B       		.uleb128 0x3b
 389 008c 05       		.uleb128 0x5
 390 008d 49       		.uleb128 0x49
 391 008e 13       		.uleb128 0x13
 392 008f 3F       		.uleb128 0x3f
 393 0090 19       		.uleb128 0x19
 394 0091 3C       		.uleb128 0x3c
 395 0092 19       		.uleb128 0x19
 396 0093 00       		.byte	0
 397 0094 00       		.byte	0
 398 0095 0B       		.uleb128 0xb
 399 0096 35       		.uleb128 0x35
 400 0097 00       		.byte	0
 401 0098 49       		.uleb128 0x49
 402 0099 13       		.uleb128 0x13
 403 009a 00       		.byte	0
 404 009b 00       		.byte	0
 405 009c 0C       		.uleb128 0xc
 406 009d 2E       		.uleb128 0x2e
 407 009e 00       		.byte	0
 408 009f 3F       		.uleb128 0x3f
 409 00a0 19       		.uleb128 0x19
 410 00a1 3C       		.uleb128 0x3c
 411 00a2 19       		.uleb128 0x19
 412 00a3 6E       		.uleb128 0x6e
 413 00a4 0E       		.uleb128 0xe
 414 00a5 03       		.uleb128 0x3
 415 00a6 0E       		.uleb128 0xe
 416 00a7 3A       		.uleb128 0x3a
 417 00a8 0B       		.uleb128 0xb
 418 00a9 3B       		.uleb128 0x3b
 419 00aa 0B       		.uleb128 0xb
ARM GAS  C:\Users\Anton\AppData\Local\Temp\ccTcI4qU.s 			page 9


 420 00ab 00       		.byte	0
 421 00ac 00       		.byte	0
 422 00ad 00       		.byte	0
 423              		.section	.debug_aranges,"",%progbits
 424 0000 1C000000 		.4byte	0x1c
 425 0004 0200     		.2byte	0x2
 426 0006 00000000 		.4byte	.Ldebug_info0
 427 000a 04       		.byte	0x4
 428 000b 00       		.byte	0
 429 000c 0000     		.2byte	0
 430 000e 0000     		.2byte	0
 431 0010 00000000 		.4byte	.LFB63
 432 0014 2C000000 		.4byte	.LFE63-.LFB63
 433 0018 00000000 		.4byte	0
 434 001c 00000000 		.4byte	0
 435              		.section	.debug_ranges,"",%progbits
 436              	.Ldebug_ranges0:
 437 0000 00000000 		.4byte	.LFB63
 438 0004 2C000000 		.4byte	.LFE63
 439 0008 00000000 		.4byte	0
 440 000c 00000000 		.4byte	0
 441              		.section	.debug_line,"",%progbits
 442              	.Ldebug_line0:
 443 0000 8A010000 		.section	.debug_str,"MS",%progbits,1
 443      02005E01 
 443      00000201 
 443      FB0E0D00 
 443      01010101 
 444              	.LASF6:
 445 0000 6C6F6E67 		.ascii	"long long int\000"
 445      206C6F6E 
 445      6720696E 
 445      7400
 446              	.LASF3:
 447 000e 73686F72 		.ascii	"short unsigned int\000"
 447      7420756E 
 447      7369676E 
 447      65642069 
 447      6E7400
 448              	.LASF8:
 449 0021 756E7369 		.ascii	"unsigned int\000"
 449      676E6564 
 449      20696E74 
 449      00
 450              	.LASF21:
 451 002e 6D61696E 		.ascii	"main.c\000"
 451      2E6300
 452              	.LASF23:
 453 0035 6D61696E 		.ascii	"main\000"
 453      00
 454              	.LASF20:
 455 003a 474E5520 		.ascii	"GNU C11 5.4.1 20160609 (release) [ARM/embedded-5-br"
 455      43313120 
 455      352E342E 
 455      31203230 
 455      31363036 
 456 006d 616E6368 		.ascii	"anch revision 237715] -mcpu=cortex-m3 -mthumb -g -O"
ARM GAS  C:\Users\Anton\AppData\Local\Temp\ccTcI4qU.s 			page 10


 456      20726576 
 456      6973696F 
 456      6E203233 
 456      37373135 
 457 00a0 67202D66 		.ascii	"g -ffunction-sections -ffat-lto-objects\000"
 457      66756E63 
 457      74696F6E 
 457      2D736563 
 457      74696F6E 
 458              	.LASF19:
 459 00c8 43794465 		.ascii	"CyDelay\000"
 459      6C617900 
 460              	.LASF10:
 461 00d0 696E7433 		.ascii	"int32_t\000"
 461      325F7400 
 462              	.LASF5:
 463 00d8 6C6F6E67 		.ascii	"long unsigned int\000"
 463      20756E73 
 463      69676E65 
 463      6420696E 
 463      7400
 464              	.LASF7:
 465 00ea 6C6F6E67 		.ascii	"long long unsigned int\000"
 465      206C6F6E 
 465      6720756E 
 465      7369676E 
 465      65642069 
 466              	.LASF11:
 467 0101 666C6F61 		.ascii	"float\000"
 467      7400
 468              	.LASF18:
 469 0107 416C6172 		.ascii	"Alarm_Write\000"
 469      6D5F5772 
 469      69746500 
 470              	.LASF1:
 471 0113 756E7369 		.ascii	"unsigned char\000"
 471      676E6564 
 471      20636861 
 471      7200
 472              	.LASF13:
 473 0121 63686172 		.ascii	"char\000"
 473      00
 474              	.LASF4:
 475 0126 6C6F6E67 		.ascii	"long int\000"
 475      20696E74 
 475      00
 476              	.LASF12:
 477 012f 646F7562 		.ascii	"double\000"
 477      6C6500
 478              	.LASF24:
 479 0136 49544D5F 		.ascii	"ITM_RxBuffer\000"
 479      52784275 
 479      66666572 
 479      00
 480              	.LASF0:
 481 0143 7369676E 		.ascii	"signed char\000"
 481      65642063 
ARM GAS  C:\Users\Anton\AppData\Local\Temp\ccTcI4qU.s 			page 11


 481      68617200 
 482              	.LASF14:
 483 014f 6C6F6E67 		.ascii	"long double\000"
 483      20646F75 
 483      626C6500 
 484              	.LASF9:
 485 015b 5F5F696E 		.ascii	"__int32_t\000"
 485      7433325F 
 485      7400
 486              	.LASF16:
 487 0165 50574D5F 		.ascii	"PWM_Start\000"
 487      53746172 
 487      7400
 488              	.LASF22:
 489 016f 433A5C55 		.ascii	"C:\\Users\\Anton\\Documents\\GitHub repository\\Ele"
 489      73657273 
 489      5C416E74 
 489      6F6E5C44 
 489      6F63756D 
 490 019d 6B74726F 		.ascii	"ktroteknologi-Projekt-1\\Buzzer\\Code for buzzer.cy"
 490      74656B6E 
 490      6F6C6F67 
 490      692D5072 
 490      6F6A656B 
 491 01ce 64736E00 		.ascii	"dsn\000"
 492              	.LASF2:
 493 01d2 73686F72 		.ascii	"short int\000"
 493      7420696E 
 493      7400
 494              	.LASF17:
 495 01dc 50574D5F 		.ascii	"PWM_WriteCompare\000"
 495      57726974 
 495      65436F6D 
 495      70617265 
 495      00
 496              	.LASF15:
 497 01ed 73697A65 		.ascii	"sizetype\000"
 497      74797065 
 497      00
 498              		.ident	"GCC: (GNU Tools for ARM Embedded Processors) 5.4.1 20160609 (release) [ARM/embedded-5-bran
